R
U 0
U 0
U 0
U 0
C 298
R
U 0
U 0
U 0
U 0
C 298
M "SimpleExample"
R
P 0
C 7
= 0x7fb20a07aa08
R
P 0x7fb20a07aa08
U 3
C 274
R
P 0x7fb20a07aa08
C 294
R
C 3
= 0x7fb208e2c4e8
R
P 0x7fb208e2c4e8
S "model"
S "true"
C 5
R
P 0x7fb208e2c4e8
C 7
= 0x7fb20a09bc08
R
P 0x7fb208e2c4e8
C 4
R
P 0x7fb20a09bc08
U 3
C 274
R
P 0x7fb20a09bc08
C 294
R
P 0x7fb20a09bc08
S "f"
C 30
R
P 0x7fb20a09bc08
C 294
R
P 0x7fb20a09bc08
S "x"
C 30
R
P 0x7fb20a09bc08
C 294
R
P 0x7fb20a09bc08
S "y"
C 30
R
P 0x7fb20a09bc08
C 294
R
P 0x7fb20a09bc08
C 32
= 0x7fb20a0b8c18
R
P 0x7fb20a09bc08
C 294
R
P 0x7fb20a09bc08
P 0x7fb20a0b8c18
C 9
R
P 0x7fb20a09bc08
C 294
R
P 0x7fb20a09bc08
$ |f|
U 2
P 0x7fb20a0b8c18
P 0x7fb20a0b8c18
p 2
P 0x7fb20a0b8c18
C 48
= 0x7fb20a0bd658
R
P 0x7fb20a09bc08
C 294
R
P 0x7fb20a09bc08
P 0x7fb20a0bd658
C 9
R
P 0x7fb20a09bc08
C 294
R
P 0x7fb20a09bc08
$ |x|
P 0x7fb20a0b8c18
C 50
= 0x7fb20a0b9538
R
P 0x7fb20a09bc08
C 294
R
P 0x7fb20a09bc08
P 0x7fb20a0b9538
C 208
R
P 0x7fb20a09bc08
C 294
R
P 0x7fb20a09bc08
P 0x7fb20a0b9538
C 205
= 0x7fb20a0b8c18
R
P 0x7fb20a09bc08
C 294
R
P 0x7fb20a09bc08
P 0x7fb20a0b8c18
C 166
R
P 0x7fb20a09bc08
C 294
R
P 0x7fb20a09bc08
P 0x7fb20a0b9538
C 211
R
P 0x7fb20a09bc08
C 294
R
P 0x7fb20a09bc08
P 0x7fb20a0b9538
C 210
R
P 0x7fb20a09bc08
C 294
R
P 0x7fb20a09bc08
P 0x7fb20a0b9538
C 9
R
P 0x7fb20a09bc08
C 294
R
P 0x7fb20a09bc08
$ |y|
P 0x7fb20a0b8c18
C 50
= 0x7fb20a0b9558
R
P 0x7fb20a09bc08
C 294
R
P 0x7fb20a09bc08
P 0x7fb20a0b9558
C 208
R
P 0x7fb20a09bc08
C 294
R
P 0x7fb20a09bc08
P 0x7fb20a0b9558
C 205
= 0x7fb20a0b8c18
R
P 0x7fb20a09bc08
C 294
R
P 0x7fb20a09bc08
P 0x7fb20a0b8c18
C 166
R
P 0x7fb20a09bc08
C 294
R
P 0x7fb20a09bc08
P 0x7fb20a0b9558
C 211
R
P 0x7fb20a09bc08
C 294
R
P 0x7fb20a09bc08
P 0x7fb20a0b9558
C 210
R
P 0x7fb20a09bc08
C 294
R
P 0x7fb20a09bc08
P 0x7fb20a0b9558
C 9
R
P 0x7fb20a09bc08
C 294
R
P 0x7fb20a09bc08
P 0x7fb20a0bd658
U 2
P 0x7fb20a0b9538
P 0x7fb20a0b9558
p 2
C 49
= 0x7fb20a0bf608
R
P 0x7fb20a09bc08
C 294
R
P 0x7fb20a09bc08
P 0x7fb20a0bf608
C 208
R
P 0x7fb20a09bc08
C 294
R
P 0x7fb20a09bc08
P 0x7fb20a0bf608
C 205
= 0x7fb20a0b8c18
R
P 0x7fb20a09bc08
C 294
R
P 0x7fb20a09bc08
P 0x7fb20a0b8c18
C 166
R
P 0x7fb20a09bc08
C 294
R
P 0x7fb20a09bc08
P 0x7fb20a0bf608
C 211
R
P 0x7fb20a09bc08
C 294
R
P 0x7fb20a09bc08
P 0x7fb20a0bf608
C 210
R
P 0x7fb20a09bc08
C 294
R
P 0x7fb20a09bc08
P 0x7fb20a0bf608
C 9
R
P 0x7fb20a09bc08
C 294
R
P 0x7fb20a09bc08
S "cp"
P 0x7fb20a0b8c18
C 52
= 0x7fb20a0b9578
R
P 0x7fb20a09bc08
C 294
R
P 0x7fb20a09bc08
P 0x7fb20a0b9578
C 208
R
P 0x7fb20a09bc08
C 294
R
P 0x7fb20a09bc08
P 0x7fb20a0b9578
C 205
= 0x7fb20a0b8c18
R
P 0x7fb20a09bc08
C 294
R
P 0x7fb20a09bc08
P 0x7fb20a0b8c18
C 166
R
P 0x7fb20a09bc08
C 294
R
P 0x7fb20a09bc08
P 0x7fb20a0b9578
C 211
R
P 0x7fb20a09bc08
C 294
R
P 0x7fb20a09bc08
P 0x7fb20a0b9578
C 210
R
P 0x7fb20a09bc08
C 294
R
P 0x7fb20a09bc08
P 0x7fb20a0b9578
C 9
R
P 0x7fb20a09bc08
C 294
R
P 0x7fb20a09bc08
S "fp"
U 1
P 0x7fb20a0b8c18
p 1
P 0x7fb20a0b8c18
C 51
= 0x7fb20a0bf640
R
P 0x7fb20a09bc08
C 294
R
P 0x7fb20a09bc08
P 0x7fb20a0bf640
C 9
R
P 0x7fb20a09bc08
C 294
R
P 0x7fb20a09bc08
P 0x7fb20a0bf640
U 1
P 0x7fb20a0b9578
p 1
C 49
= 0x7fb20a0baff8
R
P 0x7fb20a09bc08
C 294
R
P 0x7fb20a09bc08
P 0x7fb20a0baff8
C 208
R
P 0x7fb20a09bc08
C 294
R
P 0x7fb20a09bc08
P 0x7fb20a0baff8
C 205
= 0x7fb20a0b8c18
R
P 0x7fb20a09bc08
C 294
R
P 0x7fb20a09bc08
P 0x7fb20a0b8c18
C 166
R
P 0x7fb20a09bc08
C 294
R
P 0x7fb20a09bc08
P 0x7fb20a0baff8
C 211
R
P 0x7fb20a09bc08
C 294
R
P 0x7fb20a09bc08
P 0x7fb20a0baff8
C 210
R
P 0x7fb20a09bc08
C 294
R
P 0x7fb20a09bc08
P 0x7fb20a0baff8
C 9
R
P 0x7fb20a09bc08
C 294
R
P 0x7fb20a09bc08
P 0x7fb20a0bf608
P 0x7fb20a0bf608
C 55
= 0x7fb20a0bf678
R
P 0x7fb20a09bc08
C 294
R
P 0x7fb20a09bc08
P 0x7fb20a0bf678
C 9
R
P 0x7fb20a09bc08
C 294
R
P 0x7fb20a09bc08
P 0x7fb20a0bf608
P 0x7fb20a0baff8
C 55
= 0x7fb20a0bf6b0
R
P 0x7fb20a09bc08
C 294
R
P 0x7fb20a09bc08
P 0x7fb20a0bf6b0
C 9
R
P 0x7fb20a09bc08
C 294
R
P 0x7fb20a09bc08
I 1
I 0
I 0
C 350
= 0x7fb208c13ac8
R
P 0x7fb20a09bc08
C 294
R
P 0x7fb20a09bc08
P 0x7fb208c13ac8
C 351
R
P 0x7fb20a09bc08
C 294
R
P 0x7fb20a09bc08
P 0x7fb208c13ac8
P 0x7fb20a0bf678
C 354
R
P 0x7fb20a09bc08
C 294
R
P 0x7fb20a09bc08
P 0x7fb208c13ac8
P 0x7fb20a0bf6b0
C 354
R
P 0x7fb20a09bc08
C 294
R
P 0x7fb20a09bc08
P 0x7fb208c13ac8
C 364
R
P 0x7fb20a09bc08
C 294
R
P 0x7fb20a09bc08
C 410
= 0x7fb208e35ba8
R
P 0x7fb20a09bc08
C 294
R
P 0x7fb20a09bc08
P 0x7fb208e35ba8
C 417
R
P 0x7fb20a09bc08
C 294
R
P 0x7fb20a09bc08
P 0x7fb208c13ac8
C 358
R
P 0x7fb20a09bc08
C 294
R
P 0x7fb20a09bc08
P 0x7fb208c13ac8
U 0
C 359
= 0x7fb20a0bf678
R
P 0x7fb20a09bc08
C 294
R
P 0x7fb20a09bc08
P 0x7fb20a0bf678
C 9
R
P 0x7fb20a09bc08
C 294
R
P 0x7fb20a09bc08
P 0x7fb208c13ac8
U 1
C 359
= 0x7fb20a0bf6b0
R
P 0x7fb20a09bc08
C 294
R
P 0x7fb20a09bc08
P 0x7fb20a0bf6b0
C 9
R
P 0x7fb20a09bc08
C 294
R
P 0x7fb20a09bc08
P 0x7fb208e35ba8
P 0x7fb20a0bf678
C 423
R
P 0x7fb20a09bc08
C 294
R
P 0x7fb20a09bc08
P 0x7fb208e35ba8
P 0x7fb20a0bf6b0
C 423
R
P 0x7fb20a09bc08
C 294
R
P 0x7fb20a09bc08
P 0x7fb208e35ba8
C 426
R
P 0x7fb20a09bc08
C 294
R
P 0x7fb20a09bc08
S "simplify"
C 365
= 0x7fb208c4ac88
R
P 0x7fb20a09bc08
C 294
R
P 0x7fb20a09bc08
P 0x7fb208c4ac88
C 366
R
P 0x7fb20a09bc08
C 294
R
P 0x7fb20a09bc08
P 0x7fb208c13ac8
C 364
R
P 0x7fb20a09bc08
C 294
R
P 0x7fb20a09bc08
P 0x7fb208c4ac88
P 0x7fb208c13ac8
C 402
= 0x7fb208c4aca8
R
P 0x7fb20a09bc08
C 294
R
P 0x7fb20a09bc08
P 0x7fb208c4aca8
C 404
R
P 0x7fb20a09bc08
C 294
R
P 0x7fb20a09bc08
P 0x7fb208c4aca8
C 406
R
P 0x7fb20a09bc08
C 294
R
P 0x7fb20a09bc08
P 0x7fb208c4aca8
C 407
R
P 0x7fb20a09bc08
C 294
R
P 0x7fb20a09bc08
P 0x7fb208c4aca8
U 0
C 408
= 0x7fb208c14418
R
P 0x7fb20a09bc08
C 294
R
P 0x7fb20a09bc08
P 0x7fb208c14418
C 351
R
P 0x7fb20a09bc08
C 294
R
P 0x7fb20a09bc08
P 0x7fb208c14418
C 361
R
P 0x7fb20a09bc08
C 294
R
P 0x7fb20a09bc08
P 0x7fb208c14418
C 362
R
P 0x7fb20a09bc08
C 294
R
P 0x7fb20a09bc08
P 0x7fb208c4aca8
C 407
R
P 0x7fb20a09bc08
C 294
R
P 0x7fb20a09bc08
P 0x7fb208c4aca8
C 407
R
P 0x7fb20a09bc08
C 294
R
P 0x7fb20a09bc08
P 0x7fb208c4aca8
U 0
C 408
= 0x7fb208c4ab68
R
P 0x7fb20a09bc08
C 294
R
P 0x7fb20a09bc08
P 0x7fb208c4ab68
C 351
R
P 0x7fb20a09bc08
C 294
R
P 0x7fb20a09bc08
P 0x7fb208c4ab68
C 361
R
P 0x7fb20a09bc08
C 294
R
P 0x7fb20a09bc08
P 0x7fb208c4aca8
C 407
R
P 0x7fb20a09bc08
C 294
R
P 0x7fb20a09bc08
P 0x7fb208c4aca8
U 0
C 408
= 0x7fb208c4ab88
R
P 0x7fb20a09bc08
C 294
R
P 0x7fb20a09bc08
P 0x7fb208c4ab88
C 351
R
P 0x7fb20a09bc08
C 294
R
P 0x7fb20a09bc08
P 0x7fb208c4ab88
C 362
R
P 0x7fb20a09bc08
C 294
R
P 0x7fb20a09bc08
S "smt"
C 365
= 0x7fb208c4ac18
R
P 0x7fb20a09bc08
C 294
R
P 0x7fb20a09bc08
P 0x7fb208c4ac18
C 366
R
P 0x7fb20a09bc08
C 294
R
P 0x7fb20a09bc08
P 0x7fb208c13ac8
C 364
R
P 0x7fb20a09bc08
C 294
R
P 0x7fb20a09bc08
P 0x7fb208c4ac18
P 0x7fb208c13ac8
C 402
= 0x7fb208c4b1a8
R
P 0x7fb20a09bc08
C 294
R
P 0x7fb20a09bc08
P 0x7fb208c4b1a8
C 404
R
P 0x7fb20a09bc08
C 294
R
P 0x7fb20a09bc08
P 0x7fb208c4b1a8
C 406
R
P 0x7fb20a09bc08
C 294
R
P 0x7fb20a09bc08
P 0x7fb208c4b1a8
C 407
R
P 0x7fb20a09bc08
C 294
R
P 0x7fb20a09bc08
P 0x7fb208c4b1a8
U 0
C 408
= 0x7fb208c143d8
R
P 0x7fb20a09bc08
C 294
R
P 0x7fb20a09bc08
P 0x7fb208c143d8
C 351
R
P 0x7fb20a09bc08
C 294
R
P 0x7fb20a09bc08
P 0x7fb208c143d8
C 361
R
P 0x7fb20a09bc08
C 294
R
P 0x7fb20a09bc08
P 0x7fb208c4b1a8
C 407
R
P 0x7fb20a09bc08
C 294
R
P 0x7fb20a09bc08
P 0x7fb208c4b1a8
C 407
R
P 0x7fb20a09bc08
C 294
R
P 0x7fb20a09bc08
P 0x7fb208c4b1a8
U 0
C 408
= 0x7fb208c143f8
R
P 0x7fb20a09bc08
C 294
R
P 0x7fb20a09bc08
P 0x7fb208c143f8
C 351
R
P 0x7fb20a09bc08
C 294
R
P 0x7fb20a09bc08
P 0x7fb208c143f8
C 361
R
P 0x7fb20a09bc08
C 294
R
P 0x7fb20a09bc08
U 32
C 35
= 0x7fb20a0b9118
R
P 0x7fb20a09bc08
C 294
R
P 0x7fb20a09bc08
P 0x7fb20a0b9118
C 9
R
P 0x7fb20a09bc08
C 294
R
P 0x7fb20a09bc08
I 1
P 0x7fb20a0b9118
C 145
= 0x7fb20a0b9598
R
P 0x7fb20a09bc08
C 294
R
P 0x7fb20a09bc08
P 0x7fb20a0b9598
C 208
R
P 0x7fb20a09bc08
C 294
R
P 0x7fb20a09bc08
P 0x7fb20a0b9598
C 205
= 0x7fb20a0b9118
R
P 0x7fb20a09bc08
C 294
R
P 0x7fb20a09bc08
P 0x7fb20a0b9118
C 166
R
P 0x7fb20a09bc08
C 294
R
P 0x7fb20a09bc08
P 0x7fb20a0b9598
C 211
R
P 0x7fb20a09bc08
C 294
R
P 0x7fb20a09bc08
P 0x7fb20a0b9598
C 210
R
P 0x7fb20a09bc08
C 294
R
P 0x7fb20a09bc08
P 0x7fb20a0b9598
C 9
R
P 0x7fb20a09bc08
C 294
R
P 0x7fb20a09bc08
U 32
C 35
= 0x7fb20a0b9118
R
P 0x7fb20a09bc08
C 294
R
P 0x7fb20a09bc08
P 0x7fb20a0b9118
C 9
R
P 0x7fb20a09bc08
C 294
R
P 0x7fb20a09bc08
I 2
P 0x7fb20a0b9118
C 145
= 0x7fb20a0b9758
R
P 0x7fb20a09bc08
C 294
R
P 0x7fb20a09bc08
P 0x7fb20a0b9758
C 208
R
P 0x7fb20a09bc08
C 294
R
P 0x7fb20a09bc08
P 0x7fb20a0b9758
C 205
= 0x7fb20a0b9118
R
P 0x7fb20a09bc08
C 294
R
P 0x7fb20a09bc08
P 0x7fb20a0b9118
C 166
R
P 0x7fb20a09bc08
C 294
R
P 0x7fb20a09bc08
P 0x7fb20a0b9758
C 211
R
P 0x7fb20a09bc08
C 294
R
P 0x7fb20a09bc08
P 0x7fb20a0b9758
C 210
R
P 0x7fb20a09bc08
C 294
R
P 0x7fb20a09bc08
P 0x7fb20a0b9758
C 9
R
P 0x7fb20a09bc08
C 294
R
P 0x7fb20a09bc08
P 0x7fb20a0b9598
P 0x7fb20a0b9758
C 55
= 0x7fb20a0bf790
R
P 0x7fb20a09bc08
C 294
R
P 0x7fb20a09bc08
P 0x7fb20a0bf790
C 9
R
P 0x7fb20a09bc08
C 294
R
P 0x7fb20a09bc08
P 0x7fb208c13ac8
P 0x7fb20a0bf790
C 354
R
P 0x7fb20a09bc08
C 294
R
P 0x7fb20a09bc08
S "smt"
C 365
= 0x7fb208c4ac38
R
P 0x7fb20a09bc08
C 294
R
P 0x7fb20a09bc08
P 0x7fb208c4ac38
C 366
R
P 0x7fb20a09bc08
C 294
R
P 0x7fb20a09bc08
P 0x7fb208c13ac8
C 364
R
P 0x7fb20a09bc08
C 294
R
P 0x7fb20a09bc08
P 0x7fb208c4ac38
P 0x7fb208c13ac8
C 402
= 0x7fb208c4c918
R
P 0x7fb20a09bc08
C 294
R
P 0x7fb20a09bc08
P 0x7fb208c4c918
C 404
R
P 0x7fb20a09bc08
C 294
R
P 0x7fb20a09bc08
P 0x7fb208c4c918
C 406
R
P 0x7fb20a09bc08
C 294
R
P 0x7fb20a09bc08
P 0x7fb208c4c918
C 407
R
P 0x7fb20a09bc08
C 294
R
P 0x7fb20a09bc08
P 0x7fb208c4c918
U 0
C 408
= 0x7fb208c4ac58
R
P 0x7fb20a09bc08
C 294
R
P 0x7fb20a09bc08
P 0x7fb208c4ac58
C 351
R
P 0x7fb20a09bc08
C 294
R
P 0x7fb20a09bc08
P 0x7fb208c4ac58
C 361
R
P 0x7fb20a09bc08
C 294
R
P 0x7fb20a09bc08
P 0x7fb208c4ac58
C 362
R
P 0x7fb20a09bc08
C 294
R
P 0x7fb20a09bc08
P 0x7fb208c4c918
C 407
R
P 0x7fb20a09bc08
C 294
R
P 0x7fb20a09bc08
P 0x7fb208c4c918
C 407
R
P 0x7fb20a09bc08
C 294
R
P 0x7fb20a09bc08
P 0x7fb208c4c918
U 0
C 408
= 0x7fb208c4cd78
R
P 0x7fb20a09bc08
C 294
R
P 0x7fb20a09bc08
P 0x7fb208c4cd78
C 351
R
P 0x7fb20a09bc08
C 294
R
P 0x7fb20a09bc08
P 0x7fb208c4cd78
C 362
R
P 0x7fb20a09bc08
C 294
R
P 0x7fb20a09bc08
I 1
I 1
I 0
C 350
= 0x7fb208c4cd98
R
P 0x7fb20a09bc08
C 294
R
P 0x7fb20a09bc08
P 0x7fb208c4cd98
C 351
R
P 0x7fb20a09bc08
C 294
R
P 0x7fb20a09bc08
S "smt"
C 365
= 0x7fb208c4ca58
R
P 0x7fb20a09bc08
C 294
R
P 0x7fb20a09bc08
P 0x7fb208c4ca58
C 366
R
P 0x7fb20a09bc08
C 294
R
P 0x7fb20a09bc08
P 0x7fb208c4cd98
C 364
R
P 0x7fb20a09bc08
C 294
R
P 0x7fb20a09bc08
P 0x7fb208c4ca58
P 0x7fb208c4cd98
C 402
= 0x7fb208c4b548
R
P 0x7fb20a09bc08
C 294
R
P 0x7fb20a09bc08
P 0x7fb208c4b548
C 404
R
P 0x7fb20a09bc08
C 294
R
P 0x7fb20a09bc08
P 0x7fb208c4b548
C 406
R
P 0x7fb20a09bc08
C 294
R
P 0x7fb20a09bc08
P 0x7fb208c4b548
C 407
R
P 0x7fb20a09bc08
C 294
R
P 0x7fb20a09bc08
P 0x7fb208c4b548
U 0
C 408
= 0x7fb208c4ca78
R
P 0x7fb20a09bc08
C 294
R
P 0x7fb20a09bc08
P 0x7fb208c4ca78
C 351
R
P 0x7fb20a09bc08
C 294
R
P 0x7fb20a09bc08
P 0x7fb208c4ca78
C 361
R
P 0x7fb20a09bc08
C 294
R
P 0x7fb20a09bc08
P 0x7fb208c4b548
C 407
R
P 0x7fb20a09bc08
C 294
R
P 0x7fb20a09bc08
P 0x7fb208c4b548
C 407
R
P 0x7fb20a09bc08
C 294
R
P 0x7fb20a09bc08
P 0x7fb208c4b548
U 0
C 408
= 0x7fb208c4c8f8
R
P 0x7fb20a09bc08
C 294
R
P 0x7fb20a09bc08
P 0x7fb208c4c8f8
C 351
R
P 0x7fb20a09bc08
C 294
R
P 0x7fb20a09bc08
P 0x7fb208c4c8f8
C 361
R
P 0x7fb20a09bc08
C 294
R
P 0x7fb20a09bc08
I 1
I 1
I 0
C 350
= 0x7fb208c52b78
R
P 0x7fb20a09bc08
C 294
R
P 0x7fb20a09bc08
P 0x7fb208c52b78
C 351
R
P 0x7fb20a09bc08
C 294
R
P 0x7fb20a09bc08
C 54
= 0x7fb20a0b8c98
R
P 0x7fb20a09bc08
C 294
R
P 0x7fb20a09bc08
P 0x7fb20a0b8c98
C 9
R
P 0x7fb20a09bc08
C 294
R
P 0x7fb20a09bc08
P 0x7fb208c52b78
P 0x7fb20a0b8c98
C 354
R
P 0x7fb20a09bc08
C 294
R
P 0x7fb20a09bc08
S "smt"
C 365
= 0x7fb208c4b638
R
P 0x7fb20a09bc08
C 294
R
P 0x7fb20a09bc08
P 0x7fb208c4b638
C 366
R
P 0x7fb20a09bc08
C 294
R
P 0x7fb20a09bc08
P 0x7fb208c52b78
C 364
R
P 0x7fb20a09bc08
C 294
R
P 0x7fb20a09bc08
P 0x7fb208c4b638
P 0x7fb208c52b78
C 402
= 0x7fb208c4b6a8
R
P 0x7fb20a09bc08
C 294
R
P 0x7fb20a09bc08
P 0x7fb208c4b6a8
C 404
R
P 0x7fb20a09bc08
C 294
R
P 0x7fb20a09bc08
P 0x7fb208c4b6a8
C 406
R
P 0x7fb20a09bc08
C 294
R
P 0x7fb20a09bc08
P 0x7fb208c4b6a8
C 407
R
P 0x7fb20a09bc08
C 294
R
P 0x7fb20a09bc08
P 0x7fb208c4b6a8
U 0
C 408
= 0x7fb208c526b8
R
P 0x7fb20a09bc08
C 294
R
P 0x7fb20a09bc08
P 0x7fb208c526b8
C 351
R
P 0x7fb20a09bc08
C 294
R
P 0x7fb20a09bc08
P 0x7fb208c526b8
C 361
R
P 0x7fb20a09bc08
C 294
R
P 0x7fb20a09bc08
P 0x7fb208c526b8
C 362
R
P 0x7fb20a09bc08
C 294
R
P 0x7fb20a09bc08
P 0x7fb208c4b6a8
C 407
R
P 0x7fb20a09bc08
C 294
R
P 0x7fb20a09bc08
P 0x7fb208c4b6a8
C 407
R
P 0x7fb20a09bc08
C 294
R
P 0x7fb20a09bc08
P 0x7fb208c4b6a8
U 0
C 408
= 0x7fb208c4b7a8
R
P 0x7fb20a09bc08
C 294
R
P 0x7fb20a09bc08
P 0x7fb208c4b7a8
C 351
R
P 0x7fb20a09bc08
C 294
R
P 0x7fb20a09bc08
P 0x7fb208c4b7a8
C 362
R
P 0x7fb20a09bc08
C 294
R
P 0x7fb20a09bc08
I 1
I 1
I 0
C 350
= 0x7fb208c4b7c8
R
P 0x7fb20a09bc08
C 294
R
P 0x7fb20a09bc08
P 0x7fb208c4b7c8
C 351
R
P 0x7fb20a09bc08
C 294
R
P 0x7fb20a09bc08
S "x"
C 30
R
P 0x7fb20a09bc08
C 294
R
P 0x7fb20a09bc08
C 33
= 0x7fb20a0b8cd8
R
P 0x7fb20a09bc08
C 294
R
P 0x7fb20a09bc08
P 0x7fb20a0b8cd8
C 9
R
P 0x7fb20a09bc08
C 294
R
P 0x7fb20a09bc08
$ |x|
P 0x7fb20a0b8cd8
C 50
= 0x7fb20a0b9798
R
P 0x7fb20a09bc08
C 294
R
P 0x7fb20a09bc08
P 0x7fb20a0b9798
C 208
R
P 0x7fb20a09bc08
C 294
R
P 0x7fb20a09bc08
P 0x7fb20a0b9798
C 205
= 0x7fb20a0b8cd8
R
P 0x7fb20a09bc08
C 294
R
P 0x7fb20a09bc08
P 0x7fb20a0b8cd8
C 166
R
P 0x7fb20a09bc08
C 294
R
P 0x7fb20a09bc08
P 0x7fb20a0b9798
C 211
R
P 0x7fb20a09bc08
C 294
R
P 0x7fb20a09bc08
P 0x7fb20a0b9798
C 210
R
P 0x7fb20a09bc08
C 294
R
P 0x7fb20a09bc08
P 0x7fb20a0b9798
C 9
R
P 0x7fb20a09bc08
C 294
R
P 0x7fb20a09bc08
S "y"
C 30
R
P 0x7fb20a09bc08
C 294
R
P 0x7fb20a09bc08
$ |y|
P 0x7fb20a0b8cd8
C 50
= 0x7fb20a0b9778
R
P 0x7fb20a09bc08
C 294
R
P 0x7fb20a09bc08
P 0x7fb20a0b9778
C 208
R
P 0x7fb20a09bc08
C 294
R
P 0x7fb20a09bc08
P 0x7fb20a0b9778
C 205
= 0x7fb20a0b8cd8
R
P 0x7fb20a09bc08
C 294
R
P 0x7fb20a09bc08
P 0x7fb20a0b8cd8
C 166
R
P 0x7fb20a09bc08
C 294
R
P 0x7fb20a09bc08
P 0x7fb20a0b9778
C 211
R
P 0x7fb20a09bc08
C 294
R
P 0x7fb20a09bc08
P 0x7fb20a0b9778
C 210
R
P 0x7fb20a09bc08
C 294
R
P 0x7fb20a09bc08
P 0x7fb20a0b9778
C 9
R
P 0x7fb20a09bc08
C 294
R
P 0x7fb20a09bc08
I 1
P 0x7fb20a0b8cd8
C 145
= 0x7fb20a0b96b8
R
P 0x7fb20a09bc08
C 294
R
P 0x7fb20a09bc08
P 0x7fb20a0b96b8
C 208
R
P 0x7fb20a09bc08
C 294
R
P 0x7fb20a09bc08
P 0x7fb20a0b96b8
C 205
= 0x7fb20a0b8cd8
R
P 0x7fb20a09bc08
C 294
R
P 0x7fb20a09bc08
P 0x7fb20a0b8cd8
C 166
R
P 0x7fb20a09bc08
C 294
R
P 0x7fb20a09bc08
P 0x7fb20a0b96b8
C 211
R
P 0x7fb20a09bc08
C 294
R
P 0x7fb20a09bc08
P 0x7fb20a0b96b8
C 210
R
P 0x7fb20a09bc08
C 294
R
P 0x7fb20a09bc08
P 0x7fb20a0b96b8
C 9
R
P 0x7fb20a09bc08
C 294
R
P 0x7fb20a09bc08
P 0x7fb20a0b9798
P 0x7fb20a0b96b8
C 55
= 0x7fb20a0bf758
R
P 0x7fb20a09bc08
C 294
R
P 0x7fb20a09bc08
P 0x7fb20a0bf758
C 9
R
P 0x7fb20a09bc08
C 294
R
P 0x7fb20a09bc08
P 0x7fb208c4b7c8
P 0x7fb20a0bf758
C 354
R
P 0x7fb20a09bc08
C 294
R
P 0x7fb20a09bc08
I 2
P 0x7fb20a0b8cd8
C 145
= 0x7fb20a0b97d8
R
P 0x7fb20a09bc08
C 294
R
P 0x7fb20a09bc08
P 0x7fb20a0b97d8
C 208
R
P 0x7fb20a09bc08
C 294
R
P 0x7fb20a09bc08
P 0x7fb20a0b97d8
C 205
= 0x7fb20a0b8cd8
R
P 0x7fb20a09bc08
C 294
R
P 0x7fb20a09bc08
P 0x7fb20a0b8cd8
C 166
R
P 0x7fb20a09bc08
C 294
R
P 0x7fb20a09bc08
P 0x7fb20a0b97d8
C 211
R
P 0x7fb20a09bc08
C 294
R
P 0x7fb20a09bc08
P 0x7fb20a0b97d8
C 210
R
P 0x7fb20a09bc08
C 294
R
P 0x7fb20a09bc08
P 0x7fb20a0b97d8
C 9
R
P 0x7fb20a09bc08
C 294
R
P 0x7fb20a09bc08
P 0x7fb20a0b9778
P 0x7fb20a0b97d8
C 55
= 0x7fb20a0bf7c8
R
P 0x7fb20a09bc08
C 294
R
P 0x7fb20a09bc08
P 0x7fb20a0bf7c8
C 9
R
P 0x7fb20a09bc08
C 294
R
P 0x7fb20a09bc08
P 0x7fb208c4b7c8
P 0x7fb20a0bf7c8
C 354
R
P 0x7fb20a09bc08
C 294
R
P 0x7fb20a09bc08
P 0x7fb20a0b9798
P 0x7fb20a0b9778
C 55
= 0x7fb20a0bf720
R
P 0x7fb20a09bc08
C 294
R
P 0x7fb20a09bc08
P 0x7fb20a0bf720
C 9
R
P 0x7fb20a09bc08
C 294
R
P 0x7fb20a09bc08
P 0x7fb208c4b7c8
P 0x7fb20a0bf720
C 354
R
P 0x7fb20a09bc08
C 294
R
P 0x7fb20a09bc08
S "smt"
C 365
= 0x7fb208f138a8
R
P 0x7fb20a09bc08
C 294
R
P 0x7fb20a09bc08
P 0x7fb208f138a8
C 366
R
P 0x7fb20a09bc08
C 294
R
P 0x7fb20a09bc08
P 0x7fb208c4b7c8
C 364
R
P 0x7fb20a09bc08
C 294
R
P 0x7fb20a09bc08
P 0x7fb208f138a8
P 0x7fb208c4b7c8
C 402
= 0x7fb208f143d8
R
P 0x7fb20a09bc08
C 294
R
P 0x7fb20a09bc08
P 0x7fb208f143d8
C 404
R
P 0x7fb20a09bc08
C 294
R
P 0x7fb20a09bc08
P 0x7fb208f143d8
C 406
R
P 0x7fb20a09bc08
C 294
R
P 0x7fb20a09bc08
P 0x7fb208f143d8
C 407
R
P 0x7fb20a09bc08
C 294
R
P 0x7fb20a09bc08
P 0x7fb208f143d8
U 0
C 408
= 0x7fb208f144a8
R
P 0x7fb20a09bc08
C 294
R
P 0x7fb20a09bc08
P 0x7fb208f144a8
C 351
R
P 0x7fb20a09bc08
C 294
R
P 0x7fb20a09bc08
P 0x7fb208f144a8
C 361
R
P 0x7fb20a09bc08
C 294
R
P 0x7fb20a09bc08
P 0x7fb208f144a8
C 362
R
P 0x7fb20a09bc08
C 294
R
P 0x7fb20a09bc08
P 0x7fb208f143d8
C 407
R
P 0x7fb20a09bc08
C 294
R
P 0x7fb20a09bc08
P 0x7fb208f143d8
C 407
R
P 0x7fb20a09bc08
C 294
R
P 0x7fb20a09bc08
P 0x7fb208f143d8
U 0
C 408
= 0x7fb208f144c8
R
P 0x7fb20a09bc08
C 294
R
P 0x7fb20a09bc08
P 0x7fb208f144c8
C 351
R
P 0x7fb20a09bc08
C 294
R
P 0x7fb20a09bc08
P 0x7fb208f144c8
C 362
R
P 0x7fb20a09bc08
C 294
R
P 0x7fb20a09bc08
S "x"
C 30
R
P 0x7fb20a09bc08
C 294
R
P 0x7fb20a09bc08
C 34
= 0x7fb20a0b8cb8
R
P 0x7fb20a09bc08
C 294
R
P 0x7fb20a09bc08
P 0x7fb20a0b8cb8
C 9
R
P 0x7fb20a09bc08
C 294
R
P 0x7fb20a09bc08
$ |x|
P 0x7fb20a0b8cb8
C 50
= 0x7fb20a0b9838
R
P 0x7fb20a09bc08
C 294
R
P 0x7fb20a09bc08
P 0x7fb20a0b9838
C 208
R
P 0x7fb20a09bc08
C 294
R
P 0x7fb20a09bc08
P 0x7fb20a0b9838
C 205
= 0x7fb20a0b8cb8
R
P 0x7fb20a09bc08
C 294
R
P 0x7fb20a09bc08
P 0x7fb20a0b8cb8
C 166
R
P 0x7fb20a09bc08
C 294
R
P 0x7fb20a09bc08
P 0x7fb20a0b9838
C 211
R
P 0x7fb20a09bc08
C 294
R
P 0x7fb20a09bc08
P 0x7fb20a0b9838
C 210
R
P 0x7fb20a09bc08
C 294
R
P 0x7fb20a09bc08
P 0x7fb20a0b9838
C 9
R
P 0x7fb20a09bc08
C 294
R
P 0x7fb20a09bc08
S "y"
C 30
R
P 0x7fb20a09bc08
C 294
R
P 0x7fb20a09bc08
C 34
= 0x7fb20a0b8cb8
R
P 0x7fb20a09bc08
C 294
R
P 0x7fb20a09bc08
P 0x7fb20a0b8cb8
C 9
R
P 0x7fb20a09bc08
C 294
R
P 0x7fb20a09bc08
$ |y|
P 0x7fb20a0b8cb8
C 50
= 0x7fb20a0b96d8
R
P 0x7fb20a09bc08
C 294
R
P 0x7fb20a09bc08
P 0x7fb20a0b96d8
C 208
R
P 0x7fb20a09bc08
C 294
R
P 0x7fb20a09bc08
P 0x7fb20a0b96d8
C 205
= 0x7fb20a0b8cb8
R
P 0x7fb20a09bc08
C 294
R
P 0x7fb20a09bc08
P 0x7fb20a0b8cb8
C 166
R
P 0x7fb20a09bc08
C 294
R
P 0x7fb20a09bc08
P 0x7fb20a0b96d8
C 211
R
P 0x7fb20a09bc08
C 294
R
P 0x7fb20a09bc08
P 0x7fb20a0b96d8
C 210
R
P 0x7fb20a09bc08
C 294
R
P 0x7fb20a09bc08
P 0x7fb20a0b96d8
C 9
R
P 0x7fb20a09bc08
C 294
R
P 0x7fb20a09bc08
I 1
I 0
I 0
C 350
= 0x7fb208f14528
R
P 0x7fb20a09bc08
C 294
R
P 0x7fb20a09bc08
P 0x7fb208f14528
C 351
R
P 0x7fb20a09bc08
C 294
R
P 0x7fb20a09bc08
I 10
I 1
C 144
= 0x7fb20a0b9658
R
P 0x7fb20a09bc08
C 294
R
P 0x7fb20a09bc08
P 0x7fb20a0b9658
C 9
R
P 0x7fb20a09bc08
C 294
R
P 0x7fb20a09bc08
P 0x7fb20a0b9838
P 0x7fb20a0b9658
C 74
= 0x7fb20a0bf6e8
R
P 0x7fb20a09bc08
C 294
R
P 0x7fb20a09bc08
P 0x7fb20a0bf6e8
C 9
R
P 0x7fb20a09bc08
C 294
R
P 0x7fb20a09bc08
P 0x7fb208f14528
P 0x7fb20a0bf6e8
C 354
R
P 0x7fb20a09bc08
C 294
R
P 0x7fb20a09bc08
I 1
I 1
C 144
= 0x7fb20a0b9818
R
P 0x7fb20a09bc08
C 294
R
P 0x7fb20a09bc08
P 0x7fb20a0b9818
C 9
R
P 0x7fb20a09bc08
C 294
R
P 0x7fb20a09bc08
U 2
P 0x7fb20a0b9838
P 0x7fb20a0b9818
p 2
C 64
= 0x7fb20a0bf838
R
P 0x7fb20a09bc08
C 294
R
P 0x7fb20a09bc08
P 0x7fb20a0bf838
C 208
R
P 0x7fb20a09bc08
C 294
R
P 0x7fb20a09bc08
P 0x7fb20a0bf838
C 205
= 0x7fb20a0b8cb8
R
P 0x7fb20a09bc08
C 294
R
P 0x7fb20a09bc08
P 0x7fb20a0b8cb8
C 166
R
P 0x7fb20a09bc08
C 294
R
P 0x7fb20a09bc08
P 0x7fb20a0bf838
C 211
R
P 0x7fb20a09bc08
C 294
R
P 0x7fb20a09bc08
P 0x7fb20a0bf838
C 210
R
P 0x7fb20a09bc08
C 294
R
P 0x7fb20a09bc08
P 0x7fb20a0bf838
C 9
R
P 0x7fb20a09bc08
C 294
R
P 0x7fb20a09bc08
P 0x7fb20a0b96d8
P 0x7fb20a0bf838
C 55
= 0x7fb20a0bf800
R
P 0x7fb20a09bc08
C 294
R
P 0x7fb20a09bc08
P 0x7fb20a0bf800
C 9
R
P 0x7fb20a09bc08
C 294
R
P 0x7fb20a09bc08
P 0x7fb208f14528
P 0x7fb20a0bf800
C 354
R
P 0x7fb20a09bc08
C 294
R
P 0x7fb20a09bc08
I 1
I 1
C 144
= 0x7fb20a0b9818
R
P 0x7fb20a09bc08
C 294
R
P 0x7fb20a09bc08
P 0x7fb20a0b9818
C 9
R
P 0x7fb20a09bc08
C 294
R
P 0x7fb20a09bc08
P 0x7fb20a0b96d8
P 0x7fb20a0b9818
C 74
= 0x7fb20a0bf870
R
P 0x7fb20a09bc08
C 294
R
P 0x7fb20a09bc08
P 0x7fb20a0bf870
C 9
R
P 0x7fb20a09bc08
C 294
R
P 0x7fb20a09bc08
P 0x7fb208f14528
P 0x7fb20a0bf870
C 354
R
P 0x7fb20a09bc08
C 294
R
P 0x7fb20a09bc08
S "simplify"
C 365
= 0x7fb208f15328
R
P 0x7fb20a09bc08
C 294
R
P 0x7fb20a09bc08
P 0x7fb208f15328
C 366
R
P 0x7fb20a09bc08
C 294
R
P 0x7fb20a09bc08
P 0x7fb208f14528
C 364
R
P 0x7fb20a09bc08
C 294
R
P 0x7fb20a09bc08
P 0x7fb208f15328
P 0x7fb208f14528
C 402
= 0x7fb208f15398
R
P 0x7fb20a09bc08
C 294
R
P 0x7fb20a09bc08
P 0x7fb208f15398
C 404
R
P 0x7fb20a09bc08
C 294
R
P 0x7fb20a09bc08
P 0x7fb208f15398
C 406
R
P 0x7fb20a09bc08
C 294
R
P 0x7fb20a09bc08
P 0x7fb208f15398
C 407
R
P 0x7fb20a09bc08
C 294
R
P 0x7fb20a09bc08
P 0x7fb208f15398
U 0
C 408
= 0x7fb208f15528
R
P 0x7fb20a09bc08
C 294
R
P 0x7fb20a09bc08
P 0x7fb208f15528
C 351
R
P 0x7fb20a09bc08
C 294
R
P 0x7fb20a09bc08
P 0x7fb208f15528
C 361
R
P 0x7fb20a09bc08
C 294
R
P 0x7fb20a09bc08
P 0x7fb208f15528
C 362
R
P 0x7fb20a09bc08
C 294
R
P 0x7fb20a09bc08
P 0x7fb208f15398
C 407
R
P 0x7fb20a09bc08
C 294
R
P 0x7fb20a09bc08
P 0x7fb208f15398
C 407
R
P 0x7fb20a09bc08
C 294
R
P 0x7fb20a09bc08
P 0x7fb208f15398
U 0
C 408
= 0x7fb208f15548
R
P 0x7fb20a09bc08
C 294
R
P 0x7fb20a09bc08
P 0x7fb208f15548
C 351
R
P 0x7fb20a09bc08
C 294
R
P 0x7fb20a09bc08
P 0x7fb208f15548
C 361
R
P 0x7fb20a09bc08
C 294
R
P 0x7fb20a09bc08
P 0x7fb208f15398
C 407
R
P 0x7fb20a09bc08
C 294
R
P 0x7fb20a09bc08
P 0x7fb208f15398
U 0
C 408
= 0x7fb208f15288
R
P 0x7fb20a09bc08
C 294
R
P 0x7fb20a09bc08
P 0x7fb208f15288
C 351
R
P 0x7fb20a09bc08
C 294
R
P 0x7fb20a09bc08
P 0x7fb208f15288
C 362
R
P 0x7fb20a09bc08
C 294
R
P 0x7fb20a09bc08
S "simplify"
C 365
= 0x7fb208f16148
R
P 0x7fb20a09bc08
C 294
R
P 0x7fb20a09bc08
P 0x7fb208f16148
C 366
R
P 0x7fb20a09bc08
C 294
R
P 0x7fb20a09bc08
S "solve-eqs"
C 365
= 0x7fb208f16ed8
R
P 0x7fb20a09bc08
C 294
R
P 0x7fb20a09bc08
P 0x7fb208f16ed8
C 366
R
P 0x7fb20a09bc08
C 294
R
P 0x7fb20a09bc08
P 0x7fb208f16148
P 0x7fb208f16ed8
C 371
= 0x7fb208f16f68
R
P 0x7fb20a09bc08
C 294
R
P 0x7fb20a09bc08
P 0x7fb208f16f68
C 366
R
P 0x7fb20a09bc08
C 294
R
P 0x7fb20a09bc08
P 0x7fb208f14528
C 364
R
P 0x7fb20a09bc08
C 294
R
P 0x7fb20a09bc08
P 0x7fb208f16f68
P 0x7fb208f14528
C 402
= 0x7fb208f16fd8
R
P 0x7fb20a09bc08
C 294
R
P 0x7fb20a09bc08
P 0x7fb208f16fd8
C 404
R
P 0x7fb20a09bc08
C 294
R
P 0x7fb20a09bc08
P 0x7fb208f16fd8
C 406
R
P 0x7fb20a09bc08
C 294
R
P 0x7fb20a09bc08
P 0x7fb208f16fd8
C 407
R
P 0x7fb20a09bc08
C 294
R
P 0x7fb20a09bc08
P 0x7fb208f16fd8
U 0
C 408
= 0x7fb208f16e78
R
P 0x7fb20a09bc08
C 294
R
P 0x7fb20a09bc08
P 0x7fb208f16e78
C 351
R
P 0x7fb20a09bc08
C 294
R
P 0x7fb20a09bc08
P 0x7fb208f16e78
C 361
R
P 0x7fb20a09bc08
C 294
R
P 0x7fb20a09bc08
P 0x7fb208f16e78
C 362
R
P 0x7fb20a09bc08
C 294
R
P 0x7fb20a09bc08
P 0x7fb208f16fd8
C 407
R
P 0x7fb20a09bc08
C 294
R
P 0x7fb20a09bc08
P 0x7fb208f16fd8
C 407
R
P 0x7fb20a09bc08
C 294
R
P 0x7fb20a09bc08
P 0x7fb208f16fd8
U 0
C 408
= 0x7fb208f16ef8
R
P 0x7fb20a09bc08
C 294
R
P 0x7fb20a09bc08
P 0x7fb208f16ef8
C 351
R
P 0x7fb20a09bc08
C 294
R
P 0x7fb20a09bc08
P 0x7fb208f16ef8
C 361
R
P 0x7fb20a09bc08
C 294
R
P 0x7fb20a09bc08
P 0x7fb208f16fd8
C 407
R
P 0x7fb20a09bc08
C 294
R
P 0x7fb20a09bc08
P 0x7fb208f16fd8
U 0
C 408
= 0x7fb208f16f18
R
P 0x7fb20a09bc08
C 294
R
P 0x7fb20a09bc08
P 0x7fb208f16f18
C 351
R
P 0x7fb20a09bc08
C 294
R
P 0x7fb20a09bc08
P 0x7fb208f16f18
C 362
R
P 0x7fb20a09bc08
C 294
R
P 0x7fb20a09bc08
C 410
= 0x7fb208f15f88
R
P 0x7fb20a09bc08
C 294
R
P 0x7fb20a09bc08
P 0x7fb208f15f88
C 417
R
P 0x7fb20a09bc08
C 294
R
P 0x7fb20a09bc08
P 0x7fb208f16fd8
C 407
R
P 0x7fb20a09bc08
C 294
R
P 0x7fb20a09bc08
P 0x7fb208f16fd8
U 0
C 408
= 0x7fb208f177d8
R
P 0x7fb20a09bc08
C 294
R
P 0x7fb20a09bc08
P 0x7fb208f177d8
C 351
R
P 0x7fb20a09bc08
C 294
R
P 0x7fb20a09bc08
P 0x7fb208f177d8
C 358
R
P 0x7fb20a09bc08
C 294
R
P 0x7fb20a09bc08
P 0x7fb208f177d8
U 0
C 359
= 0x7fb20a0bb268
R
P 0x7fb20a09bc08
C 294
R
P 0x7fb20a09bc08
P 0x7fb20a0bb268
C 9
R
P 0x7fb20a09bc08
C 294
R
P 0x7fb20a09bc08
P 0x7fb208f177d8
U 1
C 359
= 0x7fb20a0bb2c8
R
P 0x7fb20a09bc08
C 294
R
P 0x7fb20a09bc08
P 0x7fb20a0bb2c8
C 9
R
P 0x7fb20a09bc08
C 294
R
P 0x7fb20a09bc08
P 0x7fb208f15f88
P 0x7fb20a0bb268
C 423
R
P 0x7fb20a09bc08
C 294
R
P 0x7fb20a09bc08
P 0x7fb208f15f88
P 0x7fb20a0bb2c8
C 423
R
P 0x7fb20a09bc08
C 294
R
P 0x7fb20a09bc08
P 0x7fb208f15f88
C 426
R
P 0x7fb20a09bc08
C 294
R
P 0x7fb20a09bc08
P 0x7fb208f15f88
C 428
= 0x7fb208c560f8
R
P 0x7fb20a09bc08
C 294
R
P 0x7fb20a09bc08
P 0x7fb208c560f8
C 248
R
P 0x7fb20a09bc08
C 294
R
P 0x7fb20a09bc08
P 0x7fb208c560f8
C 279
R
P 0x7fb20a09bc08
C 294
R
P 0x7fb20a09bc08
P 0x7fb208f15f88
C 428
= 0x7fb208c4b778
R
P 0x7fb20a09bc08
C 294
R
P 0x7fb20a09bc08
P 0x7fb208c4b778
C 248
R
P 0x7fb20a09bc08
C 294
R
P 0x7fb20a09bc08
P 0x7fb208f16fd8
U 0
P 0x7fb208c4b778
C 409
= 0x7fb208c18178
R
P 0x7fb20a09bc08
C 294
R
P 0x7fb20a09bc08
P 0x7fb208c18178
C 248
R
P 0x7fb20a09bc08
C 294
R
P 0x7fb20a09bc08
P 0x7fb208c18178
C 279
R
P 0x7fb20a09bc08
C 294
R
P 0x7fb20a09bc08
I 42
I 43
C 144
= 0x7fb20a0b98b8
R
P 0x7fb20a09bc08
C 294
R
P 0x7fb20a09bc08
P 0x7fb20a0b98b8
C 9
R
P 0x7fb20a09bc08
C 294
R
P 0x7fb20a09bc08
P 0x7fb20a0b98b8
C 216
= 0x7fb20a0b9718
R
P 0x7fb20a09bc08
C 294
R
P 0x7fb20a09bc08
P 0x7fb20a0b9718
C 9
R
P 0x7fb20a09bc08
C 294
R
P 0x7fb20a09bc08
P 0x7fb20a0b98b8
C 217
= 0x7fb20a0b96f8
R
P 0x7fb20a09bc08
C 294
R
P 0x7fb20a09bc08
P 0x7fb20a0b96f8
C 9
R
P 0x7fb20a09bc08
C 294
R
P 0x7fb20a09bc08
P 0x7fb20a0b9718
C 214
R
P 0x7fb20a09bc08
C 294
R
P 0x7fb20a09bc08
P 0x7fb20a0b96f8
C 214
R
P 0x7fb20a09bc08
C 294
R
P 0x7fb20a09bc08
P 0x7fb20a0b9718
C 214
R
P 0x7fb20a09bc08
C 294
R
P 0x7fb20a09bc08
P 0x7fb20a0b96f8
C 214
R
P 0x7fb20a09bc08
C 294
R
P 0x7fb20a09bc08
P 0x7fb20a0b98b8
U 3
C 215
R
P 0x7fb20a09bc08
C 294
R
P 0x7fb20a09bc08
C 34
= 0x7fb20a0b8cb8
R
P 0x7fb20a09bc08
C 294
R
P 0x7fb20a09bc08
P 0x7fb20a0b8cb8
C 9
R
P 0x7fb20a09bc08
C 294
R
P 0x7fb20a09bc08
S "-1231231232/234234333"
P 0x7fb20a0b8cb8
C 143
= 0x7fb20a0b9898
R
P 0x7fb20a09bc08
C 294
R
P 0x7fb20a09bc08
P 0x7fb20a0b9898
C 9
R
P 0x7fb20a09bc08
C 294
R
P 0x7fb20a09bc08
P 0x7fb20a0b9898
C 216
= 0x7fb20a0b99b8
R
P 0x7fb20a09bc08
C 294
R
P 0x7fb20a09bc08
P 0x7fb20a0b99b8
C 9
R
P 0x7fb20a09bc08
C 294
R
P 0x7fb20a09bc08
P 0x7fb20a0b99b8
C 214
R
P 0x7fb20a09bc08
C 294
R
P 0x7fb20a09bc08
P 0x7fb20a0b9898
C 217
= 0x7fb20a0b9998
R
P 0x7fb20a09bc08
C 294
R
P 0x7fb20a09bc08
P 0x7fb20a0b9998
C 9
R
P 0x7fb20a09bc08
C 294
R
P 0x7fb20a09bc08
P 0x7fb20a0b9998
C 214
R
P 0x7fb20a09bc08
C 294
R
P 0x7fb20a09bc08
S "-123123234234234234231232/234234333"
P 0x7fb20a0b8cb8
C 143
= 0x7fb20a0b9978
R
P 0x7fb20a09bc08
C 294
R
P 0x7fb20a09bc08
P 0x7fb20a0b9978
C 9
R
P 0x7fb20a09bc08
C 294
R
P 0x7fb20a09bc08
P 0x7fb20a0b9978
C 216
= 0x7fb20a0b9958
R
P 0x7fb20a09bc08
C 294
R
P 0x7fb20a09bc08
P 0x7fb20a0b9958
C 9
R
P 0x7fb20a09bc08
C 294
R
P 0x7fb20a09bc08
P 0x7fb20a0b9958
C 214
R
P 0x7fb20a09bc08
C 294
R
P 0x7fb20a09bc08
P 0x7fb20a0b9978
C 217
= 0x7fb20a0b9998
R
P 0x7fb20a09bc08
C 294
R
P 0x7fb20a09bc08
P 0x7fb20a0b9998
C 9
R
P 0x7fb20a09bc08
C 294
R
P 0x7fb20a09bc08
P 0x7fb20a0b9998
C 214
R
P 0x7fb20a09bc08
C 294
R
P 0x7fb20a09bc08
S "-234234333"
P 0x7fb20a0b8cb8
C 143
= 0x7fb20a0b9938
R
P 0x7fb20a09bc08
C 294
R
P 0x7fb20a09bc08
P 0x7fb20a0b9938
C 9
R
P 0x7fb20a09bc08
C 294
R
P 0x7fb20a09bc08
P 0x7fb20a0b9938
C 216
= 0x7fb20a0b9918
R
P 0x7fb20a09bc08
C 294
R
P 0x7fb20a09bc08
P 0x7fb20a0b9918
C 9
R
P 0x7fb20a09bc08
C 294
R
P 0x7fb20a09bc08
P 0x7fb20a0b9918
C 214
R
P 0x7fb20a09bc08
C 294
R
P 0x7fb20a09bc08
P 0x7fb20a0b9938
C 217
= 0x7fb20a0b96b8
R
P 0x7fb20a09bc08
C 294
R
P 0x7fb20a09bc08
P 0x7fb20a0b96b8
C 9
R
P 0x7fb20a09bc08
C 294
R
P 0x7fb20a09bc08
P 0x7fb20a0b96b8
C 214
R
P 0x7fb20a09bc08
C 294
R
P 0x7fb20a09bc08
S "234234333/2"
P 0x7fb20a0b8cb8
C 143
= 0x7fb20a0b9618
R
P 0x7fb20a09bc08
C 294
R
P 0x7fb20a09bc08
P 0x7fb20a0b9618
C 9
R
P 0x7fb20a09bc08
C 294
R
P 0x7fb20a09bc08
P 0x7fb20a0b9618
C 216
= 0x7fb20a0b9998
R
P 0x7fb20a09bc08
C 294
R
P 0x7fb20a09bc08
P 0x7fb20a0b9998
C 9
R
P 0x7fb20a09bc08
C 294
R
P 0x7fb20a09bc08
P 0x7fb20a0b9998
C 214
R
P 0x7fb20a09bc08
C 294
R
P 0x7fb20a09bc08
P 0x7fb20a0b9618
C 217
= 0x7fb20a0b97d8
R
P 0x7fb20a09bc08
C 294
R
P 0x7fb20a09bc08
P 0x7fb20a0b97d8
C 9
R
P 0x7fb20a09bc08
C 294
R
P 0x7fb20a09bc08
P 0x7fb20a0b97d8
C 214
R
P 0x7fb20a09bc08
C 294
R
P 0x7fb20a09bc08
S "1234567890987654321"
P 0x7fb20a0b8cd8
C 143
= 0x7fb20a0b9698
R
P 0x7fb20a09bc08
C 294
R
P 0x7fb20a09bc08
P 0x7fb20a0b9698
C 9
R
P 0x7fb20a09bc08
C 294
R
P 0x7fb20a09bc08
P 0x7fb20a0b9698
C 214
R
P 0x7fb20a09bc08
C 294
R
P 0x7fb20a09bc08
U 128
C 35
= 0x7fb20a0b9678
R
P 0x7fb20a09bc08
C 294
R
P 0x7fb20a09bc08
P 0x7fb20a0b9678
C 9
R
P 0x7fb20a09bc08
C 294
R
P 0x7fb20a09bc08
S "1234567890987654321"
P 0x7fb20a0b9678
C 143
= 0x7fb20a0b97b8
R
P 0x7fb20a09bc08
C 294
R
P 0x7fb20a09bc08
P 0x7fb20a0b97b8
C 208
R
P 0x7fb20a09bc08
C 294
R
P 0x7fb20a09bc08
P 0x7fb20a0b97b8
C 205
= 0x7fb20a0b9678
R
P 0x7fb20a09bc08
C 294
R
P 0x7fb20a09bc08
P 0x7fb20a0b9678
C 166
R
P 0x7fb20a09bc08
C 294
R
P 0x7fb20a09bc08
P 0x7fb20a0b97b8
C 211
R
P 0x7fb20a09bc08
C 294
R
P 0x7fb20a09bc08
P 0x7fb20a0b97b8
C 210
R
P 0x7fb20a09bc08
C 294
R
P 0x7fb20a09bc08
P 0x7fb20a0b97b8
C 9
R
P 0x7fb20a09bc08
C 294
R
P 0x7fb20a09bc08
P 0x7fb20a0b97b8
C 214
R
P 0x7fb20a09bc08
C 294
R
P 0x7fb20a09bc08
U 32
C 35
= 0x7fb20a0b9118
R
P 0x7fb20a09bc08
C 294
R
P 0x7fb20a09bc08
P 0x7fb20a0b9118
C 9
R
P 0x7fb20a09bc08
C 294
R
P 0x7fb20a09bc08
S "1234567890987654321"
P 0x7fb20a0b9118
C 143
= 0x7fb20a0b9858
R
P 0x7fb20a09bc08
C 294
R
P 0x7fb20a09bc08
P 0x7fb20a0b9858
C 208
R
P 0x7fb20a09bc08
C 294
R
P 0x7fb20a09bc08
P 0x7fb20a0b9858
C 205
= 0x7fb20a0b9118
R
P 0x7fb20a09bc08
C 294
R
P 0x7fb20a09bc08
P 0x7fb20a0b9118
C 166
R
P 0x7fb20a09bc08
C 294
R
P 0x7fb20a09bc08
P 0x7fb20a0b9858
C 211
R
P 0x7fb20a09bc08
C 294
R
P 0x7fb20a09bc08
P 0x7fb20a0b9858
C 210
R
P 0x7fb20a09bc08
C 294
R
P 0x7fb20a09bc08
P 0x7fb20a0b9858
C 9
R
P 0x7fb20a09bc08
C 294
R
P 0x7fb20a09bc08
P 0x7fb20a0b9858
C 214
R
P 0x7fb20a09bc08
C 294
R
P 0x7fb20a09bc08
S "1/2"
P 0x7fb20a0b8cd8
C 143
R
P 0x7fb20a09bc08
C 294
R
P 0x7fb20a09bc08
U 12
C 297
R
P 0x7fb20a09bc08
C 32
= 0x7fb20a0b8c18
R
P 0x7fb20a09bc08
C 294
R
P 0x7fb20a09bc08
P 0x7fb20a0b8c18
C 9
R
P 0x7fb20a09bc08
C 294
R
P 0x7fb20a09bc08
S "f"
C 30
R
P 0x7fb20a09bc08
C 294
R
P 0x7fb20a09bc08
$ |f|
U 2
P 0x7fb20a0b8c18
P 0x7fb20a0b8c18
p 2
P 0x7fb20a0b8c18
C 48
= 0x7fb20a0bd658
R
P 0x7fb20a09bc08
C 294
R
P 0x7fb20a09bc08
P 0x7fb20a0bd658
C 9
R
P 0x7fb20a09bc08
C 294
R
P 0x7fb20a09bc08
S "q"
C 30
R
P 0x7fb20a09bc08
C 294
R
P 0x7fb20a09bc08
$ |q|
U 2
P 0x7fb20a0b8c18
P 0x7fb20a0b8c18
p 2
P 0x7fb20a0b8c18
C 48
= 0x7fb20a0bd798
R
P 0x7fb20a09bc08
C 294
R
P 0x7fb20a09bc08
P 0x7fb20a0bd798
C 9
R
P 0x7fb20a09bc08
C 294
R
P 0x7fb20a09bc08
I 42
C 29
R
P 0x7fb20a09bc08
C 294
R
P 0x7fb20a09bc08
S "abc"
C 30
R
P 0x7fb20a09bc08
C 294
R
P 0x7fb20a09bc08
U 32
C 35
= 0x7fb20a0b9118
R
P 0x7fb20a09bc08
C 294
R
P 0x7fb20a09bc08
P 0x7fb20a0b9118
C 9
R
P 0x7fb20a09bc08
C 294
R
P 0x7fb20a09bc08
P 0x7fb20a0b9118
C 167
R
P 0x7fb20a09bc08
C 294
R
P 0x7fb20a09bc08
I 1
P 0x7fb20a0b8cd8
C 145
= 0x7fb20a0b96b8
R
P 0x7fb20a09bc08
C 294
R
P 0x7fb20a09bc08
P 0x7fb20a0b96b8
C 9
R
P 0x7fb20a09bc08
C 294
R
P 0x7fb20a09bc08
I 2
P 0x7fb20a0b8cd8
C 145
= 0x7fb20a0b97d8
R
P 0x7fb20a09bc08
C 294
R
P 0x7fb20a09bc08
P 0x7fb20a0b97d8
C 9
R
P 0x7fb20a09bc08
C 294
R
P 0x7fb20a09bc08
U 2
P 0x7fb20a0b96b8
P 0x7fb20a0b97d8
p 2
C 64
= 0x7fb20a0bfaa0
R
P 0x7fb20a09bc08
C 294
R
P 0x7fb20a09bc08
P 0x7fb20a0bfaa0
C 208
R
P 0x7fb20a09bc08
C 294
R
P 0x7fb20a09bc08
P 0x7fb20a0bfaa0
C 205
= 0x7fb20a0b8cd8
R
P 0x7fb20a09bc08
C 294
R
P 0x7fb20a09bc08
P 0x7fb20a0b8cd8
C 166
R
P 0x7fb20a09bc08
C 294
R
P 0x7fb20a09bc08
P 0x7fb20a0bfaa0
C 211
R
P 0x7fb20a09bc08
C 294
R
P 0x7fb20a09bc08
P 0x7fb20a0bfaa0
C 210
R
P 0x7fb20a09bc08
C 294
R
P 0x7fb20a09bc08
P 0x7fb20a0bfaa0
C 9
R
P 0x7fb20a09bc08
C 294
R
P 0x7fb20a09bc08
P 0x7fb20a0bfaa0
C 200
R
P 0x7fb20a09bc08
C 294
R
P 0x7fb20a09bc08
P 0x7fb20a0bfaa0
U 0
C 201
= 0x7fb20a0b96b8
R
P 0x7fb20a09bc08
C 294
R
P 0x7fb20a09bc08
P 0x7fb20a0b96b8
C 208
R
P 0x7fb20a09bc08
C 294
R
P 0x7fb20a09bc08
P 0x7fb20a0b96b8
C 205
= 0x7fb20a0b8cd8
R
P 0x7fb20a09bc08
C 294
R
P 0x7fb20a09bc08
P 0x7fb20a0b8cd8
C 166
R
P 0x7fb20a09bc08
C 294
R
P 0x7fb20a09bc08
P 0x7fb20a0b96b8
C 211
R
P 0x7fb20a09bc08
C 294
R
P 0x7fb20a09bc08
P 0x7fb20a0b96b8
C 210
R
P 0x7fb20a09bc08
C 294
R
P 0x7fb20a09bc08
P 0x7fb20a0b96b8
C 9
R
P 0x7fb20a09bc08
C 294
R
P 0x7fb20a09bc08
P 0x7fb20a0bfaa0
U 1
C 201
= 0x7fb20a0b97d8
R
P 0x7fb20a09bc08
C 294
R
P 0x7fb20a09bc08
P 0x7fb20a0b97d8
C 208
R
P 0x7fb20a09bc08
C 294
R
P 0x7fb20a09bc08
P 0x7fb20a0b97d8
C 205
= 0x7fb20a0b8cd8
R
P 0x7fb20a09bc08
C 294
R
P 0x7fb20a09bc08
P 0x7fb20a0b8cd8
C 166
R
P 0x7fb20a09bc08
C 294
R
P 0x7fb20a09bc08
P 0x7fb20a0b97d8
C 211
R
P 0x7fb20a09bc08
C 294
R
P 0x7fb20a09bc08
P 0x7fb20a0b97d8
C 210
R
P 0x7fb20a09bc08
C 294
R
P 0x7fb20a09bc08
P 0x7fb20a0b97d8
C 9
R
P 0x7fb20a09bc08
C 294
R
P 0x7fb20a09bc08
P 0x7fb20a0b97d8
C 205
= 0x7fb20a0b8cd8
R
P 0x7fb20a09bc08
C 294
R
P 0x7fb20a09bc08
P 0x7fb20a0b8cd8
C 166
R
P 0x7fb20a09bc08
C 294
R
P 0x7fb20a09bc08
P 0x7fb20a0b8cd8
C 9
R
P 0x7fb20a09bc08
C 294
R
P 0x7fb20a09bc08
I 42
P 0x7fb20a0b8cd8
C 145
= 0x7fb20a0b9718
R
P 0x7fb20a09bc08
C 294
R
P 0x7fb20a09bc08
P 0x7fb20a0b9718
C 9
R
P 0x7fb20a09bc08
C 294
R
P 0x7fb20a09bc08
C 53
= 0x7fb20a0b8c78
R
P 0x7fb20a09bc08
C 294
R
P 0x7fb20a09bc08
P 0x7fb20a0b8c78
C 9
R
P 0x7fb20a09bc08
C 294
R
P 0x7fb20a09bc08
C 53
= 0x7fb20a0b8c78
R
P 0x7fb20a09bc08
C 294
R
P 0x7fb20a09bc08
P 0x7fb20a0b8c78
C 9
R
P 0x7fb20a09bc08
C 294
R
P 0x7fb20a09bc08
C 54
= 0x7fb20a0b8c98
R
P 0x7fb20a09bc08
C 294
R
P 0x7fb20a09bc08
P 0x7fb20a0b8c98
C 9
R
P 0x7fb20a09bc08
C 294
R
P 0x7fb20a09bc08
C 54
= 0x7fb20a0b8c98
R
P 0x7fb20a09bc08
C 294
R
P 0x7fb20a09bc08
P 0x7fb20a0b8c98
C 9
R
P 0x7fb20a09bc08
C 294
R
P 0x7fb20a09bc08
P 0x7fb20a0b8c78
C 57
= 0x7fb20a0bb5f8
R
P 0x7fb20a09bc08
C 294
R
P 0x7fb20a09bc08
P 0x7fb20a0bb5f8
C 9
R
P 0x7fb20a09bc08
C 294
R
P 0x7fb20a09bc08
P 0x7fb20a0b8c78
C 57
= 0x7fb20a0bb5f8
R
P 0x7fb20a09bc08
C 294
R
P 0x7fb20a09bc08
P 0x7fb20a0bb5f8
C 9
R
P 0x7fb20a09bc08
C 294
R
P 0x7fb20a09bc08
P 0x7fb20a0b8c98
C 57
= 0x7fb20a0bb628
R
P 0x7fb20a09bc08
C 294
R
P 0x7fb20a09bc08
P 0x7fb20a0bb628
C 9
R
P 0x7fb20a09bc08
C 294
R
P 0x7fb20a09bc08
P 0x7fb20a0b8c98
C 57
= 0x7fb20a0bb628
R
P 0x7fb20a09bc08
C 294
R
P 0x7fb20a09bc08
P 0x7fb20a0bb628
C 9
R
P 0x7fb20a09bc08
C 294
M "SudokuExample"
R
P 0x7fb20a09bc08
S "x_1_1"
C 30
R
P 0x7fb20a09bc08
C 294
R
P 0x7fb20a09bc08
$ |x_1_1|
P 0x7fb20a0b8cd8
C 50
= 0x7fb20a0b9878
R
P 0x7fb20a09bc08
C 294
R
P 0x7fb20a09bc08
P 0x7fb20a0b9878
C 208
R
P 0x7fb20a09bc08
C 294
R
P 0x7fb20a09bc08
P 0x7fb20a0b9878
C 205
= 0x7fb20a0b8cd8
R
P 0x7fb20a09bc08
C 294
R
P 0x7fb20a09bc08
P 0x7fb20a0b8cd8
C 166
R
P 0x7fb20a09bc08
C 294
R
P 0x7fb20a09bc08
P 0x7fb20a0b9878
C 211
R
P 0x7fb20a09bc08
C 294
R
P 0x7fb20a09bc08
P 0x7fb20a0b9878
C 210
R
P 0x7fb20a09bc08
C 294
R
P 0x7fb20a09bc08
P 0x7fb20a0b9878
C 9
R
P 0x7fb20a09bc08
C 294
R
P 0x7fb20a09bc08
S "x_1_2"
C 30
R
P 0x7fb20a09bc08
C 294
R
P 0x7fb20a09bc08
$ |x_1_2|
P 0x7fb20a0b8cd8
C 50
= 0x7fb20a0b99f8
R
P 0x7fb20a09bc08
C 294
R
P 0x7fb20a09bc08
P 0x7fb20a0b99f8
C 208
R
P 0x7fb20a09bc08
C 294
R
P 0x7fb20a09bc08
P 0x7fb20a0b99f8
C 205
= 0x7fb20a0b8cd8
R
P 0x7fb20a09bc08
C 294
R
P 0x7fb20a09bc08
P 0x7fb20a0b8cd8
C 166
R
P 0x7fb20a09bc08
C 294
R
P 0x7fb20a09bc08
P 0x7fb20a0b99f8
C 211
R
P 0x7fb20a09bc08
C 294
R
P 0x7fb20a09bc08
P 0x7fb20a0b99f8
C 210
R
P 0x7fb20a09bc08
C 294
R
P 0x7fb20a09bc08
P 0x7fb20a0b99f8
C 9
R
P 0x7fb20a09bc08
C 294
R
P 0x7fb20a09bc08
S "x_1_3"
C 30
R
P 0x7fb20a09bc08
C 294
R
P 0x7fb20a09bc08
$ |x_1_3|
P 0x7fb20a0b8cd8
C 50
= 0x7fb20a0b9a18
R
P 0x7fb20a09bc08
C 294
R
P 0x7fb20a09bc08
P 0x7fb20a0b9a18
C 208
R
P 0x7fb20a09bc08
C 294
R
P 0x7fb20a09bc08
P 0x7fb20a0b9a18
C 205
= 0x7fb20a0b8cd8
R
P 0x7fb20a09bc08
C 294
R
P 0x7fb20a09bc08
P 0x7fb20a0b8cd8
C 166
R
P 0x7fb20a09bc08
C 294
R
P 0x7fb20a09bc08
P 0x7fb20a0b9a18
C 211
R
P 0x7fb20a09bc08
C 294
R
P 0x7fb20a09bc08
P 0x7fb20a0b9a18
C 210
R
P 0x7fb20a09bc08
C 294
R
P 0x7fb20a09bc08
P 0x7fb20a0b9a18
C 9
R
P 0x7fb20a09bc08
C 294
R
P 0x7fb20a09bc08
S "x_1_4"
C 30
R
P 0x7fb20a09bc08
C 294
R
P 0x7fb20a09bc08
$ |x_1_4|
P 0x7fb20a0b8cd8
C 50
= 0x7fb20a0b9a38
R
P 0x7fb20a09bc08
C 294
R
P 0x7fb20a09bc08
P 0x7fb20a0b9a38
C 208
R
P 0x7fb20a09bc08
C 294
R
P 0x7fb20a09bc08
P 0x7fb20a0b9a38
C 205
= 0x7fb20a0b8cd8
R
P 0x7fb20a09bc08
C 294
R
P 0x7fb20a09bc08
P 0x7fb20a0b8cd8
C 166
R
P 0x7fb20a09bc08
C 294
R
P 0x7fb20a09bc08
P 0x7fb20a0b9a38
C 211
R
P 0x7fb20a09bc08
C 294
R
P 0x7fb20a09bc08
P 0x7fb20a0b9a38
C 210
R
P 0x7fb20a09bc08
C 294
R
P 0x7fb20a09bc08
P 0x7fb20a0b9a38
C 9
R
P 0x7fb20a09bc08
C 294
R
P 0x7fb20a09bc08
S "x_1_5"
C 30
R
P 0x7fb20a09bc08
C 294
R
P 0x7fb20a09bc08
$ |x_1_5|
P 0x7fb20a0b8cd8
C 50
= 0x7fb20a0b9a58
R
P 0x7fb20a09bc08
C 294
R
P 0x7fb20a09bc08
P 0x7fb20a0b9a58
C 208
R
P 0x7fb20a09bc08
C 294
R
P 0x7fb20a09bc08
P 0x7fb20a0b9a58
C 205
= 0x7fb20a0b8cd8
R
P 0x7fb20a09bc08
C 294
R
P 0x7fb20a09bc08
P 0x7fb20a0b8cd8
C 166
R
P 0x7fb20a09bc08
C 294
R
P 0x7fb20a09bc08
P 0x7fb20a0b9a58
C 211
R
P 0x7fb20a09bc08
C 294
R
P 0x7fb20a09bc08
P 0x7fb20a0b9a58
C 210
R
P 0x7fb20a09bc08
C 294
R
P 0x7fb20a09bc08
P 0x7fb20a0b9a58
C 9
R
P 0x7fb20a09bc08
C 294
R
P 0x7fb20a09bc08
S "x_1_6"
C 30
R
P 0x7fb20a09bc08
C 294
R
P 0x7fb20a09bc08
$ |x_1_6|
P 0x7fb20a0b8cd8
C 50
= 0x7fb20a0b9a78
R
P 0x7fb20a09bc08
C 294
R
P 0x7fb20a09bc08
P 0x7fb20a0b9a78
C 208
R
P 0x7fb20a09bc08
C 294
R
P 0x7fb20a09bc08
P 0x7fb20a0b9a78
C 205
= 0x7fb20a0b8cd8
R
P 0x7fb20a09bc08
C 294
R
P 0x7fb20a09bc08
P 0x7fb20a0b8cd8
C 166
R
P 0x7fb20a09bc08
C 294
R
P 0x7fb20a09bc08
P 0x7fb20a0b9a78
C 211
R
P 0x7fb20a09bc08
C 294
R
P 0x7fb20a09bc08
P 0x7fb20a0b9a78
C 210
R
P 0x7fb20a09bc08
C 294
R
P 0x7fb20a09bc08
P 0x7fb20a0b9a78
C 9
R
P 0x7fb20a09bc08
C 294
R
P 0x7fb20a09bc08
S "x_1_7"
C 30
R
P 0x7fb20a09bc08
C 294
R
P 0x7fb20a09bc08
$ |x_1_7|
P 0x7fb20a0b8cd8
C 50
= 0x7fb20a0b9a98
R
P 0x7fb20a09bc08
C 294
R
P 0x7fb20a09bc08
P 0x7fb20a0b9a98
C 208
R
P 0x7fb20a09bc08
C 294
R
P 0x7fb20a09bc08
P 0x7fb20a0b9a98
C 205
= 0x7fb20a0b8cd8
R
P 0x7fb20a09bc08
C 294
R
P 0x7fb20a09bc08
P 0x7fb20a0b8cd8
C 166
R
P 0x7fb20a09bc08
C 294
R
P 0x7fb20a09bc08
P 0x7fb20a0b9a98
C 211
R
P 0x7fb20a09bc08
C 294
R
P 0x7fb20a09bc08
P 0x7fb20a0b9a98
C 210
R
P 0x7fb20a09bc08
C 294
R
P 0x7fb20a09bc08
P 0x7fb20a0b9a98
C 9
R
P 0x7fb20a09bc08
C 294
R
P 0x7fb20a09bc08
S "x_1_8"
C 30
R
P 0x7fb20a09bc08
C 294
R
P 0x7fb20a09bc08
$ |x_1_8|
P 0x7fb20a0b8cd8
C 50
= 0x7fb20a0b9ab8
R
P 0x7fb20a09bc08
C 294
R
P 0x7fb20a09bc08
P 0x7fb20a0b9ab8
C 208
R
P 0x7fb20a09bc08
C 294
R
P 0x7fb20a09bc08
P 0x7fb20a0b9ab8
C 205
= 0x7fb20a0b8cd8
R
P 0x7fb20a09bc08
C 294
R
P 0x7fb20a09bc08
P 0x7fb20a0b8cd8
C 166
R
P 0x7fb20a09bc08
C 294
R
P 0x7fb20a09bc08
P 0x7fb20a0b9ab8
C 211
R
P 0x7fb20a09bc08
C 294
R
P 0x7fb20a09bc08
P 0x7fb20a0b9ab8
C 210
R
P 0x7fb20a09bc08
C 294
R
P 0x7fb20a09bc08
P 0x7fb20a0b9ab8
C 9
R
P 0x7fb20a09bc08
C 294
R
P 0x7fb20a09bc08
S "x_1_9"
C 30
R
P 0x7fb20a09bc08
C 294
R
P 0x7fb20a09bc08
$ |x_1_9|
P 0x7fb20a0b8cd8
C 50
= 0x7fb20a0b9ad8
R
P 0x7fb20a09bc08
C 294
R
P 0x7fb20a09bc08
P 0x7fb20a0b9ad8
C 208
R
P 0x7fb20a09bc08
C 294
R
P 0x7fb20a09bc08
P 0x7fb20a0b9ad8
C 205
= 0x7fb20a0b8cd8
R
P 0x7fb20a09bc08
C 294
R
P 0x7fb20a09bc08
P 0x7fb20a0b8cd8
C 166
R
P 0x7fb20a09bc08
C 294
R
P 0x7fb20a09bc08
P 0x7fb20a0b9ad8
C 211
R
P 0x7fb20a09bc08
C 294
R
P 0x7fb20a09bc08
P 0x7fb20a0b9ad8
C 210
R
P 0x7fb20a09bc08
C 294
R
P 0x7fb20a09bc08
P 0x7fb20a0b9ad8
C 9
R
P 0x7fb20a09bc08
C 294
R
P 0x7fb20a09bc08
S "x_2_1"
C 30
R
P 0x7fb20a09bc08
C 294
R
P 0x7fb20a09bc08
$ |x_2_1|
P 0x7fb20a0b8cd8
C 50
= 0x7fb20a0b9af8
R
P 0x7fb20a09bc08
C 294
R
P 0x7fb20a09bc08
P 0x7fb20a0b9af8
C 208
R
P 0x7fb20a09bc08
C 294
R
P 0x7fb20a09bc08
P 0x7fb20a0b9af8
C 205
= 0x7fb20a0b8cd8
R
P 0x7fb20a09bc08
C 294
R
P 0x7fb20a09bc08
P 0x7fb20a0b8cd8
C 166
R
P 0x7fb20a09bc08
C 294
R
P 0x7fb20a09bc08
P 0x7fb20a0b9af8
C 211
R
P 0x7fb20a09bc08
C 294
R
P 0x7fb20a09bc08
P 0x7fb20a0b9af8
C 210
R
P 0x7fb20a09bc08
C 294
R
P 0x7fb20a09bc08
P 0x7fb20a0b9af8
C 9
R
P 0x7fb20a09bc08
C 294
R
P 0x7fb20a09bc08
S "x_2_2"
C 30
R
P 0x7fb20a09bc08
C 294
R
P 0x7fb20a09bc08
$ |x_2_2|
P 0x7fb20a0b8cd8
C 50
= 0x7fb20a0b9b18
R
P 0x7fb20a09bc08
C 294
R
P 0x7fb20a09bc08
P 0x7fb20a0b9b18
C 208
R
P 0x7fb20a09bc08
C 294
R
P 0x7fb20a09bc08
P 0x7fb20a0b9b18
C 205
= 0x7fb20a0b8cd8
R
P 0x7fb20a09bc08
C 294
R
P 0x7fb20a09bc08
P 0x7fb20a0b8cd8
C 166
R
P 0x7fb20a09bc08
C 294
R
P 0x7fb20a09bc08
P 0x7fb20a0b9b18
C 211
R
P 0x7fb20a09bc08
C 294
R
P 0x7fb20a09bc08
P 0x7fb20a0b9b18
C 210
R
P 0x7fb20a09bc08
C 294
R
P 0x7fb20a09bc08
P 0x7fb20a0b9b18
C 9
R
P 0x7fb20a09bc08
C 294
R
P 0x7fb20a09bc08
S "x_2_3"
C 30
R
P 0x7fb20a09bc08
C 294
R
P 0x7fb20a09bc08
$ |x_2_3|
P 0x7fb20a0b8cd8
C 50
= 0x7fb20a0b9b38
R
P 0x7fb20a09bc08
C 294
R
P 0x7fb20a09bc08
P 0x7fb20a0b9b38
C 208
R
P 0x7fb20a09bc08
C 294
R
P 0x7fb20a09bc08
P 0x7fb20a0b9b38
C 205
= 0x7fb20a0b8cd8
R
P 0x7fb20a09bc08
C 294
R
P 0x7fb20a09bc08
P 0x7fb20a0b8cd8
C 166
R
P 0x7fb20a09bc08
C 294
R
P 0x7fb20a09bc08
P 0x7fb20a0b9b38
C 211
R
P 0x7fb20a09bc08
C 294
R
P 0x7fb20a09bc08
P 0x7fb20a0b9b38
C 210
R
P 0x7fb20a09bc08
C 294
R
P 0x7fb20a09bc08
P 0x7fb20a0b9b38
C 9
R
P 0x7fb20a09bc08
C 294
R
P 0x7fb20a09bc08
S "x_2_4"
C 30
R
P 0x7fb20a09bc08
C 294
R
P 0x7fb20a09bc08
$ |x_2_4|
P 0x7fb20a0b8cd8
C 50
= 0x7fb20a0b9b58
R
P 0x7fb20a09bc08
C 294
R
P 0x7fb20a09bc08
P 0x7fb20a0b9b58
C 208
R
P 0x7fb20a09bc08
C 294
R
P 0x7fb20a09bc08
P 0x7fb20a0b9b58
C 205
= 0x7fb20a0b8cd8
R
P 0x7fb20a09bc08
C 294
R
P 0x7fb20a09bc08
P 0x7fb20a0b8cd8
C 166
R
P 0x7fb20a09bc08
C 294
R
P 0x7fb20a09bc08
P 0x7fb20a0b9b58
C 211
R
P 0x7fb20a09bc08
C 294
R
P 0x7fb20a09bc08
P 0x7fb20a0b9b58
C 210
R
P 0x7fb20a09bc08
C 294
R
P 0x7fb20a09bc08
P 0x7fb20a0b9b58
C 9
R
P 0x7fb20a09bc08
C 294
R
P 0x7fb20a09bc08
S "x_2_5"
C 30
R
P 0x7fb20a09bc08
C 294
R
P 0x7fb20a09bc08
$ |x_2_5|
P 0x7fb20a0b8cd8
C 50
= 0x7fb20a0b9b78
R
P 0x7fb20a09bc08
C 294
R
P 0x7fb20a09bc08
P 0x7fb20a0b9b78
C 208
R
P 0x7fb20a09bc08
C 294
R
P 0x7fb20a09bc08
P 0x7fb20a0b9b78
C 205
= 0x7fb20a0b8cd8
R
P 0x7fb20a09bc08
C 294
R
P 0x7fb20a09bc08
P 0x7fb20a0b8cd8
C 166
R
P 0x7fb20a09bc08
C 294
R
P 0x7fb20a09bc08
P 0x7fb20a0b9b78
C 211
R
P 0x7fb20a09bc08
C 294
R
P 0x7fb20a09bc08
P 0x7fb20a0b9b78
C 210
R
P 0x7fb20a09bc08
C 294
R
P 0x7fb20a09bc08
P 0x7fb20a0b9b78
C 9
R
P 0x7fb20a09bc08
C 294
R
P 0x7fb20a09bc08
S "x_2_6"
C 30
R
P 0x7fb20a09bc08
C 294
R
P 0x7fb20a09bc08
$ |x_2_6|
P 0x7fb20a0b8cd8
C 50
= 0x7fb20a0b9b98
R
P 0x7fb20a09bc08
C 294
R
P 0x7fb20a09bc08
P 0x7fb20a0b9b98
C 208
R
P 0x7fb20a09bc08
C 294
R
P 0x7fb20a09bc08
P 0x7fb20a0b9b98
C 205
= 0x7fb20a0b8cd8
R
P 0x7fb20a09bc08
C 294
R
P 0x7fb20a09bc08
P 0x7fb20a0b8cd8
C 166
R
P 0x7fb20a09bc08
C 294
R
P 0x7fb20a09bc08
P 0x7fb20a0b9b98
C 211
R
P 0x7fb20a09bc08
C 294
R
P 0x7fb20a09bc08
P 0x7fb20a0b9b98
C 210
R
P 0x7fb20a09bc08
C 294
R
P 0x7fb20a09bc08
P 0x7fb20a0b9b98
C 9
R
P 0x7fb20a09bc08
C 294
R
P 0x7fb20a09bc08
S "x_2_7"
C 30
R
P 0x7fb20a09bc08
C 294
R
P 0x7fb20a09bc08
$ |x_2_7|
P 0x7fb20a0b8cd8
C 50
= 0x7fb20a0b9bb8
R
P 0x7fb20a09bc08
C 294
R
P 0x7fb20a09bc08
P 0x7fb20a0b9bb8
C 208
R
P 0x7fb20a09bc08
C 294
R
P 0x7fb20a09bc08
P 0x7fb20a0b9bb8
C 205
= 0x7fb20a0b8cd8
R
P 0x7fb20a09bc08
C 294
R
P 0x7fb20a09bc08
P 0x7fb20a0b8cd8
C 166
R
P 0x7fb20a09bc08
C 294
R
P 0x7fb20a09bc08
P 0x7fb20a0b9bb8
C 211
R
P 0x7fb20a09bc08
C 294
R
P 0x7fb20a09bc08
P 0x7fb20a0b9bb8
C 210
R
P 0x7fb20a09bc08
C 294
R
P 0x7fb20a09bc08
P 0x7fb20a0b9bb8
C 9
R
P 0x7fb20a09bc08
C 294
R
P 0x7fb20a09bc08
S "x_2_8"
C 30
R
P 0x7fb20a09bc08
C 294
R
P 0x7fb20a09bc08
$ |x_2_8|
P 0x7fb20a0b8cd8
C 50
= 0x7fb20a0b9bd8
R
P 0x7fb20a09bc08
C 294
R
P 0x7fb20a09bc08
P 0x7fb20a0b9bd8
C 208
R
P 0x7fb20a09bc08
C 294
R
P 0x7fb20a09bc08
P 0x7fb20a0b9bd8
C 205
= 0x7fb20a0b8cd8
R
P 0x7fb20a09bc08
C 294
R
P 0x7fb20a09bc08
P 0x7fb20a0b8cd8
C 166
R
P 0x7fb20a09bc08
C 294
R
P 0x7fb20a09bc08
P 0x7fb20a0b9bd8
C 211
R
P 0x7fb20a09bc08
C 294
R
P 0x7fb20a09bc08
P 0x7fb20a0b9bd8
C 210
R
P 0x7fb20a09bc08
C 294
R
P 0x7fb20a09bc08
P 0x7fb20a0b9bd8
C 9
R
P 0x7fb20a09bc08
C 294
R
P 0x7fb20a09bc08
S "x_2_9"
C 30
R
P 0x7fb20a09bc08
C 294
R
P 0x7fb20a09bc08
$ |x_2_9|
P 0x7fb20a0b8cd8
C 50
= 0x7fb20a0b9bf8
R
P 0x7fb20a09bc08
C 294
R
P 0x7fb20a09bc08
P 0x7fb20a0b9bf8
C 208
R
P 0x7fb20a09bc08
C 294
R
P 0x7fb20a09bc08
P 0x7fb20a0b9bf8
C 205
= 0x7fb20a0b8cd8
R
P 0x7fb20a09bc08
C 294
R
P 0x7fb20a09bc08
P 0x7fb20a0b8cd8
C 166
R
P 0x7fb20a09bc08
C 294
R
P 0x7fb20a09bc08
P 0x7fb20a0b9bf8
C 211
R
P 0x7fb20a09bc08
C 294
R
P 0x7fb20a09bc08
P 0x7fb20a0b9bf8
C 210
R
P 0x7fb20a09bc08
C 294
R
P 0x7fb20a09bc08
P 0x7fb20a0b9bf8
C 9
R
P 0x7fb20a09bc08
C 294
R
P 0x7fb20a09bc08
S "x_3_1"
C 30
R
P 0x7fb20a09bc08
C 294
R
P 0x7fb20a09bc08
$ |x_3_1|
P 0x7fb20a0b8cd8
C 50
= 0x7fb20a0b9c18
R
P 0x7fb20a09bc08
C 294
R
P 0x7fb20a09bc08
P 0x7fb20a0b9c18
C 208
R
P 0x7fb20a09bc08
C 294
R
P 0x7fb20a09bc08
P 0x7fb20a0b9c18
C 205
= 0x7fb20a0b8cd8
R
P 0x7fb20a09bc08
C 294
R
P 0x7fb20a09bc08
P 0x7fb20a0b8cd8
C 166
R
P 0x7fb20a09bc08
C 294
R
P 0x7fb20a09bc08
P 0x7fb20a0b9c18
C 211
R
P 0x7fb20a09bc08
C 294
R
P 0x7fb20a09bc08
P 0x7fb20a0b9c18
C 210
R
P 0x7fb20a09bc08
C 294
R
P 0x7fb20a09bc08
P 0x7fb20a0b9c18
C 9
R
P 0x7fb20a09bc08
C 294
R
P 0x7fb20a09bc08
S "x_3_2"
C 30
R
P 0x7fb20a09bc08
C 294
R
P 0x7fb20a09bc08
$ |x_3_2|
P 0x7fb20a0b8cd8
C 50
= 0x7fb20a0b9c38
R
P 0x7fb20a09bc08
C 294
R
P 0x7fb20a09bc08
P 0x7fb20a0b9c38
C 208
R
P 0x7fb20a09bc08
C 294
R
P 0x7fb20a09bc08
P 0x7fb20a0b9c38
C 205
= 0x7fb20a0b8cd8
R
P 0x7fb20a09bc08
C 294
R
P 0x7fb20a09bc08
P 0x7fb20a0b8cd8
C 166
R
P 0x7fb20a09bc08
C 294
R
P 0x7fb20a09bc08
P 0x7fb20a0b9c38
C 211
R
P 0x7fb20a09bc08
C 294
R
P 0x7fb20a09bc08
P 0x7fb20a0b9c38
C 210
R
P 0x7fb20a09bc08
C 294
R
P 0x7fb20a09bc08
P 0x7fb20a0b9c38
C 9
R
P 0x7fb20a09bc08
C 294
R
P 0x7fb20a09bc08
S "x_3_3"
C 30
R
P 0x7fb20a09bc08
C 294
R
P 0x7fb20a09bc08
$ |x_3_3|
P 0x7fb20a0b8cd8
C 50
= 0x7fb20a0b9c58
R
P 0x7fb20a09bc08
C 294
R
P 0x7fb20a09bc08
P 0x7fb20a0b9c58
C 208
R
P 0x7fb20a09bc08
C 294
R
P 0x7fb20a09bc08
P 0x7fb20a0b9c58
C 205
= 0x7fb20a0b8cd8
R
P 0x7fb20a09bc08
C 294
R
P 0x7fb20a09bc08
P 0x7fb20a0b8cd8
C 166
R
P 0x7fb20a09bc08
C 294
R
P 0x7fb20a09bc08
P 0x7fb20a0b9c58
C 211
R
P 0x7fb20a09bc08
C 294
R
P 0x7fb20a09bc08
P 0x7fb20a0b9c58
C 210
R
P 0x7fb20a09bc08
C 294
R
P 0x7fb20a09bc08
P 0x7fb20a0b9c58
C 9
R
P 0x7fb20a09bc08
C 294
R
P 0x7fb20a09bc08
S "x_3_4"
C 30
R
P 0x7fb20a09bc08
C 294
R
P 0x7fb20a09bc08
$ |x_3_4|
P 0x7fb20a0b8cd8
C 50
= 0x7fb20a0b9c78
R
P 0x7fb20a09bc08
C 294
R
P 0x7fb20a09bc08
P 0x7fb20a0b9c78
C 208
R
P 0x7fb20a09bc08
C 294
R
P 0x7fb20a09bc08
P 0x7fb20a0b9c78
C 205
= 0x7fb20a0b8cd8
R
P 0x7fb20a09bc08
C 294
R
P 0x7fb20a09bc08
P 0x7fb20a0b8cd8
C 166
R
P 0x7fb20a09bc08
C 294
R
P 0x7fb20a09bc08
P 0x7fb20a0b9c78
C 211
R
P 0x7fb20a09bc08
C 294
R
P 0x7fb20a09bc08
P 0x7fb20a0b9c78
C 210
R
P 0x7fb20a09bc08
C 294
R
P 0x7fb20a09bc08
P 0x7fb20a0b9c78
C 9
R
P 0x7fb20a09bc08
C 294
R
P 0x7fb20a09bc08
S "x_3_5"
C 30
R
P 0x7fb20a09bc08
C 294
R
P 0x7fb20a09bc08
$ |x_3_5|
P 0x7fb20a0b8cd8
C 50
= 0x7fb20a0b9c98
R
P 0x7fb20a09bc08
C 294
R
P 0x7fb20a09bc08
P 0x7fb20a0b9c98
C 208
R
P 0x7fb20a09bc08
C 294
R
P 0x7fb20a09bc08
P 0x7fb20a0b9c98
C 205
= 0x7fb20a0b8cd8
R
P 0x7fb20a09bc08
C 294
R
P 0x7fb20a09bc08
P 0x7fb20a0b8cd8
C 166
R
P 0x7fb20a09bc08
C 294
R
P 0x7fb20a09bc08
P 0x7fb20a0b9c98
C 211
R
P 0x7fb20a09bc08
C 294
R
P 0x7fb20a09bc08
P 0x7fb20a0b9c98
C 210
R
P 0x7fb20a09bc08
C 294
R
P 0x7fb20a09bc08
P 0x7fb20a0b9c98
C 9
R
P 0x7fb20a09bc08
C 294
R
P 0x7fb20a09bc08
S "x_3_6"
C 30
R
P 0x7fb20a09bc08
C 294
R
P 0x7fb20a09bc08
$ |x_3_6|
P 0x7fb20a0b8cd8
C 50
= 0x7fb20a0b9cb8
R
P 0x7fb20a09bc08
C 294
R
P 0x7fb20a09bc08
P 0x7fb20a0b9cb8
C 208
R
P 0x7fb20a09bc08
C 294
R
P 0x7fb20a09bc08
P 0x7fb20a0b9cb8
C 205
= 0x7fb20a0b8cd8
R
P 0x7fb20a09bc08
C 294
R
P 0x7fb20a09bc08
P 0x7fb20a0b8cd8
C 166
R
P 0x7fb20a09bc08
C 294
R
P 0x7fb20a09bc08
P 0x7fb20a0b9cb8
C 211
R
P 0x7fb20a09bc08
C 294
R
P 0x7fb20a09bc08
P 0x7fb20a0b9cb8
C 210
R
P 0x7fb20a09bc08
C 294
R
P 0x7fb20a09bc08
P 0x7fb20a0b9cb8
C 9
R
P 0x7fb20a09bc08
C 294
R
P 0x7fb20a09bc08
S "x_3_7"
C 30
R
P 0x7fb20a09bc08
C 294
R
P 0x7fb20a09bc08
$ |x_3_7|
P 0x7fb20a0b8cd8
C 50
= 0x7fb20a0b9cd8
R
P 0x7fb20a09bc08
C 294
R
P 0x7fb20a09bc08
P 0x7fb20a0b9cd8
C 208
R
P 0x7fb20a09bc08
C 294
R
P 0x7fb20a09bc08
P 0x7fb20a0b9cd8
C 205
= 0x7fb20a0b8cd8
R
P 0x7fb20a09bc08
C 294
R
P 0x7fb20a09bc08
P 0x7fb20a0b8cd8
C 166
R
P 0x7fb20a09bc08
C 294
R
P 0x7fb20a09bc08
P 0x7fb20a0b9cd8
C 211
R
P 0x7fb20a09bc08
C 294
R
P 0x7fb20a09bc08
P 0x7fb20a0b9cd8
C 210
R
P 0x7fb20a09bc08
C 294
R
P 0x7fb20a09bc08
P 0x7fb20a0b9cd8
C 9
R
P 0x7fb20a09bc08
C 294
R
P 0x7fb20a09bc08
S "x_3_8"
C 30
R
P 0x7fb20a09bc08
C 294
R
P 0x7fb20a09bc08
$ |x_3_8|
P 0x7fb20a0b8cd8
C 50
= 0x7fb20a0b9cf8
R
P 0x7fb20a09bc08
C 294
R
P 0x7fb20a09bc08
P 0x7fb20a0b9cf8
C 208
R
P 0x7fb20a09bc08
C 294
R
P 0x7fb20a09bc08
P 0x7fb20a0b9cf8
C 205
= 0x7fb20a0b8cd8
R
P 0x7fb20a09bc08
C 294
R
P 0x7fb20a09bc08
P 0x7fb20a0b8cd8
C 166
R
P 0x7fb20a09bc08
C 294
R
P 0x7fb20a09bc08
P 0x7fb20a0b9cf8
C 211
R
P 0x7fb20a09bc08
C 294
R
P 0x7fb20a09bc08
P 0x7fb20a0b9cf8
C 210
R
P 0x7fb20a09bc08
C 294
R
P 0x7fb20a09bc08
P 0x7fb20a0b9cf8
C 9
R
P 0x7fb20a09bc08
C 294
R
P 0x7fb20a09bc08
S "x_3_9"
C 30
R
P 0x7fb20a09bc08
C 294
R
P 0x7fb20a09bc08
$ |x_3_9|
P 0x7fb20a0b8cd8
C 50
= 0x7fb20a0b9d18
R
P 0x7fb20a09bc08
C 294
R
P 0x7fb20a09bc08
P 0x7fb20a0b9d18
C 208
R
P 0x7fb20a09bc08
C 294
R
P 0x7fb20a09bc08
P 0x7fb20a0b9d18
C 205
= 0x7fb20a0b8cd8
R
P 0x7fb20a09bc08
C 294
R
P 0x7fb20a09bc08
P 0x7fb20a0b8cd8
C 166
R
P 0x7fb20a09bc08
C 294
R
P 0x7fb20a09bc08
P 0x7fb20a0b9d18
C 211
R
P 0x7fb20a09bc08
C 294
R
P 0x7fb20a09bc08
P 0x7fb20a0b9d18
C 210
R
P 0x7fb20a09bc08
C 294
R
P 0x7fb20a09bc08
P 0x7fb20a0b9d18
C 9
R
P 0x7fb20a09bc08
C 294
R
P 0x7fb20a09bc08
S "x_4_1"
C 30
R
P 0x7fb20a09bc08
C 294
R
P 0x7fb20a09bc08
$ |x_4_1|
P 0x7fb20a0b8cd8
C 50
= 0x7fb20a0b9d38
R
P 0x7fb20a09bc08
C 294
R
P 0x7fb20a09bc08
P 0x7fb20a0b9d38
C 208
R
P 0x7fb20a09bc08
C 294
R
P 0x7fb20a09bc08
P 0x7fb20a0b9d38
C 205
= 0x7fb20a0b8cd8
R
P 0x7fb20a09bc08
C 294
R
P 0x7fb20a09bc08
P 0x7fb20a0b8cd8
C 166
R
P 0x7fb20a09bc08
C 294
R
P 0x7fb20a09bc08
P 0x7fb20a0b9d38
C 211
R
P 0x7fb20a09bc08
C 294
R
P 0x7fb20a09bc08
P 0x7fb20a0b9d38
C 210
R
P 0x7fb20a09bc08
C 294
R
P 0x7fb20a09bc08
P 0x7fb20a0b9d38
C 9
R
P 0x7fb20a09bc08
C 294
R
P 0x7fb20a09bc08
S "x_4_2"
C 30
R
P 0x7fb20a09bc08
C 294
R
P 0x7fb20a09bc08
$ |x_4_2|
P 0x7fb20a0b8cd8
C 50
= 0x7fb20a0b9d58
R
P 0x7fb20a09bc08
C 294
R
P 0x7fb20a09bc08
P 0x7fb20a0b9d58
C 208
R
P 0x7fb20a09bc08
C 294
R
P 0x7fb20a09bc08
P 0x7fb20a0b9d58
C 205
= 0x7fb20a0b8cd8
R
P 0x7fb20a09bc08
C 294
R
P 0x7fb20a09bc08
P 0x7fb20a0b8cd8
C 166
R
P 0x7fb20a09bc08
C 294
R
P 0x7fb20a09bc08
P 0x7fb20a0b9d58
C 211
R
P 0x7fb20a09bc08
C 294
R
P 0x7fb20a09bc08
P 0x7fb20a0b9d58
C 210
R
P 0x7fb20a09bc08
C 294
R
P 0x7fb20a09bc08
P 0x7fb20a0b9d58
C 9
R
P 0x7fb20a09bc08
C 294
R
P 0x7fb20a09bc08
S "x_4_3"
C 30
R
P 0x7fb20a09bc08
C 294
R
P 0x7fb20a09bc08
$ |x_4_3|
P 0x7fb20a0b8cd8
C 50
= 0x7fb20a0b9d78
R
P 0x7fb20a09bc08
C 294
R
P 0x7fb20a09bc08
P 0x7fb20a0b9d78
C 208
R
P 0x7fb20a09bc08
C 294
R
P 0x7fb20a09bc08
P 0x7fb20a0b9d78
C 205
= 0x7fb20a0b8cd8
R
P 0x7fb20a09bc08
C 294
R
P 0x7fb20a09bc08
P 0x7fb20a0b8cd8
C 166
R
P 0x7fb20a09bc08
C 294
R
P 0x7fb20a09bc08
P 0x7fb20a0b9d78
C 211
R
P 0x7fb20a09bc08
C 294
R
P 0x7fb20a09bc08
P 0x7fb20a0b9d78
C 210
R
P 0x7fb20a09bc08
C 294
R
P 0x7fb20a09bc08
P 0x7fb20a0b9d78
C 9
R
P 0x7fb20a09bc08
C 294
R
P 0x7fb20a09bc08
S "x_4_4"
C 30
R
P 0x7fb20a09bc08
C 294
R
P 0x7fb20a09bc08
$ |x_4_4|
P 0x7fb20a0b8cd8
C 50
= 0x7fb20a0b9d98
R
P 0x7fb20a09bc08
C 294
R
P 0x7fb20a09bc08
P 0x7fb20a0b9d98
C 208
R
P 0x7fb20a09bc08
C 294
R
P 0x7fb20a09bc08
P 0x7fb20a0b9d98
C 205
= 0x7fb20a0b8cd8
R
P 0x7fb20a09bc08
C 294
R
P 0x7fb20a09bc08
P 0x7fb20a0b8cd8
C 166
R
P 0x7fb20a09bc08
C 294
R
P 0x7fb20a09bc08
P 0x7fb20a0b9d98
C 211
R
P 0x7fb20a09bc08
C 294
R
P 0x7fb20a09bc08
P 0x7fb20a0b9d98
C 210
R
P 0x7fb20a09bc08
C 294
R
P 0x7fb20a09bc08
P 0x7fb20a0b9d98
C 9
R
P 0x7fb20a09bc08
C 294
R
P 0x7fb20a09bc08
S "x_4_5"
C 30
R
P 0x7fb20a09bc08
C 294
R
P 0x7fb20a09bc08
$ |x_4_5|
P 0x7fb20a0b8cd8
C 50
= 0x7fb20a0b9db8
R
P 0x7fb20a09bc08
C 294
R
P 0x7fb20a09bc08
P 0x7fb20a0b9db8
C 208
R
P 0x7fb20a09bc08
C 294
R
P 0x7fb20a09bc08
P 0x7fb20a0b9db8
C 205
= 0x7fb20a0b8cd8
R
P 0x7fb20a09bc08
C 294
R
P 0x7fb20a09bc08
P 0x7fb20a0b8cd8
C 166
R
P 0x7fb20a09bc08
C 294
R
P 0x7fb20a09bc08
P 0x7fb20a0b9db8
C 211
R
P 0x7fb20a09bc08
C 294
R
P 0x7fb20a09bc08
P 0x7fb20a0b9db8
C 210
R
P 0x7fb20a09bc08
C 294
R
P 0x7fb20a09bc08
P 0x7fb20a0b9db8
C 9
R
P 0x7fb20a09bc08
C 294
R
P 0x7fb20a09bc08
S "x_4_6"
C 30
R
P 0x7fb20a09bc08
C 294
R
P 0x7fb20a09bc08
$ |x_4_6|
P 0x7fb20a0b8cd8
C 50
= 0x7fb20a0b9dd8
R
P 0x7fb20a09bc08
C 294
R
P 0x7fb20a09bc08
P 0x7fb20a0b9dd8
C 208
R
P 0x7fb20a09bc08
C 294
R
P 0x7fb20a09bc08
P 0x7fb20a0b9dd8
C 205
= 0x7fb20a0b8cd8
R
P 0x7fb20a09bc08
C 294
R
P 0x7fb20a09bc08
P 0x7fb20a0b8cd8
C 166
R
P 0x7fb20a09bc08
C 294
R
P 0x7fb20a09bc08
P 0x7fb20a0b9dd8
C 211
R
P 0x7fb20a09bc08
C 294
R
P 0x7fb20a09bc08
P 0x7fb20a0b9dd8
C 210
R
P 0x7fb20a09bc08
C 294
R
P 0x7fb20a09bc08
P 0x7fb20a0b9dd8
C 9
R
P 0x7fb20a09bc08
C 294
R
P 0x7fb20a09bc08
S "x_4_7"
C 30
R
P 0x7fb20a09bc08
C 294
R
P 0x7fb20a09bc08
$ |x_4_7|
P 0x7fb20a0b8cd8
C 50
= 0x7fb20a0b9df8
R
P 0x7fb20a09bc08
C 294
R
P 0x7fb20a09bc08
P 0x7fb20a0b9df8
C 208
R
P 0x7fb20a09bc08
C 294
R
P 0x7fb20a09bc08
P 0x7fb20a0b9df8
C 205
= 0x7fb20a0b8cd8
R
P 0x7fb20a09bc08
C 294
R
P 0x7fb20a09bc08
P 0x7fb20a0b8cd8
C 166
R
P 0x7fb20a09bc08
C 294
R
P 0x7fb20a09bc08
P 0x7fb20a0b9df8
C 211
R
P 0x7fb20a09bc08
C 294
R
P 0x7fb20a09bc08
P 0x7fb20a0b9df8
C 210
R
P 0x7fb20a09bc08
C 294
R
P 0x7fb20a09bc08
P 0x7fb20a0b9df8
C 9
R
P 0x7fb20a09bc08
C 294
R
P 0x7fb20a09bc08
S "x_4_8"
C 30
R
P 0x7fb20a09bc08
C 294
R
P 0x7fb20a09bc08
$ |x_4_8|
P 0x7fb20a0b8cd8
C 50
= 0x7fb20a0b9e18
R
P 0x7fb20a09bc08
C 294
R
P 0x7fb20a09bc08
P 0x7fb20a0b9e18
C 208
R
P 0x7fb20a09bc08
C 294
R
P 0x7fb20a09bc08
P 0x7fb20a0b9e18
C 205
= 0x7fb20a0b8cd8
R
P 0x7fb20a09bc08
C 294
R
P 0x7fb20a09bc08
P 0x7fb20a0b8cd8
C 166
R
P 0x7fb20a09bc08
C 294
R
P 0x7fb20a09bc08
P 0x7fb20a0b9e18
C 211
R
P 0x7fb20a09bc08
C 294
R
P 0x7fb20a09bc08
P 0x7fb20a0b9e18
C 210
R
P 0x7fb20a09bc08
C 294
R
P 0x7fb20a09bc08
P 0x7fb20a0b9e18
C 9
R
P 0x7fb20a09bc08
C 294
R
P 0x7fb20a09bc08
S "x_4_9"
C 30
R
P 0x7fb20a09bc08
C 294
R
P 0x7fb20a09bc08
$ |x_4_9|
P 0x7fb20a0b8cd8
C 50
= 0x7fb20a0b9e38
R
P 0x7fb20a09bc08
C 294
R
P 0x7fb20a09bc08
P 0x7fb20a0b9e38
C 208
R
P 0x7fb20a09bc08
C 294
R
P 0x7fb20a09bc08
P 0x7fb20a0b9e38
C 205
= 0x7fb20a0b8cd8
R
P 0x7fb20a09bc08
C 294
R
P 0x7fb20a09bc08
P 0x7fb20a0b8cd8
C 166
R
P 0x7fb20a09bc08
C 294
R
P 0x7fb20a09bc08
P 0x7fb20a0b9e38
C 211
R
P 0x7fb20a09bc08
C 294
R
P 0x7fb20a09bc08
P 0x7fb20a0b9e38
C 210
R
P 0x7fb20a09bc08
C 294
R
P 0x7fb20a09bc08
P 0x7fb20a0b9e38
C 9
R
P 0x7fb20a09bc08
C 294
R
P 0x7fb20a09bc08
S "x_5_1"
C 30
R
P 0x7fb20a09bc08
C 294
R
P 0x7fb20a09bc08
$ |x_5_1|
P 0x7fb20a0b8cd8
C 50
= 0x7fb20a0b9e58
R
P 0x7fb20a09bc08
C 294
R
P 0x7fb20a09bc08
P 0x7fb20a0b9e58
C 208
R
P 0x7fb20a09bc08
C 294
R
P 0x7fb20a09bc08
P 0x7fb20a0b9e58
C 205
= 0x7fb20a0b8cd8
R
P 0x7fb20a09bc08
C 294
R
P 0x7fb20a09bc08
P 0x7fb20a0b8cd8
C 166
R
P 0x7fb20a09bc08
C 294
R
P 0x7fb20a09bc08
P 0x7fb20a0b9e58
C 211
R
P 0x7fb20a09bc08
C 294
R
P 0x7fb20a09bc08
P 0x7fb20a0b9e58
C 210
R
P 0x7fb20a09bc08
C 294
R
P 0x7fb20a09bc08
P 0x7fb20a0b9e58
C 9
R
P 0x7fb20a09bc08
C 294
R
P 0x7fb20a09bc08
S "x_5_2"
C 30
R
P 0x7fb20a09bc08
C 294
R
P 0x7fb20a09bc08
$ |x_5_2|
P 0x7fb20a0b8cd8
C 50
= 0x7fb20a0b9e78
R
P 0x7fb20a09bc08
C 294
R
P 0x7fb20a09bc08
P 0x7fb20a0b9e78
C 208
R
P 0x7fb20a09bc08
C 294
R
P 0x7fb20a09bc08
P 0x7fb20a0b9e78
C 205
= 0x7fb20a0b8cd8
R
P 0x7fb20a09bc08
C 294
R
P 0x7fb20a09bc08
P 0x7fb20a0b8cd8
C 166
R
P 0x7fb20a09bc08
C 294
R
P 0x7fb20a09bc08
P 0x7fb20a0b9e78
C 211
R
P 0x7fb20a09bc08
C 294
R
P 0x7fb20a09bc08
P 0x7fb20a0b9e78
C 210
R
P 0x7fb20a09bc08
C 294
R
P 0x7fb20a09bc08
P 0x7fb20a0b9e78
C 9
R
P 0x7fb20a09bc08
C 294
R
P 0x7fb20a09bc08
S "x_5_3"
C 30
R
P 0x7fb20a09bc08
C 294
R
P 0x7fb20a09bc08
$ |x_5_3|
P 0x7fb20a0b8cd8
C 50
= 0x7fb20a0b9e98
R
P 0x7fb20a09bc08
C 294
R
P 0x7fb20a09bc08
P 0x7fb20a0b9e98
C 208
R
P 0x7fb20a09bc08
C 294
R
P 0x7fb20a09bc08
P 0x7fb20a0b9e98
C 205
= 0x7fb20a0b8cd8
R
P 0x7fb20a09bc08
C 294
R
P 0x7fb20a09bc08
P 0x7fb20a0b8cd8
C 166
R
P 0x7fb20a09bc08
C 294
R
P 0x7fb20a09bc08
P 0x7fb20a0b9e98
C 211
R
P 0x7fb20a09bc08
C 294
R
P 0x7fb20a09bc08
P 0x7fb20a0b9e98
C 210
R
P 0x7fb20a09bc08
C 294
R
P 0x7fb20a09bc08
P 0x7fb20a0b9e98
C 9
R
P 0x7fb20a09bc08
C 294
R
P 0x7fb20a09bc08
S "x_5_4"
C 30
R
P 0x7fb20a09bc08
C 294
R
P 0x7fb20a09bc08
$ |x_5_4|
P 0x7fb20a0b8cd8
C 50
= 0x7fb20a0b9eb8
R
P 0x7fb20a09bc08
C 294
R
P 0x7fb20a09bc08
P 0x7fb20a0b9eb8
C 208
R
P 0x7fb20a09bc08
C 294
R
P 0x7fb20a09bc08
P 0x7fb20a0b9eb8
C 205
= 0x7fb20a0b8cd8
R
P 0x7fb20a09bc08
C 294
R
P 0x7fb20a09bc08
P 0x7fb20a0b8cd8
C 166
R
P 0x7fb20a09bc08
C 294
R
P 0x7fb20a09bc08
P 0x7fb20a0b9eb8
C 211
R
P 0x7fb20a09bc08
C 294
R
P 0x7fb20a09bc08
P 0x7fb20a0b9eb8
C 210
R
P 0x7fb20a09bc08
C 294
R
P 0x7fb20a09bc08
P 0x7fb20a0b9eb8
C 9
R
P 0x7fb20a09bc08
C 294
R
P 0x7fb20a09bc08
S "x_5_5"
C 30
R
P 0x7fb20a09bc08
C 294
R
P 0x7fb20a09bc08
$ |x_5_5|
P 0x7fb20a0b8cd8
C 50
= 0x7fb20a0b9ed8
R
P 0x7fb20a09bc08
C 294
R
P 0x7fb20a09bc08
P 0x7fb20a0b9ed8
C 208
R
P 0x7fb20a09bc08
C 294
R
P 0x7fb20a09bc08
P 0x7fb20a0b9ed8
C 205
= 0x7fb20a0b8cd8
R
P 0x7fb20a09bc08
C 294
R
P 0x7fb20a09bc08
P 0x7fb20a0b8cd8
C 166
R
P 0x7fb20a09bc08
C 294
R
P 0x7fb20a09bc08
P 0x7fb20a0b9ed8
C 211
R
P 0x7fb20a09bc08
C 294
R
P 0x7fb20a09bc08
P 0x7fb20a0b9ed8
C 210
R
P 0x7fb20a09bc08
C 294
R
P 0x7fb20a09bc08
P 0x7fb20a0b9ed8
C 9
R
P 0x7fb20a09bc08
C 294
R
P 0x7fb20a09bc08
S "x_5_6"
C 30
R
P 0x7fb20a09bc08
C 294
R
P 0x7fb20a09bc08
$ |x_5_6|
P 0x7fb20a0b8cd8
C 50
= 0x7fb20a0b9ef8
R
P 0x7fb20a09bc08
C 294
R
P 0x7fb20a09bc08
P 0x7fb20a0b9ef8
C 208
R
P 0x7fb20a09bc08
C 294
R
P 0x7fb20a09bc08
P 0x7fb20a0b9ef8
C 205
= 0x7fb20a0b8cd8
R
P 0x7fb20a09bc08
C 294
R
P 0x7fb20a09bc08
P 0x7fb20a0b8cd8
C 166
R
P 0x7fb20a09bc08
C 294
R
P 0x7fb20a09bc08
P 0x7fb20a0b9ef8
C 211
R
P 0x7fb20a09bc08
C 294
R
P 0x7fb20a09bc08
P 0x7fb20a0b9ef8
C 210
R
P 0x7fb20a09bc08
C 294
R
P 0x7fb20a09bc08
P 0x7fb20a0b9ef8
C 9
R
P 0x7fb20a09bc08
C 294
R
P 0x7fb20a09bc08
S "x_5_7"
C 30
R
P 0x7fb20a09bc08
C 294
R
P 0x7fb20a09bc08
$ |x_5_7|
P 0x7fb20a0b8cd8
C 50
= 0x7fb20a0b9f18
R
P 0x7fb20a09bc08
C 294
R
P 0x7fb20a09bc08
P 0x7fb20a0b9f18
C 208
R
P 0x7fb20a09bc08
C 294
R
P 0x7fb20a09bc08
P 0x7fb20a0b9f18
C 205
= 0x7fb20a0b8cd8
R
P 0x7fb20a09bc08
C 294
R
P 0x7fb20a09bc08
P 0x7fb20a0b8cd8
C 166
R
P 0x7fb20a09bc08
C 294
R
P 0x7fb20a09bc08
P 0x7fb20a0b9f18
C 211
R
P 0x7fb20a09bc08
C 294
R
P 0x7fb20a09bc08
P 0x7fb20a0b9f18
C 210
R
P 0x7fb20a09bc08
C 294
R
P 0x7fb20a09bc08
P 0x7fb20a0b9f18
C 9
R
P 0x7fb20a09bc08
C 294
R
P 0x7fb20a09bc08
S "x_5_8"
C 30
R
P 0x7fb20a09bc08
C 294
R
P 0x7fb20a09bc08
$ |x_5_8|
P 0x7fb20a0b8cd8
C 50
= 0x7fb20a0b9f38
R
P 0x7fb20a09bc08
C 294
R
P 0x7fb20a09bc08
P 0x7fb20a0b9f38
C 208
R
P 0x7fb20a09bc08
C 294
R
P 0x7fb20a09bc08
P 0x7fb20a0b9f38
C 205
= 0x7fb20a0b8cd8
R
P 0x7fb20a09bc08
C 294
R
P 0x7fb20a09bc08
P 0x7fb20a0b8cd8
C 166
R
P 0x7fb20a09bc08
C 294
R
P 0x7fb20a09bc08
P 0x7fb20a0b9f38
C 211
R
P 0x7fb20a09bc08
C 294
R
P 0x7fb20a09bc08
P 0x7fb20a0b9f38
C 210
R
P 0x7fb20a09bc08
C 294
R
P 0x7fb20a09bc08
P 0x7fb20a0b9f38
C 9
R
P 0x7fb20a09bc08
C 294
R
P 0x7fb20a09bc08
S "x_5_9"
C 30
R
P 0x7fb20a09bc08
C 294
R
P 0x7fb20a09bc08
$ |x_5_9|
P 0x7fb20a0b8cd8
C 50
= 0x7fb20a0b9f58
R
P 0x7fb20a09bc08
C 294
R
P 0x7fb20a09bc08
P 0x7fb20a0b9f58
C 208
R
P 0x7fb20a09bc08
C 294
R
P 0x7fb20a09bc08
P 0x7fb20a0b9f58
C 205
= 0x7fb20a0b8cd8
R
P 0x7fb20a09bc08
C 294
R
P 0x7fb20a09bc08
P 0x7fb20a0b8cd8
C 166
R
P 0x7fb20a09bc08
C 294
R
P 0x7fb20a09bc08
P 0x7fb20a0b9f58
C 211
R
P 0x7fb20a09bc08
C 294
R
P 0x7fb20a09bc08
P 0x7fb20a0b9f58
C 210
R
P 0x7fb20a09bc08
C 294
R
P 0x7fb20a09bc08
P 0x7fb20a0b9f58
C 9
R
P 0x7fb20a09bc08
C 294
R
P 0x7fb20a09bc08
S "x_6_1"
C 30
R
P 0x7fb20a09bc08
C 294
R
P 0x7fb20a09bc08
$ |x_6_1|
P 0x7fb20a0b8cd8
C 50
= 0x7fb20a0b9f78
R
P 0x7fb20a09bc08
C 294
R
P 0x7fb20a09bc08
P 0x7fb20a0b9f78
C 208
R
P 0x7fb20a09bc08
C 294
R
P 0x7fb20a09bc08
P 0x7fb20a0b9f78
C 205
= 0x7fb20a0b8cd8
R
P 0x7fb20a09bc08
C 294
R
P 0x7fb20a09bc08
P 0x7fb20a0b8cd8
C 166
R
P 0x7fb20a09bc08
C 294
R
P 0x7fb20a09bc08
P 0x7fb20a0b9f78
C 211
R
P 0x7fb20a09bc08
C 294
R
P 0x7fb20a09bc08
P 0x7fb20a0b9f78
C 210
R
P 0x7fb20a09bc08
C 294
R
P 0x7fb20a09bc08
P 0x7fb20a0b9f78
C 9
R
P 0x7fb20a09bc08
C 294
R
P 0x7fb20a09bc08
S "x_6_2"
C 30
R
P 0x7fb20a09bc08
C 294
R
P 0x7fb20a09bc08
$ |x_6_2|
P 0x7fb20a0b8cd8
C 50
= 0x7fb20a0b9f98
R
P 0x7fb20a09bc08
C 294
R
P 0x7fb20a09bc08
P 0x7fb20a0b9f98
C 208
R
P 0x7fb20a09bc08
C 294
R
P 0x7fb20a09bc08
P 0x7fb20a0b9f98
C 205
= 0x7fb20a0b8cd8
R
P 0x7fb20a09bc08
C 294
R
P 0x7fb20a09bc08
P 0x7fb20a0b8cd8
C 166
R
P 0x7fb20a09bc08
C 294
R
P 0x7fb20a09bc08
P 0x7fb20a0b9f98
C 211
R
P 0x7fb20a09bc08
C 294
R
P 0x7fb20a09bc08
P 0x7fb20a0b9f98
C 210
R
P 0x7fb20a09bc08
C 294
R
P 0x7fb20a09bc08
P 0x7fb20a0b9f98
C 9
R
P 0x7fb20a09bc08
C 294
R
P 0x7fb20a09bc08
S "x_6_3"
C 30
R
P 0x7fb20a09bc08
C 294
R
P 0x7fb20a09bc08
$ |x_6_3|
P 0x7fb20a0b8cd8
C 50
= 0x7fb20a0b9fb8
R
P 0x7fb20a09bc08
C 294
R
P 0x7fb20a09bc08
P 0x7fb20a0b9fb8
C 208
R
P 0x7fb20a09bc08
C 294
R
P 0x7fb20a09bc08
P 0x7fb20a0b9fb8
C 205
= 0x7fb20a0b8cd8
R
P 0x7fb20a09bc08
C 294
R
P 0x7fb20a09bc08
P 0x7fb20a0b8cd8
C 166
R
P 0x7fb20a09bc08
C 294
R
P 0x7fb20a09bc08
P 0x7fb20a0b9fb8
C 211
R
P 0x7fb20a09bc08
C 294
R
P 0x7fb20a09bc08
P 0x7fb20a0b9fb8
C 210
R
P 0x7fb20a09bc08
C 294
R
P 0x7fb20a09bc08
P 0x7fb20a0b9fb8
C 9
R
P 0x7fb20a09bc08
C 294
R
P 0x7fb20a09bc08
S "x_6_4"
C 30
R
P 0x7fb20a09bc08
C 294
R
P 0x7fb20a09bc08
$ |x_6_4|
P 0x7fb20a0b8cd8
C 50
= 0x7fb20a0b9fd8
R
P 0x7fb20a09bc08
C 294
R
P 0x7fb20a09bc08
P 0x7fb20a0b9fd8
C 208
R
P 0x7fb20a09bc08
C 294
R
P 0x7fb20a09bc08
P 0x7fb20a0b9fd8
C 205
= 0x7fb20a0b8cd8
R
P 0x7fb20a09bc08
C 294
R
P 0x7fb20a09bc08
P 0x7fb20a0b8cd8
C 166
R
P 0x7fb20a09bc08
C 294
R
P 0x7fb20a09bc08
P 0x7fb20a0b9fd8
C 211
R
P 0x7fb20a09bc08
C 294
R
P 0x7fb20a09bc08
P 0x7fb20a0b9fd8
C 210
R
P 0x7fb20a09bc08
C 294
R
P 0x7fb20a09bc08
P 0x7fb20a0b9fd8
C 9
R
P 0x7fb20a09bc08
C 294
R
P 0x7fb20a09bc08
S "x_6_5"
C 30
R
P 0x7fb20a09bc08
C 294
R
P 0x7fb20a09bc08
$ |x_6_5|
P 0x7fb20a0b8cd8
C 50
= 0x7fb20a0b9ff8
R
P 0x7fb20a09bc08
C 294
R
P 0x7fb20a09bc08
P 0x7fb20a0b9ff8
C 208
R
P 0x7fb20a09bc08
C 294
R
P 0x7fb20a09bc08
P 0x7fb20a0b9ff8
C 205
= 0x7fb20a0b8cd8
R
P 0x7fb20a09bc08
C 294
R
P 0x7fb20a09bc08
P 0x7fb20a0b8cd8
C 166
R
P 0x7fb20a09bc08
C 294
R
P 0x7fb20a09bc08
P 0x7fb20a0b9ff8
C 211
R
P 0x7fb20a09bc08
C 294
R
P 0x7fb20a09bc08
P 0x7fb20a0b9ff8
C 210
R
P 0x7fb20a09bc08
C 294
R
P 0x7fb20a09bc08
P 0x7fb20a0b9ff8
C 9
R
P 0x7fb20a09bc08
C 294
R
P 0x7fb20a09bc08
S "x_6_6"
C 30
R
P 0x7fb20a09bc08
C 294
R
P 0x7fb20a09bc08
$ |x_6_6|
P 0x7fb20a0b8cd8
C 50
= 0x7fb20a0ba018
R
P 0x7fb20a09bc08
C 294
R
P 0x7fb20a09bc08
P 0x7fb20a0ba018
C 208
R
P 0x7fb20a09bc08
C 294
R
P 0x7fb20a09bc08
P 0x7fb20a0ba018
C 205
= 0x7fb20a0b8cd8
R
P 0x7fb20a09bc08
C 294
R
P 0x7fb20a09bc08
P 0x7fb20a0b8cd8
C 166
R
P 0x7fb20a09bc08
C 294
R
P 0x7fb20a09bc08
P 0x7fb20a0ba018
C 211
R
P 0x7fb20a09bc08
C 294
R
P 0x7fb20a09bc08
P 0x7fb20a0ba018
C 210
R
P 0x7fb20a09bc08
C 294
R
P 0x7fb20a09bc08
P 0x7fb20a0ba018
C 9
R
P 0x7fb20a09bc08
C 294
R
P 0x7fb20a09bc08
S "x_6_7"
C 30
R
P 0x7fb20a09bc08
C 294
R
P 0x7fb20a09bc08
$ |x_6_7|
P 0x7fb20a0b8cd8
C 50
= 0x7fb20a0ba038
R
P 0x7fb20a09bc08
C 294
R
P 0x7fb20a09bc08
P 0x7fb20a0ba038
C 208
R
P 0x7fb20a09bc08
C 294
R
P 0x7fb20a09bc08
P 0x7fb20a0ba038
C 205
= 0x7fb20a0b8cd8
R
P 0x7fb20a09bc08
C 294
R
P 0x7fb20a09bc08
P 0x7fb20a0b8cd8
C 166
R
P 0x7fb20a09bc08
C 294
R
P 0x7fb20a09bc08
P 0x7fb20a0ba038
C 211
R
P 0x7fb20a09bc08
C 294
R
P 0x7fb20a09bc08
P 0x7fb20a0ba038
C 210
R
P 0x7fb20a09bc08
C 294
R
P 0x7fb20a09bc08
P 0x7fb20a0ba038
C 9
R
P 0x7fb20a09bc08
C 294
R
P 0x7fb20a09bc08
S "x_6_8"
C 30
R
P 0x7fb20a09bc08
C 294
R
P 0x7fb20a09bc08
$ |x_6_8|
P 0x7fb20a0b8cd8
C 50
= 0x7fb20a0ba058
R
P 0x7fb20a09bc08
C 294
R
P 0x7fb20a09bc08
P 0x7fb20a0ba058
C 208
R
P 0x7fb20a09bc08
C 294
R
P 0x7fb20a09bc08
P 0x7fb20a0ba058
C 205
= 0x7fb20a0b8cd8
R
P 0x7fb20a09bc08
C 294
R
P 0x7fb20a09bc08
P 0x7fb20a0b8cd8
C 166
R
P 0x7fb20a09bc08
C 294
R
P 0x7fb20a09bc08
P 0x7fb20a0ba058
C 211
R
P 0x7fb20a09bc08
C 294
R
P 0x7fb20a09bc08
P 0x7fb20a0ba058
C 210
R
P 0x7fb20a09bc08
C 294
R
P 0x7fb20a09bc08
P 0x7fb20a0ba058
C 9
R
P 0x7fb20a09bc08
C 294
R
P 0x7fb20a09bc08
S "x_6_9"
C 30
R
P 0x7fb20a09bc08
C 294
R
P 0x7fb20a09bc08
$ |x_6_9|
P 0x7fb20a0b8cd8
C 50
= 0x7fb20a0ba078
R
P 0x7fb20a09bc08
C 294
R
P 0x7fb20a09bc08
P 0x7fb20a0ba078
C 208
R
P 0x7fb20a09bc08
C 294
R
P 0x7fb20a09bc08
P 0x7fb20a0ba078
C 205
= 0x7fb20a0b8cd8
R
P 0x7fb20a09bc08
C 294
R
P 0x7fb20a09bc08
P 0x7fb20a0b8cd8
C 166
R
P 0x7fb20a09bc08
C 294
R
P 0x7fb20a09bc08
P 0x7fb20a0ba078
C 211
R
P 0x7fb20a09bc08
C 294
R
P 0x7fb20a09bc08
P 0x7fb20a0ba078
C 210
R
P 0x7fb20a09bc08
C 294
R
P 0x7fb20a09bc08
P 0x7fb20a0ba078
C 9
R
P 0x7fb20a09bc08
C 294
R
P 0x7fb20a09bc08
S "x_7_1"
C 30
R
P 0x7fb20a09bc08
C 294
R
P 0x7fb20a09bc08
$ |x_7_1|
P 0x7fb20a0b8cd8
C 50
= 0x7fb20a0ba098
R
P 0x7fb20a09bc08
C 294
R
P 0x7fb20a09bc08
P 0x7fb20a0ba098
C 208
R
P 0x7fb20a09bc08
C 294
R
P 0x7fb20a09bc08
P 0x7fb20a0ba098
C 205
= 0x7fb20a0b8cd8
R
P 0x7fb20a09bc08
C 294
R
P 0x7fb20a09bc08
P 0x7fb20a0b8cd8
C 166
R
P 0x7fb20a09bc08
C 294
R
P 0x7fb20a09bc08
P 0x7fb20a0ba098
C 211
R
P 0x7fb20a09bc08
C 294
R
P 0x7fb20a09bc08
P 0x7fb20a0ba098
C 210
R
P 0x7fb20a09bc08
C 294
R
P 0x7fb20a09bc08
P 0x7fb20a0ba098
C 9
R
P 0x7fb20a09bc08
C 294
R
P 0x7fb20a09bc08
S "x_7_2"
C 30
R
P 0x7fb20a09bc08
C 294
R
P 0x7fb20a09bc08
$ |x_7_2|
P 0x7fb20a0b8cd8
C 50
= 0x7fb20a0ba0b8
R
P 0x7fb20a09bc08
C 294
R
P 0x7fb20a09bc08
P 0x7fb20a0ba0b8
C 208
R
P 0x7fb20a09bc08
C 294
R
P 0x7fb20a09bc08
P 0x7fb20a0ba0b8
C 205
= 0x7fb20a0b8cd8
R
P 0x7fb20a09bc08
C 294
R
P 0x7fb20a09bc08
P 0x7fb20a0b8cd8
C 166
R
P 0x7fb20a09bc08
C 294
R
P 0x7fb20a09bc08
P 0x7fb20a0ba0b8
C 211
R
P 0x7fb20a09bc08
C 294
R
P 0x7fb20a09bc08
P 0x7fb20a0ba0b8
C 210
R
P 0x7fb20a09bc08
C 294
R
P 0x7fb20a09bc08
P 0x7fb20a0ba0b8
C 9
R
P 0x7fb20a09bc08
C 294
R
P 0x7fb20a09bc08
S "x_7_3"
C 30
R
P 0x7fb20a09bc08
C 294
R
P 0x7fb20a09bc08
$ |x_7_3|
P 0x7fb20a0b8cd8
C 50
= 0x7fb20a0ba0d8
R
P 0x7fb20a09bc08
C 294
R
P 0x7fb20a09bc08
P 0x7fb20a0ba0d8
C 208
R
P 0x7fb20a09bc08
C 294
R
P 0x7fb20a09bc08
P 0x7fb20a0ba0d8
C 205
= 0x7fb20a0b8cd8
R
P 0x7fb20a09bc08
C 294
R
P 0x7fb20a09bc08
P 0x7fb20a0b8cd8
C 166
R
P 0x7fb20a09bc08
C 294
R
P 0x7fb20a09bc08
P 0x7fb20a0ba0d8
C 211
R
P 0x7fb20a09bc08
C 294
R
P 0x7fb20a09bc08
P 0x7fb20a0ba0d8
C 210
R
P 0x7fb20a09bc08
C 294
R
P 0x7fb20a09bc08
P 0x7fb20a0ba0d8
C 9
R
P 0x7fb20a09bc08
C 294
R
P 0x7fb20a09bc08
S "x_7_4"
C 30
R
P 0x7fb20a09bc08
C 294
R
P 0x7fb20a09bc08
$ |x_7_4|
P 0x7fb20a0b8cd8
C 50
= 0x7fb20a0ba0f8
R
P 0x7fb20a09bc08
C 294
R
P 0x7fb20a09bc08
P 0x7fb20a0ba0f8
C 208
R
P 0x7fb20a09bc08
C 294
R
P 0x7fb20a09bc08
P 0x7fb20a0ba0f8
C 205
= 0x7fb20a0b8cd8
R
P 0x7fb20a09bc08
C 294
R
P 0x7fb20a09bc08
P 0x7fb20a0b8cd8
C 166
R
P 0x7fb20a09bc08
C 294
R
P 0x7fb20a09bc08
P 0x7fb20a0ba0f8
C 211
R
P 0x7fb20a09bc08
C 294
R
P 0x7fb20a09bc08
P 0x7fb20a0ba0f8
C 210
R
P 0x7fb20a09bc08
C 294
R
P 0x7fb20a09bc08
P 0x7fb20a0ba0f8
C 9
R
P 0x7fb20a09bc08
C 294
R
P 0x7fb20a09bc08
S "x_7_5"
C 30
R
P 0x7fb20a09bc08
C 294
R
P 0x7fb20a09bc08
$ |x_7_5|
P 0x7fb20a0b8cd8
C 50
= 0x7fb20a0ba118
R
P 0x7fb20a09bc08
C 294
R
P 0x7fb20a09bc08
P 0x7fb20a0ba118
C 208
R
P 0x7fb20a09bc08
C 294
R
P 0x7fb20a09bc08
P 0x7fb20a0ba118
C 205
= 0x7fb20a0b8cd8
R
P 0x7fb20a09bc08
C 294
R
P 0x7fb20a09bc08
P 0x7fb20a0b8cd8
C 166
R
P 0x7fb20a09bc08
C 294
R
P 0x7fb20a09bc08
P 0x7fb20a0ba118
C 211
R
P 0x7fb20a09bc08
C 294
R
P 0x7fb20a09bc08
P 0x7fb20a0ba118
C 210
R
P 0x7fb20a09bc08
C 294
R
P 0x7fb20a09bc08
P 0x7fb20a0ba118
C 9
R
P 0x7fb20a09bc08
C 294
R
P 0x7fb20a09bc08
S "x_7_6"
C 30
R
P 0x7fb20a09bc08
C 294
R
P 0x7fb20a09bc08
$ |x_7_6|
P 0x7fb20a0b8cd8
C 50
= 0x7fb20a0ba138
R
P 0x7fb20a09bc08
C 294
R
P 0x7fb20a09bc08
P 0x7fb20a0ba138
C 208
R
P 0x7fb20a09bc08
C 294
R
P 0x7fb20a09bc08
P 0x7fb20a0ba138
C 205
= 0x7fb20a0b8cd8
R
P 0x7fb20a09bc08
C 294
R
P 0x7fb20a09bc08
P 0x7fb20a0b8cd8
C 166
R
P 0x7fb20a09bc08
C 294
R
P 0x7fb20a09bc08
P 0x7fb20a0ba138
C 211
R
P 0x7fb20a09bc08
C 294
R
P 0x7fb20a09bc08
P 0x7fb20a0ba138
C 210
R
P 0x7fb20a09bc08
C 294
R
P 0x7fb20a09bc08
P 0x7fb20a0ba138
C 9
R
P 0x7fb20a09bc08
C 294
R
P 0x7fb20a09bc08
S "x_7_7"
C 30
R
P 0x7fb20a09bc08
C 294
R
P 0x7fb20a09bc08
$ |x_7_7|
P 0x7fb20a0b8cd8
C 50
= 0x7fb20a0ba158
R
P 0x7fb20a09bc08
C 294
R
P 0x7fb20a09bc08
P 0x7fb20a0ba158
C 208
R
P 0x7fb20a09bc08
C 294
R
P 0x7fb20a09bc08
P 0x7fb20a0ba158
C 205
= 0x7fb20a0b8cd8
R
P 0x7fb20a09bc08
C 294
R
P 0x7fb20a09bc08
P 0x7fb20a0b8cd8
C 166
R
P 0x7fb20a09bc08
C 294
R
P 0x7fb20a09bc08
P 0x7fb20a0ba158
C 211
R
P 0x7fb20a09bc08
C 294
R
P 0x7fb20a09bc08
P 0x7fb20a0ba158
C 210
R
P 0x7fb20a09bc08
C 294
R
P 0x7fb20a09bc08
P 0x7fb20a0ba158
C 9
R
P 0x7fb20a09bc08
C 294
R
P 0x7fb20a09bc08
S "x_7_8"
C 30
R
P 0x7fb20a09bc08
C 294
R
P 0x7fb20a09bc08
$ |x_7_8|
P 0x7fb20a0b8cd8
C 50
= 0x7fb20a0ba178
R
P 0x7fb20a09bc08
C 294
R
P 0x7fb20a09bc08
P 0x7fb20a0ba178
C 208
R
P 0x7fb20a09bc08
C 294
R
P 0x7fb20a09bc08
P 0x7fb20a0ba178
C 205
= 0x7fb20a0b8cd8
R
P 0x7fb20a09bc08
C 294
R
P 0x7fb20a09bc08
P 0x7fb20a0b8cd8
C 166
R
P 0x7fb20a09bc08
C 294
R
P 0x7fb20a09bc08
P 0x7fb20a0ba178
C 211
R
P 0x7fb20a09bc08
C 294
R
P 0x7fb20a09bc08
P 0x7fb20a0ba178
C 210
R
P 0x7fb20a09bc08
C 294
R
P 0x7fb20a09bc08
P 0x7fb20a0ba178
C 9
R
P 0x7fb20a09bc08
C 294
R
P 0x7fb20a09bc08
S "x_7_9"
C 30
R
P 0x7fb20a09bc08
C 294
R
P 0x7fb20a09bc08
$ |x_7_9|
P 0x7fb20a0b8cd8
C 50
= 0x7fb20a0ba198
R
P 0x7fb20a09bc08
C 294
R
P 0x7fb20a09bc08
P 0x7fb20a0ba198
C 208
R
P 0x7fb20a09bc08
C 294
R
P 0x7fb20a09bc08
P 0x7fb20a0ba198
C 205
= 0x7fb20a0b8cd8
R
P 0x7fb20a09bc08
C 294
R
P 0x7fb20a09bc08
P 0x7fb20a0b8cd8
C 166
R
P 0x7fb20a09bc08
C 294
R
P 0x7fb20a09bc08
P 0x7fb20a0ba198
C 211
R
P 0x7fb20a09bc08
C 294
R
P 0x7fb20a09bc08
P 0x7fb20a0ba198
C 210
R
P 0x7fb20a09bc08
C 294
R
P 0x7fb20a09bc08
P 0x7fb20a0ba198
C 9
R
P 0x7fb20a09bc08
C 294
R
P 0x7fb20a09bc08
S "x_8_1"
C 30
R
P 0x7fb20a09bc08
C 294
R
P 0x7fb20a09bc08
$ |x_8_1|
P 0x7fb20a0b8cd8
C 50
= 0x7fb20a0ba1b8
R
P 0x7fb20a09bc08
C 294
R
P 0x7fb20a09bc08
P 0x7fb20a0ba1b8
C 208
R
P 0x7fb20a09bc08
C 294
R
P 0x7fb20a09bc08
P 0x7fb20a0ba1b8
C 205
= 0x7fb20a0b8cd8
R
P 0x7fb20a09bc08
C 294
R
P 0x7fb20a09bc08
P 0x7fb20a0b8cd8
C 166
R
P 0x7fb20a09bc08
C 294
R
P 0x7fb20a09bc08
P 0x7fb20a0ba1b8
C 211
R
P 0x7fb20a09bc08
C 294
R
P 0x7fb20a09bc08
P 0x7fb20a0ba1b8
C 210
R
P 0x7fb20a09bc08
C 294
R
P 0x7fb20a09bc08
P 0x7fb20a0ba1b8
C 9
R
P 0x7fb20a09bc08
C 294
R
P 0x7fb20a09bc08
S "x_8_2"
C 30
R
P 0x7fb20a09bc08
C 294
R
P 0x7fb20a09bc08
$ |x_8_2|
P 0x7fb20a0b8cd8
C 50
= 0x7fb20a0ba1d8
R
P 0x7fb20a09bc08
C 294
R
P 0x7fb20a09bc08
P 0x7fb20a0ba1d8
C 208
R
P 0x7fb20a09bc08
C 294
R
P 0x7fb20a09bc08
P 0x7fb20a0ba1d8
C 205
= 0x7fb20a0b8cd8
R
P 0x7fb20a09bc08
C 294
R
P 0x7fb20a09bc08
P 0x7fb20a0b8cd8
C 166
R
P 0x7fb20a09bc08
C 294
R
P 0x7fb20a09bc08
P 0x7fb20a0ba1d8
C 211
R
P 0x7fb20a09bc08
C 294
R
P 0x7fb20a09bc08
P 0x7fb20a0ba1d8
C 210
R
P 0x7fb20a09bc08
C 294
R
P 0x7fb20a09bc08
P 0x7fb20a0ba1d8
C 9
R
P 0x7fb20a09bc08
C 294
R
P 0x7fb20a09bc08
S "x_8_3"
C 30
R
P 0x7fb20a09bc08
C 294
R
P 0x7fb20a09bc08
$ |x_8_3|
P 0x7fb20a0b8cd8
C 50
= 0x7fb20a0ba1f8
R
P 0x7fb20a09bc08
C 294
R
P 0x7fb20a09bc08
P 0x7fb20a0ba1f8
C 208
R
P 0x7fb20a09bc08
C 294
R
P 0x7fb20a09bc08
P 0x7fb20a0ba1f8
C 205
= 0x7fb20a0b8cd8
R
P 0x7fb20a09bc08
C 294
R
P 0x7fb20a09bc08
P 0x7fb20a0b8cd8
C 166
R
P 0x7fb20a09bc08
C 294
R
P 0x7fb20a09bc08
P 0x7fb20a0ba1f8
C 211
R
P 0x7fb20a09bc08
C 294
R
P 0x7fb20a09bc08
P 0x7fb20a0ba1f8
C 210
R
P 0x7fb20a09bc08
C 294
R
P 0x7fb20a09bc08
P 0x7fb20a0ba1f8
C 9
R
P 0x7fb20a09bc08
C 294
R
P 0x7fb20a09bc08
S "x_8_4"
C 30
R
P 0x7fb20a09bc08
C 294
R
P 0x7fb20a09bc08
$ |x_8_4|
P 0x7fb20a0b8cd8
C 50
= 0x7fb20a0ba218
R
P 0x7fb20a09bc08
C 294
R
P 0x7fb20a09bc08
P 0x7fb20a0ba218
C 208
R
P 0x7fb20a09bc08
C 294
R
P 0x7fb20a09bc08
P 0x7fb20a0ba218
C 205
= 0x7fb20a0b8cd8
R
P 0x7fb20a09bc08
C 294
R
P 0x7fb20a09bc08
P 0x7fb20a0b8cd8
C 166
R
P 0x7fb20a09bc08
C 294
R
P 0x7fb20a09bc08
P 0x7fb20a0ba218
C 211
R
P 0x7fb20a09bc08
C 294
R
P 0x7fb20a09bc08
P 0x7fb20a0ba218
C 210
R
P 0x7fb20a09bc08
C 294
R
P 0x7fb20a09bc08
P 0x7fb20a0ba218
C 9
R
P 0x7fb20a09bc08
C 294
R
P 0x7fb20a09bc08
S "x_8_5"
C 30
R
P 0x7fb20a09bc08
C 294
R
P 0x7fb20a09bc08
$ |x_8_5|
P 0x7fb20a0b8cd8
C 50
= 0x7fb20a0ba238
R
P 0x7fb20a09bc08
C 294
R
P 0x7fb20a09bc08
P 0x7fb20a0ba238
C 208
R
P 0x7fb20a09bc08
C 294
R
P 0x7fb20a09bc08
P 0x7fb20a0ba238
C 205
= 0x7fb20a0b8cd8
R
P 0x7fb20a09bc08
C 294
R
P 0x7fb20a09bc08
P 0x7fb20a0b8cd8
C 166
R
P 0x7fb20a09bc08
C 294
R
P 0x7fb20a09bc08
P 0x7fb20a0ba238
C 211
R
P 0x7fb20a09bc08
C 294
R
P 0x7fb20a09bc08
P 0x7fb20a0ba238
C 210
R
P 0x7fb20a09bc08
C 294
R
P 0x7fb20a09bc08
P 0x7fb20a0ba238
C 9
R
P 0x7fb20a09bc08
C 294
R
P 0x7fb20a09bc08
S "x_8_6"
C 30
R
P 0x7fb20a09bc08
C 294
R
P 0x7fb20a09bc08
$ |x_8_6|
P 0x7fb20a0b8cd8
C 50
= 0x7fb20a0ba258
R
P 0x7fb20a09bc08
C 294
R
P 0x7fb20a09bc08
P 0x7fb20a0ba258
C 208
R
P 0x7fb20a09bc08
C 294
R
P 0x7fb20a09bc08
P 0x7fb20a0ba258
C 205
= 0x7fb20a0b8cd8
R
P 0x7fb20a09bc08
C 294
R
P 0x7fb20a09bc08
P 0x7fb20a0b8cd8
C 166
R
P 0x7fb20a09bc08
C 294
R
P 0x7fb20a09bc08
P 0x7fb20a0ba258
C 211
R
P 0x7fb20a09bc08
C 294
R
P 0x7fb20a09bc08
P 0x7fb20a0ba258
C 210
R
P 0x7fb20a09bc08
C 294
R
P 0x7fb20a09bc08
P 0x7fb20a0ba258
C 9
R
P 0x7fb20a09bc08
C 294
R
P 0x7fb20a09bc08
S "x_8_7"
C 30
R
P 0x7fb20a09bc08
C 294
R
P 0x7fb20a09bc08
$ |x_8_7|
P 0x7fb20a0b8cd8
C 50
= 0x7fb20a0ba278
R
P 0x7fb20a09bc08
C 294
R
P 0x7fb20a09bc08
P 0x7fb20a0ba278
C 208
R
P 0x7fb20a09bc08
C 294
R
P 0x7fb20a09bc08
P 0x7fb20a0ba278
C 205
= 0x7fb20a0b8cd8
R
P 0x7fb20a09bc08
C 294
R
P 0x7fb20a09bc08
P 0x7fb20a0b8cd8
C 166
R
P 0x7fb20a09bc08
C 294
R
P 0x7fb20a09bc08
P 0x7fb20a0ba278
C 211
R
P 0x7fb20a09bc08
C 294
R
P 0x7fb20a09bc08
P 0x7fb20a0ba278
C 210
R
P 0x7fb20a09bc08
C 294
R
P 0x7fb20a09bc08
P 0x7fb20a0ba278
C 9
R
P 0x7fb20a09bc08
C 294
R
P 0x7fb20a09bc08
S "x_8_8"
C 30
R
P 0x7fb20a09bc08
C 294
R
P 0x7fb20a09bc08
$ |x_8_8|
P 0x7fb20a0b8cd8
C 50
= 0x7fb20a0ba298
R
P 0x7fb20a09bc08
C 294
R
P 0x7fb20a09bc08
P 0x7fb20a0ba298
C 208
R
P 0x7fb20a09bc08
C 294
R
P 0x7fb20a09bc08
P 0x7fb20a0ba298
C 205
= 0x7fb20a0b8cd8
R
P 0x7fb20a09bc08
C 294
R
P 0x7fb20a09bc08
P 0x7fb20a0b8cd8
C 166
R
P 0x7fb20a09bc08
C 294
R
P 0x7fb20a09bc08
P 0x7fb20a0ba298
C 211
R
P 0x7fb20a09bc08
C 294
R
P 0x7fb20a09bc08
P 0x7fb20a0ba298
C 210
R
P 0x7fb20a09bc08
C 294
R
P 0x7fb20a09bc08
P 0x7fb20a0ba298
C 9
R
P 0x7fb20a09bc08
C 294
R
P 0x7fb20a09bc08
S "x_8_9"
C 30
R
P 0x7fb20a09bc08
C 294
R
P 0x7fb20a09bc08
$ |x_8_9|
P 0x7fb20a0b8cd8
C 50
= 0x7fb20a0ba2b8
R
P 0x7fb20a09bc08
C 294
R
P 0x7fb20a09bc08
P 0x7fb20a0ba2b8
C 208
R
P 0x7fb20a09bc08
C 294
R
P 0x7fb20a09bc08
P 0x7fb20a0ba2b8
C 205
= 0x7fb20a0b8cd8
R
P 0x7fb20a09bc08
C 294
R
P 0x7fb20a09bc08
P 0x7fb20a0b8cd8
C 166
R
P 0x7fb20a09bc08
C 294
R
P 0x7fb20a09bc08
P 0x7fb20a0ba2b8
C 211
R
P 0x7fb20a09bc08
C 294
R
P 0x7fb20a09bc08
P 0x7fb20a0ba2b8
C 210
R
P 0x7fb20a09bc08
C 294
R
P 0x7fb20a09bc08
P 0x7fb20a0ba2b8
C 9
R
P 0x7fb20a09bc08
C 294
R
P 0x7fb20a09bc08
S "x_9_1"
C 30
R
P 0x7fb20a09bc08
C 294
R
P 0x7fb20a09bc08
$ |x_9_1|
P 0x7fb20a0b8cd8
C 50
= 0x7fb20a0ba2d8
R
P 0x7fb20a09bc08
C 294
R
P 0x7fb20a09bc08
P 0x7fb20a0ba2d8
C 208
R
P 0x7fb20a09bc08
C 294
R
P 0x7fb20a09bc08
P 0x7fb20a0ba2d8
C 205
= 0x7fb20a0b8cd8
R
P 0x7fb20a09bc08
C 294
R
P 0x7fb20a09bc08
P 0x7fb20a0b8cd8
C 166
R
P 0x7fb20a09bc08
C 294
R
P 0x7fb20a09bc08
P 0x7fb20a0ba2d8
C 211
R
P 0x7fb20a09bc08
C 294
R
P 0x7fb20a09bc08
P 0x7fb20a0ba2d8
C 210
R
P 0x7fb20a09bc08
C 294
R
P 0x7fb20a09bc08
P 0x7fb20a0ba2d8
C 9
R
P 0x7fb20a09bc08
C 294
R
P 0x7fb20a09bc08
S "x_9_2"
C 30
R
P 0x7fb20a09bc08
C 294
R
P 0x7fb20a09bc08
$ |x_9_2|
P 0x7fb20a0b8cd8
C 50
= 0x7fb20a0ba2f8
R
P 0x7fb20a09bc08
C 294
R
P 0x7fb20a09bc08
P 0x7fb20a0ba2f8
C 208
R
P 0x7fb20a09bc08
C 294
R
P 0x7fb20a09bc08
P 0x7fb20a0ba2f8
C 205
= 0x7fb20a0b8cd8
R
P 0x7fb20a09bc08
C 294
R
P 0x7fb20a09bc08
P 0x7fb20a0b8cd8
C 166
R
P 0x7fb20a09bc08
C 294
R
P 0x7fb20a09bc08
P 0x7fb20a0ba2f8
C 211
R
P 0x7fb20a09bc08
C 294
R
P 0x7fb20a09bc08
P 0x7fb20a0ba2f8
C 210
R
P 0x7fb20a09bc08
C 294
R
P 0x7fb20a09bc08
P 0x7fb20a0ba2f8
C 9
R
P 0x7fb20a09bc08
C 294
R
P 0x7fb20a09bc08
S "x_9_3"
C 30
R
P 0x7fb20a09bc08
C 294
R
P 0x7fb20a09bc08
$ |x_9_3|
P 0x7fb20a0b8cd8
C 50
= 0x7fb20a0ba318
R
P 0x7fb20a09bc08
C 294
R
P 0x7fb20a09bc08
P 0x7fb20a0ba318
C 208
R
P 0x7fb20a09bc08
C 294
R
P 0x7fb20a09bc08
P 0x7fb20a0ba318
C 205
= 0x7fb20a0b8cd8
R
P 0x7fb20a09bc08
C 294
R
P 0x7fb20a09bc08
P 0x7fb20a0b8cd8
C 166
R
P 0x7fb20a09bc08
C 294
R
P 0x7fb20a09bc08
P 0x7fb20a0ba318
C 211
R
P 0x7fb20a09bc08
C 294
R
P 0x7fb20a09bc08
P 0x7fb20a0ba318
C 210
R
P 0x7fb20a09bc08
C 294
R
P 0x7fb20a09bc08
P 0x7fb20a0ba318
C 9
R
P 0x7fb20a09bc08
C 294
R
P 0x7fb20a09bc08
S "x_9_4"
C 30
R
P 0x7fb20a09bc08
C 294
R
P 0x7fb20a09bc08
$ |x_9_4|
P 0x7fb20a0b8cd8
C 50
= 0x7fb20a0ba338
R
P 0x7fb20a09bc08
C 294
R
P 0x7fb20a09bc08
P 0x7fb20a0ba338
C 208
R
P 0x7fb20a09bc08
C 294
R
P 0x7fb20a09bc08
P 0x7fb20a0ba338
C 205
= 0x7fb20a0b8cd8
R
P 0x7fb20a09bc08
C 294
R
P 0x7fb20a09bc08
P 0x7fb20a0b8cd8
C 166
R
P 0x7fb20a09bc08
C 294
R
P 0x7fb20a09bc08
P 0x7fb20a0ba338
C 211
R
P 0x7fb20a09bc08
C 294
R
P 0x7fb20a09bc08
P 0x7fb20a0ba338
C 210
R
P 0x7fb20a09bc08
C 294
R
P 0x7fb20a09bc08
P 0x7fb20a0ba338
C 9
R
P 0x7fb20a09bc08
C 294
R
P 0x7fb20a09bc08
S "x_9_5"
C 30
R
P 0x7fb20a09bc08
C 294
R
P 0x7fb20a09bc08
$ |x_9_5|
P 0x7fb20a0b8cd8
C 50
= 0x7fb20a0ba358
R
P 0x7fb20a09bc08
C 294
R
P 0x7fb20a09bc08
P 0x7fb20a0ba358
C 208
R
P 0x7fb20a09bc08
C 294
R
P 0x7fb20a09bc08
P 0x7fb20a0ba358
C 205
= 0x7fb20a0b8cd8
R
P 0x7fb20a09bc08
C 294
R
P 0x7fb20a09bc08
P 0x7fb20a0b8cd8
C 166
R
P 0x7fb20a09bc08
C 294
R
P 0x7fb20a09bc08
P 0x7fb20a0ba358
C 211
R
P 0x7fb20a09bc08
C 294
R
P 0x7fb20a09bc08
P 0x7fb20a0ba358
C 210
R
P 0x7fb20a09bc08
C 294
R
P 0x7fb20a09bc08
P 0x7fb20a0ba358
C 9
R
P 0x7fb20a09bc08
C 294
R
P 0x7fb20a09bc08
S "x_9_6"
C 30
R
P 0x7fb20a09bc08
C 294
R
P 0x7fb20a09bc08
$ |x_9_6|
P 0x7fb20a0b8cd8
C 50
= 0x7fb20a0ba378
R
P 0x7fb20a09bc08
C 294
R
P 0x7fb20a09bc08
P 0x7fb20a0ba378
C 208
R
P 0x7fb20a09bc08
C 294
R
P 0x7fb20a09bc08
P 0x7fb20a0ba378
C 205
= 0x7fb20a0b8cd8
R
P 0x7fb20a09bc08
C 294
R
P 0x7fb20a09bc08
P 0x7fb20a0b8cd8
C 166
R
P 0x7fb20a09bc08
C 294
R
P 0x7fb20a09bc08
P 0x7fb20a0ba378
C 211
R
P 0x7fb20a09bc08
C 294
R
P 0x7fb20a09bc08
P 0x7fb20a0ba378
C 210
R
P 0x7fb20a09bc08
C 294
R
P 0x7fb20a09bc08
P 0x7fb20a0ba378
C 9
R
P 0x7fb20a09bc08
C 294
R
P 0x7fb20a09bc08
S "x_9_7"
C 30
R
P 0x7fb20a09bc08
C 294
R
P 0x7fb20a09bc08
$ |x_9_7|
P 0x7fb20a0b8cd8
C 50
= 0x7fb20a0ba398
R
P 0x7fb20a09bc08
C 294
R
P 0x7fb20a09bc08
P 0x7fb20a0ba398
C 208
R
P 0x7fb20a09bc08
C 294
R
P 0x7fb20a09bc08
P 0x7fb20a0ba398
C 205
= 0x7fb20a0b8cd8
R
P 0x7fb20a09bc08
C 294
R
P 0x7fb20a09bc08
P 0x7fb20a0b8cd8
C 166
R
P 0x7fb20a09bc08
C 294
R
P 0x7fb20a09bc08
P 0x7fb20a0ba398
C 211
R
P 0x7fb20a09bc08
C 294
R
P 0x7fb20a09bc08
P 0x7fb20a0ba398
C 210
R
P 0x7fb20a09bc08
C 294
R
P 0x7fb20a09bc08
P 0x7fb20a0ba398
C 9
R
P 0x7fb20a09bc08
C 294
R
P 0x7fb20a09bc08
S "x_9_8"
C 30
R
P 0x7fb20a09bc08
C 294
R
P 0x7fb20a09bc08
$ |x_9_8|
P 0x7fb20a0b8cd8
C 50
= 0x7fb20a0ba3b8
R
P 0x7fb20a09bc08
C 294
R
P 0x7fb20a09bc08
P 0x7fb20a0ba3b8
C 208
R
P 0x7fb20a09bc08
C 294
R
P 0x7fb20a09bc08
P 0x7fb20a0ba3b8
C 205
= 0x7fb20a0b8cd8
R
P 0x7fb20a09bc08
C 294
R
P 0x7fb20a09bc08
P 0x7fb20a0b8cd8
C 166
R
P 0x7fb20a09bc08
C 294
R
P 0x7fb20a09bc08
P 0x7fb20a0ba3b8
C 211
R
P 0x7fb20a09bc08
C 294
R
P 0x7fb20a09bc08
P 0x7fb20a0ba3b8
C 210
R
P 0x7fb20a09bc08
C 294
R
P 0x7fb20a09bc08
P 0x7fb20a0ba3b8
C 9
R
P 0x7fb20a09bc08
C 294
R
P 0x7fb20a09bc08
S "x_9_9"
C 30
R
P 0x7fb20a09bc08
C 294
R
P 0x7fb20a09bc08
$ |x_9_9|
P 0x7fb20a0b8cd8
C 50
= 0x7fb20a0ba3d8
R
P 0x7fb20a09bc08
C 294
R
P 0x7fb20a09bc08
P 0x7fb20a0ba3d8
C 208
R
P 0x7fb20a09bc08
C 294
R
P 0x7fb20a09bc08
P 0x7fb20a0ba3d8
C 205
= 0x7fb20a0b8cd8
R
P 0x7fb20a09bc08
C 294
R
P 0x7fb20a09bc08
P 0x7fb20a0b8cd8
C 166
R
P 0x7fb20a09bc08
C 294
R
P 0x7fb20a09bc08
P 0x7fb20a0ba3d8
C 211
R
P 0x7fb20a09bc08
C 294
R
P 0x7fb20a09bc08
P 0x7fb20a0ba3d8
C 210
R
P 0x7fb20a09bc08
C 294
R
P 0x7fb20a09bc08
P 0x7fb20a0ba3d8
C 9
R
P 0x7fb20a09bc08
C 294
R
P 0x7fb20a09bc08
I 1
P 0x7fb20a0b8cd8
C 145
= 0x7fb20a0b96b8
R
P 0x7fb20a09bc08
C 294
R
P 0x7fb20a09bc08
P 0x7fb20a0b96b8
C 9
R
P 0x7fb20a09bc08
C 294
R
P 0x7fb20a09bc08
P 0x7fb20a0b96b8
P 0x7fb20a0b9878
C 73
= 0x7fb20a0bfa68
R
P 0x7fb20a09bc08
C 294
R
P 0x7fb20a09bc08
P 0x7fb20a0bfa68
C 9
R
P 0x7fb20a09bc08
C 294
R
P 0x7fb20a09bc08
I 9
P 0x7fb20a0b8cd8
C 145
= 0x7fb20a0ba3f8
R
P 0x7fb20a09bc08
C 294
R
P 0x7fb20a09bc08
P 0x7fb20a0ba3f8
C 9
R
P 0x7fb20a09bc08
C 294
R
P 0x7fb20a09bc08
P 0x7fb20a0b9878
P 0x7fb20a0ba3f8
C 73
= 0x7fb20a0bfa30
R
P 0x7fb20a09bc08
C 294
R
P 0x7fb20a09bc08
P 0x7fb20a0bfa30
C 9
R
P 0x7fb20a09bc08
C 294
R
P 0x7fb20a09bc08
U 2
P 0x7fb20a0bfa68
P 0x7fb20a0bfa30
p 2
C 62
= 0x7fb20a0bf9f8
R
P 0x7fb20a09bc08
C 294
R
P 0x7fb20a09bc08
P 0x7fb20a0bf9f8
C 9
R
P 0x7fb20a09bc08
C 294
R
P 0x7fb20a09bc08
I 1
P 0x7fb20a0b8cd8
C 145
= 0x7fb20a0b96b8
R
P 0x7fb20a09bc08
C 294
R
P 0x7fb20a09bc08
P 0x7fb20a0b96b8
C 9
R
P 0x7fb20a09bc08
C 294
R
P 0x7fb20a09bc08
P 0x7fb20a0b96b8
P 0x7fb20a0b99f8
C 73
= 0x7fb20a0bf9c0
R
P 0x7fb20a09bc08
C 294
R
P 0x7fb20a09bc08
P 0x7fb20a0bf9c0
C 9
R
P 0x7fb20a09bc08
C 294
R
P 0x7fb20a09bc08
I 9
P 0x7fb20a0b8cd8
C 145
= 0x7fb20a0ba3f8
R
P 0x7fb20a09bc08
C 294
R
P 0x7fb20a09bc08
P 0x7fb20a0ba3f8
C 9
R
P 0x7fb20a09bc08
C 294
R
P 0x7fb20a09bc08
P 0x7fb20a0b99f8
P 0x7fb20a0ba3f8
C 73
= 0x7fb20a0bfad8
R
P 0x7fb20a09bc08
C 294
R
P 0x7fb20a09bc08
P 0x7fb20a0bfad8
C 9
R
P 0x7fb20a09bc08
C 294
R
P 0x7fb20a09bc08
U 2
P 0x7fb20a0bf9c0
P 0x7fb20a0bfad8
p 2
C 62
= 0x7fb20a0bfb10
R
P 0x7fb20a09bc08
C 294
R
P 0x7fb20a09bc08
P 0x7fb20a0bfb10
C 9
R
P 0x7fb20a09bc08
C 294
R
P 0x7fb20a09bc08
I 1
P 0x7fb20a0b8cd8
C 145
= 0x7fb20a0b96b8
R
P 0x7fb20a09bc08
C 294
R
P 0x7fb20a09bc08
P 0x7fb20a0b96b8
C 9
R
P 0x7fb20a09bc08
C 294
R
P 0x7fb20a09bc08
P 0x7fb20a0b96b8
P 0x7fb20a0b9a18
C 73
= 0x7fb20a0bfb48
R
P 0x7fb20a09bc08
C 294
R
P 0x7fb20a09bc08
P 0x7fb20a0bfb48
C 9
R
P 0x7fb20a09bc08
C 294
R
P 0x7fb20a09bc08
I 9
P 0x7fb20a0b8cd8
C 145
= 0x7fb20a0ba3f8
R
P 0x7fb20a09bc08
C 294
R
P 0x7fb20a09bc08
P 0x7fb20a0ba3f8
C 9
R
P 0x7fb20a09bc08
C 294
R
P 0x7fb20a09bc08
P 0x7fb20a0b9a18
P 0x7fb20a0ba3f8
C 73
= 0x7fb20a0bfb80
R
P 0x7fb20a09bc08
C 294
R
P 0x7fb20a09bc08
P 0x7fb20a0bfb80
C 9
R
P 0x7fb20a09bc08
C 294
R
P 0x7fb20a09bc08
U 2
P 0x7fb20a0bfb48
P 0x7fb20a0bfb80
p 2
C 62
= 0x7fb20a0bfbb8
R
P 0x7fb20a09bc08
C 294
R
P 0x7fb20a09bc08
P 0x7fb20a0bfbb8
C 9
R
P 0x7fb20a09bc08
C 294
R
P 0x7fb20a09bc08
I 1
P 0x7fb20a0b8cd8
C 145
= 0x7fb20a0b96b8
R
P 0x7fb20a09bc08
C 294
R
P 0x7fb20a09bc08
P 0x7fb20a0b96b8
C 9
R
P 0x7fb20a09bc08
C 294
R
P 0x7fb20a09bc08
P 0x7fb20a0b96b8
P 0x7fb20a0b9a38
C 73
= 0x7fb20a0bfbf0
R
P 0x7fb20a09bc08
C 294
R
P 0x7fb20a09bc08
P 0x7fb20a0bfbf0
C 9
R
P 0x7fb20a09bc08
C 294
R
P 0x7fb20a09bc08
I 9
P 0x7fb20a0b8cd8
C 145
= 0x7fb20a0ba3f8
R
P 0x7fb20a09bc08
C 294
R
P 0x7fb20a09bc08
P 0x7fb20a0ba3f8
C 9
R
P 0x7fb20a09bc08
C 294
R
P 0x7fb20a09bc08
P 0x7fb20a0b9a38
P 0x7fb20a0ba3f8
C 73
= 0x7fb20a0bfc28
R
P 0x7fb20a09bc08
C 294
R
P 0x7fb20a09bc08
P 0x7fb20a0bfc28
C 9
R
P 0x7fb20a09bc08
C 294
R
P 0x7fb20a09bc08
U 2
P 0x7fb20a0bfbf0
P 0x7fb20a0bfc28
p 2
C 62
= 0x7fb20a0bfc60
R
P 0x7fb20a09bc08
C 294
R
P 0x7fb20a09bc08
P 0x7fb20a0bfc60
C 9
R
P 0x7fb20a09bc08
C 294
R
P 0x7fb20a09bc08
I 1
P 0x7fb20a0b8cd8
C 145
= 0x7fb20a0b96b8
R
P 0x7fb20a09bc08
C 294
R
P 0x7fb20a09bc08
P 0x7fb20a0b96b8
C 9
R
P 0x7fb20a09bc08
C 294
R
P 0x7fb20a09bc08
P 0x7fb20a0b96b8
P 0x7fb20a0b9a58
C 73
= 0x7fb20a0bfc98
R
P 0x7fb20a09bc08
C 294
R
P 0x7fb20a09bc08
P 0x7fb20a0bfc98
C 9
R
P 0x7fb20a09bc08
C 294
R
P 0x7fb20a09bc08
I 9
P 0x7fb20a0b8cd8
C 145
= 0x7fb20a0ba3f8
R
P 0x7fb20a09bc08
C 294
R
P 0x7fb20a09bc08
P 0x7fb20a0ba3f8
C 9
R
P 0x7fb20a09bc08
C 294
R
P 0x7fb20a09bc08
P 0x7fb20a0b9a58
P 0x7fb20a0ba3f8
C 73
= 0x7fb20a0bfcd0
R
P 0x7fb20a09bc08
C 294
R
P 0x7fb20a09bc08
P 0x7fb20a0bfcd0
C 9
R
P 0x7fb20a09bc08
C 294
R
P 0x7fb20a09bc08
U 2
P 0x7fb20a0bfc98
P 0x7fb20a0bfcd0
p 2
C 62
= 0x7fb20a0bfd08
R
P 0x7fb20a09bc08
C 294
R
P 0x7fb20a09bc08
P 0x7fb20a0bfd08
C 9
R
P 0x7fb20a09bc08
C 294
R
P 0x7fb20a09bc08
I 1
P 0x7fb20a0b8cd8
C 145
= 0x7fb20a0b96b8
R
P 0x7fb20a09bc08
C 294
R
P 0x7fb20a09bc08
P 0x7fb20a0b96b8
C 9
R
P 0x7fb20a09bc08
C 294
R
P 0x7fb20a09bc08
P 0x7fb20a0b96b8
P 0x7fb20a0b9a78
C 73
= 0x7fb20a0bfd40
R
P 0x7fb20a09bc08
C 294
R
P 0x7fb20a09bc08
P 0x7fb20a0bfd40
C 9
R
P 0x7fb20a09bc08
C 294
R
P 0x7fb20a09bc08
I 9
P 0x7fb20a0b8cd8
C 145
= 0x7fb20a0ba3f8
R
P 0x7fb20a09bc08
C 294
R
P 0x7fb20a09bc08
P 0x7fb20a0ba3f8
C 9
R
P 0x7fb20a09bc08
C 294
R
P 0x7fb20a09bc08
P 0x7fb20a0b9a78
P 0x7fb20a0ba3f8
C 73
= 0x7fb20a0bfd78
R
P 0x7fb20a09bc08
C 294
R
P 0x7fb20a09bc08
P 0x7fb20a0bfd78
C 9
R
P 0x7fb20a09bc08
C 294
R
P 0x7fb20a09bc08
U 2
P 0x7fb20a0bfd40
P 0x7fb20a0bfd78
p 2
C 62
= 0x7fb20a0bfdb0
R
P 0x7fb20a09bc08
C 294
R
P 0x7fb20a09bc08
P 0x7fb20a0bfdb0
C 9
R
P 0x7fb20a09bc08
C 294
R
P 0x7fb20a09bc08
I 1
P 0x7fb20a0b8cd8
C 145
= 0x7fb20a0b96b8
R
P 0x7fb20a09bc08
C 294
R
P 0x7fb20a09bc08
P 0x7fb20a0b96b8
C 9
R
P 0x7fb20a09bc08
C 294
R
P 0x7fb20a09bc08
P 0x7fb20a0b96b8
P 0x7fb20a0b9a98
C 73
= 0x7fb20a0bfde8
R
P 0x7fb20a09bc08
C 294
R
P 0x7fb20a09bc08
P 0x7fb20a0bfde8
C 9
R
P 0x7fb20a09bc08
C 294
R
P 0x7fb20a09bc08
I 9
P 0x7fb20a0b8cd8
C 145
= 0x7fb20a0ba3f8
R
P 0x7fb20a09bc08
C 294
R
P 0x7fb20a09bc08
P 0x7fb20a0ba3f8
C 9
R
P 0x7fb20a09bc08
C 294
R
P 0x7fb20a09bc08
P 0x7fb20a0b9a98
P 0x7fb20a0ba3f8
C 73
= 0x7fb20a0bfe20
R
P 0x7fb20a09bc08
C 294
R
P 0x7fb20a09bc08
P 0x7fb20a0bfe20
C 9
R
P 0x7fb20a09bc08
C 294
R
P 0x7fb20a09bc08
U 2
P 0x7fb20a0bfde8
P 0x7fb20a0bfe20
p 2
C 62
= 0x7fb20a0bfe58
R
P 0x7fb20a09bc08
C 294
R
P 0x7fb20a09bc08
P 0x7fb20a0bfe58
C 9
R
P 0x7fb20a09bc08
C 294
R
P 0x7fb20a09bc08
I 1
P 0x7fb20a0b8cd8
C 145
= 0x7fb20a0b96b8
R
P 0x7fb20a09bc08
C 294
R
P 0x7fb20a09bc08
P 0x7fb20a0b96b8
C 9
R
P 0x7fb20a09bc08
C 294
R
P 0x7fb20a09bc08
P 0x7fb20a0b96b8
P 0x7fb20a0b9ab8
C 73
= 0x7fb20a0bfe90
R
P 0x7fb20a09bc08
C 294
R
P 0x7fb20a09bc08
P 0x7fb20a0bfe90
C 9
R
P 0x7fb20a09bc08
C 294
R
P 0x7fb20a09bc08
I 9
P 0x7fb20a0b8cd8
C 145
= 0x7fb20a0ba3f8
R
P 0x7fb20a09bc08
C 294
R
P 0x7fb20a09bc08
P 0x7fb20a0ba3f8
C 9
R
P 0x7fb20a09bc08
C 294
R
P 0x7fb20a09bc08
P 0x7fb20a0b9ab8
P 0x7fb20a0ba3f8
C 73
= 0x7fb20a0bfec8
R
P 0x7fb20a09bc08
C 294
R
P 0x7fb20a09bc08
P 0x7fb20a0bfec8
C 9
R
P 0x7fb20a09bc08
C 294
R
P 0x7fb20a09bc08
U 2
P 0x7fb20a0bfe90
P 0x7fb20a0bfec8
p 2
C 62
= 0x7fb20a0bff00
R
P 0x7fb20a09bc08
C 294
R
P 0x7fb20a09bc08
P 0x7fb20a0bff00
C 9
R
P 0x7fb20a09bc08
C 294
R
P 0x7fb20a09bc08
I 1
P 0x7fb20a0b8cd8
C 145
= 0x7fb20a0b96b8
R
P 0x7fb20a09bc08
C 294
R
P 0x7fb20a09bc08
P 0x7fb20a0b96b8
C 9
R
P 0x7fb20a09bc08
C 294
R
P 0x7fb20a09bc08
P 0x7fb20a0b96b8
P 0x7fb20a0b9ad8
C 73
= 0x7fb20a0bff38
R
P 0x7fb20a09bc08
C 294
R
P 0x7fb20a09bc08
P 0x7fb20a0bff38
C 9
R
P 0x7fb20a09bc08
C 294
R
P 0x7fb20a09bc08
I 9
P 0x7fb20a0b8cd8
C 145
= 0x7fb20a0ba3f8
R
P 0x7fb20a09bc08
C 294
R
P 0x7fb20a09bc08
P 0x7fb20a0ba3f8
C 9
R
P 0x7fb20a09bc08
C 294
R
P 0x7fb20a09bc08
P 0x7fb20a0b9ad8
P 0x7fb20a0ba3f8
C 73
= 0x7fb20a0bff70
R
P 0x7fb20a09bc08
C 294
R
P 0x7fb20a09bc08
P 0x7fb20a0bff70
C 9
R
P 0x7fb20a09bc08
C 294
R
P 0x7fb20a09bc08
U 2
P 0x7fb20a0bff38
P 0x7fb20a0bff70
p 2
C 62
= 0x7fb20a0bffa8
R
P 0x7fb20a09bc08
C 294
R
P 0x7fb20a09bc08
P 0x7fb20a0bffa8
C 9
R
P 0x7fb20a09bc08
C 294
R
P 0x7fb20a09bc08
I 1
P 0x7fb20a0b8cd8
C 145
= 0x7fb20a0b96b8
R
P 0x7fb20a09bc08
C 294
R
P 0x7fb20a09bc08
P 0x7fb20a0b96b8
C 9
R
P 0x7fb20a09bc08
C 294
R
P 0x7fb20a09bc08
P 0x7fb20a0b96b8
P 0x7fb20a0b9af8
C 73
= 0x7fb20a0bffe0
R
P 0x7fb20a09bc08
C 294
R
P 0x7fb20a09bc08
P 0x7fb20a0bffe0
C 9
R
P 0x7fb20a09bc08
C 294
R
P 0x7fb20a09bc08
I 9
P 0x7fb20a0b8cd8
C 145
= 0x7fb20a0ba3f8
R
P 0x7fb20a09bc08
C 294
R
P 0x7fb20a09bc08
P 0x7fb20a0ba3f8
C 9
R
P 0x7fb20a09bc08
C 294
R
P 0x7fb20a09bc08
P 0x7fb20a0b9af8
P 0x7fb20a0ba3f8
C 73
= 0x7fb20a0c0018
R
P 0x7fb20a09bc08
C 294
R
P 0x7fb20a09bc08
P 0x7fb20a0c0018
C 9
R
P 0x7fb20a09bc08
C 294
R
P 0x7fb20a09bc08
U 2
P 0x7fb20a0bffe0
P 0x7fb20a0c0018
p 2
C 62
= 0x7fb20a0c0050
R
P 0x7fb20a09bc08
C 294
R
P 0x7fb20a09bc08
P 0x7fb20a0c0050
C 9
R
P 0x7fb20a09bc08
C 294
R
P 0x7fb20a09bc08
I 1
P 0x7fb20a0b8cd8
C 145
= 0x7fb20a0b96b8
R
P 0x7fb20a09bc08
C 294
R
P 0x7fb20a09bc08
P 0x7fb20a0b96b8
C 9
R
P 0x7fb20a09bc08
C 294
R
P 0x7fb20a09bc08
P 0x7fb20a0b96b8
P 0x7fb20a0b9b18
C 73
= 0x7fb20a0c0088
R
P 0x7fb20a09bc08
C 294
R
P 0x7fb20a09bc08
P 0x7fb20a0c0088
C 9
R
P 0x7fb20a09bc08
C 294
R
P 0x7fb20a09bc08
I 9
P 0x7fb20a0b8cd8
C 145
= 0x7fb20a0ba3f8
R
P 0x7fb20a09bc08
C 294
R
P 0x7fb20a09bc08
P 0x7fb20a0ba3f8
C 9
R
P 0x7fb20a09bc08
C 294
R
P 0x7fb20a09bc08
P 0x7fb20a0b9b18
P 0x7fb20a0ba3f8
C 73
= 0x7fb20a0c00c0
R
P 0x7fb20a09bc08
C 294
R
P 0x7fb20a09bc08
P 0x7fb20a0c00c0
C 9
R
P 0x7fb20a09bc08
C 294
R
P 0x7fb20a09bc08
U 2
P 0x7fb20a0c0088
P 0x7fb20a0c00c0
p 2
C 62
= 0x7fb20a0c00f8
R
P 0x7fb20a09bc08
C 294
R
P 0x7fb20a09bc08
P 0x7fb20a0c00f8
C 9
R
P 0x7fb20a09bc08
C 294
R
P 0x7fb20a09bc08
I 1
P 0x7fb20a0b8cd8
C 145
= 0x7fb20a0b96b8
R
P 0x7fb20a09bc08
C 294
R
P 0x7fb20a09bc08
P 0x7fb20a0b96b8
C 9
R
P 0x7fb20a09bc08
C 294
R
P 0x7fb20a09bc08
P 0x7fb20a0b96b8
P 0x7fb20a0b9b38
C 73
= 0x7fb20a0c0130
R
P 0x7fb20a09bc08
C 294
R
P 0x7fb20a09bc08
P 0x7fb20a0c0130
C 9
R
P 0x7fb20a09bc08
C 294
R
P 0x7fb20a09bc08
I 9
P 0x7fb20a0b8cd8
C 145
= 0x7fb20a0ba3f8
R
P 0x7fb20a09bc08
C 294
R
P 0x7fb20a09bc08
P 0x7fb20a0ba3f8
C 9
R
P 0x7fb20a09bc08
C 294
R
P 0x7fb20a09bc08
P 0x7fb20a0b9b38
P 0x7fb20a0ba3f8
C 73
= 0x7fb20a0c0168
R
P 0x7fb20a09bc08
C 294
R
P 0x7fb20a09bc08
P 0x7fb20a0c0168
C 9
R
P 0x7fb20a09bc08
C 294
R
P 0x7fb20a09bc08
U 2
P 0x7fb20a0c0130
P 0x7fb20a0c0168
p 2
C 62
= 0x7fb20a0c01a0
R
P 0x7fb20a09bc08
C 294
R
P 0x7fb20a09bc08
P 0x7fb20a0c01a0
C 9
R
P 0x7fb20a09bc08
C 294
R
P 0x7fb20a09bc08
I 1
P 0x7fb20a0b8cd8
C 145
= 0x7fb20a0b96b8
R
P 0x7fb20a09bc08
C 294
R
P 0x7fb20a09bc08
P 0x7fb20a0b96b8
C 9
R
P 0x7fb20a09bc08
C 294
R
P 0x7fb20a09bc08
P 0x7fb20a0b96b8
P 0x7fb20a0b9b58
C 73
= 0x7fb20a0c01d8
R
P 0x7fb20a09bc08
C 294
R
P 0x7fb20a09bc08
P 0x7fb20a0c01d8
C 9
R
P 0x7fb20a09bc08
C 294
R
P 0x7fb20a09bc08
I 9
P 0x7fb20a0b8cd8
C 145
= 0x7fb20a0ba3f8
R
P 0x7fb20a09bc08
C 294
R
P 0x7fb20a09bc08
P 0x7fb20a0ba3f8
C 9
R
P 0x7fb20a09bc08
C 294
R
P 0x7fb20a09bc08
P 0x7fb20a0b9b58
P 0x7fb20a0ba3f8
C 73
= 0x7fb20a0c0210
R
P 0x7fb20a09bc08
C 294
R
P 0x7fb20a09bc08
P 0x7fb20a0c0210
C 9
R
P 0x7fb20a09bc08
C 294
R
P 0x7fb20a09bc08
U 2
P 0x7fb20a0c01d8
P 0x7fb20a0c0210
p 2
C 62
= 0x7fb20a0c0248
R
P 0x7fb20a09bc08
C 294
R
P 0x7fb20a09bc08
P 0x7fb20a0c0248
C 9
R
P 0x7fb20a09bc08
C 294
R
P 0x7fb20a09bc08
I 1
P 0x7fb20a0b8cd8
C 145
= 0x7fb20a0b96b8
R
P 0x7fb20a09bc08
C 294
R
P 0x7fb20a09bc08
P 0x7fb20a0b96b8
C 9
R
P 0x7fb20a09bc08
C 294
R
P 0x7fb20a09bc08
P 0x7fb20a0b96b8
P 0x7fb20a0b9b78
C 73
= 0x7fb20a0c0280
R
P 0x7fb20a09bc08
C 294
R
P 0x7fb20a09bc08
P 0x7fb20a0c0280
C 9
R
P 0x7fb20a09bc08
C 294
R
P 0x7fb20a09bc08
I 9
P 0x7fb20a0b8cd8
C 145
= 0x7fb20a0ba3f8
R
P 0x7fb20a09bc08
C 294
R
P 0x7fb20a09bc08
P 0x7fb20a0ba3f8
C 9
R
P 0x7fb20a09bc08
C 294
R
P 0x7fb20a09bc08
P 0x7fb20a0b9b78
P 0x7fb20a0ba3f8
C 73
= 0x7fb20a0c02b8
R
P 0x7fb20a09bc08
C 294
R
P 0x7fb20a09bc08
P 0x7fb20a0c02b8
C 9
R
P 0x7fb20a09bc08
C 294
R
P 0x7fb20a09bc08
U 2
P 0x7fb20a0c0280
P 0x7fb20a0c02b8
p 2
C 62
= 0x7fb20a0c02f0
R
P 0x7fb20a09bc08
C 294
R
P 0x7fb20a09bc08
P 0x7fb20a0c02f0
C 9
R
P 0x7fb20a09bc08
C 294
R
P 0x7fb20a09bc08
I 1
P 0x7fb20a0b8cd8
C 145
= 0x7fb20a0b96b8
R
P 0x7fb20a09bc08
C 294
R
P 0x7fb20a09bc08
P 0x7fb20a0b96b8
C 9
R
P 0x7fb20a09bc08
C 294
R
P 0x7fb20a09bc08
P 0x7fb20a0b96b8
P 0x7fb20a0b9b98
C 73
= 0x7fb20a0c0328
R
P 0x7fb20a09bc08
C 294
R
P 0x7fb20a09bc08
P 0x7fb20a0c0328
C 9
R
P 0x7fb20a09bc08
C 294
R
P 0x7fb20a09bc08
I 9
P 0x7fb20a0b8cd8
C 145
= 0x7fb20a0ba3f8
R
P 0x7fb20a09bc08
C 294
R
P 0x7fb20a09bc08
P 0x7fb20a0ba3f8
C 9
R
P 0x7fb20a09bc08
C 294
R
P 0x7fb20a09bc08
P 0x7fb20a0b9b98
P 0x7fb20a0ba3f8
C 73
= 0x7fb20a0c0360
R
P 0x7fb20a09bc08
C 294
R
P 0x7fb20a09bc08
P 0x7fb20a0c0360
C 9
R
P 0x7fb20a09bc08
C 294
R
P 0x7fb20a09bc08
U 2
P 0x7fb20a0c0328
P 0x7fb20a0c0360
p 2
C 62
= 0x7fb20a0c0398
R
P 0x7fb20a09bc08
C 294
R
P 0x7fb20a09bc08
P 0x7fb20a0c0398
C 9
R
P 0x7fb20a09bc08
C 294
R
P 0x7fb20a09bc08
I 1
P 0x7fb20a0b8cd8
C 145
= 0x7fb20a0b96b8
R
P 0x7fb20a09bc08
C 294
R
P 0x7fb20a09bc08
P 0x7fb20a0b96b8
C 9
R
P 0x7fb20a09bc08
C 294
R
P 0x7fb20a09bc08
P 0x7fb20a0b96b8
P 0x7fb20a0b9bb8
C 73
= 0x7fb20a0c03d0
R
P 0x7fb20a09bc08
C 294
R
P 0x7fb20a09bc08
P 0x7fb20a0c03d0
C 9
R
P 0x7fb20a09bc08
C 294
R
P 0x7fb20a09bc08
I 9
P 0x7fb20a0b8cd8
C 145
= 0x7fb20a0ba3f8
R
P 0x7fb20a09bc08
C 294
R
P 0x7fb20a09bc08
P 0x7fb20a0ba3f8
C 9
R
P 0x7fb20a09bc08
C 294
R
P 0x7fb20a09bc08
P 0x7fb20a0b9bb8
P 0x7fb20a0ba3f8
C 73
= 0x7fb20a0c0408
R
P 0x7fb20a09bc08
C 294
R
P 0x7fb20a09bc08
P 0x7fb20a0c0408
C 9
R
P 0x7fb20a09bc08
C 294
R
P 0x7fb20a09bc08
U 2
P 0x7fb20a0c03d0
P 0x7fb20a0c0408
p 2
C 62
= 0x7fb20a0c0440
R
P 0x7fb20a09bc08
C 294
R
P 0x7fb20a09bc08
P 0x7fb20a0c0440
C 9
R
P 0x7fb20a09bc08
C 294
R
P 0x7fb20a09bc08
I 1
P 0x7fb20a0b8cd8
C 145
= 0x7fb20a0b96b8
R
P 0x7fb20a09bc08
C 294
R
P 0x7fb20a09bc08
P 0x7fb20a0b96b8
C 9
R
P 0x7fb20a09bc08
C 294
R
P 0x7fb20a09bc08
P 0x7fb20a0b96b8
P 0x7fb20a0b9bd8
C 73
= 0x7fb20a0c0478
R
P 0x7fb20a09bc08
C 294
R
P 0x7fb20a09bc08
P 0x7fb20a0c0478
C 9
R
P 0x7fb20a09bc08
C 294
R
P 0x7fb20a09bc08
I 9
P 0x7fb20a0b8cd8
C 145
= 0x7fb20a0ba3f8
R
P 0x7fb20a09bc08
C 294
R
P 0x7fb20a09bc08
P 0x7fb20a0ba3f8
C 9
R
P 0x7fb20a09bc08
C 294
R
P 0x7fb20a09bc08
P 0x7fb20a0b9bd8
P 0x7fb20a0ba3f8
C 73
= 0x7fb20a0c04b0
R
P 0x7fb20a09bc08
C 294
R
P 0x7fb20a09bc08
P 0x7fb20a0c04b0
C 9
R
P 0x7fb20a09bc08
C 294
R
P 0x7fb20a09bc08
U 2
P 0x7fb20a0c0478
P 0x7fb20a0c04b0
p 2
C 62
= 0x7fb20a0c04e8
R
P 0x7fb20a09bc08
C 294
R
P 0x7fb20a09bc08
P 0x7fb20a0c04e8
C 9
R
P 0x7fb20a09bc08
C 294
R
P 0x7fb20a09bc08
I 1
P 0x7fb20a0b8cd8
C 145
= 0x7fb20a0b96b8
R
P 0x7fb20a09bc08
C 294
R
P 0x7fb20a09bc08
P 0x7fb20a0b96b8
C 9
R
P 0x7fb20a09bc08
C 294
R
P 0x7fb20a09bc08
P 0x7fb20a0b96b8
P 0x7fb20a0b9bf8
C 73
= 0x7fb20a0c0520
R
P 0x7fb20a09bc08
C 294
R
P 0x7fb20a09bc08
P 0x7fb20a0c0520
C 9
R
P 0x7fb20a09bc08
C 294
R
P 0x7fb20a09bc08
I 9
P 0x7fb20a0b8cd8
C 145
= 0x7fb20a0ba3f8
R
P 0x7fb20a09bc08
C 294
R
P 0x7fb20a09bc08
P 0x7fb20a0ba3f8
C 9
R
P 0x7fb20a09bc08
C 294
R
P 0x7fb20a09bc08
P 0x7fb20a0b9bf8
P 0x7fb20a0ba3f8
C 73
= 0x7fb20a0c0558
R
P 0x7fb20a09bc08
C 294
R
P 0x7fb20a09bc08
P 0x7fb20a0c0558
C 9
R
P 0x7fb20a09bc08
C 294
R
P 0x7fb20a09bc08
U 2
P 0x7fb20a0c0520
P 0x7fb20a0c0558
p 2
C 62
= 0x7fb20a0c0590
R
P 0x7fb20a09bc08
C 294
R
P 0x7fb20a09bc08
P 0x7fb20a0c0590
C 9
R
P 0x7fb20a09bc08
C 294
R
P 0x7fb20a09bc08
I 1
P 0x7fb20a0b8cd8
C 145
= 0x7fb20a0b96b8
R
P 0x7fb20a09bc08
C 294
R
P 0x7fb20a09bc08
P 0x7fb20a0b96b8
C 9
R
P 0x7fb20a09bc08
C 294
R
P 0x7fb20a09bc08
P 0x7fb20a0b96b8
P 0x7fb20a0b9c18
C 73
= 0x7fb20a0c05c8
R
P 0x7fb20a09bc08
C 294
R
P 0x7fb20a09bc08
P 0x7fb20a0c05c8
C 9
R
P 0x7fb20a09bc08
C 294
R
P 0x7fb20a09bc08
I 9
P 0x7fb20a0b8cd8
C 145
= 0x7fb20a0ba3f8
R
P 0x7fb20a09bc08
C 294
R
P 0x7fb20a09bc08
P 0x7fb20a0ba3f8
C 9
R
P 0x7fb20a09bc08
C 294
R
P 0x7fb20a09bc08
P 0x7fb20a0b9c18
P 0x7fb20a0ba3f8
C 73
= 0x7fb20a0c0600
R
P 0x7fb20a09bc08
C 294
R
P 0x7fb20a09bc08
P 0x7fb20a0c0600
C 9
R
P 0x7fb20a09bc08
C 294
R
P 0x7fb20a09bc08
U 2
P 0x7fb20a0c05c8
P 0x7fb20a0c0600
p 2
C 62
= 0x7fb20a0c0638
R
P 0x7fb20a09bc08
C 294
R
P 0x7fb20a09bc08
P 0x7fb20a0c0638
C 9
R
P 0x7fb20a09bc08
C 294
R
P 0x7fb20a09bc08
I 1
P 0x7fb20a0b8cd8
C 145
= 0x7fb20a0b96b8
R
P 0x7fb20a09bc08
C 294
R
P 0x7fb20a09bc08
P 0x7fb20a0b96b8
C 9
R
P 0x7fb20a09bc08
C 294
R
P 0x7fb20a09bc08
P 0x7fb20a0b96b8
P 0x7fb20a0b9c38
C 73
= 0x7fb20a0c0670
R
P 0x7fb20a09bc08
C 294
R
P 0x7fb20a09bc08
P 0x7fb20a0c0670
C 9
R
P 0x7fb20a09bc08
C 294
R
P 0x7fb20a09bc08
I 9
P 0x7fb20a0b8cd8
C 145
= 0x7fb20a0ba3f8
R
P 0x7fb20a09bc08
C 294
R
P 0x7fb20a09bc08
P 0x7fb20a0ba3f8
C 9
R
P 0x7fb20a09bc08
C 294
R
P 0x7fb20a09bc08
P 0x7fb20a0b9c38
P 0x7fb20a0ba3f8
C 73
= 0x7fb20a0c06a8
R
P 0x7fb20a09bc08
C 294
R
P 0x7fb20a09bc08
P 0x7fb20a0c06a8
C 9
R
P 0x7fb20a09bc08
C 294
R
P 0x7fb20a09bc08
U 2
P 0x7fb20a0c0670
P 0x7fb20a0c06a8
p 2
C 62
= 0x7fb20a0c06e0
R
P 0x7fb20a09bc08
C 294
R
P 0x7fb20a09bc08
P 0x7fb20a0c06e0
C 9
R
P 0x7fb20a09bc08
C 294
R
P 0x7fb20a09bc08
I 1
P 0x7fb20a0b8cd8
C 145
= 0x7fb20a0b96b8
R
P 0x7fb20a09bc08
C 294
R
P 0x7fb20a09bc08
P 0x7fb20a0b96b8
C 9
R
P 0x7fb20a09bc08
C 294
R
P 0x7fb20a09bc08
P 0x7fb20a0b96b8
P 0x7fb20a0b9c58
C 73
= 0x7fb20a0c0718
R
P 0x7fb20a09bc08
C 294
R
P 0x7fb20a09bc08
P 0x7fb20a0c0718
C 9
R
P 0x7fb20a09bc08
C 294
R
P 0x7fb20a09bc08
I 9
P 0x7fb20a0b8cd8
C 145
= 0x7fb20a0ba3f8
R
P 0x7fb20a09bc08
C 294
R
P 0x7fb20a09bc08
P 0x7fb20a0ba3f8
C 9
R
P 0x7fb20a09bc08
C 294
R
P 0x7fb20a09bc08
P 0x7fb20a0b9c58
P 0x7fb20a0ba3f8
C 73
= 0x7fb20a0c0750
R
P 0x7fb20a09bc08
C 294
R
P 0x7fb20a09bc08
P 0x7fb20a0c0750
C 9
R
P 0x7fb20a09bc08
C 294
R
P 0x7fb20a09bc08
U 2
P 0x7fb20a0c0718
P 0x7fb20a0c0750
p 2
C 62
= 0x7fb20a0c0788
R
P 0x7fb20a09bc08
C 294
R
P 0x7fb20a09bc08
P 0x7fb20a0c0788
C 9
R
P 0x7fb20a09bc08
C 294
R
P 0x7fb20a09bc08
I 1
P 0x7fb20a0b8cd8
C 145
= 0x7fb20a0b96b8
R
P 0x7fb20a09bc08
C 294
R
P 0x7fb20a09bc08
P 0x7fb20a0b96b8
C 9
R
P 0x7fb20a09bc08
C 294
R
P 0x7fb20a09bc08
P 0x7fb20a0b96b8
P 0x7fb20a0b9c78
C 73
= 0x7fb20a0c07c0
R
P 0x7fb20a09bc08
C 294
R
P 0x7fb20a09bc08
P 0x7fb20a0c07c0
C 9
R
P 0x7fb20a09bc08
C 294
R
P 0x7fb20a09bc08
I 9
P 0x7fb20a0b8cd8
C 145
= 0x7fb20a0ba3f8
R
P 0x7fb20a09bc08
C 294
R
P 0x7fb20a09bc08
P 0x7fb20a0ba3f8
C 9
R
P 0x7fb20a09bc08
C 294
R
P 0x7fb20a09bc08
P 0x7fb20a0b9c78
P 0x7fb20a0ba3f8
C 73
= 0x7fb20a0c07f8
R
P 0x7fb20a09bc08
C 294
R
P 0x7fb20a09bc08
P 0x7fb20a0c07f8
C 9
R
P 0x7fb20a09bc08
C 294
R
P 0x7fb20a09bc08
U 2
P 0x7fb20a0c07c0
P 0x7fb20a0c07f8
p 2
C 62
= 0x7fb20a0c0830
R
P 0x7fb20a09bc08
C 294
R
P 0x7fb20a09bc08
P 0x7fb20a0c0830
C 9
R
P 0x7fb20a09bc08
C 294
R
P 0x7fb20a09bc08
I 1
P 0x7fb20a0b8cd8
C 145
= 0x7fb20a0b96b8
R
P 0x7fb20a09bc08
C 294
R
P 0x7fb20a09bc08
P 0x7fb20a0b96b8
C 9
R
P 0x7fb20a09bc08
C 294
R
P 0x7fb20a09bc08
P 0x7fb20a0b96b8
P 0x7fb20a0b9c98
C 73
= 0x7fb20a0c0868
R
P 0x7fb20a09bc08
C 294
R
P 0x7fb20a09bc08
P 0x7fb20a0c0868
C 9
R
P 0x7fb20a09bc08
C 294
R
P 0x7fb20a09bc08
I 9
P 0x7fb20a0b8cd8
C 145
= 0x7fb20a0ba3f8
R
P 0x7fb20a09bc08
C 294
R
P 0x7fb20a09bc08
P 0x7fb20a0ba3f8
C 9
R
P 0x7fb20a09bc08
C 294
R
P 0x7fb20a09bc08
P 0x7fb20a0b9c98
P 0x7fb20a0ba3f8
C 73
= 0x7fb20a0c08a0
R
P 0x7fb20a09bc08
C 294
R
P 0x7fb20a09bc08
P 0x7fb20a0c08a0
C 9
R
P 0x7fb20a09bc08
C 294
R
P 0x7fb20a09bc08
U 2
P 0x7fb20a0c0868
P 0x7fb20a0c08a0
p 2
C 62
= 0x7fb20a0c08d8
R
P 0x7fb20a09bc08
C 294
R
P 0x7fb20a09bc08
P 0x7fb20a0c08d8
C 9
R
P 0x7fb20a09bc08
C 294
R
P 0x7fb20a09bc08
I 1
P 0x7fb20a0b8cd8
C 145
= 0x7fb20a0b96b8
R
P 0x7fb20a09bc08
C 294
R
P 0x7fb20a09bc08
P 0x7fb20a0b96b8
C 9
R
P 0x7fb20a09bc08
C 294
R
P 0x7fb20a09bc08
P 0x7fb20a0b96b8
P 0x7fb20a0b9cb8
C 73
= 0x7fb20a0c0910
R
P 0x7fb20a09bc08
C 294
R
P 0x7fb20a09bc08
P 0x7fb20a0c0910
C 9
R
P 0x7fb20a09bc08
C 294
R
P 0x7fb20a09bc08
I 9
P 0x7fb20a0b8cd8
C 145
= 0x7fb20a0ba3f8
R
P 0x7fb20a09bc08
C 294
R
P 0x7fb20a09bc08
P 0x7fb20a0ba3f8
C 9
R
P 0x7fb20a09bc08
C 294
R
P 0x7fb20a09bc08
P 0x7fb20a0b9cb8
P 0x7fb20a0ba3f8
C 73
= 0x7fb20a0c0948
R
P 0x7fb20a09bc08
C 294
R
P 0x7fb20a09bc08
P 0x7fb20a0c0948
C 9
R
P 0x7fb20a09bc08
C 294
R
P 0x7fb20a09bc08
U 2
P 0x7fb20a0c0910
P 0x7fb20a0c0948
p 2
C 62
= 0x7fb20a0c0980
R
P 0x7fb20a09bc08
C 294
R
P 0x7fb20a09bc08
P 0x7fb20a0c0980
C 9
R
P 0x7fb20a09bc08
C 294
R
P 0x7fb20a09bc08
I 1
P 0x7fb20a0b8cd8
C 145
= 0x7fb20a0b96b8
R
P 0x7fb20a09bc08
C 294
R
P 0x7fb20a09bc08
P 0x7fb20a0b96b8
C 9
R
P 0x7fb20a09bc08
C 294
R
P 0x7fb20a09bc08
P 0x7fb20a0b96b8
P 0x7fb20a0b9cd8
C 73
= 0x7fb20a0c09b8
R
P 0x7fb20a09bc08
C 294
R
P 0x7fb20a09bc08
P 0x7fb20a0c09b8
C 9
R
P 0x7fb20a09bc08
C 294
R
P 0x7fb20a09bc08
I 9
P 0x7fb20a0b8cd8
C 145
= 0x7fb20a0ba3f8
R
P 0x7fb20a09bc08
C 294
R
P 0x7fb20a09bc08
P 0x7fb20a0ba3f8
C 9
R
P 0x7fb20a09bc08
C 294
R
P 0x7fb20a09bc08
P 0x7fb20a0b9cd8
P 0x7fb20a0ba3f8
C 73
= 0x7fb20a0c09f0
R
P 0x7fb20a09bc08
C 294
R
P 0x7fb20a09bc08
P 0x7fb20a0c09f0
C 9
R
P 0x7fb20a09bc08
C 294
R
P 0x7fb20a09bc08
U 2
P 0x7fb20a0c09b8
P 0x7fb20a0c09f0
p 2
C 62
= 0x7fb20a0c0a28
R
P 0x7fb20a09bc08
C 294
R
P 0x7fb20a09bc08
P 0x7fb20a0c0a28
C 9
R
P 0x7fb20a09bc08
C 294
R
P 0x7fb20a09bc08
I 1
P 0x7fb20a0b8cd8
C 145
= 0x7fb20a0b96b8
R
P 0x7fb20a09bc08
C 294
R
P 0x7fb20a09bc08
P 0x7fb20a0b96b8
C 9
R
P 0x7fb20a09bc08
C 294
R
P 0x7fb20a09bc08
P 0x7fb20a0b96b8
P 0x7fb20a0b9cf8
C 73
= 0x7fb20a0c0a60
R
P 0x7fb20a09bc08
C 294
R
P 0x7fb20a09bc08
P 0x7fb20a0c0a60
C 9
R
P 0x7fb20a09bc08
C 294
R
P 0x7fb20a09bc08
I 9
P 0x7fb20a0b8cd8
C 145
= 0x7fb20a0ba3f8
R
P 0x7fb20a09bc08
C 294
R
P 0x7fb20a09bc08
P 0x7fb20a0ba3f8
C 9
R
P 0x7fb20a09bc08
C 294
R
P 0x7fb20a09bc08
P 0x7fb20a0b9cf8
P 0x7fb20a0ba3f8
C 73
= 0x7fb20a0c0a98
R
P 0x7fb20a09bc08
C 294
R
P 0x7fb20a09bc08
P 0x7fb20a0c0a98
C 9
R
P 0x7fb20a09bc08
C 294
R
P 0x7fb20a09bc08
U 2
P 0x7fb20a0c0a60
P 0x7fb20a0c0a98
p 2
C 62
= 0x7fb20a0c0ad0
R
P 0x7fb20a09bc08
C 294
R
P 0x7fb20a09bc08
P 0x7fb20a0c0ad0
C 9
R
P 0x7fb20a09bc08
C 294
R
P 0x7fb20a09bc08
I 1
P 0x7fb20a0b8cd8
C 145
= 0x7fb20a0b96b8
R
P 0x7fb20a09bc08
C 294
R
P 0x7fb20a09bc08
P 0x7fb20a0b96b8
C 9
R
P 0x7fb20a09bc08
C 294
R
P 0x7fb20a09bc08
P 0x7fb20a0b96b8
P 0x7fb20a0b9d18
C 73
= 0x7fb20a0c0b08
R
P 0x7fb20a09bc08
C 294
R
P 0x7fb20a09bc08
P 0x7fb20a0c0b08
C 9
R
P 0x7fb20a09bc08
C 294
R
P 0x7fb20a09bc08
I 9
P 0x7fb20a0b8cd8
C 145
= 0x7fb20a0ba3f8
R
P 0x7fb20a09bc08
C 294
R
P 0x7fb20a09bc08
P 0x7fb20a0ba3f8
C 9
R
P 0x7fb20a09bc08
C 294
R
P 0x7fb20a09bc08
P 0x7fb20a0b9d18
P 0x7fb20a0ba3f8
C 73
= 0x7fb20a0c0b40
R
P 0x7fb20a09bc08
C 294
R
P 0x7fb20a09bc08
P 0x7fb20a0c0b40
C 9
R
P 0x7fb20a09bc08
C 294
R
P 0x7fb20a09bc08
U 2
P 0x7fb20a0c0b08
P 0x7fb20a0c0b40
p 2
C 62
= 0x7fb20a0c0b78
R
P 0x7fb20a09bc08
C 294
R
P 0x7fb20a09bc08
P 0x7fb20a0c0b78
C 9
R
P 0x7fb20a09bc08
C 294
R
P 0x7fb20a09bc08
I 1
P 0x7fb20a0b8cd8
C 145
= 0x7fb20a0b96b8
R
P 0x7fb20a09bc08
C 294
R
P 0x7fb20a09bc08
P 0x7fb20a0b96b8
C 9
R
P 0x7fb20a09bc08
C 294
R
P 0x7fb20a09bc08
P 0x7fb20a0b96b8
P 0x7fb20a0b9d38
C 73
= 0x7fb20a0c0bb0
R
P 0x7fb20a09bc08
C 294
R
P 0x7fb20a09bc08
P 0x7fb20a0c0bb0
C 9
R
P 0x7fb20a09bc08
C 294
R
P 0x7fb20a09bc08
I 9
P 0x7fb20a0b8cd8
C 145
= 0x7fb20a0ba3f8
R
P 0x7fb20a09bc08
C 294
R
P 0x7fb20a09bc08
P 0x7fb20a0ba3f8
C 9
R
P 0x7fb20a09bc08
C 294
R
P 0x7fb20a09bc08
P 0x7fb20a0b9d38
P 0x7fb20a0ba3f8
C 73
= 0x7fb20a0c0be8
R
P 0x7fb20a09bc08
C 294
R
P 0x7fb20a09bc08
P 0x7fb20a0c0be8
C 9
R
P 0x7fb20a09bc08
C 294
R
P 0x7fb20a09bc08
U 2
P 0x7fb20a0c0bb0
P 0x7fb20a0c0be8
p 2
C 62
= 0x7fb20a0c0c20
R
P 0x7fb20a09bc08
C 294
R
P 0x7fb20a09bc08
P 0x7fb20a0c0c20
C 9
R
P 0x7fb20a09bc08
C 294
R
P 0x7fb20a09bc08
I 1
P 0x7fb20a0b8cd8
C 145
= 0x7fb20a0b96b8
R
P 0x7fb20a09bc08
C 294
R
P 0x7fb20a09bc08
P 0x7fb20a0b96b8
C 9
R
P 0x7fb20a09bc08
C 294
R
P 0x7fb20a09bc08
P 0x7fb20a0b96b8
P 0x7fb20a0b9d58
C 73
= 0x7fb20a0c0c58
R
P 0x7fb20a09bc08
C 294
R
P 0x7fb20a09bc08
P 0x7fb20a0c0c58
C 9
R
P 0x7fb20a09bc08
C 294
R
P 0x7fb20a09bc08
I 9
P 0x7fb20a0b8cd8
C 145
= 0x7fb20a0ba3f8
R
P 0x7fb20a09bc08
C 294
R
P 0x7fb20a09bc08
P 0x7fb20a0ba3f8
C 9
R
P 0x7fb20a09bc08
C 294
R
P 0x7fb20a09bc08
P 0x7fb20a0b9d58
P 0x7fb20a0ba3f8
C 73
= 0x7fb20a0c0c90
R
P 0x7fb20a09bc08
C 294
R
P 0x7fb20a09bc08
P 0x7fb20a0c0c90
C 9
R
P 0x7fb20a09bc08
C 294
R
P 0x7fb20a09bc08
U 2
P 0x7fb20a0c0c58
P 0x7fb20a0c0c90
p 2
C 62
= 0x7fb20a0c0cc8
R
P 0x7fb20a09bc08
C 294
R
P 0x7fb20a09bc08
P 0x7fb20a0c0cc8
C 9
R
P 0x7fb20a09bc08
C 294
R
P 0x7fb20a09bc08
I 1
P 0x7fb20a0b8cd8
C 145
= 0x7fb20a0b96b8
R
P 0x7fb20a09bc08
C 294
R
P 0x7fb20a09bc08
P 0x7fb20a0b96b8
C 9
R
P 0x7fb20a09bc08
C 294
R
P 0x7fb20a09bc08
P 0x7fb20a0b96b8
P 0x7fb20a0b9d78
C 73
= 0x7fb20a0c0d00
R
P 0x7fb20a09bc08
C 294
R
P 0x7fb20a09bc08
P 0x7fb20a0c0d00
C 9
R
P 0x7fb20a09bc08
C 294
R
P 0x7fb20a09bc08
I 9
P 0x7fb20a0b8cd8
C 145
= 0x7fb20a0ba3f8
R
P 0x7fb20a09bc08
C 294
R
P 0x7fb20a09bc08
P 0x7fb20a0ba3f8
C 9
R
P 0x7fb20a09bc08
C 294
R
P 0x7fb20a09bc08
P 0x7fb20a0b9d78
P 0x7fb20a0ba3f8
C 73
= 0x7fb20a0c0d38
R
P 0x7fb20a09bc08
C 294
R
P 0x7fb20a09bc08
P 0x7fb20a0c0d38
C 9
R
P 0x7fb20a09bc08
C 294
R
P 0x7fb20a09bc08
U 2
P 0x7fb20a0c0d00
P 0x7fb20a0c0d38
p 2
C 62
= 0x7fb20a0c0d70
R
P 0x7fb20a09bc08
C 294
R
P 0x7fb20a09bc08
P 0x7fb20a0c0d70
C 9
R
P 0x7fb20a09bc08
C 294
R
P 0x7fb20a09bc08
I 1
P 0x7fb20a0b8cd8
C 145
= 0x7fb20a0b96b8
R
P 0x7fb20a09bc08
C 294
R
P 0x7fb20a09bc08
P 0x7fb20a0b96b8
C 9
R
P 0x7fb20a09bc08
C 294
R
P 0x7fb20a09bc08
P 0x7fb20a0b96b8
P 0x7fb20a0b9d98
C 73
= 0x7fb20a0c0da8
R
P 0x7fb20a09bc08
C 294
R
P 0x7fb20a09bc08
P 0x7fb20a0c0da8
C 9
R
P 0x7fb20a09bc08
C 294
R
P 0x7fb20a09bc08
I 9
P 0x7fb20a0b8cd8
C 145
= 0x7fb20a0ba3f8
R
P 0x7fb20a09bc08
C 294
R
P 0x7fb20a09bc08
P 0x7fb20a0ba3f8
C 9
R
P 0x7fb20a09bc08
C 294
R
P 0x7fb20a09bc08
P 0x7fb20a0b9d98
P 0x7fb20a0ba3f8
C 73
= 0x7fb20a0c0de0
R
P 0x7fb20a09bc08
C 294
R
P 0x7fb20a09bc08
P 0x7fb20a0c0de0
C 9
R
P 0x7fb20a09bc08
C 294
R
P 0x7fb20a09bc08
U 2
P 0x7fb20a0c0da8
P 0x7fb20a0c0de0
p 2
C 62
= 0x7fb20a0c0e18
R
P 0x7fb20a09bc08
C 294
R
P 0x7fb20a09bc08
P 0x7fb20a0c0e18
C 9
R
P 0x7fb20a09bc08
C 294
R
P 0x7fb20a09bc08
I 1
P 0x7fb20a0b8cd8
C 145
= 0x7fb20a0b96b8
R
P 0x7fb20a09bc08
C 294
R
P 0x7fb20a09bc08
P 0x7fb20a0b96b8
C 9
R
P 0x7fb20a09bc08
C 294
R
P 0x7fb20a09bc08
P 0x7fb20a0b96b8
P 0x7fb20a0b9db8
C 73
= 0x7fb20a0c0e50
R
P 0x7fb20a09bc08
C 294
R
P 0x7fb20a09bc08
P 0x7fb20a0c0e50
C 9
R
P 0x7fb20a09bc08
C 294
R
P 0x7fb20a09bc08
I 9
P 0x7fb20a0b8cd8
C 145
= 0x7fb20a0ba3f8
R
P 0x7fb20a09bc08
C 294
R
P 0x7fb20a09bc08
P 0x7fb20a0ba3f8
C 9
R
P 0x7fb20a09bc08
C 294
R
P 0x7fb20a09bc08
P 0x7fb20a0b9db8
P 0x7fb20a0ba3f8
C 73
= 0x7fb20a0c0e88
R
P 0x7fb20a09bc08
C 294
R
P 0x7fb20a09bc08
P 0x7fb20a0c0e88
C 9
R
P 0x7fb20a09bc08
C 294
R
P 0x7fb20a09bc08
U 2
P 0x7fb20a0c0e50
P 0x7fb20a0c0e88
p 2
C 62
= 0x7fb20a0c0ec0
R
P 0x7fb20a09bc08
C 294
R
P 0x7fb20a09bc08
P 0x7fb20a0c0ec0
C 9
R
P 0x7fb20a09bc08
C 294
R
P 0x7fb20a09bc08
I 1
P 0x7fb20a0b8cd8
C 145
= 0x7fb20a0b96b8
R
P 0x7fb20a09bc08
C 294
R
P 0x7fb20a09bc08
P 0x7fb20a0b96b8
C 9
R
P 0x7fb20a09bc08
C 294
R
P 0x7fb20a09bc08
P 0x7fb20a0b96b8
P 0x7fb20a0b9dd8
C 73
= 0x7fb20a0c0ef8
R
P 0x7fb20a09bc08
C 294
R
P 0x7fb20a09bc08
P 0x7fb20a0c0ef8
C 9
R
P 0x7fb20a09bc08
C 294
R
P 0x7fb20a09bc08
I 9
P 0x7fb20a0b8cd8
C 145
= 0x7fb20a0ba3f8
R
P 0x7fb20a09bc08
C 294
R
P 0x7fb20a09bc08
P 0x7fb20a0ba3f8
C 9
R
P 0x7fb20a09bc08
C 294
R
P 0x7fb20a09bc08
P 0x7fb20a0b9dd8
P 0x7fb20a0ba3f8
C 73
= 0x7fb20a0c0f30
R
P 0x7fb20a09bc08
C 294
R
P 0x7fb20a09bc08
P 0x7fb20a0c0f30
C 9
R
P 0x7fb20a09bc08
C 294
R
P 0x7fb20a09bc08
U 2
P 0x7fb20a0c0ef8
P 0x7fb20a0c0f30
p 2
C 62
= 0x7fb20a0c0f68
R
P 0x7fb20a09bc08
C 294
R
P 0x7fb20a09bc08
P 0x7fb20a0c0f68
C 9
R
P 0x7fb20a09bc08
C 294
R
P 0x7fb20a09bc08
I 1
P 0x7fb20a0b8cd8
C 145
= 0x7fb20a0b96b8
R
P 0x7fb20a09bc08
C 294
R
P 0x7fb20a09bc08
P 0x7fb20a0b96b8
C 9
R
P 0x7fb20a09bc08
C 294
R
P 0x7fb20a09bc08
P 0x7fb20a0b96b8
P 0x7fb20a0b9df8
C 73
= 0x7fb20a0c0fa0
R
P 0x7fb20a09bc08
C 294
R
P 0x7fb20a09bc08
P 0x7fb20a0c0fa0
C 9
R
P 0x7fb20a09bc08
C 294
R
P 0x7fb20a09bc08
I 9
P 0x7fb20a0b8cd8
C 145
= 0x7fb20a0ba3f8
R
P 0x7fb20a09bc08
C 294
R
P 0x7fb20a09bc08
P 0x7fb20a0ba3f8
C 9
R
P 0x7fb20a09bc08
C 294
R
P 0x7fb20a09bc08
P 0x7fb20a0b9df8
P 0x7fb20a0ba3f8
C 73
= 0x7fb20a0c0fd8
R
P 0x7fb20a09bc08
C 294
R
P 0x7fb20a09bc08
P 0x7fb20a0c0fd8
C 9
R
P 0x7fb20a09bc08
C 294
R
P 0x7fb20a09bc08
U 2
P 0x7fb20a0c0fa0
P 0x7fb20a0c0fd8
p 2
C 62
= 0x7fb20a0c1010
R
P 0x7fb20a09bc08
C 294
R
P 0x7fb20a09bc08
P 0x7fb20a0c1010
C 9
R
P 0x7fb20a09bc08
C 294
R
P 0x7fb20a09bc08
I 1
P 0x7fb20a0b8cd8
C 145
= 0x7fb20a0b96b8
R
P 0x7fb20a09bc08
C 294
R
P 0x7fb20a09bc08
P 0x7fb20a0b96b8
C 9
R
P 0x7fb20a09bc08
C 294
R
P 0x7fb20a09bc08
P 0x7fb20a0b96b8
P 0x7fb20a0b9e18
C 73
= 0x7fb20a0c1048
R
P 0x7fb20a09bc08
C 294
R
P 0x7fb20a09bc08
P 0x7fb20a0c1048
C 9
R
P 0x7fb20a09bc08
C 294
R
P 0x7fb20a09bc08
I 9
P 0x7fb20a0b8cd8
C 145
= 0x7fb20a0ba3f8
R
P 0x7fb20a09bc08
C 294
R
P 0x7fb20a09bc08
P 0x7fb20a0ba3f8
C 9
R
P 0x7fb20a09bc08
C 294
R
P 0x7fb20a09bc08
P 0x7fb20a0b9e18
P 0x7fb20a0ba3f8
C 73
= 0x7fb20a0c1080
R
P 0x7fb20a09bc08
C 294
R
P 0x7fb20a09bc08
P 0x7fb20a0c1080
C 9
R
P 0x7fb20a09bc08
C 294
R
P 0x7fb20a09bc08
U 2
P 0x7fb20a0c1048
P 0x7fb20a0c1080
p 2
C 62
= 0x7fb20a0c10b8
R
P 0x7fb20a09bc08
C 294
R
P 0x7fb20a09bc08
P 0x7fb20a0c10b8
C 9
R
P 0x7fb20a09bc08
C 294
R
P 0x7fb20a09bc08
I 1
P 0x7fb20a0b8cd8
C 145
= 0x7fb20a0b96b8
R
P 0x7fb20a09bc08
C 294
R
P 0x7fb20a09bc08
P 0x7fb20a0b96b8
C 9
R
P 0x7fb20a09bc08
C 294
R
P 0x7fb20a09bc08
P 0x7fb20a0b96b8
P 0x7fb20a0b9e38
C 73
= 0x7fb20a0c10f0
R
P 0x7fb20a09bc08
C 294
R
P 0x7fb20a09bc08
P 0x7fb20a0c10f0
C 9
R
P 0x7fb20a09bc08
C 294
R
P 0x7fb20a09bc08
I 9
P 0x7fb20a0b8cd8
C 145
= 0x7fb20a0ba3f8
R
P 0x7fb20a09bc08
C 294
R
P 0x7fb20a09bc08
P 0x7fb20a0ba3f8
C 9
R
P 0x7fb20a09bc08
C 294
R
P 0x7fb20a09bc08
P 0x7fb20a0b9e38
P 0x7fb20a0ba3f8
C 73
= 0x7fb20a0c1128
R
P 0x7fb20a09bc08
C 294
R
P 0x7fb20a09bc08
P 0x7fb20a0c1128
C 9
R
P 0x7fb20a09bc08
C 294
R
P 0x7fb20a09bc08
U 2
P 0x7fb20a0c10f0
P 0x7fb20a0c1128
p 2
C 62
= 0x7fb20a0c1160
R
P 0x7fb20a09bc08
C 294
R
P 0x7fb20a09bc08
P 0x7fb20a0c1160
C 9
R
P 0x7fb20a09bc08
C 294
R
P 0x7fb20a09bc08
I 1
P 0x7fb20a0b8cd8
C 145
= 0x7fb20a0b96b8
R
P 0x7fb20a09bc08
C 294
R
P 0x7fb20a09bc08
P 0x7fb20a0b96b8
C 9
R
P 0x7fb20a09bc08
C 294
R
P 0x7fb20a09bc08
P 0x7fb20a0b96b8
P 0x7fb20a0b9e58
C 73
= 0x7fb20a0c1198
R
P 0x7fb20a09bc08
C 294
R
P 0x7fb20a09bc08
P 0x7fb20a0c1198
C 9
R
P 0x7fb20a09bc08
C 294
R
P 0x7fb20a09bc08
I 9
P 0x7fb20a0b8cd8
C 145
= 0x7fb20a0ba3f8
R
P 0x7fb20a09bc08
C 294
R
P 0x7fb20a09bc08
P 0x7fb20a0ba3f8
C 9
R
P 0x7fb20a09bc08
C 294
R
P 0x7fb20a09bc08
P 0x7fb20a0b9e58
P 0x7fb20a0ba3f8
C 73
= 0x7fb20a0d7418
R
P 0x7fb20a09bc08
C 294
R
P 0x7fb20a09bc08
P 0x7fb20a0d7418
C 9
R
P 0x7fb20a09bc08
C 294
R
P 0x7fb20a09bc08
U 2
P 0x7fb20a0c1198
P 0x7fb20a0d7418
p 2
C 62
= 0x7fb20a0d7450
R
P 0x7fb20a09bc08
C 294
R
P 0x7fb20a09bc08
P 0x7fb20a0d7450
C 9
R
P 0x7fb20a09bc08
C 294
R
P 0x7fb20a09bc08
I 1
P 0x7fb20a0b8cd8
C 145
= 0x7fb20a0b96b8
R
P 0x7fb20a09bc08
C 294
R
P 0x7fb20a09bc08
P 0x7fb20a0b96b8
C 9
R
P 0x7fb20a09bc08
C 294
R
P 0x7fb20a09bc08
P 0x7fb20a0b96b8
P 0x7fb20a0b9e78
C 73
= 0x7fb20a0d7488
R
P 0x7fb20a09bc08
C 294
R
P 0x7fb20a09bc08
P 0x7fb20a0d7488
C 9
R
P 0x7fb20a09bc08
C 294
R
P 0x7fb20a09bc08
I 9
P 0x7fb20a0b8cd8
C 145
= 0x7fb20a0ba3f8
R
P 0x7fb20a09bc08
C 294
R
P 0x7fb20a09bc08
P 0x7fb20a0ba3f8
C 9
R
P 0x7fb20a09bc08
C 294
R
P 0x7fb20a09bc08
P 0x7fb20a0b9e78
P 0x7fb20a0ba3f8
C 73
= 0x7fb20a0d74c0
R
P 0x7fb20a09bc08
C 294
R
P 0x7fb20a09bc08
P 0x7fb20a0d74c0
C 9
R
P 0x7fb20a09bc08
C 294
R
P 0x7fb20a09bc08
U 2
P 0x7fb20a0d7488
P 0x7fb20a0d74c0
p 2
C 62
= 0x7fb20a0d74f8
R
P 0x7fb20a09bc08
C 294
R
P 0x7fb20a09bc08
P 0x7fb20a0d74f8
C 9
R
P 0x7fb20a09bc08
C 294
R
P 0x7fb20a09bc08
I 1
P 0x7fb20a0b8cd8
C 145
= 0x7fb20a0b96b8
R
P 0x7fb20a09bc08
C 294
R
P 0x7fb20a09bc08
P 0x7fb20a0b96b8
C 9
R
P 0x7fb20a09bc08
C 294
R
P 0x7fb20a09bc08
P 0x7fb20a0b96b8
P 0x7fb20a0b9e98
C 73
= 0x7fb20a0d7530
R
P 0x7fb20a09bc08
C 294
R
P 0x7fb20a09bc08
P 0x7fb20a0d7530
C 9
R
P 0x7fb20a09bc08
C 294
R
P 0x7fb20a09bc08
I 9
P 0x7fb20a0b8cd8
C 145
= 0x7fb20a0ba3f8
R
P 0x7fb20a09bc08
C 294
R
P 0x7fb20a09bc08
P 0x7fb20a0ba3f8
C 9
R
P 0x7fb20a09bc08
C 294
R
P 0x7fb20a09bc08
P 0x7fb20a0b9e98
P 0x7fb20a0ba3f8
C 73
= 0x7fb20a0d7568
R
P 0x7fb20a09bc08
C 294
R
P 0x7fb20a09bc08
P 0x7fb20a0d7568
C 9
R
P 0x7fb20a09bc08
C 294
R
P 0x7fb20a09bc08
U 2
P 0x7fb20a0d7530
P 0x7fb20a0d7568
p 2
C 62
= 0x7fb20a0d75a0
R
P 0x7fb20a09bc08
C 294
R
P 0x7fb20a09bc08
P 0x7fb20a0d75a0
C 9
R
P 0x7fb20a09bc08
C 294
R
P 0x7fb20a09bc08
I 1
P 0x7fb20a0b8cd8
C 145
= 0x7fb20a0b96b8
R
P 0x7fb20a09bc08
C 294
R
P 0x7fb20a09bc08
P 0x7fb20a0b96b8
C 9
R
P 0x7fb20a09bc08
C 294
R
P 0x7fb20a09bc08
P 0x7fb20a0b96b8
P 0x7fb20a0b9eb8
C 73
= 0x7fb20a0d75d8
R
P 0x7fb20a09bc08
C 294
R
P 0x7fb20a09bc08
P 0x7fb20a0d75d8
C 9
R
P 0x7fb20a09bc08
C 294
R
P 0x7fb20a09bc08
I 9
P 0x7fb20a0b8cd8
C 145
= 0x7fb20a0ba3f8
R
P 0x7fb20a09bc08
C 294
R
P 0x7fb20a09bc08
P 0x7fb20a0ba3f8
C 9
R
P 0x7fb20a09bc08
C 294
R
P 0x7fb20a09bc08
P 0x7fb20a0b9eb8
P 0x7fb20a0ba3f8
C 73
= 0x7fb20a0d7610
R
P 0x7fb20a09bc08
C 294
R
P 0x7fb20a09bc08
P 0x7fb20a0d7610
C 9
R
P 0x7fb20a09bc08
C 294
R
P 0x7fb20a09bc08
U 2
P 0x7fb20a0d75d8
P 0x7fb20a0d7610
p 2
C 62
= 0x7fb20a0d7648
R
P 0x7fb20a09bc08
C 294
R
P 0x7fb20a09bc08
P 0x7fb20a0d7648
C 9
R
P 0x7fb20a09bc08
C 294
R
P 0x7fb20a09bc08
I 1
P 0x7fb20a0b8cd8
C 145
= 0x7fb20a0b96b8
R
P 0x7fb20a09bc08
C 294
R
P 0x7fb20a09bc08
P 0x7fb20a0b96b8
C 9
R
P 0x7fb20a09bc08
C 294
R
P 0x7fb20a09bc08
P 0x7fb20a0b96b8
P 0x7fb20a0b9ed8
C 73
= 0x7fb20a0d7680
R
P 0x7fb20a09bc08
C 294
R
P 0x7fb20a09bc08
P 0x7fb20a0d7680
C 9
R
P 0x7fb20a09bc08
C 294
R
P 0x7fb20a09bc08
I 9
P 0x7fb20a0b8cd8
C 145
= 0x7fb20a0ba3f8
R
P 0x7fb20a09bc08
C 294
R
P 0x7fb20a09bc08
P 0x7fb20a0ba3f8
C 9
R
P 0x7fb20a09bc08
C 294
R
P 0x7fb20a09bc08
P 0x7fb20a0b9ed8
P 0x7fb20a0ba3f8
C 73
= 0x7fb20a0d76b8
R
P 0x7fb20a09bc08
C 294
R
P 0x7fb20a09bc08
P 0x7fb20a0d76b8
C 9
R
P 0x7fb20a09bc08
C 294
R
P 0x7fb20a09bc08
U 2
P 0x7fb20a0d7680
P 0x7fb20a0d76b8
p 2
C 62
= 0x7fb20a0d76f0
R
P 0x7fb20a09bc08
C 294
R
P 0x7fb20a09bc08
P 0x7fb20a0d76f0
C 9
R
P 0x7fb20a09bc08
C 294
R
P 0x7fb20a09bc08
I 1
P 0x7fb20a0b8cd8
C 145
= 0x7fb20a0b96b8
R
P 0x7fb20a09bc08
C 294
R
P 0x7fb20a09bc08
P 0x7fb20a0b96b8
C 9
R
P 0x7fb20a09bc08
C 294
R
P 0x7fb20a09bc08
P 0x7fb20a0b96b8
P 0x7fb20a0b9ef8
C 73
= 0x7fb20a0d7728
R
P 0x7fb20a09bc08
C 294
R
P 0x7fb20a09bc08
P 0x7fb20a0d7728
C 9
R
P 0x7fb20a09bc08
C 294
R
P 0x7fb20a09bc08
I 9
P 0x7fb20a0b8cd8
C 145
= 0x7fb20a0ba3f8
R
P 0x7fb20a09bc08
C 294
R
P 0x7fb20a09bc08
P 0x7fb20a0ba3f8
C 9
R
P 0x7fb20a09bc08
C 294
R
P 0x7fb20a09bc08
P 0x7fb20a0b9ef8
P 0x7fb20a0ba3f8
C 73
= 0x7fb20a0d7760
R
P 0x7fb20a09bc08
C 294
R
P 0x7fb20a09bc08
P 0x7fb20a0d7760
C 9
R
P 0x7fb20a09bc08
C 294
R
P 0x7fb20a09bc08
U 2
P 0x7fb20a0d7728
P 0x7fb20a0d7760
p 2
C 62
= 0x7fb20a0d7798
R
P 0x7fb20a09bc08
C 294
R
P 0x7fb20a09bc08
P 0x7fb20a0d7798
C 9
R
P 0x7fb20a09bc08
C 294
R
P 0x7fb20a09bc08
I 1
P 0x7fb20a0b8cd8
C 145
= 0x7fb20a0b96b8
R
P 0x7fb20a09bc08
C 294
R
P 0x7fb20a09bc08
P 0x7fb20a0b96b8
C 9
R
P 0x7fb20a09bc08
C 294
R
P 0x7fb20a09bc08
P 0x7fb20a0b96b8
P 0x7fb20a0b9f18
C 73
= 0x7fb20a0d77d0
R
P 0x7fb20a09bc08
C 294
R
P 0x7fb20a09bc08
P 0x7fb20a0d77d0
C 9
R
P 0x7fb20a09bc08
C 294
R
P 0x7fb20a09bc08
I 9
P 0x7fb20a0b8cd8
C 145
= 0x7fb20a0ba3f8
R
P 0x7fb20a09bc08
C 294
R
P 0x7fb20a09bc08
P 0x7fb20a0ba3f8
C 9
R
P 0x7fb20a09bc08
C 294
R
P 0x7fb20a09bc08
P 0x7fb20a0b9f18
P 0x7fb20a0ba3f8
C 73
= 0x7fb20a0d7808
R
P 0x7fb20a09bc08
C 294
R
P 0x7fb20a09bc08
P 0x7fb20a0d7808
C 9
R
P 0x7fb20a09bc08
C 294
R
P 0x7fb20a09bc08
U 2
P 0x7fb20a0d77d0
P 0x7fb20a0d7808
p 2
C 62
= 0x7fb20a0d7840
R
P 0x7fb20a09bc08
C 294
R
P 0x7fb20a09bc08
P 0x7fb20a0d7840
C 9
R
P 0x7fb20a09bc08
C 294
R
P 0x7fb20a09bc08
I 1
P 0x7fb20a0b8cd8
C 145
= 0x7fb20a0b96b8
R
P 0x7fb20a09bc08
C 294
R
P 0x7fb20a09bc08
P 0x7fb20a0b96b8
C 9
R
P 0x7fb20a09bc08
C 294
R
P 0x7fb20a09bc08
P 0x7fb20a0b96b8
P 0x7fb20a0b9f38
C 73
= 0x7fb20a0d7878
R
P 0x7fb20a09bc08
C 294
R
P 0x7fb20a09bc08
P 0x7fb20a0d7878
C 9
R
P 0x7fb20a09bc08
C 294
R
P 0x7fb20a09bc08
I 9
P 0x7fb20a0b8cd8
C 145
= 0x7fb20a0ba3f8
R
P 0x7fb20a09bc08
C 294
R
P 0x7fb20a09bc08
P 0x7fb20a0ba3f8
C 9
R
P 0x7fb20a09bc08
C 294
R
P 0x7fb20a09bc08
P 0x7fb20a0b9f38
P 0x7fb20a0ba3f8
C 73
= 0x7fb20a0d78b0
R
P 0x7fb20a09bc08
C 294
R
P 0x7fb20a09bc08
P 0x7fb20a0d78b0
C 9
R
P 0x7fb20a09bc08
C 294
R
P 0x7fb20a09bc08
U 2
P 0x7fb20a0d7878
P 0x7fb20a0d78b0
p 2
C 62
= 0x7fb20a0d78e8
R
P 0x7fb20a09bc08
C 294
R
P 0x7fb20a09bc08
P 0x7fb20a0d78e8
C 9
R
P 0x7fb20a09bc08
C 294
R
P 0x7fb20a09bc08
I 1
P 0x7fb20a0b8cd8
C 145
= 0x7fb20a0b96b8
R
P 0x7fb20a09bc08
C 294
R
P 0x7fb20a09bc08
P 0x7fb20a0b96b8
C 9
R
P 0x7fb20a09bc08
C 294
R
P 0x7fb20a09bc08
P 0x7fb20a0b96b8
P 0x7fb20a0b9f58
C 73
= 0x7fb20a0d7920
R
P 0x7fb20a09bc08
C 294
R
P 0x7fb20a09bc08
P 0x7fb20a0d7920
C 9
R
P 0x7fb20a09bc08
C 294
R
P 0x7fb20a09bc08
I 9
P 0x7fb20a0b8cd8
C 145
= 0x7fb20a0ba3f8
R
P 0x7fb20a09bc08
C 294
R
P 0x7fb20a09bc08
P 0x7fb20a0ba3f8
C 9
R
P 0x7fb20a09bc08
C 294
R
P 0x7fb20a09bc08
P 0x7fb20a0b9f58
P 0x7fb20a0ba3f8
C 73
= 0x7fb20a0d7958
R
P 0x7fb20a09bc08
C 294
R
P 0x7fb20a09bc08
P 0x7fb20a0d7958
C 9
R
P 0x7fb20a09bc08
C 294
R
P 0x7fb20a09bc08
U 2
P 0x7fb20a0d7920
P 0x7fb20a0d7958
p 2
C 62
= 0x7fb20a0d7990
R
P 0x7fb20a09bc08
C 294
R
P 0x7fb20a09bc08
P 0x7fb20a0d7990
C 9
R
P 0x7fb20a09bc08
C 294
R
P 0x7fb20a09bc08
I 1
P 0x7fb20a0b8cd8
C 145
= 0x7fb20a0b96b8
R
P 0x7fb20a09bc08
C 294
R
P 0x7fb20a09bc08
P 0x7fb20a0b96b8
C 9
R
P 0x7fb20a09bc08
C 294
R
P 0x7fb20a09bc08
P 0x7fb20a0b96b8
P 0x7fb20a0b9f78
C 73
= 0x7fb20a0d79c8
R
P 0x7fb20a09bc08
C 294
R
P 0x7fb20a09bc08
P 0x7fb20a0d79c8
C 9
R
P 0x7fb20a09bc08
C 294
R
P 0x7fb20a09bc08
I 9
P 0x7fb20a0b8cd8
C 145
= 0x7fb20a0ba3f8
R
P 0x7fb20a09bc08
C 294
R
P 0x7fb20a09bc08
P 0x7fb20a0ba3f8
C 9
R
P 0x7fb20a09bc08
C 294
R
P 0x7fb20a09bc08
P 0x7fb20a0b9f78
P 0x7fb20a0ba3f8
C 73
= 0x7fb20a0d7a00
R
P 0x7fb20a09bc08
C 294
R
P 0x7fb20a09bc08
P 0x7fb20a0d7a00
C 9
R
P 0x7fb20a09bc08
C 294
R
P 0x7fb20a09bc08
U 2
P 0x7fb20a0d79c8
P 0x7fb20a0d7a00
p 2
C 62
= 0x7fb20a0d7a38
R
P 0x7fb20a09bc08
C 294
R
P 0x7fb20a09bc08
P 0x7fb20a0d7a38
C 9
R
P 0x7fb20a09bc08
C 294
R
P 0x7fb20a09bc08
I 1
P 0x7fb20a0b8cd8
C 145
= 0x7fb20a0b96b8
R
P 0x7fb20a09bc08
C 294
R
P 0x7fb20a09bc08
P 0x7fb20a0b96b8
C 9
R
P 0x7fb20a09bc08
C 294
R
P 0x7fb20a09bc08
P 0x7fb20a0b96b8
P 0x7fb20a0b9f98
C 73
= 0x7fb20a0d7a70
R
P 0x7fb20a09bc08
C 294
R
P 0x7fb20a09bc08
P 0x7fb20a0d7a70
C 9
R
P 0x7fb20a09bc08
C 294
R
P 0x7fb20a09bc08
I 9
P 0x7fb20a0b8cd8
C 145
= 0x7fb20a0ba3f8
R
P 0x7fb20a09bc08
C 294
R
P 0x7fb20a09bc08
P 0x7fb20a0ba3f8
C 9
R
P 0x7fb20a09bc08
C 294
R
P 0x7fb20a09bc08
P 0x7fb20a0b9f98
P 0x7fb20a0ba3f8
C 73
= 0x7fb20a0d7aa8
R
P 0x7fb20a09bc08
C 294
R
P 0x7fb20a09bc08
P 0x7fb20a0d7aa8
C 9
R
P 0x7fb20a09bc08
C 294
R
P 0x7fb20a09bc08
U 2
P 0x7fb20a0d7a70
P 0x7fb20a0d7aa8
p 2
C 62
= 0x7fb20a0d7ae0
R
P 0x7fb20a09bc08
C 294
R
P 0x7fb20a09bc08
P 0x7fb20a0d7ae0
C 9
R
P 0x7fb20a09bc08
C 294
R
P 0x7fb20a09bc08
I 1
P 0x7fb20a0b8cd8
C 145
= 0x7fb20a0b96b8
R
P 0x7fb20a09bc08
C 294
R
P 0x7fb20a09bc08
P 0x7fb20a0b96b8
C 9
R
P 0x7fb20a09bc08
C 294
R
P 0x7fb20a09bc08
P 0x7fb20a0b96b8
P 0x7fb20a0b9fb8
C 73
= 0x7fb20a0d7b18
R
P 0x7fb20a09bc08
C 294
R
P 0x7fb20a09bc08
P 0x7fb20a0d7b18
C 9
R
P 0x7fb20a09bc08
C 294
R
P 0x7fb20a09bc08
I 9
P 0x7fb20a0b8cd8
C 145
= 0x7fb20a0ba3f8
R
P 0x7fb20a09bc08
C 294
R
P 0x7fb20a09bc08
P 0x7fb20a0ba3f8
C 9
R
P 0x7fb20a09bc08
C 294
R
P 0x7fb20a09bc08
P 0x7fb20a0b9fb8
P 0x7fb20a0ba3f8
C 73
= 0x7fb20a0d7b50
R
P 0x7fb20a09bc08
C 294
R
P 0x7fb20a09bc08
P 0x7fb20a0d7b50
C 9
R
P 0x7fb20a09bc08
C 294
R
P 0x7fb20a09bc08
U 2
P 0x7fb20a0d7b18
P 0x7fb20a0d7b50
p 2
C 62
= 0x7fb20a0d7b88
R
P 0x7fb20a09bc08
C 294
R
P 0x7fb20a09bc08
P 0x7fb20a0d7b88
C 9
R
P 0x7fb20a09bc08
C 294
R
P 0x7fb20a09bc08
I 1
P 0x7fb20a0b8cd8
C 145
= 0x7fb20a0b96b8
R
P 0x7fb20a09bc08
C 294
R
P 0x7fb20a09bc08
P 0x7fb20a0b96b8
C 9
R
P 0x7fb20a09bc08
C 294
R
P 0x7fb20a09bc08
P 0x7fb20a0b96b8
P 0x7fb20a0b9fd8
C 73
= 0x7fb20a0d7bc0
R
P 0x7fb20a09bc08
C 294
R
P 0x7fb20a09bc08
P 0x7fb20a0d7bc0
C 9
R
P 0x7fb20a09bc08
C 294
R
P 0x7fb20a09bc08
I 9
P 0x7fb20a0b8cd8
C 145
= 0x7fb20a0ba3f8
R
P 0x7fb20a09bc08
C 294
R
P 0x7fb20a09bc08
P 0x7fb20a0ba3f8
C 9
R
P 0x7fb20a09bc08
C 294
R
P 0x7fb20a09bc08
P 0x7fb20a0b9fd8
P 0x7fb20a0ba3f8
C 73
= 0x7fb20a0d7bf8
R
P 0x7fb20a09bc08
C 294
R
P 0x7fb20a09bc08
P 0x7fb20a0d7bf8
C 9
R
P 0x7fb20a09bc08
C 294
R
P 0x7fb20a09bc08
U 2
P 0x7fb20a0d7bc0
P 0x7fb20a0d7bf8
p 2
C 62
= 0x7fb20a0d7c30
R
P 0x7fb20a09bc08
C 294
R
P 0x7fb20a09bc08
P 0x7fb20a0d7c30
C 9
R
P 0x7fb20a09bc08
C 294
R
P 0x7fb20a09bc08
I 1
P 0x7fb20a0b8cd8
C 145
= 0x7fb20a0b96b8
R
P 0x7fb20a09bc08
C 294
R
P 0x7fb20a09bc08
P 0x7fb20a0b96b8
C 9
R
P 0x7fb20a09bc08
C 294
R
P 0x7fb20a09bc08
P 0x7fb20a0b96b8
P 0x7fb20a0b9ff8
C 73
= 0x7fb20a0d7c68
R
P 0x7fb20a09bc08
C 294
R
P 0x7fb20a09bc08
P 0x7fb20a0d7c68
C 9
R
P 0x7fb20a09bc08
C 294
R
P 0x7fb20a09bc08
I 9
P 0x7fb20a0b8cd8
C 145
= 0x7fb20a0ba3f8
R
P 0x7fb20a09bc08
C 294
R
P 0x7fb20a09bc08
P 0x7fb20a0ba3f8
C 9
R
P 0x7fb20a09bc08
C 294
R
P 0x7fb20a09bc08
P 0x7fb20a0b9ff8
P 0x7fb20a0ba3f8
C 73
= 0x7fb20a0d7ca0
R
P 0x7fb20a09bc08
C 294
R
P 0x7fb20a09bc08
P 0x7fb20a0d7ca0
C 9
R
P 0x7fb20a09bc08
C 294
R
P 0x7fb20a09bc08
U 2
P 0x7fb20a0d7c68
P 0x7fb20a0d7ca0
p 2
C 62
= 0x7fb20a0d7cd8
R
P 0x7fb20a09bc08
C 294
R
P 0x7fb20a09bc08
P 0x7fb20a0d7cd8
C 9
R
P 0x7fb20a09bc08
C 294
R
P 0x7fb20a09bc08
I 1
P 0x7fb20a0b8cd8
C 145
= 0x7fb20a0b96b8
R
P 0x7fb20a09bc08
C 294
R
P 0x7fb20a09bc08
P 0x7fb20a0b96b8
C 9
R
P 0x7fb20a09bc08
C 294
R
P 0x7fb20a09bc08
P 0x7fb20a0b96b8
P 0x7fb20a0ba018
C 73
= 0x7fb20a0d7d10
R
P 0x7fb20a09bc08
C 294
R
P 0x7fb20a09bc08
P 0x7fb20a0d7d10
C 9
R
P 0x7fb20a09bc08
C 294
R
P 0x7fb20a09bc08
I 9
P 0x7fb20a0b8cd8
C 145
= 0x7fb20a0ba3f8
R
P 0x7fb20a09bc08
C 294
R
P 0x7fb20a09bc08
P 0x7fb20a0ba3f8
C 9
R
P 0x7fb20a09bc08
C 294
R
P 0x7fb20a09bc08
P 0x7fb20a0ba018
P 0x7fb20a0ba3f8
C 73
= 0x7fb20a0d7d48
R
P 0x7fb20a09bc08
C 294
R
P 0x7fb20a09bc08
P 0x7fb20a0d7d48
C 9
R
P 0x7fb20a09bc08
C 294
R
P 0x7fb20a09bc08
U 2
P 0x7fb20a0d7d10
P 0x7fb20a0d7d48
p 2
C 62
= 0x7fb20a0d7d80
R
P 0x7fb20a09bc08
C 294
R
P 0x7fb20a09bc08
P 0x7fb20a0d7d80
C 9
R
P 0x7fb20a09bc08
C 294
R
P 0x7fb20a09bc08
I 1
P 0x7fb20a0b8cd8
C 145
= 0x7fb20a0b96b8
R
P 0x7fb20a09bc08
C 294
R
P 0x7fb20a09bc08
P 0x7fb20a0b96b8
C 9
R
P 0x7fb20a09bc08
C 294
R
P 0x7fb20a09bc08
P 0x7fb20a0b96b8
P 0x7fb20a0ba038
C 73
= 0x7fb20a0d7db8
R
P 0x7fb20a09bc08
C 294
R
P 0x7fb20a09bc08
P 0x7fb20a0d7db8
C 9
R
P 0x7fb20a09bc08
C 294
R
P 0x7fb20a09bc08
I 9
P 0x7fb20a0b8cd8
C 145
= 0x7fb20a0ba3f8
R
P 0x7fb20a09bc08
C 294
R
P 0x7fb20a09bc08
P 0x7fb20a0ba3f8
C 9
R
P 0x7fb20a09bc08
C 294
R
P 0x7fb20a09bc08
P 0x7fb20a0ba038
P 0x7fb20a0ba3f8
C 73
= 0x7fb20a0d7df0
R
P 0x7fb20a09bc08
C 294
R
P 0x7fb20a09bc08
P 0x7fb20a0d7df0
C 9
R
P 0x7fb20a09bc08
C 294
R
P 0x7fb20a09bc08
U 2
P 0x7fb20a0d7db8
P 0x7fb20a0d7df0
p 2
C 62
= 0x7fb20a0d7e28
R
P 0x7fb20a09bc08
C 294
R
P 0x7fb20a09bc08
P 0x7fb20a0d7e28
C 9
R
P 0x7fb20a09bc08
C 294
R
P 0x7fb20a09bc08
I 1
P 0x7fb20a0b8cd8
C 145
= 0x7fb20a0b96b8
R
P 0x7fb20a09bc08
C 294
R
P 0x7fb20a09bc08
P 0x7fb20a0b96b8
C 9
R
P 0x7fb20a09bc08
C 294
R
P 0x7fb20a09bc08
P 0x7fb20a0b96b8
P 0x7fb20a0ba058
C 73
= 0x7fb20a0d7e60
R
P 0x7fb20a09bc08
C 294
R
P 0x7fb20a09bc08
P 0x7fb20a0d7e60
C 9
R
P 0x7fb20a09bc08
C 294
R
P 0x7fb20a09bc08
I 9
P 0x7fb20a0b8cd8
C 145
= 0x7fb20a0ba3f8
R
P 0x7fb20a09bc08
C 294
R
P 0x7fb20a09bc08
P 0x7fb20a0ba3f8
C 9
R
P 0x7fb20a09bc08
C 294
R
P 0x7fb20a09bc08
P 0x7fb20a0ba058
P 0x7fb20a0ba3f8
C 73
= 0x7fb20a0d7e98
R
P 0x7fb20a09bc08
C 294
R
P 0x7fb20a09bc08
P 0x7fb20a0d7e98
C 9
R
P 0x7fb20a09bc08
C 294
R
P 0x7fb20a09bc08
U 2
P 0x7fb20a0d7e60
P 0x7fb20a0d7e98
p 2
C 62
= 0x7fb20a0d7ed0
R
P 0x7fb20a09bc08
C 294
R
P 0x7fb20a09bc08
P 0x7fb20a0d7ed0
C 9
R
P 0x7fb20a09bc08
C 294
R
P 0x7fb20a09bc08
I 1
P 0x7fb20a0b8cd8
C 145
= 0x7fb20a0b96b8
R
P 0x7fb20a09bc08
C 294
R
P 0x7fb20a09bc08
P 0x7fb20a0b96b8
C 9
R
P 0x7fb20a09bc08
C 294
R
P 0x7fb20a09bc08
P 0x7fb20a0b96b8
P 0x7fb20a0ba078
C 73
= 0x7fb20a0d7f08
R
P 0x7fb20a09bc08
C 294
R
P 0x7fb20a09bc08
P 0x7fb20a0d7f08
C 9
R
P 0x7fb20a09bc08
C 294
R
P 0x7fb20a09bc08
I 9
P 0x7fb20a0b8cd8
C 145
= 0x7fb20a0ba3f8
R
P 0x7fb20a09bc08
C 294
R
P 0x7fb20a09bc08
P 0x7fb20a0ba3f8
C 9
R
P 0x7fb20a09bc08
C 294
R
P 0x7fb20a09bc08
P 0x7fb20a0ba078
P 0x7fb20a0ba3f8
C 73
= 0x7fb20a0d7f40
R
P 0x7fb20a09bc08
C 294
R
P 0x7fb20a09bc08
P 0x7fb20a0d7f40
C 9
R
P 0x7fb20a09bc08
C 294
R
P 0x7fb20a09bc08
U 2
P 0x7fb20a0d7f08
P 0x7fb20a0d7f40
p 2
C 62
= 0x7fb20a0d7f78
R
P 0x7fb20a09bc08
C 294
R
P 0x7fb20a09bc08
P 0x7fb20a0d7f78
C 9
R
P 0x7fb20a09bc08
C 294
R
P 0x7fb20a09bc08
I 1
P 0x7fb20a0b8cd8
C 145
= 0x7fb20a0b96b8
R
P 0x7fb20a09bc08
C 294
R
P 0x7fb20a09bc08
P 0x7fb20a0b96b8
C 9
R
P 0x7fb20a09bc08
C 294
R
P 0x7fb20a09bc08
P 0x7fb20a0b96b8
P 0x7fb20a0ba098
C 73
= 0x7fb20a0d7fb0
R
P 0x7fb20a09bc08
C 294
R
P 0x7fb20a09bc08
P 0x7fb20a0d7fb0
C 9
R
P 0x7fb20a09bc08
C 294
R
P 0x7fb20a09bc08
I 9
P 0x7fb20a0b8cd8
C 145
= 0x7fb20a0ba3f8
R
P 0x7fb20a09bc08
C 294
R
P 0x7fb20a09bc08
P 0x7fb20a0ba3f8
C 9
R
P 0x7fb20a09bc08
C 294
R
P 0x7fb20a09bc08
P 0x7fb20a0ba098
P 0x7fb20a0ba3f8
C 73
= 0x7fb20a0d7fe8
R
P 0x7fb20a09bc08
C 294
R
P 0x7fb20a09bc08
P 0x7fb20a0d7fe8
C 9
R
P 0x7fb20a09bc08
C 294
R
P 0x7fb20a09bc08
U 2
P 0x7fb20a0d7fb0
P 0x7fb20a0d7fe8
p 2
C 62
= 0x7fb20a0d8020
R
P 0x7fb20a09bc08
C 294
R
P 0x7fb20a09bc08
P 0x7fb20a0d8020
C 9
R
P 0x7fb20a09bc08
C 294
R
P 0x7fb20a09bc08
I 1
P 0x7fb20a0b8cd8
C 145
= 0x7fb20a0b96b8
R
P 0x7fb20a09bc08
C 294
R
P 0x7fb20a09bc08
P 0x7fb20a0b96b8
C 9
R
P 0x7fb20a09bc08
C 294
R
P 0x7fb20a09bc08
P 0x7fb20a0b96b8
P 0x7fb20a0ba0b8
C 73
= 0x7fb20a0d8058
R
P 0x7fb20a09bc08
C 294
R
P 0x7fb20a09bc08
P 0x7fb20a0d8058
C 9
R
P 0x7fb20a09bc08
C 294
R
P 0x7fb20a09bc08
I 9
P 0x7fb20a0b8cd8
C 145
= 0x7fb20a0ba3f8
R
P 0x7fb20a09bc08
C 294
R
P 0x7fb20a09bc08
P 0x7fb20a0ba3f8
C 9
R
P 0x7fb20a09bc08
C 294
R
P 0x7fb20a09bc08
P 0x7fb20a0ba0b8
P 0x7fb20a0ba3f8
C 73
= 0x7fb20a0d8090
R
P 0x7fb20a09bc08
C 294
R
P 0x7fb20a09bc08
P 0x7fb20a0d8090
C 9
R
P 0x7fb20a09bc08
C 294
R
P 0x7fb20a09bc08
U 2
P 0x7fb20a0d8058
P 0x7fb20a0d8090
p 2
C 62
= 0x7fb20a0d80c8
R
P 0x7fb20a09bc08
C 294
R
P 0x7fb20a09bc08
P 0x7fb20a0d80c8
C 9
R
P 0x7fb20a09bc08
C 294
R
P 0x7fb20a09bc08
I 1
P 0x7fb20a0b8cd8
C 145
= 0x7fb20a0b96b8
R
P 0x7fb20a09bc08
C 294
R
P 0x7fb20a09bc08
P 0x7fb20a0b96b8
C 9
R
P 0x7fb20a09bc08
C 294
R
P 0x7fb20a09bc08
P 0x7fb20a0b96b8
P 0x7fb20a0ba0d8
C 73
= 0x7fb20a0d8100
R
P 0x7fb20a09bc08
C 294
R
P 0x7fb20a09bc08
P 0x7fb20a0d8100
C 9
R
P 0x7fb20a09bc08
C 294
R
P 0x7fb20a09bc08
I 9
P 0x7fb20a0b8cd8
C 145
= 0x7fb20a0ba3f8
R
P 0x7fb20a09bc08
C 294
R
P 0x7fb20a09bc08
P 0x7fb20a0ba3f8
C 9
R
P 0x7fb20a09bc08
C 294
R
P 0x7fb20a09bc08
P 0x7fb20a0ba0d8
P 0x7fb20a0ba3f8
C 73
= 0x7fb20a0d8138
R
P 0x7fb20a09bc08
C 294
R
P 0x7fb20a09bc08
P 0x7fb20a0d8138
C 9
R
P 0x7fb20a09bc08
C 294
R
P 0x7fb20a09bc08
U 2
P 0x7fb20a0d8100
P 0x7fb20a0d8138
p 2
C 62
= 0x7fb20a0d8170
R
P 0x7fb20a09bc08
C 294
R
P 0x7fb20a09bc08
P 0x7fb20a0d8170
C 9
R
P 0x7fb20a09bc08
C 294
R
P 0x7fb20a09bc08
I 1
P 0x7fb20a0b8cd8
C 145
= 0x7fb20a0b96b8
R
P 0x7fb20a09bc08
C 294
R
P 0x7fb20a09bc08
P 0x7fb20a0b96b8
C 9
R
P 0x7fb20a09bc08
C 294
R
P 0x7fb20a09bc08
P 0x7fb20a0b96b8
P 0x7fb20a0ba0f8
C 73
= 0x7fb20a0d81a8
R
P 0x7fb20a09bc08
C 294
R
P 0x7fb20a09bc08
P 0x7fb20a0d81a8
C 9
R
P 0x7fb20a09bc08
C 294
R
P 0x7fb20a09bc08
I 9
P 0x7fb20a0b8cd8
C 145
= 0x7fb20a0ba3f8
R
P 0x7fb20a09bc08
C 294
R
P 0x7fb20a09bc08
P 0x7fb20a0ba3f8
C 9
R
P 0x7fb20a09bc08
C 294
R
P 0x7fb20a09bc08
P 0x7fb20a0ba0f8
P 0x7fb20a0ba3f8
C 73
= 0x7fb20a0d81e0
R
P 0x7fb20a09bc08
C 294
R
P 0x7fb20a09bc08
P 0x7fb20a0d81e0
C 9
R
P 0x7fb20a09bc08
C 294
R
P 0x7fb20a09bc08
U 2
P 0x7fb20a0d81a8
P 0x7fb20a0d81e0
p 2
C 62
= 0x7fb20a0d8218
R
P 0x7fb20a09bc08
C 294
R
P 0x7fb20a09bc08
P 0x7fb20a0d8218
C 9
R
P 0x7fb20a09bc08
C 294
R
P 0x7fb20a09bc08
I 1
P 0x7fb20a0b8cd8
C 145
= 0x7fb20a0b96b8
R
P 0x7fb20a09bc08
C 294
R
P 0x7fb20a09bc08
P 0x7fb20a0b96b8
C 9
R
P 0x7fb20a09bc08
C 294
R
P 0x7fb20a09bc08
P 0x7fb20a0b96b8
P 0x7fb20a0ba118
C 73
= 0x7fb20a0d8250
R
P 0x7fb20a09bc08
C 294
R
P 0x7fb20a09bc08
P 0x7fb20a0d8250
C 9
R
P 0x7fb20a09bc08
C 294
R
P 0x7fb20a09bc08
I 9
P 0x7fb20a0b8cd8
C 145
= 0x7fb20a0ba3f8
R
P 0x7fb20a09bc08
C 294
R
P 0x7fb20a09bc08
P 0x7fb20a0ba3f8
C 9
R
P 0x7fb20a09bc08
C 294
R
P 0x7fb20a09bc08
P 0x7fb20a0ba118
P 0x7fb20a0ba3f8
C 73
= 0x7fb20a0d8288
R
P 0x7fb20a09bc08
C 294
R
P 0x7fb20a09bc08
P 0x7fb20a0d8288
C 9
R
P 0x7fb20a09bc08
C 294
R
P 0x7fb20a09bc08
U 2
P 0x7fb20a0d8250
P 0x7fb20a0d8288
p 2
C 62
= 0x7fb20a0d82c0
R
P 0x7fb20a09bc08
C 294
R
P 0x7fb20a09bc08
P 0x7fb20a0d82c0
C 9
R
P 0x7fb20a09bc08
C 294
R
P 0x7fb20a09bc08
I 1
P 0x7fb20a0b8cd8
C 145
= 0x7fb20a0b96b8
R
P 0x7fb20a09bc08
C 294
R
P 0x7fb20a09bc08
P 0x7fb20a0b96b8
C 9
R
P 0x7fb20a09bc08
C 294
R
P 0x7fb20a09bc08
P 0x7fb20a0b96b8
P 0x7fb20a0ba138
C 73
= 0x7fb20a0d82f8
R
P 0x7fb20a09bc08
C 294
R
P 0x7fb20a09bc08
P 0x7fb20a0d82f8
C 9
R
P 0x7fb20a09bc08
C 294
R
P 0x7fb20a09bc08
I 9
P 0x7fb20a0b8cd8
C 145
= 0x7fb20a0ba3f8
R
P 0x7fb20a09bc08
C 294
R
P 0x7fb20a09bc08
P 0x7fb20a0ba3f8
C 9
R
P 0x7fb20a09bc08
C 294
R
P 0x7fb20a09bc08
P 0x7fb20a0ba138
P 0x7fb20a0ba3f8
C 73
= 0x7fb20a0d8330
R
P 0x7fb20a09bc08
C 294
R
P 0x7fb20a09bc08
P 0x7fb20a0d8330
C 9
R
P 0x7fb20a09bc08
C 294
R
P 0x7fb20a09bc08
U 2
P 0x7fb20a0d82f8
P 0x7fb20a0d8330
p 2
C 62
= 0x7fb20a0d8368
R
P 0x7fb20a09bc08
C 294
R
P 0x7fb20a09bc08
P 0x7fb20a0d8368
C 9
R
P 0x7fb20a09bc08
C 294
R
P 0x7fb20a09bc08
I 1
P 0x7fb20a0b8cd8
C 145
= 0x7fb20a0b96b8
R
P 0x7fb20a09bc08
C 294
R
P 0x7fb20a09bc08
P 0x7fb20a0b96b8
C 9
R
P 0x7fb20a09bc08
C 294
R
P 0x7fb20a09bc08
P 0x7fb20a0b96b8
P 0x7fb20a0ba158
C 73
= 0x7fb20a0d83a0
R
P 0x7fb20a09bc08
C 294
R
P 0x7fb20a09bc08
P 0x7fb20a0d83a0
C 9
R
P 0x7fb20a09bc08
C 294
R
P 0x7fb20a09bc08
I 9
P 0x7fb20a0b8cd8
C 145
= 0x7fb20a0ba3f8
R
P 0x7fb20a09bc08
C 294
R
P 0x7fb20a09bc08
P 0x7fb20a0ba3f8
C 9
R
P 0x7fb20a09bc08
C 294
R
P 0x7fb20a09bc08
P 0x7fb20a0ba158
P 0x7fb20a0ba3f8
C 73
= 0x7fb20a0d83d8
R
P 0x7fb20a09bc08
C 294
R
P 0x7fb20a09bc08
P 0x7fb20a0d83d8
C 9
R
P 0x7fb20a09bc08
C 294
R
P 0x7fb20a09bc08
U 2
P 0x7fb20a0d83a0
P 0x7fb20a0d83d8
p 2
C 62
= 0x7fb20a0d8410
R
P 0x7fb20a09bc08
C 294
R
P 0x7fb20a09bc08
P 0x7fb20a0d8410
C 9
R
P 0x7fb20a09bc08
C 294
R
P 0x7fb20a09bc08
I 1
P 0x7fb20a0b8cd8
C 145
= 0x7fb20a0b96b8
R
P 0x7fb20a09bc08
C 294
R
P 0x7fb20a09bc08
P 0x7fb20a0b96b8
C 9
R
P 0x7fb20a09bc08
C 294
R
P 0x7fb20a09bc08
P 0x7fb20a0b96b8
P 0x7fb20a0ba178
C 73
= 0x7fb20a0d8448
R
P 0x7fb20a09bc08
C 294
R
P 0x7fb20a09bc08
P 0x7fb20a0d8448
C 9
R
P 0x7fb20a09bc08
C 294
R
P 0x7fb20a09bc08
I 9
P 0x7fb20a0b8cd8
C 145
= 0x7fb20a0ba3f8
R
P 0x7fb20a09bc08
C 294
R
P 0x7fb20a09bc08
P 0x7fb20a0ba3f8
C 9
R
P 0x7fb20a09bc08
C 294
R
P 0x7fb20a09bc08
P 0x7fb20a0ba178
P 0x7fb20a0ba3f8
C 73
= 0x7fb20a0d8480
R
P 0x7fb20a09bc08
C 294
R
P 0x7fb20a09bc08
P 0x7fb20a0d8480
C 9
R
P 0x7fb20a09bc08
C 294
R
P 0x7fb20a09bc08
U 2
P 0x7fb20a0d8448
P 0x7fb20a0d8480
p 2
C 62
= 0x7fb20a0d84b8
R
P 0x7fb20a09bc08
C 294
R
P 0x7fb20a09bc08
P 0x7fb20a0d84b8
C 9
R
P 0x7fb20a09bc08
C 294
R
P 0x7fb20a09bc08
I 1
P 0x7fb20a0b8cd8
C 145
= 0x7fb20a0b96b8
R
P 0x7fb20a09bc08
C 294
R
P 0x7fb20a09bc08
P 0x7fb20a0b96b8
C 9
R
P 0x7fb20a09bc08
C 294
R
P 0x7fb20a09bc08
P 0x7fb20a0b96b8
P 0x7fb20a0ba198
C 73
= 0x7fb20a0d84f0
R
P 0x7fb20a09bc08
C 294
R
P 0x7fb20a09bc08
P 0x7fb20a0d84f0
C 9
R
P 0x7fb20a09bc08
C 294
R
P 0x7fb20a09bc08
I 9
P 0x7fb20a0b8cd8
C 145
= 0x7fb20a0ba3f8
R
P 0x7fb20a09bc08
C 294
R
P 0x7fb20a09bc08
P 0x7fb20a0ba3f8
C 9
R
P 0x7fb20a09bc08
C 294
R
P 0x7fb20a09bc08
P 0x7fb20a0ba198
P 0x7fb20a0ba3f8
C 73
= 0x7fb20a0d8528
R
P 0x7fb20a09bc08
C 294
R
P 0x7fb20a09bc08
P 0x7fb20a0d8528
C 9
R
P 0x7fb20a09bc08
C 294
R
P 0x7fb20a09bc08
U 2
P 0x7fb20a0d84f0
P 0x7fb20a0d8528
p 2
C 62
= 0x7fb20a0d8560
R
P 0x7fb20a09bc08
C 294
R
P 0x7fb20a09bc08
P 0x7fb20a0d8560
C 9
R
P 0x7fb20a09bc08
C 294
R
P 0x7fb20a09bc08
I 1
P 0x7fb20a0b8cd8
C 145
= 0x7fb20a0b96b8
R
P 0x7fb20a09bc08
C 294
R
P 0x7fb20a09bc08
P 0x7fb20a0b96b8
C 9
R
P 0x7fb20a09bc08
C 294
R
P 0x7fb20a09bc08
P 0x7fb20a0b96b8
P 0x7fb20a0ba1b8
C 73
= 0x7fb20a0d8598
R
P 0x7fb20a09bc08
C 294
R
P 0x7fb20a09bc08
P 0x7fb20a0d8598
C 9
R
P 0x7fb20a09bc08
C 294
R
P 0x7fb20a09bc08
I 9
P 0x7fb20a0b8cd8
C 145
= 0x7fb20a0ba3f8
R
P 0x7fb20a09bc08
C 294
R
P 0x7fb20a09bc08
P 0x7fb20a0ba3f8
C 9
R
P 0x7fb20a09bc08
C 294
R
P 0x7fb20a09bc08
P 0x7fb20a0ba1b8
P 0x7fb20a0ba3f8
C 73
= 0x7fb20a0d85d0
R
P 0x7fb20a09bc08
C 294
R
P 0x7fb20a09bc08
P 0x7fb20a0d85d0
C 9
R
P 0x7fb20a09bc08
C 294
R
P 0x7fb20a09bc08
U 2
P 0x7fb20a0d8598
P 0x7fb20a0d85d0
p 2
C 62
= 0x7fb20a0d8608
R
P 0x7fb20a09bc08
C 294
R
P 0x7fb20a09bc08
P 0x7fb20a0d8608
C 9
R
P 0x7fb20a09bc08
C 294
R
P 0x7fb20a09bc08
I 1
P 0x7fb20a0b8cd8
C 145
= 0x7fb20a0b96b8
R
P 0x7fb20a09bc08
C 294
R
P 0x7fb20a09bc08
P 0x7fb20a0b96b8
C 9
R
P 0x7fb20a09bc08
C 294
R
P 0x7fb20a09bc08
P 0x7fb20a0b96b8
P 0x7fb20a0ba1d8
C 73
= 0x7fb20a0d8640
R
P 0x7fb20a09bc08
C 294
R
P 0x7fb20a09bc08
P 0x7fb20a0d8640
C 9
R
P 0x7fb20a09bc08
C 294
R
P 0x7fb20a09bc08
I 9
P 0x7fb20a0b8cd8
C 145
= 0x7fb20a0ba3f8
R
P 0x7fb20a09bc08
C 294
R
P 0x7fb20a09bc08
P 0x7fb20a0ba3f8
C 9
R
P 0x7fb20a09bc08
C 294
R
P 0x7fb20a09bc08
P 0x7fb20a0ba1d8
P 0x7fb20a0ba3f8
C 73
= 0x7fb20a0d8678
R
P 0x7fb20a09bc08
C 294
R
P 0x7fb20a09bc08
P 0x7fb20a0d8678
C 9
R
P 0x7fb20a09bc08
C 294
R
P 0x7fb20a09bc08
U 2
P 0x7fb20a0d8640
P 0x7fb20a0d8678
p 2
C 62
= 0x7fb20a0d86b0
R
P 0x7fb20a09bc08
C 294
R
P 0x7fb20a09bc08
P 0x7fb20a0d86b0
C 9
R
P 0x7fb20a09bc08
C 294
R
P 0x7fb20a09bc08
I 1
P 0x7fb20a0b8cd8
C 145
= 0x7fb20a0b96b8
R
P 0x7fb20a09bc08
C 294
R
P 0x7fb20a09bc08
P 0x7fb20a0b96b8
C 9
R
P 0x7fb20a09bc08
C 294
R
P 0x7fb20a09bc08
P 0x7fb20a0b96b8
P 0x7fb20a0ba1f8
C 73
= 0x7fb20a0d86e8
R
P 0x7fb20a09bc08
C 294
R
P 0x7fb20a09bc08
P 0x7fb20a0d86e8
C 9
R
P 0x7fb20a09bc08
C 294
R
P 0x7fb20a09bc08
I 9
P 0x7fb20a0b8cd8
C 145
= 0x7fb20a0ba3f8
R
P 0x7fb20a09bc08
C 294
R
P 0x7fb20a09bc08
P 0x7fb20a0ba3f8
C 9
R
P 0x7fb20a09bc08
C 294
R
P 0x7fb20a09bc08
P 0x7fb20a0ba1f8
P 0x7fb20a0ba3f8
C 73
= 0x7fb20a0d8720
R
P 0x7fb20a09bc08
C 294
R
P 0x7fb20a09bc08
P 0x7fb20a0d8720
C 9
R
P 0x7fb20a09bc08
C 294
R
P 0x7fb20a09bc08
U 2
P 0x7fb20a0d86e8
P 0x7fb20a0d8720
p 2
C 62
= 0x7fb20a0d8758
R
P 0x7fb20a09bc08
C 294
R
P 0x7fb20a09bc08
P 0x7fb20a0d8758
C 9
R
P 0x7fb20a09bc08
C 294
R
P 0x7fb20a09bc08
I 1
P 0x7fb20a0b8cd8
C 145
= 0x7fb20a0b96b8
R
P 0x7fb20a09bc08
C 294
R
P 0x7fb20a09bc08
P 0x7fb20a0b96b8
C 9
R
P 0x7fb20a09bc08
C 294
R
P 0x7fb20a09bc08
P 0x7fb20a0b96b8
P 0x7fb20a0ba218
C 73
= 0x7fb20a0d8790
R
P 0x7fb20a09bc08
C 294
R
P 0x7fb20a09bc08
P 0x7fb20a0d8790
C 9
R
P 0x7fb20a09bc08
C 294
R
P 0x7fb20a09bc08
I 9
P 0x7fb20a0b8cd8
C 145
= 0x7fb20a0ba3f8
R
P 0x7fb20a09bc08
C 294
R
P 0x7fb20a09bc08
P 0x7fb20a0ba3f8
C 9
R
P 0x7fb20a09bc08
C 294
R
P 0x7fb20a09bc08
P 0x7fb20a0ba218
P 0x7fb20a0ba3f8
C 73
= 0x7fb20a0d87c8
R
P 0x7fb20a09bc08
C 294
R
P 0x7fb20a09bc08
P 0x7fb20a0d87c8
C 9
R
P 0x7fb20a09bc08
C 294
R
P 0x7fb20a09bc08
U 2
P 0x7fb20a0d8790
P 0x7fb20a0d87c8
p 2
C 62
= 0x7fb20a0d8800
R
P 0x7fb20a09bc08
C 294
R
P 0x7fb20a09bc08
P 0x7fb20a0d8800
C 9
R
P 0x7fb20a09bc08
C 294
R
P 0x7fb20a09bc08
I 1
P 0x7fb20a0b8cd8
C 145
= 0x7fb20a0b96b8
R
P 0x7fb20a09bc08
C 294
R
P 0x7fb20a09bc08
P 0x7fb20a0b96b8
C 9
R
P 0x7fb20a09bc08
C 294
R
P 0x7fb20a09bc08
P 0x7fb20a0b96b8
P 0x7fb20a0ba238
C 73
= 0x7fb20a0d8838
R
P 0x7fb20a09bc08
C 294
R
P 0x7fb20a09bc08
P 0x7fb20a0d8838
C 9
R
P 0x7fb20a09bc08
C 294
R
P 0x7fb20a09bc08
I 9
P 0x7fb20a0b8cd8
C 145
= 0x7fb20a0ba3f8
R
P 0x7fb20a09bc08
C 294
R
P 0x7fb20a09bc08
P 0x7fb20a0ba3f8
C 9
R
P 0x7fb20a09bc08
C 294
R
P 0x7fb20a09bc08
P 0x7fb20a0ba238
P 0x7fb20a0ba3f8
C 73
= 0x7fb20a0d8870
R
P 0x7fb20a09bc08
C 294
R
P 0x7fb20a09bc08
P 0x7fb20a0d8870
C 9
R
P 0x7fb20a09bc08
C 294
R
P 0x7fb20a09bc08
U 2
P 0x7fb20a0d8838
P 0x7fb20a0d8870
p 2
C 62
= 0x7fb20a0d88a8
R
P 0x7fb20a09bc08
C 294
R
P 0x7fb20a09bc08
P 0x7fb20a0d88a8
C 9
R
P 0x7fb20a09bc08
C 294
R
P 0x7fb20a09bc08
I 1
P 0x7fb20a0b8cd8
C 145
= 0x7fb20a0b96b8
R
P 0x7fb20a09bc08
C 294
R
P 0x7fb20a09bc08
P 0x7fb20a0b96b8
C 9
R
P 0x7fb20a09bc08
C 294
R
P 0x7fb20a09bc08
P 0x7fb20a0b96b8
P 0x7fb20a0ba258
C 73
= 0x7fb20a0d88e0
R
P 0x7fb20a09bc08
C 294
R
P 0x7fb20a09bc08
P 0x7fb20a0d88e0
C 9
R
P 0x7fb20a09bc08
C 294
R
P 0x7fb20a09bc08
I 9
P 0x7fb20a0b8cd8
C 145
= 0x7fb20a0ba3f8
R
P 0x7fb20a09bc08
C 294
R
P 0x7fb20a09bc08
P 0x7fb20a0ba3f8
C 9
R
P 0x7fb20a09bc08
C 294
R
P 0x7fb20a09bc08
P 0x7fb20a0ba258
P 0x7fb20a0ba3f8
C 73
= 0x7fb20a0d8918
R
P 0x7fb20a09bc08
C 294
R
P 0x7fb20a09bc08
P 0x7fb20a0d8918
C 9
R
P 0x7fb20a09bc08
C 294
R
P 0x7fb20a09bc08
U 2
P 0x7fb20a0d88e0
P 0x7fb20a0d8918
p 2
C 62
= 0x7fb20a0d8950
R
P 0x7fb20a09bc08
C 294
R
P 0x7fb20a09bc08
P 0x7fb20a0d8950
C 9
R
P 0x7fb20a09bc08
C 294
R
P 0x7fb20a09bc08
I 1
P 0x7fb20a0b8cd8
C 145
= 0x7fb20a0b96b8
R
P 0x7fb20a09bc08
C 294
R
P 0x7fb20a09bc08
P 0x7fb20a0b96b8
C 9
R
P 0x7fb20a09bc08
C 294
R
P 0x7fb20a09bc08
P 0x7fb20a0b96b8
P 0x7fb20a0ba278
C 73
= 0x7fb20a0d8988
R
P 0x7fb20a09bc08
C 294
R
P 0x7fb20a09bc08
P 0x7fb20a0d8988
C 9
R
P 0x7fb20a09bc08
C 294
R
P 0x7fb20a09bc08
I 9
P 0x7fb20a0b8cd8
C 145
= 0x7fb20a0ba3f8
R
P 0x7fb20a09bc08
C 294
R
P 0x7fb20a09bc08
P 0x7fb20a0ba3f8
C 9
R
P 0x7fb20a09bc08
C 294
R
P 0x7fb20a09bc08
P 0x7fb20a0ba278
P 0x7fb20a0ba3f8
C 73
= 0x7fb20a0d89c0
R
P 0x7fb20a09bc08
C 294
R
P 0x7fb20a09bc08
P 0x7fb20a0d89c0
C 9
R
P 0x7fb20a09bc08
C 294
R
P 0x7fb20a09bc08
U 2
P 0x7fb20a0d8988
P 0x7fb20a0d89c0
p 2
C 62
= 0x7fb20a0d89f8
R
P 0x7fb20a09bc08
C 294
R
P 0x7fb20a09bc08
P 0x7fb20a0d89f8
C 9
R
P 0x7fb20a09bc08
C 294
R
P 0x7fb20a09bc08
I 1
P 0x7fb20a0b8cd8
C 145
= 0x7fb20a0b96b8
R
P 0x7fb20a09bc08
C 294
R
P 0x7fb20a09bc08
P 0x7fb20a0b96b8
C 9
R
P 0x7fb20a09bc08
C 294
R
P 0x7fb20a09bc08
P 0x7fb20a0b96b8
P 0x7fb20a0ba298
C 73
= 0x7fb20a0d8a30
R
P 0x7fb20a09bc08
C 294
R
P 0x7fb20a09bc08
P 0x7fb20a0d8a30
C 9
R
P 0x7fb20a09bc08
C 294
R
P 0x7fb20a09bc08
I 9
P 0x7fb20a0b8cd8
C 145
= 0x7fb20a0ba3f8
R
P 0x7fb20a09bc08
C 294
R
P 0x7fb20a09bc08
P 0x7fb20a0ba3f8
C 9
R
P 0x7fb20a09bc08
C 294
R
P 0x7fb20a09bc08
P 0x7fb20a0ba298
P 0x7fb20a0ba3f8
C 73
= 0x7fb20a0d8a68
R
P 0x7fb20a09bc08
C 294
R
P 0x7fb20a09bc08
P 0x7fb20a0d8a68
C 9
R
P 0x7fb20a09bc08
C 294
R
P 0x7fb20a09bc08
U 2
P 0x7fb20a0d8a30
P 0x7fb20a0d8a68
p 2
C 62
= 0x7fb20a0d8aa0
R
P 0x7fb20a09bc08
C 294
R
P 0x7fb20a09bc08
P 0x7fb20a0d8aa0
C 9
R
P 0x7fb20a09bc08
C 294
R
P 0x7fb20a09bc08
I 1
P 0x7fb20a0b8cd8
C 145
= 0x7fb20a0b96b8
R
P 0x7fb20a09bc08
C 294
R
P 0x7fb20a09bc08
P 0x7fb20a0b96b8
C 9
R
P 0x7fb20a09bc08
C 294
R
P 0x7fb20a09bc08
P 0x7fb20a0b96b8
P 0x7fb20a0ba2b8
C 73
= 0x7fb20a0d8ad8
R
P 0x7fb20a09bc08
C 294
R
P 0x7fb20a09bc08
P 0x7fb20a0d8ad8
C 9
R
P 0x7fb20a09bc08
C 294
R
P 0x7fb20a09bc08
I 9
P 0x7fb20a0b8cd8
C 145
= 0x7fb20a0ba3f8
R
P 0x7fb20a09bc08
C 294
R
P 0x7fb20a09bc08
P 0x7fb20a0ba3f8
C 9
R
P 0x7fb20a09bc08
C 294
R
P 0x7fb20a09bc08
P 0x7fb20a0ba2b8
P 0x7fb20a0ba3f8
C 73
= 0x7fb20a0d8b10
R
P 0x7fb20a09bc08
C 294
R
P 0x7fb20a09bc08
P 0x7fb20a0d8b10
C 9
R
P 0x7fb20a09bc08
C 294
R
P 0x7fb20a09bc08
U 2
P 0x7fb20a0d8ad8
P 0x7fb20a0d8b10
p 2
C 62
= 0x7fb20a0d8b48
R
P 0x7fb20a09bc08
C 294
R
P 0x7fb20a09bc08
P 0x7fb20a0d8b48
C 9
R
P 0x7fb20a09bc08
C 294
R
P 0x7fb20a09bc08
I 1
P 0x7fb20a0b8cd8
C 145
= 0x7fb20a0b96b8
R
P 0x7fb20a09bc08
C 294
R
P 0x7fb20a09bc08
P 0x7fb20a0b96b8
C 9
R
P 0x7fb20a09bc08
C 294
R
P 0x7fb20a09bc08
P 0x7fb20a0b96b8
P 0x7fb20a0ba2d8
C 73
= 0x7fb20a0d8b80
R
P 0x7fb20a09bc08
C 294
R
P 0x7fb20a09bc08
P 0x7fb20a0d8b80
C 9
R
P 0x7fb20a09bc08
C 294
R
P 0x7fb20a09bc08
I 9
P 0x7fb20a0b8cd8
C 145
= 0x7fb20a0ba3f8
R
P 0x7fb20a09bc08
C 294
R
P 0x7fb20a09bc08
P 0x7fb20a0ba3f8
C 9
R
P 0x7fb20a09bc08
C 294
R
P 0x7fb20a09bc08
P 0x7fb20a0ba2d8
P 0x7fb20a0ba3f8
C 73
= 0x7fb20a0d8bb8
R
P 0x7fb20a09bc08
C 294
R
P 0x7fb20a09bc08
P 0x7fb20a0d8bb8
C 9
R
P 0x7fb20a09bc08
C 294
R
P 0x7fb20a09bc08
U 2
P 0x7fb20a0d8b80
P 0x7fb20a0d8bb8
p 2
C 62
= 0x7fb20a0d8bf0
R
P 0x7fb20a09bc08
C 294
R
P 0x7fb20a09bc08
P 0x7fb20a0d8bf0
C 9
R
P 0x7fb20a09bc08
C 294
R
P 0x7fb20a09bc08
I 1
P 0x7fb20a0b8cd8
C 145
= 0x7fb20a0b96b8
R
P 0x7fb20a09bc08
C 294
R
P 0x7fb20a09bc08
P 0x7fb20a0b96b8
C 9
R
P 0x7fb20a09bc08
C 294
R
P 0x7fb20a09bc08
P 0x7fb20a0b96b8
P 0x7fb20a0ba2f8
C 73
= 0x7fb20a0d8c28
R
P 0x7fb20a09bc08
C 294
R
P 0x7fb20a09bc08
P 0x7fb20a0d8c28
C 9
R
P 0x7fb20a09bc08
C 294
R
P 0x7fb20a09bc08
I 9
P 0x7fb20a0b8cd8
C 145
= 0x7fb20a0ba3f8
R
P 0x7fb20a09bc08
C 294
R
P 0x7fb20a09bc08
P 0x7fb20a0ba3f8
C 9
R
P 0x7fb20a09bc08
C 294
R
P 0x7fb20a09bc08
P 0x7fb20a0ba2f8
P 0x7fb20a0ba3f8
C 73
= 0x7fb20a0d8c60
R
P 0x7fb20a09bc08
C 294
R
P 0x7fb20a09bc08
P 0x7fb20a0d8c60
C 9
R
P 0x7fb20a09bc08
C 294
R
P 0x7fb20a09bc08
U 2
P 0x7fb20a0d8c28
P 0x7fb20a0d8c60
p 2
C 62
= 0x7fb20a0d8c98
R
P 0x7fb20a09bc08
C 294
R
P 0x7fb20a09bc08
P 0x7fb20a0d8c98
C 9
R
P 0x7fb20a09bc08
C 294
R
P 0x7fb20a09bc08
I 1
P 0x7fb20a0b8cd8
C 145
= 0x7fb20a0b96b8
R
P 0x7fb20a09bc08
C 294
R
P 0x7fb20a09bc08
P 0x7fb20a0b96b8
C 9
R
P 0x7fb20a09bc08
C 294
R
P 0x7fb20a09bc08
P 0x7fb20a0b96b8
P 0x7fb20a0ba318
C 73
= 0x7fb20a0d8cd0
R
P 0x7fb20a09bc08
C 294
R
P 0x7fb20a09bc08
P 0x7fb20a0d8cd0
C 9
R
P 0x7fb20a09bc08
C 294
R
P 0x7fb20a09bc08
I 9
P 0x7fb20a0b8cd8
C 145
= 0x7fb20a0ba3f8
R
P 0x7fb20a09bc08
C 294
R
P 0x7fb20a09bc08
P 0x7fb20a0ba3f8
C 9
R
P 0x7fb20a09bc08
C 294
R
P 0x7fb20a09bc08
P 0x7fb20a0ba318
P 0x7fb20a0ba3f8
C 73
= 0x7fb20a0d8d08
R
P 0x7fb20a09bc08
C 294
R
P 0x7fb20a09bc08
P 0x7fb20a0d8d08
C 9
R
P 0x7fb20a09bc08
C 294
R
P 0x7fb20a09bc08
U 2
P 0x7fb20a0d8cd0
P 0x7fb20a0d8d08
p 2
C 62
= 0x7fb20a0d8d40
R
P 0x7fb20a09bc08
C 294
R
P 0x7fb20a09bc08
P 0x7fb20a0d8d40
C 9
R
P 0x7fb20a09bc08
C 294
R
P 0x7fb20a09bc08
I 1
P 0x7fb20a0b8cd8
C 145
= 0x7fb20a0b96b8
R
P 0x7fb20a09bc08
C 294
R
P 0x7fb20a09bc08
P 0x7fb20a0b96b8
C 9
R
P 0x7fb20a09bc08
C 294
R
P 0x7fb20a09bc08
P 0x7fb20a0b96b8
P 0x7fb20a0ba338
C 73
= 0x7fb20a0d8d78
R
P 0x7fb20a09bc08
C 294
R
P 0x7fb20a09bc08
P 0x7fb20a0d8d78
C 9
R
P 0x7fb20a09bc08
C 294
R
P 0x7fb20a09bc08
I 9
P 0x7fb20a0b8cd8
C 145
= 0x7fb20a0ba3f8
R
P 0x7fb20a09bc08
C 294
R
P 0x7fb20a09bc08
P 0x7fb20a0ba3f8
C 9
R
P 0x7fb20a09bc08
C 294
R
P 0x7fb20a09bc08
P 0x7fb20a0ba338
P 0x7fb20a0ba3f8
C 73
= 0x7fb20a0d8db0
R
P 0x7fb20a09bc08
C 294
R
P 0x7fb20a09bc08
P 0x7fb20a0d8db0
C 9
R
P 0x7fb20a09bc08
C 294
R
P 0x7fb20a09bc08
U 2
P 0x7fb20a0d8d78
P 0x7fb20a0d8db0
p 2
C 62
= 0x7fb20a0d8de8
R
P 0x7fb20a09bc08
C 294
R
P 0x7fb20a09bc08
P 0x7fb20a0d8de8
C 9
R
P 0x7fb20a09bc08
C 294
R
P 0x7fb20a09bc08
I 1
P 0x7fb20a0b8cd8
C 145
= 0x7fb20a0b96b8
R
P 0x7fb20a09bc08
C 294
R
P 0x7fb20a09bc08
P 0x7fb20a0b96b8
C 9
R
P 0x7fb20a09bc08
C 294
R
P 0x7fb20a09bc08
P 0x7fb20a0b96b8
P 0x7fb20a0ba358
C 73
= 0x7fb20a0d8e20
R
P 0x7fb20a09bc08
C 294
R
P 0x7fb20a09bc08
P 0x7fb20a0d8e20
C 9
R
P 0x7fb20a09bc08
C 294
R
P 0x7fb20a09bc08
I 9
P 0x7fb20a0b8cd8
C 145
= 0x7fb20a0ba3f8
R
P 0x7fb20a09bc08
C 294
R
P 0x7fb20a09bc08
P 0x7fb20a0ba3f8
C 9
R
P 0x7fb20a09bc08
C 294
R
P 0x7fb20a09bc08
P 0x7fb20a0ba358
P 0x7fb20a0ba3f8
C 73
= 0x7fb20a0d8e58
R
P 0x7fb20a09bc08
C 294
R
P 0x7fb20a09bc08
P 0x7fb20a0d8e58
C 9
R
P 0x7fb20a09bc08
C 294
R
P 0x7fb20a09bc08
U 2
P 0x7fb20a0d8e20
P 0x7fb20a0d8e58
p 2
C 62
= 0x7fb20a0d8e90
R
P 0x7fb20a09bc08
C 294
R
P 0x7fb20a09bc08
P 0x7fb20a0d8e90
C 9
R
P 0x7fb20a09bc08
C 294
R
P 0x7fb20a09bc08
I 1
P 0x7fb20a0b8cd8
C 145
= 0x7fb20a0b96b8
R
P 0x7fb20a09bc08
C 294
R
P 0x7fb20a09bc08
P 0x7fb20a0b96b8
C 9
R
P 0x7fb20a09bc08
C 294
R
P 0x7fb20a09bc08
P 0x7fb20a0b96b8
P 0x7fb20a0ba378
C 73
= 0x7fb20a0d8ec8
R
P 0x7fb20a09bc08
C 294
R
P 0x7fb20a09bc08
P 0x7fb20a0d8ec8
C 9
R
P 0x7fb20a09bc08
C 294
R
P 0x7fb20a09bc08
I 9
P 0x7fb20a0b8cd8
C 145
= 0x7fb20a0ba3f8
R
P 0x7fb20a09bc08
C 294
R
P 0x7fb20a09bc08
P 0x7fb20a0ba3f8
C 9
R
P 0x7fb20a09bc08
C 294
R
P 0x7fb20a09bc08
P 0x7fb20a0ba378
P 0x7fb20a0ba3f8
C 73
= 0x7fb20a0d8f00
R
P 0x7fb20a09bc08
C 294
R
P 0x7fb20a09bc08
P 0x7fb20a0d8f00
C 9
R
P 0x7fb20a09bc08
C 294
R
P 0x7fb20a09bc08
U 2
P 0x7fb20a0d8ec8
P 0x7fb20a0d8f00
p 2
C 62
= 0x7fb20a0d8f38
R
P 0x7fb20a09bc08
C 294
R
P 0x7fb20a09bc08
P 0x7fb20a0d8f38
C 9
R
P 0x7fb20a09bc08
C 294
R
P 0x7fb20a09bc08
I 1
P 0x7fb20a0b8cd8
C 145
= 0x7fb20a0b96b8
R
P 0x7fb20a09bc08
C 294
R
P 0x7fb20a09bc08
P 0x7fb20a0b96b8
C 9
R
P 0x7fb20a09bc08
C 294
R
P 0x7fb20a09bc08
P 0x7fb20a0b96b8
P 0x7fb20a0ba398
C 73
= 0x7fb20a0d8f70
R
P 0x7fb20a09bc08
C 294
R
P 0x7fb20a09bc08
P 0x7fb20a0d8f70
C 9
R
P 0x7fb20a09bc08
C 294
R
P 0x7fb20a09bc08
I 9
P 0x7fb20a0b8cd8
C 145
= 0x7fb20a0ba3f8
R
P 0x7fb20a09bc08
C 294
R
P 0x7fb20a09bc08
P 0x7fb20a0ba3f8
C 9
R
P 0x7fb20a09bc08
C 294
R
P 0x7fb20a09bc08
P 0x7fb20a0ba398
P 0x7fb20a0ba3f8
C 73
= 0x7fb20a0d8fa8
R
P 0x7fb20a09bc08
C 294
R
P 0x7fb20a09bc08
P 0x7fb20a0d8fa8
C 9
R
P 0x7fb20a09bc08
C 294
R
P 0x7fb20a09bc08
U 2
P 0x7fb20a0d8f70
P 0x7fb20a0d8fa8
p 2
C 62
= 0x7fb20a0d8fe0
R
P 0x7fb20a09bc08
C 294
R
P 0x7fb20a09bc08
P 0x7fb20a0d8fe0
C 9
R
P 0x7fb20a09bc08
C 294
R
P 0x7fb20a09bc08
I 1
P 0x7fb20a0b8cd8
C 145
= 0x7fb20a0b96b8
R
P 0x7fb20a09bc08
C 294
R
P 0x7fb20a09bc08
P 0x7fb20a0b96b8
C 9
R
P 0x7fb20a09bc08
C 294
R
P 0x7fb20a09bc08
P 0x7fb20a0b96b8
P 0x7fb20a0ba3b8
C 73
= 0x7fb20a0d9018
R
P 0x7fb20a09bc08
C 294
R
P 0x7fb20a09bc08
P 0x7fb20a0d9018
C 9
R
P 0x7fb20a09bc08
C 294
R
P 0x7fb20a09bc08
I 9
P 0x7fb20a0b8cd8
C 145
= 0x7fb20a0ba3f8
R
P 0x7fb20a09bc08
C 294
R
P 0x7fb20a09bc08
P 0x7fb20a0ba3f8
C 9
R
P 0x7fb20a09bc08
C 294
R
P 0x7fb20a09bc08
P 0x7fb20a0ba3b8
P 0x7fb20a0ba3f8
C 73
= 0x7fb20a0d9050
R
P 0x7fb20a09bc08
C 294
R
P 0x7fb20a09bc08
P 0x7fb20a0d9050
C 9
R
P 0x7fb20a09bc08
C 294
R
P 0x7fb20a09bc08
U 2
P 0x7fb20a0d9018
P 0x7fb20a0d9050
p 2
C 62
= 0x7fb20a0d9088
R
P 0x7fb20a09bc08
C 294
R
P 0x7fb20a09bc08
P 0x7fb20a0d9088
C 9
R
P 0x7fb20a09bc08
C 294
R
P 0x7fb20a09bc08
I 1
P 0x7fb20a0b8cd8
C 145
= 0x7fb20a0b96b8
R
P 0x7fb20a09bc08
C 294
R
P 0x7fb20a09bc08
P 0x7fb20a0b96b8
C 9
R
P 0x7fb20a09bc08
C 294
R
P 0x7fb20a09bc08
P 0x7fb20a0b96b8
P 0x7fb20a0ba3d8
C 73
= 0x7fb20a0d90c0
R
P 0x7fb20a09bc08
C 294
R
P 0x7fb20a09bc08
P 0x7fb20a0d90c0
C 9
R
P 0x7fb20a09bc08
C 294
R
P 0x7fb20a09bc08
I 9
P 0x7fb20a0b8cd8
C 145
= 0x7fb20a0ba3f8
R
P 0x7fb20a09bc08
C 294
R
P 0x7fb20a09bc08
P 0x7fb20a0ba3f8
C 9
R
P 0x7fb20a09bc08
C 294
R
P 0x7fb20a09bc08
P 0x7fb20a0ba3d8
P 0x7fb20a0ba3f8
C 73
= 0x7fb20a0d90f8
R
P 0x7fb20a09bc08
C 294
R
P 0x7fb20a09bc08
P 0x7fb20a0d90f8
C 9
R
P 0x7fb20a09bc08
C 294
R
P 0x7fb20a09bc08
U 2
P 0x7fb20a0d90c0
P 0x7fb20a0d90f8
p 2
C 62
= 0x7fb20a0d9130
R
P 0x7fb20a09bc08
C 294
R
P 0x7fb20a09bc08
P 0x7fb20a0d9130
C 9
R
P 0x7fb20a09bc08
C 294
R
P 0x7fb20a09bc08
U 9
P 0x7fb20a0b9878
P 0x7fb20a0b99f8
P 0x7fb20a0b9a18
P 0x7fb20a0b9a38
P 0x7fb20a0b9a58
P 0x7fb20a0b9a78
P 0x7fb20a0b9a98
P 0x7fb20a0b9ab8
P 0x7fb20a0b9ad8
p 9
C 56
= 0x7fb20a0db818
R
P 0x7fb20a09bc08
C 294
R
P 0x7fb20a09bc08
P 0x7fb20a0db818
C 9
R
P 0x7fb20a09bc08
C 294
R
P 0x7fb20a09bc08
U 9
P 0x7fb20a0b9af8
P 0x7fb20a0b9b18
P 0x7fb20a0b9b38
P 0x7fb20a0b9b58
P 0x7fb20a0b9b78
P 0x7fb20a0b9b98
P 0x7fb20a0b9bb8
P 0x7fb20a0b9bd8
P 0x7fb20a0b9bf8
p 9
C 56
= 0x7fb20a0db888
R
P 0x7fb20a09bc08
C 294
R
P 0x7fb20a09bc08
P 0x7fb20a0db888
C 9
R
P 0x7fb20a09bc08
C 294
R
P 0x7fb20a09bc08
U 9
P 0x7fb20a0b9c18
P 0x7fb20a0b9c38
P 0x7fb20a0b9c58
P 0x7fb20a0b9c78
P 0x7fb20a0b9c98
P 0x7fb20a0b9cb8
P 0x7fb20a0b9cd8
P 0x7fb20a0b9cf8
P 0x7fb20a0b9d18
p 9
C 56
= 0x7fb20a0db8f8
R
P 0x7fb20a09bc08
C 294
R
P 0x7fb20a09bc08
P 0x7fb20a0db8f8
C 9
R
P 0x7fb20a09bc08
C 294
R
P 0x7fb20a09bc08
U 9
P 0x7fb20a0b9d38
P 0x7fb20a0b9d58
P 0x7fb20a0b9d78
P 0x7fb20a0b9d98
P 0x7fb20a0b9db8
P 0x7fb20a0b9dd8
P 0x7fb20a0b9df8
P 0x7fb20a0b9e18
P 0x7fb20a0b9e38
p 9
C 56
= 0x7fb20a0db968
R
P 0x7fb20a09bc08
C 294
R
P 0x7fb20a09bc08
P 0x7fb20a0db968
C 9
R
P 0x7fb20a09bc08
C 294
R
P 0x7fb20a09bc08
U 9
P 0x7fb20a0b9e58
P 0x7fb20a0b9e78
P 0x7fb20a0b9e98
P 0x7fb20a0b9eb8
P 0x7fb20a0b9ed8
P 0x7fb20a0b9ef8
P 0x7fb20a0b9f18
P 0x7fb20a0b9f38
P 0x7fb20a0b9f58
p 9
C 56
= 0x7fb20a0db9d8
R
P 0x7fb20a09bc08
C 294
R
P 0x7fb20a09bc08
P 0x7fb20a0db9d8
C 9
R
P 0x7fb20a09bc08
C 294
R
P 0x7fb20a09bc08
U 9
P 0x7fb20a0b9f78
P 0x7fb20a0b9f98
P 0x7fb20a0b9fb8
P 0x7fb20a0b9fd8
P 0x7fb20a0b9ff8
P 0x7fb20a0ba018
P 0x7fb20a0ba038
P 0x7fb20a0ba058
P 0x7fb20a0ba078
p 9
C 56
= 0x7fb20a0dba48
R
P 0x7fb20a09bc08
C 294
R
P 0x7fb20a09bc08
P 0x7fb20a0dba48
C 9
R
P 0x7fb20a09bc08
C 294
R
P 0x7fb20a09bc08
U 9
P 0x7fb20a0ba098
P 0x7fb20a0ba0b8
P 0x7fb20a0ba0d8
P 0x7fb20a0ba0f8
P 0x7fb20a0ba118
P 0x7fb20a0ba138
P 0x7fb20a0ba158
P 0x7fb20a0ba178
P 0x7fb20a0ba198
p 9
C 56
= 0x7fb20a0dbab8
R
P 0x7fb20a09bc08
C 294
R
P 0x7fb20a09bc08
P 0x7fb20a0dbab8
C 9
R
P 0x7fb20a09bc08
C 294
R
P 0x7fb20a09bc08
U 9
P 0x7fb20a0ba1b8
P 0x7fb20a0ba1d8
P 0x7fb20a0ba1f8
P 0x7fb20a0ba218
P 0x7fb20a0ba238
P 0x7fb20a0ba258
P 0x7fb20a0ba278
P 0x7fb20a0ba298
P 0x7fb20a0ba2b8
p 9
C 56
= 0x7fb20a0dbb28
R
P 0x7fb20a09bc08
C 294
R
P 0x7fb20a09bc08
P 0x7fb20a0dbb28
C 9
R
P 0x7fb20a09bc08
C 294
R
P 0x7fb20a09bc08
U 9
P 0x7fb20a0ba2d8
P 0x7fb20a0ba2f8
P 0x7fb20a0ba318
P 0x7fb20a0ba338
P 0x7fb20a0ba358
P 0x7fb20a0ba378
P 0x7fb20a0ba398
P 0x7fb20a0ba3b8
P 0x7fb20a0ba3d8
p 9
C 56
= 0x7fb20a0dbb98
R
P 0x7fb20a09bc08
C 294
R
P 0x7fb20a09bc08
P 0x7fb20a0dbb98
C 9
R
P 0x7fb20a09bc08
C 294
R
P 0x7fb20a09bc08
U 9
P 0x7fb20a0b9878
P 0x7fb20a0b99f8
P 0x7fb20a0b9a18
P 0x7fb20a0b9a38
P 0x7fb20a0b9a58
P 0x7fb20a0b9a78
P 0x7fb20a0b9a98
P 0x7fb20a0b9ab8
P 0x7fb20a0b9ad8
p 9
C 56
= 0x7fb20a0db818
R
P 0x7fb20a09bc08
C 294
R
P 0x7fb20a09bc08
P 0x7fb20a0db818
C 9
R
P 0x7fb20a09bc08
C 294
R
P 0x7fb20a09bc08
U 9
P 0x7fb20a0b9af8
P 0x7fb20a0b9b18
P 0x7fb20a0b9b38
P 0x7fb20a0b9b58
P 0x7fb20a0b9b78
P 0x7fb20a0b9b98
P 0x7fb20a0b9bb8
P 0x7fb20a0b9bd8
P 0x7fb20a0b9bf8
p 9
C 56
= 0x7fb20a0db888
R
P 0x7fb20a09bc08
C 294
R
P 0x7fb20a09bc08
P 0x7fb20a0db888
C 9
R
P 0x7fb20a09bc08
C 294
R
P 0x7fb20a09bc08
U 9
P 0x7fb20a0b9c18
P 0x7fb20a0b9c38
P 0x7fb20a0b9c58
P 0x7fb20a0b9c78
P 0x7fb20a0b9c98
P 0x7fb20a0b9cb8
P 0x7fb20a0b9cd8
P 0x7fb20a0b9cf8
P 0x7fb20a0b9d18
p 9
C 56
= 0x7fb20a0db8f8
R
P 0x7fb20a09bc08
C 294
R
P 0x7fb20a09bc08
P 0x7fb20a0db8f8
C 9
R
P 0x7fb20a09bc08
C 294
R
P 0x7fb20a09bc08
U 9
P 0x7fb20a0b9d38
P 0x7fb20a0b9d58
P 0x7fb20a0b9d78
P 0x7fb20a0b9d98
P 0x7fb20a0b9db8
P 0x7fb20a0b9dd8
P 0x7fb20a0b9df8
P 0x7fb20a0b9e18
P 0x7fb20a0b9e38
p 9
C 56
= 0x7fb20a0db968
R
P 0x7fb20a09bc08
C 294
R
P 0x7fb20a09bc08
P 0x7fb20a0db968
C 9
R
P 0x7fb20a09bc08
C 294
R
P 0x7fb20a09bc08
U 9
P 0x7fb20a0b9e58
P 0x7fb20a0b9e78
P 0x7fb20a0b9e98
P 0x7fb20a0b9eb8
P 0x7fb20a0b9ed8
P 0x7fb20a0b9ef8
P 0x7fb20a0b9f18
P 0x7fb20a0b9f38
P 0x7fb20a0b9f58
p 9
C 56
= 0x7fb20a0db9d8
R
P 0x7fb20a09bc08
C 294
R
P 0x7fb20a09bc08
P 0x7fb20a0db9d8
C 9
R
P 0x7fb20a09bc08
C 294
R
P 0x7fb20a09bc08
U 9
P 0x7fb20a0b9f78
P 0x7fb20a0b9f98
P 0x7fb20a0b9fb8
P 0x7fb20a0b9fd8
P 0x7fb20a0b9ff8
P 0x7fb20a0ba018
P 0x7fb20a0ba038
P 0x7fb20a0ba058
P 0x7fb20a0ba078
p 9
C 56
= 0x7fb20a0dba48
R
P 0x7fb20a09bc08
C 294
R
P 0x7fb20a09bc08
P 0x7fb20a0dba48
C 9
R
P 0x7fb20a09bc08
C 294
R
P 0x7fb20a09bc08
U 9
P 0x7fb20a0ba098
P 0x7fb20a0ba0b8
P 0x7fb20a0ba0d8
P 0x7fb20a0ba0f8
P 0x7fb20a0ba118
P 0x7fb20a0ba138
P 0x7fb20a0ba158
P 0x7fb20a0ba178
P 0x7fb20a0ba198
p 9
C 56
= 0x7fb20a0dbab8
R
P 0x7fb20a09bc08
C 294
R
P 0x7fb20a09bc08
P 0x7fb20a0dbab8
C 9
R
P 0x7fb20a09bc08
C 294
R
P 0x7fb20a09bc08
U 9
P 0x7fb20a0ba1b8
P 0x7fb20a0ba1d8
P 0x7fb20a0ba1f8
P 0x7fb20a0ba218
P 0x7fb20a0ba238
P 0x7fb20a0ba258
P 0x7fb20a0ba278
P 0x7fb20a0ba298
P 0x7fb20a0ba2b8
p 9
C 56
= 0x7fb20a0dbb28
R
P 0x7fb20a09bc08
C 294
R
P 0x7fb20a09bc08
P 0x7fb20a0dbb28
C 9
R
P 0x7fb20a09bc08
C 294
R
P 0x7fb20a09bc08
U 9
P 0x7fb20a0ba2d8
P 0x7fb20a0ba2f8
P 0x7fb20a0ba318
P 0x7fb20a0ba338
P 0x7fb20a0ba358
P 0x7fb20a0ba378
P 0x7fb20a0ba398
P 0x7fb20a0ba3b8
P 0x7fb20a0ba3d8
p 9
C 56
= 0x7fb20a0dbb98
R
P 0x7fb20a09bc08
C 294
R
P 0x7fb20a09bc08
P 0x7fb20a0dbb98
C 9
R
P 0x7fb20a09bc08
C 294
R
P 0x7fb20a09bc08
U 9
P 0x7fb20a0b9878
P 0x7fb20a0b99f8
P 0x7fb20a0b9a18
P 0x7fb20a0b9af8
P 0x7fb20a0b9b18
P 0x7fb20a0b9b38
P 0x7fb20a0b9c18
P 0x7fb20a0b9c38
P 0x7fb20a0b9c58
p 9
C 56
= 0x7fb20a0dbc08
R
P 0x7fb20a09bc08
C 294
R
P 0x7fb20a09bc08
P 0x7fb20a0dbc08
C 9
R
P 0x7fb20a09bc08
C 294
R
P 0x7fb20a09bc08
U 9
P 0x7fb20a0b9a38
P 0x7fb20a0b9a58
P 0x7fb20a0b9a78
P 0x7fb20a0b9b58
P 0x7fb20a0b9b78
P 0x7fb20a0b9b98
P 0x7fb20a0b9c78
P 0x7fb20a0b9c98
P 0x7fb20a0b9cb8
p 9
C 56
= 0x7fb20a0dbc78
R
P 0x7fb20a09bc08
C 294
R
P 0x7fb20a09bc08
P 0x7fb20a0dbc78
C 9
R
P 0x7fb20a09bc08
C 294
R
P 0x7fb20a09bc08
U 9
P 0x7fb20a0b9a98
P 0x7fb20a0b9ab8
P 0x7fb20a0b9ad8
P 0x7fb20a0b9bb8
P 0x7fb20a0b9bd8
P 0x7fb20a0b9bf8
P 0x7fb20a0b9cd8
P 0x7fb20a0b9cf8
P 0x7fb20a0b9d18
p 9
C 56
= 0x7fb20a0dbce8
R
P 0x7fb20a09bc08
C 294
R
P 0x7fb20a09bc08
P 0x7fb20a0dbce8
C 9
R
P 0x7fb20a09bc08
C 294
R
P 0x7fb20a09bc08
U 9
P 0x7fb20a0b9d38
P 0x7fb20a0b9d58
P 0x7fb20a0b9d78
P 0x7fb20a0b9e58
P 0x7fb20a0b9e78
P 0x7fb20a0b9e98
P 0x7fb20a0b9f78
P 0x7fb20a0b9f98
P 0x7fb20a0b9fb8
p 9
C 56
= 0x7fb20a0dbd58
R
P 0x7fb20a09bc08
C 294
R
P 0x7fb20a09bc08
P 0x7fb20a0dbd58
C 9
R
P 0x7fb20a09bc08
C 294
R
P 0x7fb20a09bc08
U 9
P 0x7fb20a0b9d98
P 0x7fb20a0b9db8
P 0x7fb20a0b9dd8
P 0x7fb20a0b9eb8
P 0x7fb20a0b9ed8
P 0x7fb20a0b9ef8
P 0x7fb20a0b9fd8
P 0x7fb20a0b9ff8
P 0x7fb20a0ba018
p 9
C 56
= 0x7fb20a0dbdc8
R
P 0x7fb20a09bc08
C 294
R
P 0x7fb20a09bc08
P 0x7fb20a0dbdc8
C 9
R
P 0x7fb20a09bc08
C 294
R
P 0x7fb20a09bc08
U 9
P 0x7fb20a0b9df8
P 0x7fb20a0b9e18
P 0x7fb20a0b9e38
P 0x7fb20a0b9f18
P 0x7fb20a0b9f38
P 0x7fb20a0b9f58
P 0x7fb20a0ba038
P 0x7fb20a0ba058
P 0x7fb20a0ba078
p 9
C 56
= 0x7fb20a0dbe38
R
P 0x7fb20a09bc08
C 294
R
P 0x7fb20a09bc08
P 0x7fb20a0dbe38
C 9
R
P 0x7fb20a09bc08
C 294
R
P 0x7fb20a09bc08
U 9
P 0x7fb20a0ba098
P 0x7fb20a0ba0b8
P 0x7fb20a0ba0d8
P 0x7fb20a0ba1b8
P 0x7fb20a0ba1d8
P 0x7fb20a0ba1f8
P 0x7fb20a0ba2d8
P 0x7fb20a0ba2f8
P 0x7fb20a0ba318
p 9
C 56
= 0x7fb20a0dbea8
R
P 0x7fb20a09bc08
C 294
R
P 0x7fb20a09bc08
P 0x7fb20a0dbea8
C 9
R
P 0x7fb20a09bc08
C 294
R
P 0x7fb20a09bc08
U 9
P 0x7fb20a0ba0f8
P 0x7fb20a0ba118
P 0x7fb20a0ba138
P 0x7fb20a0ba218
P 0x7fb20a0ba238
P 0x7fb20a0ba258
P 0x7fb20a0ba338
P 0x7fb20a0ba358
P 0x7fb20a0ba378
p 9
C 56
= 0x7fb20a0dbf18
R
P 0x7fb20a09bc08
C 294
R
P 0x7fb20a09bc08
P 0x7fb20a0dbf18
C 9
R
P 0x7fb20a09bc08
C 294
R
P 0x7fb20a09bc08
U 9
P 0x7fb20a0ba158
P 0x7fb20a0ba178
P 0x7fb20a0ba198
P 0x7fb20a0ba278
P 0x7fb20a0ba298
P 0x7fb20a0ba2b8
P 0x7fb20a0ba398
P 0x7fb20a0ba3b8
P 0x7fb20a0ba3d8
p 9
C 56
= 0x7fb20a0dbf88
R
P 0x7fb20a09bc08
C 294
R
P 0x7fb20a09bc08
P 0x7fb20a0dbf88
C 9
R
P 0x7fb20a09bc08
C 294
R
P 0x7fb20a09bc08
C 53
= 0x7fb20a0b8c78
R
P 0x7fb20a09bc08
C 294
R
P 0x7fb20a09bc08
P 0x7fb20a0b8c78
C 9
R
P 0x7fb20a09bc08
C 294
R
P 0x7fb20a09bc08
U 9
P 0x7fb20a0bf9f8
P 0x7fb20a0bfb10
P 0x7fb20a0bfbb8
P 0x7fb20a0bfc60
P 0x7fb20a0bfd08
P 0x7fb20a0bfdb0
P 0x7fb20a0bfe58
P 0x7fb20a0bff00
P 0x7fb20a0bffa8
p 9
C 62
= 0x7fb20a0dbff8
R
P 0x7fb20a09bc08
C 294
R
P 0x7fb20a09bc08
P 0x7fb20a0dbff8
C 9
R
P 0x7fb20a09bc08
C 294
R
P 0x7fb20a09bc08
U 2
P 0x7fb20a0dbff8
P 0x7fb20a0b8c78
p 2
C 62
= 0x7fb20a0d9168
R
P 0x7fb20a09bc08
C 294
R
P 0x7fb20a09bc08
P 0x7fb20a0d9168
C 9
R
P 0x7fb20a09bc08
C 294
R
P 0x7fb20a09bc08
U 9
P 0x7fb20a0c0050
P 0x7fb20a0c00f8
P 0x7fb20a0c01a0
P 0x7fb20a0c0248
P 0x7fb20a0c02f0
P 0x7fb20a0c0398
P 0x7fb20a0c0440
P 0x7fb20a0c04e8
P 0x7fb20a0c0590
p 9
C 62
= 0x7fb20a0dc068
R
P 0x7fb20a09bc08
C 294
R
P 0x7fb20a09bc08
P 0x7fb20a0dc068
C 9
R
P 0x7fb20a09bc08
C 294
R
P 0x7fb20a09bc08
U 2
P 0x7fb20a0dc068
P 0x7fb20a0d9168
p 2
C 62
= 0x7fb20a0d91a0
R
P 0x7fb20a09bc08
C 294
R
P 0x7fb20a09bc08
P 0x7fb20a0d91a0
C 9
R
P 0x7fb20a09bc08
C 294
R
P 0x7fb20a09bc08
U 9
P 0x7fb20a0c0638
P 0x7fb20a0c06e0
P 0x7fb20a0c0788
P 0x7fb20a0c0830
P 0x7fb20a0c08d8
P 0x7fb20a0c0980
P 0x7fb20a0c0a28
P 0x7fb20a0c0ad0
P 0x7fb20a0c0b78
p 9
C 62
= 0x7fb20a0dc0d8
R
P 0x7fb20a09bc08
C 294
R
P 0x7fb20a09bc08
P 0x7fb20a0dc0d8
C 9
R
P 0x7fb20a09bc08
C 294
R
P 0x7fb20a09bc08
U 2
P 0x7fb20a0dc0d8
P 0x7fb20a0d91a0
p 2
C 62
= 0x7fb20a0d91d8
R
P 0x7fb20a09bc08
C 294
R
P 0x7fb20a09bc08
P 0x7fb20a0d91d8
C 9
R
P 0x7fb20a09bc08
C 294
R
P 0x7fb20a09bc08
U 9
P 0x7fb20a0c0c20
P 0x7fb20a0c0cc8
P 0x7fb20a0c0d70
P 0x7fb20a0c0e18
P 0x7fb20a0c0ec0
P 0x7fb20a0c0f68
P 0x7fb20a0c1010
P 0x7fb20a0c10b8
P 0x7fb20a0c1160
p 9
C 62
= 0x7fb20a0dc148
R
P 0x7fb20a09bc08
C 294
R
P 0x7fb20a09bc08
P 0x7fb20a0dc148
C 9
R
P 0x7fb20a09bc08
C 294
R
P 0x7fb20a09bc08
U 2
P 0x7fb20a0dc148
P 0x7fb20a0d91d8
p 2
C 62
= 0x7fb20a0d9210
R
P 0x7fb20a09bc08
C 294
R
P 0x7fb20a09bc08
P 0x7fb20a0d9210
C 9
R
P 0x7fb20a09bc08
C 294
R
P 0x7fb20a09bc08
U 9
P 0x7fb20a0d7450
P 0x7fb20a0d74f8
P 0x7fb20a0d75a0
P 0x7fb20a0d7648
P 0x7fb20a0d76f0
P 0x7fb20a0d7798
P 0x7fb20a0d7840
P 0x7fb20a0d78e8
P 0x7fb20a0d7990
p 9
C 62
= 0x7fb20a0dc1b8
R
P 0x7fb20a09bc08
C 294
R
P 0x7fb20a09bc08
P 0x7fb20a0dc1b8
C 9
R
P 0x7fb20a09bc08
C 294
R
P 0x7fb20a09bc08
U 2
P 0x7fb20a0dc1b8
P 0x7fb20a0d9210
p 2
C 62
= 0x7fb20a0d9248
R
P 0x7fb20a09bc08
C 294
R
P 0x7fb20a09bc08
P 0x7fb20a0d9248
C 9
R
P 0x7fb20a09bc08
C 294
R
P 0x7fb20a09bc08
U 9
P 0x7fb20a0d7a38
P 0x7fb20a0d7ae0
P 0x7fb20a0d7b88
P 0x7fb20a0d7c30
P 0x7fb20a0d7cd8
P 0x7fb20a0d7d80
P 0x7fb20a0d7e28
P 0x7fb20a0d7ed0
P 0x7fb20a0d7f78
p 9
C 62
= 0x7fb20a0dc228
R
P 0x7fb20a09bc08
C 294
R
P 0x7fb20a09bc08
P 0x7fb20a0dc228
C 9
R
P 0x7fb20a09bc08
C 294
R
P 0x7fb20a09bc08
U 2
P 0x7fb20a0dc228
P 0x7fb20a0d9248
p 2
C 62
= 0x7fb20a0d9280
R
P 0x7fb20a09bc08
C 294
R
P 0x7fb20a09bc08
P 0x7fb20a0d9280
C 9
R
P 0x7fb20a09bc08
C 294
R
P 0x7fb20a09bc08
U 9
P 0x7fb20a0d8020
P 0x7fb20a0d80c8
P 0x7fb20a0d8170
P 0x7fb20a0d8218
P 0x7fb20a0d82c0
P 0x7fb20a0d8368
P 0x7fb20a0d8410
P 0x7fb20a0d84b8
P 0x7fb20a0d8560
p 9
C 62
= 0x7fb20a0dc298
R
P 0x7fb20a09bc08
C 294
R
P 0x7fb20a09bc08
P 0x7fb20a0dc298
C 9
R
P 0x7fb20a09bc08
C 294
R
P 0x7fb20a09bc08
U 2
P 0x7fb20a0dc298
P 0x7fb20a0d9280
p 2
C 62
= 0x7fb20a0d92b8
R
P 0x7fb20a09bc08
C 294
R
P 0x7fb20a09bc08
P 0x7fb20a0d92b8
C 9
R
P 0x7fb20a09bc08
C 294
R
P 0x7fb20a09bc08
U 9
P 0x7fb20a0d8608
P 0x7fb20a0d86b0
P 0x7fb20a0d8758
P 0x7fb20a0d8800
P 0x7fb20a0d88a8
P 0x7fb20a0d8950
P 0x7fb20a0d89f8
P 0x7fb20a0d8aa0
P 0x7fb20a0d8b48
p 9
C 62
= 0x7fb20a0dc308
R
P 0x7fb20a09bc08
C 294
R
P 0x7fb20a09bc08
P 0x7fb20a0dc308
C 9
R
P 0x7fb20a09bc08
C 294
R
P 0x7fb20a09bc08
U 2
P 0x7fb20a0dc308
P 0x7fb20a0d92b8
p 2
C 62
= 0x7fb20a0d92f0
R
P 0x7fb20a09bc08
C 294
R
P 0x7fb20a09bc08
P 0x7fb20a0d92f0
C 9
R
P 0x7fb20a09bc08
C 294
R
P 0x7fb20a09bc08
U 9
P 0x7fb20a0d8bf0
P 0x7fb20a0d8c98
P 0x7fb20a0d8d40
P 0x7fb20a0d8de8
P 0x7fb20a0d8e90
P 0x7fb20a0d8f38
P 0x7fb20a0d8fe0
P 0x7fb20a0d9088
P 0x7fb20a0d9130
p 9
C 62
= 0x7fb20a0dc378
R
P 0x7fb20a09bc08
C 294
R
P 0x7fb20a09bc08
P 0x7fb20a0dc378
C 9
R
P 0x7fb20a09bc08
C 294
R
P 0x7fb20a09bc08
U 2
P 0x7fb20a0dc378
P 0x7fb20a0d92f0
p 2
C 62
= 0x7fb20a0d9328
R
P 0x7fb20a09bc08
C 294
R
P 0x7fb20a09bc08
P 0x7fb20a0d9328
C 9
R
P 0x7fb20a09bc08
C 294
R
P 0x7fb20a09bc08
U 9
P 0x7fb20a0db818
P 0x7fb20a0db888
P 0x7fb20a0db8f8
P 0x7fb20a0db968
P 0x7fb20a0db9d8
P 0x7fb20a0dba48
P 0x7fb20a0dbab8
P 0x7fb20a0dbb28
P 0x7fb20a0dbb98
p 9
C 62
= 0x7fb20a0dc3e8
R
P 0x7fb20a09bc08
C 294
R
P 0x7fb20a09bc08
P 0x7fb20a0dc3e8
C 9
R
P 0x7fb20a09bc08
C 294
R
P 0x7fb20a09bc08
U 2
P 0x7fb20a0dc3e8
P 0x7fb20a0d9328
p 2
C 62
= 0x7fb20a0d9360
R
P 0x7fb20a09bc08
C 294
R
P 0x7fb20a09bc08
P 0x7fb20a0d9360
C 9
R
P 0x7fb20a09bc08
C 294
R
P 0x7fb20a09bc08
U 9
P 0x7fb20a0db818
P 0x7fb20a0db888
P 0x7fb20a0db8f8
P 0x7fb20a0db968
P 0x7fb20a0db9d8
P 0x7fb20a0dba48
P 0x7fb20a0dbab8
P 0x7fb20a0dbb28
P 0x7fb20a0dbb98
p 9
C 62
= 0x7fb20a0dc3e8
R
P 0x7fb20a09bc08
C 294
R
P 0x7fb20a09bc08
P 0x7fb20a0dc3e8
C 9
R
P 0x7fb20a09bc08
C 294
R
P 0x7fb20a09bc08
U 2
P 0x7fb20a0dc3e8
P 0x7fb20a0d9360
p 2
C 62
= 0x7fb20a0d9398
R
P 0x7fb20a09bc08
C 294
R
P 0x7fb20a09bc08
P 0x7fb20a0d9398
C 9
R
P 0x7fb20a09bc08
C 294
R
P 0x7fb20a09bc08
U 3
P 0x7fb20a0dbc08
P 0x7fb20a0dbc78
P 0x7fb20a0dbce8
p 3
C 62
= 0x7fb20a0bd7d8
R
P 0x7fb20a09bc08
C 294
R
P 0x7fb20a09bc08
P 0x7fb20a0bd7d8
C 9
R
P 0x7fb20a09bc08
C 294
R
P 0x7fb20a09bc08
U 2
P 0x7fb20a0bd7d8
P 0x7fb20a0d9398
p 2
C 62
= 0x7fb20a0dda18
R
P 0x7fb20a09bc08
C 294
R
P 0x7fb20a09bc08
P 0x7fb20a0dda18
C 9
R
P 0x7fb20a09bc08
C 294
R
P 0x7fb20a09bc08
U 3
P 0x7fb20a0dbd58
P 0x7fb20a0dbdc8
P 0x7fb20a0dbe38
p 3
C 62
= 0x7fb20a0bd818
R
P 0x7fb20a09bc08
C 294
R
P 0x7fb20a09bc08
P 0x7fb20a0bd818
C 9
R
P 0x7fb20a09bc08
C 294
R
P 0x7fb20a09bc08
U 2
P 0x7fb20a0bd818
P 0x7fb20a0dda18
p 2
C 62
= 0x7fb20a0dda50
R
P 0x7fb20a09bc08
C 294
R
P 0x7fb20a09bc08
P 0x7fb20a0dda50
C 9
R
P 0x7fb20a09bc08
C 294
R
P 0x7fb20a09bc08
U 3
P 0x7fb20a0dbea8
P 0x7fb20a0dbf18
P 0x7fb20a0dbf88
p 3
C 62
= 0x7fb20a0bd858
R
P 0x7fb20a09bc08
C 294
R
P 0x7fb20a09bc08
P 0x7fb20a0bd858
C 9
R
P 0x7fb20a09bc08
C 294
R
P 0x7fb20a09bc08
U 2
P 0x7fb20a0bd858
P 0x7fb20a0dda50
p 2
C 62
= 0x7fb20a0dda88
R
P 0x7fb20a09bc08
C 294
R
P 0x7fb20a09bc08
P 0x7fb20a0dda88
C 9
R
P 0x7fb20a09bc08
C 294
R
P 0x7fb20a09bc08
C 53
= 0x7fb20a0b8c78
R
P 0x7fb20a09bc08
C 294
R
P 0x7fb20a09bc08
P 0x7fb20a0b8c78
C 9
R
P 0x7fb20a09bc08
C 294
R
P 0x7fb20a09bc08
I 0
P 0x7fb20a0b8cd8
C 145
= 0x7fb20a0b95d8
R
P 0x7fb20a09bc08
C 294
R
P 0x7fb20a09bc08
P 0x7fb20a0b95d8
C 9
R
P 0x7fb20a09bc08
C 294
R
P 0x7fb20a09bc08
I 0
P 0x7fb20a0b8cd8
C 145
= 0x7fb20a0b95d8
R
P 0x7fb20a09bc08
C 294
R
P 0x7fb20a09bc08
P 0x7fb20a0b95d8
C 9
R
P 0x7fb20a09bc08
C 294
R
P 0x7fb20a09bc08
P 0x7fb20a0b95d8
P 0x7fb20a0b95d8
C 55
= 0x7fb20a0ddac0
R
P 0x7fb20a09bc08
C 294
R
P 0x7fb20a09bc08
P 0x7fb20a0ddac0
C 9
R
P 0x7fb20a09bc08
C 294
R
P 0x7fb20a09bc08
C 53
= 0x7fb20a0b8c78
R
P 0x7fb20a09bc08
C 294
R
P 0x7fb20a09bc08
P 0x7fb20a0b8c78
C 9
R
P 0x7fb20a09bc08
C 294
R
P 0x7fb20a09bc08
I 0
P 0x7fb20a0b8cd8
C 145
= 0x7fb20a0b95d8
R
P 0x7fb20a09bc08
C 294
R
P 0x7fb20a09bc08
P 0x7fb20a0b95d8
C 9
R
P 0x7fb20a09bc08
C 294
R
P 0x7fb20a09bc08
P 0x7fb20a0b9878
P 0x7fb20a0b95d8
C 55
= 0x7fb20a0ddaf8
R
P 0x7fb20a09bc08
C 294
R
P 0x7fb20a09bc08
P 0x7fb20a0ddaf8
C 9
R
P 0x7fb20a09bc08
C 294
R
P 0x7fb20a09bc08
P 0x7fb20a0ddac0
P 0x7fb20a0b8c78
P 0x7fb20a0ddaf8
C 58
= 0x7fb20a0bd898
R
P 0x7fb20a09bc08
C 294
R
P 0x7fb20a09bc08
P 0x7fb20a0bd898
C 208
R
P 0x7fb20a09bc08
C 294
R
P 0x7fb20a09bc08
P 0x7fb20a0bd898
C 205
= 0x7fb20a0b8c18
R
P 0x7fb20a09bc08
C 294
R
P 0x7fb20a09bc08
P 0x7fb20a0b8c18
C 166
R
P 0x7fb20a09bc08
C 294
R
P 0x7fb20a09bc08
P 0x7fb20a0bd898
C 211
R
P 0x7fb20a09bc08
C 294
R
P 0x7fb20a09bc08
P 0x7fb20a0bd898
C 210
R
P 0x7fb20a09bc08
C 294
R
P 0x7fb20a09bc08
P 0x7fb20a0bd898
C 9
R
P 0x7fb20a09bc08
C 294
R
P 0x7fb20a09bc08
U 2
P 0x7fb20a0b8c78
P 0x7fb20a0bd898
p 2
C 62
= 0x7fb20a0ddb30
R
P 0x7fb20a09bc08
C 294
R
P 0x7fb20a09bc08
P 0x7fb20a0ddb30
C 9
R
P 0x7fb20a09bc08
C 294
R
P 0x7fb20a09bc08
I 0
P 0x7fb20a0b8cd8
C 145
= 0x7fb20a0b95d8
R
P 0x7fb20a09bc08
C 294
R
P 0x7fb20a09bc08
P 0x7fb20a0b95d8
C 9
R
P 0x7fb20a09bc08
C 294
R
P 0x7fb20a09bc08
I 0
P 0x7fb20a0b8cd8
C 145
= 0x7fb20a0b95d8
R
P 0x7fb20a09bc08
C 294
R
P 0x7fb20a09bc08
P 0x7fb20a0b95d8
C 9
R
P 0x7fb20a09bc08
C 294
R
P 0x7fb20a09bc08
P 0x7fb20a0b95d8
P 0x7fb20a0b95d8
C 55
= 0x7fb20a0ddac0
R
P 0x7fb20a09bc08
C 294
R
P 0x7fb20a09bc08
P 0x7fb20a0ddac0
C 9
R
P 0x7fb20a09bc08
C 294
R
P 0x7fb20a09bc08
C 53
= 0x7fb20a0b8c78
R
P 0x7fb20a09bc08
C 294
R
P 0x7fb20a09bc08
P 0x7fb20a0b8c78
C 9
R
P 0x7fb20a09bc08
C 294
R
P 0x7fb20a09bc08
I 0
P 0x7fb20a0b8cd8
C 145
= 0x7fb20a0b95d8
R
P 0x7fb20a09bc08
C 294
R
P 0x7fb20a09bc08
P 0x7fb20a0b95d8
C 9
R
P 0x7fb20a09bc08
C 294
R
P 0x7fb20a09bc08
P 0x7fb20a0b99f8
P 0x7fb20a0b95d8
C 55
= 0x7fb20a0ddb68
R
P 0x7fb20a09bc08
C 294
R
P 0x7fb20a09bc08
P 0x7fb20a0ddb68
C 9
R
P 0x7fb20a09bc08
C 294
R
P 0x7fb20a09bc08
P 0x7fb20a0ddac0
P 0x7fb20a0b8c78
P 0x7fb20a0ddb68
C 58
= 0x7fb20a0bd8d8
R
P 0x7fb20a09bc08
C 294
R
P 0x7fb20a09bc08
P 0x7fb20a0bd8d8
C 208
R
P 0x7fb20a09bc08
C 294
R
P 0x7fb20a09bc08
P 0x7fb20a0bd8d8
C 205
= 0x7fb20a0b8c18
R
P 0x7fb20a09bc08
C 294
R
P 0x7fb20a09bc08
P 0x7fb20a0b8c18
C 166
R
P 0x7fb20a09bc08
C 294
R
P 0x7fb20a09bc08
P 0x7fb20a0bd8d8
C 211
R
P 0x7fb20a09bc08
C 294
R
P 0x7fb20a09bc08
P 0x7fb20a0bd8d8
C 210
R
P 0x7fb20a09bc08
C 294
R
P 0x7fb20a09bc08
P 0x7fb20a0bd8d8
C 9
R
P 0x7fb20a09bc08
C 294
R
P 0x7fb20a09bc08
U 2
P 0x7fb20a0ddb30
P 0x7fb20a0bd8d8
p 2
C 62
= 0x7fb20a0ddba0
R
P 0x7fb20a09bc08
C 294
R
P 0x7fb20a09bc08
P 0x7fb20a0ddba0
C 9
R
P 0x7fb20a09bc08
C 294
R
P 0x7fb20a09bc08
I 0
P 0x7fb20a0b8cd8
C 145
= 0x7fb20a0b95d8
R
P 0x7fb20a09bc08
C 294
R
P 0x7fb20a09bc08
P 0x7fb20a0b95d8
C 9
R
P 0x7fb20a09bc08
C 294
R
P 0x7fb20a09bc08
I 0
P 0x7fb20a0b8cd8
C 145
= 0x7fb20a0b95d8
R
P 0x7fb20a09bc08
C 294
R
P 0x7fb20a09bc08
P 0x7fb20a0b95d8
C 9
R
P 0x7fb20a09bc08
C 294
R
P 0x7fb20a09bc08
P 0x7fb20a0b95d8
P 0x7fb20a0b95d8
C 55
= 0x7fb20a0ddac0
R
P 0x7fb20a09bc08
C 294
R
P 0x7fb20a09bc08
P 0x7fb20a0ddac0
C 9
R
P 0x7fb20a09bc08
C 294
R
P 0x7fb20a09bc08
C 53
= 0x7fb20a0b8c78
R
P 0x7fb20a09bc08
C 294
R
P 0x7fb20a09bc08
P 0x7fb20a0b8c78
C 9
R
P 0x7fb20a09bc08
C 294
R
P 0x7fb20a09bc08
I 0
P 0x7fb20a0b8cd8
C 145
= 0x7fb20a0b95d8
R
P 0x7fb20a09bc08
C 294
R
P 0x7fb20a09bc08
P 0x7fb20a0b95d8
C 9
R
P 0x7fb20a09bc08
C 294
R
P 0x7fb20a09bc08
P 0x7fb20a0b9a18
P 0x7fb20a0b95d8
C 55
= 0x7fb20a0ddbd8
R
P 0x7fb20a09bc08
C 294
R
P 0x7fb20a09bc08
P 0x7fb20a0ddbd8
C 9
R
P 0x7fb20a09bc08
C 294
R
P 0x7fb20a09bc08
P 0x7fb20a0ddac0
P 0x7fb20a0b8c78
P 0x7fb20a0ddbd8
C 58
= 0x7fb20a0bd918
R
P 0x7fb20a09bc08
C 294
R
P 0x7fb20a09bc08
P 0x7fb20a0bd918
C 208
R
P 0x7fb20a09bc08
C 294
R
P 0x7fb20a09bc08
P 0x7fb20a0bd918
C 205
= 0x7fb20a0b8c18
R
P 0x7fb20a09bc08
C 294
R
P 0x7fb20a09bc08
P 0x7fb20a0b8c18
C 166
R
P 0x7fb20a09bc08
C 294
R
P 0x7fb20a09bc08
P 0x7fb20a0bd918
C 211
R
P 0x7fb20a09bc08
C 294
R
P 0x7fb20a09bc08
P 0x7fb20a0bd918
C 210
R
P 0x7fb20a09bc08
C 294
R
P 0x7fb20a09bc08
P 0x7fb20a0bd918
C 9
R
P 0x7fb20a09bc08
C 294
R
P 0x7fb20a09bc08
U 2
P 0x7fb20a0ddba0
P 0x7fb20a0bd918
p 2
C 62
= 0x7fb20a0ddc10
R
P 0x7fb20a09bc08
C 294
R
P 0x7fb20a09bc08
P 0x7fb20a0ddc10
C 9
R
P 0x7fb20a09bc08
C 294
R
P 0x7fb20a09bc08
I 0
P 0x7fb20a0b8cd8
C 145
= 0x7fb20a0b95d8
R
P 0x7fb20a09bc08
C 294
R
P 0x7fb20a09bc08
P 0x7fb20a0b95d8
C 9
R
P 0x7fb20a09bc08
C 294
R
P 0x7fb20a09bc08
I 0
P 0x7fb20a0b8cd8
C 145
= 0x7fb20a0b95d8
R
P 0x7fb20a09bc08
C 294
R
P 0x7fb20a09bc08
P 0x7fb20a0b95d8
C 9
R
P 0x7fb20a09bc08
C 294
R
P 0x7fb20a09bc08
P 0x7fb20a0b95d8
P 0x7fb20a0b95d8
C 55
= 0x7fb20a0ddac0
R
P 0x7fb20a09bc08
C 294
R
P 0x7fb20a09bc08
P 0x7fb20a0ddac0
C 9
R
P 0x7fb20a09bc08
C 294
R
P 0x7fb20a09bc08
C 53
= 0x7fb20a0b8c78
R
P 0x7fb20a09bc08
C 294
R
P 0x7fb20a09bc08
P 0x7fb20a0b8c78
C 9
R
P 0x7fb20a09bc08
C 294
R
P 0x7fb20a09bc08
I 0
P 0x7fb20a0b8cd8
C 145
= 0x7fb20a0b95d8
R
P 0x7fb20a09bc08
C 294
R
P 0x7fb20a09bc08
P 0x7fb20a0b95d8
C 9
R
P 0x7fb20a09bc08
C 294
R
P 0x7fb20a09bc08
P 0x7fb20a0b9a38
P 0x7fb20a0b95d8
C 55
= 0x7fb20a0ddc48
R
P 0x7fb20a09bc08
C 294
R
P 0x7fb20a09bc08
P 0x7fb20a0ddc48
C 9
R
P 0x7fb20a09bc08
C 294
R
P 0x7fb20a09bc08
P 0x7fb20a0ddac0
P 0x7fb20a0b8c78
P 0x7fb20a0ddc48
C 58
= 0x7fb20a0bd958
R
P 0x7fb20a09bc08
C 294
R
P 0x7fb20a09bc08
P 0x7fb20a0bd958
C 208
R
P 0x7fb20a09bc08
C 294
R
P 0x7fb20a09bc08
P 0x7fb20a0bd958
C 205
= 0x7fb20a0b8c18
R
P 0x7fb20a09bc08
C 294
R
P 0x7fb20a09bc08
P 0x7fb20a0b8c18
C 166
R
P 0x7fb20a09bc08
C 294
R
P 0x7fb20a09bc08
P 0x7fb20a0bd958
C 211
R
P 0x7fb20a09bc08
C 294
R
P 0x7fb20a09bc08
P 0x7fb20a0bd958
C 210
R
P 0x7fb20a09bc08
C 294
R
P 0x7fb20a09bc08
P 0x7fb20a0bd958
C 9
R
P 0x7fb20a09bc08
C 294
R
P 0x7fb20a09bc08
U 2
P 0x7fb20a0ddc10
P 0x7fb20a0bd958
p 2
C 62
= 0x7fb20a0ddc80
R
P 0x7fb20a09bc08
C 294
R
P 0x7fb20a09bc08
P 0x7fb20a0ddc80
C 9
R
P 0x7fb20a09bc08
C 294
R
P 0x7fb20a09bc08
I 9
P 0x7fb20a0b8cd8
C 145
= 0x7fb20a0ba3f8
R
P 0x7fb20a09bc08
C 294
R
P 0x7fb20a09bc08
P 0x7fb20a0ba3f8
C 9
R
P 0x7fb20a09bc08
C 294
R
P 0x7fb20a09bc08
I 0
P 0x7fb20a0b8cd8
C 145
= 0x7fb20a0b95d8
R
P 0x7fb20a09bc08
C 294
R
P 0x7fb20a09bc08
P 0x7fb20a0b95d8
C 9
R
P 0x7fb20a09bc08
C 294
R
P 0x7fb20a09bc08
P 0x7fb20a0ba3f8
P 0x7fb20a0b95d8
C 55
= 0x7fb20a0ddcb8
R
P 0x7fb20a09bc08
C 294
R
P 0x7fb20a09bc08
P 0x7fb20a0ddcb8
C 9
R
P 0x7fb20a09bc08
C 294
R
P 0x7fb20a09bc08
C 53
= 0x7fb20a0b8c78
R
P 0x7fb20a09bc08
C 294
R
P 0x7fb20a09bc08
P 0x7fb20a0b8c78
C 9
R
P 0x7fb20a09bc08
C 294
R
P 0x7fb20a09bc08
I 9
P 0x7fb20a0b8cd8
C 145
= 0x7fb20a0ba3f8
R
P 0x7fb20a09bc08
C 294
R
P 0x7fb20a09bc08
P 0x7fb20a0ba3f8
C 9
R
P 0x7fb20a09bc08
C 294
R
P 0x7fb20a09bc08
P 0x7fb20a0b9a58
P 0x7fb20a0ba3f8
C 55
= 0x7fb20a0ddcf0
R
P 0x7fb20a09bc08
C 294
R
P 0x7fb20a09bc08
P 0x7fb20a0ddcf0
C 9
R
P 0x7fb20a09bc08
C 294
R
P 0x7fb20a09bc08
P 0x7fb20a0ddcb8
P 0x7fb20a0b8c78
P 0x7fb20a0ddcf0
C 58
= 0x7fb20a0bd998
R
P 0x7fb20a09bc08
C 294
R
P 0x7fb20a09bc08
P 0x7fb20a0bd998
C 208
R
P 0x7fb20a09bc08
C 294
R
P 0x7fb20a09bc08
P 0x7fb20a0bd998
C 205
= 0x7fb20a0b8c18
R
P 0x7fb20a09bc08
C 294
R
P 0x7fb20a09bc08
P 0x7fb20a0b8c18
C 166
R
P 0x7fb20a09bc08
C 294
R
P 0x7fb20a09bc08
P 0x7fb20a0bd998
C 211
R
P 0x7fb20a09bc08
C 294
R
P 0x7fb20a09bc08
P 0x7fb20a0bd998
C 210
R
P 0x7fb20a09bc08
C 294
R
P 0x7fb20a09bc08
P 0x7fb20a0bd998
C 9
R
P 0x7fb20a09bc08
C 294
R
P 0x7fb20a09bc08
U 2
P 0x7fb20a0ddc80
P 0x7fb20a0bd998
p 2
C 62
= 0x7fb20a0ddd28
R
P 0x7fb20a09bc08
C 294
R
P 0x7fb20a09bc08
P 0x7fb20a0ddd28
C 9
R
P 0x7fb20a09bc08
C 294
R
P 0x7fb20a09bc08
I 4
P 0x7fb20a0b8cd8
C 145
= 0x7fb20a0ba418
R
P 0x7fb20a09bc08
C 294
R
P 0x7fb20a09bc08
P 0x7fb20a0ba418
C 9
R
P 0x7fb20a09bc08
C 294
R
P 0x7fb20a09bc08
I 0
P 0x7fb20a0b8cd8
C 145
= 0x7fb20a0b95d8
R
P 0x7fb20a09bc08
C 294
R
P 0x7fb20a09bc08
P 0x7fb20a0b95d8
C 9
R
P 0x7fb20a09bc08
C 294
R
P 0x7fb20a09bc08
P 0x7fb20a0ba418
P 0x7fb20a0b95d8
C 55
= 0x7fb20a0ddd60
R
P 0x7fb20a09bc08
C 294
R
P 0x7fb20a09bc08
P 0x7fb20a0ddd60
C 9
R
P 0x7fb20a09bc08
C 294
R
P 0x7fb20a09bc08
C 53
= 0x7fb20a0b8c78
R
P 0x7fb20a09bc08
C 294
R
P 0x7fb20a09bc08
P 0x7fb20a0b8c78
C 9
R
P 0x7fb20a09bc08
C 294
R
P 0x7fb20a09bc08
I 4
P 0x7fb20a0b8cd8
C 145
= 0x7fb20a0ba418
R
P 0x7fb20a09bc08
C 294
R
P 0x7fb20a09bc08
P 0x7fb20a0ba418
C 9
R
P 0x7fb20a09bc08
C 294
R
P 0x7fb20a09bc08
P 0x7fb20a0b9a78
P 0x7fb20a0ba418
C 55
= 0x7fb20a0ddd98
R
P 0x7fb20a09bc08
C 294
R
P 0x7fb20a09bc08
P 0x7fb20a0ddd98
C 9
R
P 0x7fb20a09bc08
C 294
R
P 0x7fb20a09bc08
P 0x7fb20a0ddd60
P 0x7fb20a0b8c78
P 0x7fb20a0ddd98
C 58
= 0x7fb20a0bd9d8
R
P 0x7fb20a09bc08
C 294
R
P 0x7fb20a09bc08
P 0x7fb20a0bd9d8
C 208
R
P 0x7fb20a09bc08
C 294
R
P 0x7fb20a09bc08
P 0x7fb20a0bd9d8
C 205
= 0x7fb20a0b8c18
R
P 0x7fb20a09bc08
C 294
R
P 0x7fb20a09bc08
P 0x7fb20a0b8c18
C 166
R
P 0x7fb20a09bc08
C 294
R
P 0x7fb20a09bc08
P 0x7fb20a0bd9d8
C 211
R
P 0x7fb20a09bc08
C 294
R
P 0x7fb20a09bc08
P 0x7fb20a0bd9d8
C 210
R
P 0x7fb20a09bc08
C 294
R
P 0x7fb20a09bc08
P 0x7fb20a0bd9d8
C 9
R
P 0x7fb20a09bc08
C 294
R
P 0x7fb20a09bc08
U 2
P 0x7fb20a0ddd28
P 0x7fb20a0bd9d8
p 2
C 62
= 0x7fb20a0dddd0
R
P 0x7fb20a09bc08
C 294
R
P 0x7fb20a09bc08
P 0x7fb20a0dddd0
C 9
R
P 0x7fb20a09bc08
C 294
R
P 0x7fb20a09bc08
I 0
P 0x7fb20a0b8cd8
C 145
= 0x7fb20a0b95d8
R
P 0x7fb20a09bc08
C 294
R
P 0x7fb20a09bc08
P 0x7fb20a0b95d8
C 9
R
P 0x7fb20a09bc08
C 294
R
P 0x7fb20a09bc08
I 0
P 0x7fb20a0b8cd8
C 145
= 0x7fb20a0b95d8
R
P 0x7fb20a09bc08
C 294
R
P 0x7fb20a09bc08
P 0x7fb20a0b95d8
C 9
R
P 0x7fb20a09bc08
C 294
R
P 0x7fb20a09bc08
P 0x7fb20a0b95d8
P 0x7fb20a0b95d8
C 55
= 0x7fb20a0ddac0
R
P 0x7fb20a09bc08
C 294
R
P 0x7fb20a09bc08
P 0x7fb20a0ddac0
C 9
R
P 0x7fb20a09bc08
C 294
R
P 0x7fb20a09bc08
C 53
= 0x7fb20a0b8c78
R
P 0x7fb20a09bc08
C 294
R
P 0x7fb20a09bc08
P 0x7fb20a0b8c78
C 9
R
P 0x7fb20a09bc08
C 294
R
P 0x7fb20a09bc08
I 0
P 0x7fb20a0b8cd8
C 145
= 0x7fb20a0b95d8
R
P 0x7fb20a09bc08
C 294
R
P 0x7fb20a09bc08
P 0x7fb20a0b95d8
C 9
R
P 0x7fb20a09bc08
C 294
R
P 0x7fb20a09bc08
P 0x7fb20a0b9a98
P 0x7fb20a0b95d8
C 55
= 0x7fb20a0dde08
R
P 0x7fb20a09bc08
C 294
R
P 0x7fb20a09bc08
P 0x7fb20a0dde08
C 9
R
P 0x7fb20a09bc08
C 294
R
P 0x7fb20a09bc08
P 0x7fb20a0ddac0
P 0x7fb20a0b8c78
P 0x7fb20a0dde08
C 58
= 0x7fb20a0bda18
R
P 0x7fb20a09bc08
C 294
R
P 0x7fb20a09bc08
P 0x7fb20a0bda18
C 208
R
P 0x7fb20a09bc08
C 294
R
P 0x7fb20a09bc08
P 0x7fb20a0bda18
C 205
= 0x7fb20a0b8c18
R
P 0x7fb20a09bc08
C 294
R
P 0x7fb20a09bc08
P 0x7fb20a0b8c18
C 166
R
P 0x7fb20a09bc08
C 294
R
P 0x7fb20a09bc08
P 0x7fb20a0bda18
C 211
R
P 0x7fb20a09bc08
C 294
R
P 0x7fb20a09bc08
P 0x7fb20a0bda18
C 210
R
P 0x7fb20a09bc08
C 294
R
P 0x7fb20a09bc08
P 0x7fb20a0bda18
C 9
R
P 0x7fb20a09bc08
C 294
R
P 0x7fb20a09bc08
U 2
P 0x7fb20a0dddd0
P 0x7fb20a0bda18
p 2
C 62
= 0x7fb20a0dde40
R
P 0x7fb20a09bc08
C 294
R
P 0x7fb20a09bc08
P 0x7fb20a0dde40
C 9
R
P 0x7fb20a09bc08
C 294
R
P 0x7fb20a09bc08
I 3
P 0x7fb20a0b8cd8
C 145
= 0x7fb20a0ba438
R
P 0x7fb20a09bc08
C 294
R
P 0x7fb20a09bc08
P 0x7fb20a0ba438
C 9
R
P 0x7fb20a09bc08
C 294
R
P 0x7fb20a09bc08
I 0
P 0x7fb20a0b8cd8
C 145
= 0x7fb20a0b95d8
R
P 0x7fb20a09bc08
C 294
R
P 0x7fb20a09bc08
P 0x7fb20a0b95d8
C 9
R
P 0x7fb20a09bc08
C 294
R
P 0x7fb20a09bc08
P 0x7fb20a0ba438
P 0x7fb20a0b95d8
C 55
= 0x7fb20a0dde78
R
P 0x7fb20a09bc08
C 294
R
P 0x7fb20a09bc08
P 0x7fb20a0dde78
C 9
R
P 0x7fb20a09bc08
C 294
R
P 0x7fb20a09bc08
C 53
= 0x7fb20a0b8c78
R
P 0x7fb20a09bc08
C 294
R
P 0x7fb20a09bc08
P 0x7fb20a0b8c78
C 9
R
P 0x7fb20a09bc08
C 294
R
P 0x7fb20a09bc08
I 3
P 0x7fb20a0b8cd8
C 145
= 0x7fb20a0ba438
R
P 0x7fb20a09bc08
C 294
R
P 0x7fb20a09bc08
P 0x7fb20a0ba438
C 9
R
P 0x7fb20a09bc08
C 294
R
P 0x7fb20a09bc08
P 0x7fb20a0b9ab8
P 0x7fb20a0ba438
C 55
= 0x7fb20a0ddeb0
R
P 0x7fb20a09bc08
C 294
R
P 0x7fb20a09bc08
P 0x7fb20a0ddeb0
C 9
R
P 0x7fb20a09bc08
C 294
R
P 0x7fb20a09bc08
P 0x7fb20a0dde78
P 0x7fb20a0b8c78
P 0x7fb20a0ddeb0
C 58
= 0x7fb20a0bda58
R
P 0x7fb20a09bc08
C 294
R
P 0x7fb20a09bc08
P 0x7fb20a0bda58
C 208
R
P 0x7fb20a09bc08
C 294
R
P 0x7fb20a09bc08
P 0x7fb20a0bda58
C 205
= 0x7fb20a0b8c18
R
P 0x7fb20a09bc08
C 294
R
P 0x7fb20a09bc08
P 0x7fb20a0b8c18
C 166
R
P 0x7fb20a09bc08
C 294
R
P 0x7fb20a09bc08
P 0x7fb20a0bda58
C 211
R
P 0x7fb20a09bc08
C 294
R
P 0x7fb20a09bc08
P 0x7fb20a0bda58
C 210
R
P 0x7fb20a09bc08
C 294
R
P 0x7fb20a09bc08
P 0x7fb20a0bda58
C 9
R
P 0x7fb20a09bc08
C 294
R
P 0x7fb20a09bc08
U 2
P 0x7fb20a0dde40
P 0x7fb20a0bda58
p 2
C 62
= 0x7fb20a0ddee8
R
P 0x7fb20a09bc08
C 294
R
P 0x7fb20a09bc08
P 0x7fb20a0ddee8
C 9
R
P 0x7fb20a09bc08
C 294
R
P 0x7fb20a09bc08
I 0
P 0x7fb20a0b8cd8
C 145
= 0x7fb20a0b95d8
R
P 0x7fb20a09bc08
C 294
R
P 0x7fb20a09bc08
P 0x7fb20a0b95d8
C 9
R
P 0x7fb20a09bc08
C 294
R
P 0x7fb20a09bc08
I 0
P 0x7fb20a0b8cd8
C 145
= 0x7fb20a0b95d8
R
P 0x7fb20a09bc08
C 294
R
P 0x7fb20a09bc08
P 0x7fb20a0b95d8
C 9
R
P 0x7fb20a09bc08
C 294
R
P 0x7fb20a09bc08
P 0x7fb20a0b95d8
P 0x7fb20a0b95d8
C 55
= 0x7fb20a0ddac0
R
P 0x7fb20a09bc08
C 294
R
P 0x7fb20a09bc08
P 0x7fb20a0ddac0
C 9
R
P 0x7fb20a09bc08
C 294
R
P 0x7fb20a09bc08
C 53
= 0x7fb20a0b8c78
R
P 0x7fb20a09bc08
C 294
R
P 0x7fb20a09bc08
P 0x7fb20a0b8c78
C 9
R
P 0x7fb20a09bc08
C 294
R
P 0x7fb20a09bc08
I 0
P 0x7fb20a0b8cd8
C 145
= 0x7fb20a0b95d8
R
P 0x7fb20a09bc08
C 294
R
P 0x7fb20a09bc08
P 0x7fb20a0b95d8
C 9
R
P 0x7fb20a09bc08
C 294
R
P 0x7fb20a09bc08
P 0x7fb20a0b9ad8
P 0x7fb20a0b95d8
C 55
= 0x7fb20a0ddf20
R
P 0x7fb20a09bc08
C 294
R
P 0x7fb20a09bc08
P 0x7fb20a0ddf20
C 9
R
P 0x7fb20a09bc08
C 294
R
P 0x7fb20a09bc08
P 0x7fb20a0ddac0
P 0x7fb20a0b8c78
P 0x7fb20a0ddf20
C 58
= 0x7fb20a0bda98
R
P 0x7fb20a09bc08
C 294
R
P 0x7fb20a09bc08
P 0x7fb20a0bda98
C 208
R
P 0x7fb20a09bc08
C 294
R
P 0x7fb20a09bc08
P 0x7fb20a0bda98
C 205
= 0x7fb20a0b8c18
R
P 0x7fb20a09bc08
C 294
R
P 0x7fb20a09bc08
P 0x7fb20a0b8c18
C 166
R
P 0x7fb20a09bc08
C 294
R
P 0x7fb20a09bc08
P 0x7fb20a0bda98
C 211
R
P 0x7fb20a09bc08
C 294
R
P 0x7fb20a09bc08
P 0x7fb20a0bda98
C 210
R
P 0x7fb20a09bc08
C 294
R
P 0x7fb20a09bc08
P 0x7fb20a0bda98
C 9
R
P 0x7fb20a09bc08
C 294
R
P 0x7fb20a09bc08
U 2
P 0x7fb20a0ddee8
P 0x7fb20a0bda98
p 2
C 62
= 0x7fb20a0ddf58
R
P 0x7fb20a09bc08
C 294
R
P 0x7fb20a09bc08
P 0x7fb20a0ddf58
C 9
R
P 0x7fb20a09bc08
C 294
R
P 0x7fb20a09bc08
I 0
P 0x7fb20a0b8cd8
C 145
= 0x7fb20a0b95d8
R
P 0x7fb20a09bc08
C 294
R
P 0x7fb20a09bc08
P 0x7fb20a0b95d8
C 9
R
P 0x7fb20a09bc08
C 294
R
P 0x7fb20a09bc08
I 0
P 0x7fb20a0b8cd8
C 145
= 0x7fb20a0b95d8
R
P 0x7fb20a09bc08
C 294
R
P 0x7fb20a09bc08
P 0x7fb20a0b95d8
C 9
R
P 0x7fb20a09bc08
C 294
R
P 0x7fb20a09bc08
P 0x7fb20a0b95d8
P 0x7fb20a0b95d8
C 55
= 0x7fb20a0ddac0
R
P 0x7fb20a09bc08
C 294
R
P 0x7fb20a09bc08
P 0x7fb20a0ddac0
C 9
R
P 0x7fb20a09bc08
C 294
R
P 0x7fb20a09bc08
C 53
= 0x7fb20a0b8c78
R
P 0x7fb20a09bc08
C 294
R
P 0x7fb20a09bc08
P 0x7fb20a0b8c78
C 9
R
P 0x7fb20a09bc08
C 294
R
P 0x7fb20a09bc08
I 0
P 0x7fb20a0b8cd8
C 145
= 0x7fb20a0b95d8
R
P 0x7fb20a09bc08
C 294
R
P 0x7fb20a09bc08
P 0x7fb20a0b95d8
C 9
R
P 0x7fb20a09bc08
C 294
R
P 0x7fb20a09bc08
P 0x7fb20a0b9af8
P 0x7fb20a0b95d8
C 55
= 0x7fb20a0ddf90
R
P 0x7fb20a09bc08
C 294
R
P 0x7fb20a09bc08
P 0x7fb20a0ddf90
C 9
R
P 0x7fb20a09bc08
C 294
R
P 0x7fb20a09bc08
P 0x7fb20a0ddac0
P 0x7fb20a0b8c78
P 0x7fb20a0ddf90
C 58
= 0x7fb20a0bdad8
R
P 0x7fb20a09bc08
C 294
R
P 0x7fb20a09bc08
P 0x7fb20a0bdad8
C 208
R
P 0x7fb20a09bc08
C 294
R
P 0x7fb20a09bc08
P 0x7fb20a0bdad8
C 205
= 0x7fb20a0b8c18
R
P 0x7fb20a09bc08
C 294
R
P 0x7fb20a09bc08
P 0x7fb20a0b8c18
C 166
R
P 0x7fb20a09bc08
C 294
R
P 0x7fb20a09bc08
P 0x7fb20a0bdad8
C 211
R
P 0x7fb20a09bc08
C 294
R
P 0x7fb20a09bc08
P 0x7fb20a0bdad8
C 210
R
P 0x7fb20a09bc08
C 294
R
P 0x7fb20a09bc08
P 0x7fb20a0bdad8
C 9
R
P 0x7fb20a09bc08
C 294
R
P 0x7fb20a09bc08
U 2
P 0x7fb20a0ddf58
P 0x7fb20a0bdad8
p 2
C 62
= 0x7fb20a0ddfc8
R
P 0x7fb20a09bc08
C 294
R
P 0x7fb20a09bc08
P 0x7fb20a0ddfc8
C 9
R
P 0x7fb20a09bc08
C 294
R
P 0x7fb20a09bc08
I 0
P 0x7fb20a0b8cd8
C 145
= 0x7fb20a0b95d8
R
P 0x7fb20a09bc08
C 294
R
P 0x7fb20a09bc08
P 0x7fb20a0b95d8
C 9
R
P 0x7fb20a09bc08
C 294
R
P 0x7fb20a09bc08
I 0
P 0x7fb20a0b8cd8
C 145
= 0x7fb20a0b95d8
R
P 0x7fb20a09bc08
C 294
R
P 0x7fb20a09bc08
P 0x7fb20a0b95d8
C 9
R
P 0x7fb20a09bc08
C 294
R
P 0x7fb20a09bc08
P 0x7fb20a0b95d8
P 0x7fb20a0b95d8
C 55
= 0x7fb20a0ddac0
R
P 0x7fb20a09bc08
C 294
R
P 0x7fb20a09bc08
P 0x7fb20a0ddac0
C 9
R
P 0x7fb20a09bc08
C 294
R
P 0x7fb20a09bc08
C 53
= 0x7fb20a0b8c78
R
P 0x7fb20a09bc08
C 294
R
P 0x7fb20a09bc08
P 0x7fb20a0b8c78
C 9
R
P 0x7fb20a09bc08
C 294
R
P 0x7fb20a09bc08
I 0
P 0x7fb20a0b8cd8
C 145
= 0x7fb20a0b95d8
R
P 0x7fb20a09bc08
C 294
R
P 0x7fb20a09bc08
P 0x7fb20a0b95d8
C 9
R
P 0x7fb20a09bc08
C 294
R
P 0x7fb20a09bc08
P 0x7fb20a0b9b18
P 0x7fb20a0b95d8
C 55
= 0x7fb20a0de000
R
P 0x7fb20a09bc08
C 294
R
P 0x7fb20a09bc08
P 0x7fb20a0de000
C 9
R
P 0x7fb20a09bc08
C 294
R
P 0x7fb20a09bc08
P 0x7fb20a0ddac0
P 0x7fb20a0b8c78
P 0x7fb20a0de000
C 58
= 0x7fb20a0bdb18
R
P 0x7fb20a09bc08
C 294
R
P 0x7fb20a09bc08
P 0x7fb20a0bdb18
C 208
R
P 0x7fb20a09bc08
C 294
R
P 0x7fb20a09bc08
P 0x7fb20a0bdb18
C 205
= 0x7fb20a0b8c18
R
P 0x7fb20a09bc08
C 294
R
P 0x7fb20a09bc08
P 0x7fb20a0b8c18
C 166
R
P 0x7fb20a09bc08
C 294
R
P 0x7fb20a09bc08
P 0x7fb20a0bdb18
C 211
R
P 0x7fb20a09bc08
C 294
R
P 0x7fb20a09bc08
P 0x7fb20a0bdb18
C 210
R
P 0x7fb20a09bc08
C 294
R
P 0x7fb20a09bc08
P 0x7fb20a0bdb18
C 9
R
P 0x7fb20a09bc08
C 294
R
P 0x7fb20a09bc08
U 2
P 0x7fb20a0ddfc8
P 0x7fb20a0bdb18
p 2
C 62
= 0x7fb20a0de038
R
P 0x7fb20a09bc08
C 294
R
P 0x7fb20a09bc08
P 0x7fb20a0de038
C 9
R
P 0x7fb20a09bc08
C 294
R
P 0x7fb20a09bc08
I 0
P 0x7fb20a0b8cd8
C 145
= 0x7fb20a0b95d8
R
P 0x7fb20a09bc08
C 294
R
P 0x7fb20a09bc08
P 0x7fb20a0b95d8
C 9
R
P 0x7fb20a09bc08
C 294
R
P 0x7fb20a09bc08
I 0
P 0x7fb20a0b8cd8
C 145
= 0x7fb20a0b95d8
R
P 0x7fb20a09bc08
C 294
R
P 0x7fb20a09bc08
P 0x7fb20a0b95d8
C 9
R
P 0x7fb20a09bc08
C 294
R
P 0x7fb20a09bc08
P 0x7fb20a0b95d8
P 0x7fb20a0b95d8
C 55
= 0x7fb20a0ddac0
R
P 0x7fb20a09bc08
C 294
R
P 0x7fb20a09bc08
P 0x7fb20a0ddac0
C 9
R
P 0x7fb20a09bc08
C 294
R
P 0x7fb20a09bc08
C 53
= 0x7fb20a0b8c78
R
P 0x7fb20a09bc08
C 294
R
P 0x7fb20a09bc08
P 0x7fb20a0b8c78
C 9
R
P 0x7fb20a09bc08
C 294
R
P 0x7fb20a09bc08
I 0
P 0x7fb20a0b8cd8
C 145
= 0x7fb20a0b95d8
R
P 0x7fb20a09bc08
C 294
R
P 0x7fb20a09bc08
P 0x7fb20a0b95d8
C 9
R
P 0x7fb20a09bc08
C 294
R
P 0x7fb20a09bc08
P 0x7fb20a0b9b38
P 0x7fb20a0b95d8
C 55
= 0x7fb20a0de070
R
P 0x7fb20a09bc08
C 294
R
P 0x7fb20a09bc08
P 0x7fb20a0de070
C 9
R
P 0x7fb20a09bc08
C 294
R
P 0x7fb20a09bc08
P 0x7fb20a0ddac0
P 0x7fb20a0b8c78
P 0x7fb20a0de070
C 58
= 0x7fb20a0bdb58
R
P 0x7fb20a09bc08
C 294
R
P 0x7fb20a09bc08
P 0x7fb20a0bdb58
C 208
R
P 0x7fb20a09bc08
C 294
R
P 0x7fb20a09bc08
P 0x7fb20a0bdb58
C 205
= 0x7fb20a0b8c18
R
P 0x7fb20a09bc08
C 294
R
P 0x7fb20a09bc08
P 0x7fb20a0b8c18
C 166
R
P 0x7fb20a09bc08
C 294
R
P 0x7fb20a09bc08
P 0x7fb20a0bdb58
C 211
R
P 0x7fb20a09bc08
C 294
R
P 0x7fb20a09bc08
P 0x7fb20a0bdb58
C 210
R
P 0x7fb20a09bc08
C 294
R
P 0x7fb20a09bc08
P 0x7fb20a0bdb58
C 9
R
P 0x7fb20a09bc08
C 294
R
P 0x7fb20a09bc08
U 2
P 0x7fb20a0de038
P 0x7fb20a0bdb58
p 2
C 62
= 0x7fb20a0de0a8
R
P 0x7fb20a09bc08
C 294
R
P 0x7fb20a09bc08
P 0x7fb20a0de0a8
C 9
R
P 0x7fb20a09bc08
C 294
R
P 0x7fb20a09bc08
I 5
P 0x7fb20a0b8cd8
C 145
= 0x7fb20a0ba458
R
P 0x7fb20a09bc08
C 294
R
P 0x7fb20a09bc08
P 0x7fb20a0ba458
C 9
R
P 0x7fb20a09bc08
C 294
R
P 0x7fb20a09bc08
I 0
P 0x7fb20a0b8cd8
C 145
= 0x7fb20a0b95d8
R
P 0x7fb20a09bc08
C 294
R
P 0x7fb20a09bc08
P 0x7fb20a0b95d8
C 9
R
P 0x7fb20a09bc08
C 294
R
P 0x7fb20a09bc08
P 0x7fb20a0ba458
P 0x7fb20a0b95d8
C 55
= 0x7fb20a0de0e0
R
P 0x7fb20a09bc08
C 294
R
P 0x7fb20a09bc08
P 0x7fb20a0de0e0
C 9
R
P 0x7fb20a09bc08
C 294
R
P 0x7fb20a09bc08
C 53
= 0x7fb20a0b8c78
R
P 0x7fb20a09bc08
C 294
R
P 0x7fb20a09bc08
P 0x7fb20a0b8c78
C 9
R
P 0x7fb20a09bc08
C 294
R
P 0x7fb20a09bc08
I 5
P 0x7fb20a0b8cd8
C 145
= 0x7fb20a0ba458
R
P 0x7fb20a09bc08
C 294
R
P 0x7fb20a09bc08
P 0x7fb20a0ba458
C 9
R
P 0x7fb20a09bc08
C 294
R
P 0x7fb20a09bc08
P 0x7fb20a0b9b58
P 0x7fb20a0ba458
C 55
= 0x7fb20a0de118
R
P 0x7fb20a09bc08
C 294
R
P 0x7fb20a09bc08
P 0x7fb20a0de118
C 9
R
P 0x7fb20a09bc08
C 294
R
P 0x7fb20a09bc08
P 0x7fb20a0de0e0
P 0x7fb20a0b8c78
P 0x7fb20a0de118
C 58
= 0x7fb20a0bdb98
R
P 0x7fb20a09bc08
C 294
R
P 0x7fb20a09bc08
P 0x7fb20a0bdb98
C 208
R
P 0x7fb20a09bc08
C 294
R
P 0x7fb20a09bc08
P 0x7fb20a0bdb98
C 205
= 0x7fb20a0b8c18
R
P 0x7fb20a09bc08
C 294
R
P 0x7fb20a09bc08
P 0x7fb20a0b8c18
C 166
R
P 0x7fb20a09bc08
C 294
R
P 0x7fb20a09bc08
P 0x7fb20a0bdb98
C 211
R
P 0x7fb20a09bc08
C 294
R
P 0x7fb20a09bc08
P 0x7fb20a0bdb98
C 210
R
P 0x7fb20a09bc08
C 294
R
P 0x7fb20a09bc08
P 0x7fb20a0bdb98
C 9
R
P 0x7fb20a09bc08
C 294
R
P 0x7fb20a09bc08
U 2
P 0x7fb20a0de0a8
P 0x7fb20a0bdb98
p 2
C 62
= 0x7fb20a0de150
R
P 0x7fb20a09bc08
C 294
R
P 0x7fb20a09bc08
P 0x7fb20a0de150
C 9
R
P 0x7fb20a09bc08
C 294
R
P 0x7fb20a09bc08
I 1
P 0x7fb20a0b8cd8
C 145
= 0x7fb20a0b96b8
R
P 0x7fb20a09bc08
C 294
R
P 0x7fb20a09bc08
P 0x7fb20a0b96b8
C 9
R
P 0x7fb20a09bc08
C 294
R
P 0x7fb20a09bc08
I 0
P 0x7fb20a0b8cd8
C 145
= 0x7fb20a0b95d8
R
P 0x7fb20a09bc08
C 294
R
P 0x7fb20a09bc08
P 0x7fb20a0b95d8
C 9
R
P 0x7fb20a09bc08
C 294
R
P 0x7fb20a09bc08
P 0x7fb20a0b96b8
P 0x7fb20a0b95d8
C 55
= 0x7fb20a0de188
R
P 0x7fb20a09bc08
C 294
R
P 0x7fb20a09bc08
P 0x7fb20a0de188
C 9
R
P 0x7fb20a09bc08
C 294
R
P 0x7fb20a09bc08
C 53
= 0x7fb20a0b8c78
R
P 0x7fb20a09bc08
C 294
R
P 0x7fb20a09bc08
P 0x7fb20a0b8c78
C 9
R
P 0x7fb20a09bc08
C 294
R
P 0x7fb20a09bc08
I 1
P 0x7fb20a0b8cd8
C 145
= 0x7fb20a0b96b8
R
P 0x7fb20a09bc08
C 294
R
P 0x7fb20a09bc08
P 0x7fb20a0b96b8
C 9
R
P 0x7fb20a09bc08
C 294
R
P 0x7fb20a09bc08
P 0x7fb20a0b9b78
P 0x7fb20a0b96b8
C 55
= 0x7fb20a0de1c0
R
P 0x7fb20a09bc08
C 294
R
P 0x7fb20a09bc08
P 0x7fb20a0de1c0
C 9
R
P 0x7fb20a09bc08
C 294
R
P 0x7fb20a09bc08
P 0x7fb20a0de188
P 0x7fb20a0b8c78
P 0x7fb20a0de1c0
C 58
= 0x7fb20a0bdbd8
R
P 0x7fb20a09bc08
C 294
R
P 0x7fb20a09bc08
P 0x7fb20a0bdbd8
C 208
R
P 0x7fb20a09bc08
C 294
R
P 0x7fb20a09bc08
P 0x7fb20a0bdbd8
C 205
= 0x7fb20a0b8c18
R
P 0x7fb20a09bc08
C 294
R
P 0x7fb20a09bc08
P 0x7fb20a0b8c18
C 166
R
P 0x7fb20a09bc08
C 294
R
P 0x7fb20a09bc08
P 0x7fb20a0bdbd8
C 211
R
P 0x7fb20a09bc08
C 294
R
P 0x7fb20a09bc08
P 0x7fb20a0bdbd8
C 210
R
P 0x7fb20a09bc08
C 294
R
P 0x7fb20a09bc08
P 0x7fb20a0bdbd8
C 9
R
P 0x7fb20a09bc08
C 294
R
P 0x7fb20a09bc08
U 2
P 0x7fb20a0de150
P 0x7fb20a0bdbd8
p 2
C 62
= 0x7fb20a0de1f8
R
P 0x7fb20a09bc08
C 294
R
P 0x7fb20a09bc08
P 0x7fb20a0de1f8
C 9
R
P 0x7fb20a09bc08
C 294
R
P 0x7fb20a09bc08
I 0
P 0x7fb20a0b8cd8
C 145
= 0x7fb20a0b95d8
R
P 0x7fb20a09bc08
C 294
R
P 0x7fb20a09bc08
P 0x7fb20a0b95d8
C 9
R
P 0x7fb20a09bc08
C 294
R
P 0x7fb20a09bc08
I 0
P 0x7fb20a0b8cd8
C 145
= 0x7fb20a0b95d8
R
P 0x7fb20a09bc08
C 294
R
P 0x7fb20a09bc08
P 0x7fb20a0b95d8
C 9
R
P 0x7fb20a09bc08
C 294
R
P 0x7fb20a09bc08
P 0x7fb20a0b95d8
P 0x7fb20a0b95d8
C 55
= 0x7fb20a0ddac0
R
P 0x7fb20a09bc08
C 294
R
P 0x7fb20a09bc08
P 0x7fb20a0ddac0
C 9
R
P 0x7fb20a09bc08
C 294
R
P 0x7fb20a09bc08
C 53
= 0x7fb20a0b8c78
R
P 0x7fb20a09bc08
C 294
R
P 0x7fb20a09bc08
P 0x7fb20a0b8c78
C 9
R
P 0x7fb20a09bc08
C 294
R
P 0x7fb20a09bc08
I 0
P 0x7fb20a0b8cd8
C 145
= 0x7fb20a0b95d8
R
P 0x7fb20a09bc08
C 294
R
P 0x7fb20a09bc08
P 0x7fb20a0b95d8
C 9
R
P 0x7fb20a09bc08
C 294
R
P 0x7fb20a09bc08
P 0x7fb20a0b9b98
P 0x7fb20a0b95d8
C 55
= 0x7fb20a0de230
R
P 0x7fb20a09bc08
C 294
R
P 0x7fb20a09bc08
P 0x7fb20a0de230
C 9
R
P 0x7fb20a09bc08
C 294
R
P 0x7fb20a09bc08
P 0x7fb20a0ddac0
P 0x7fb20a0b8c78
P 0x7fb20a0de230
C 58
= 0x7fb20a0bdc18
R
P 0x7fb20a09bc08
C 294
R
P 0x7fb20a09bc08
P 0x7fb20a0bdc18
C 208
R
P 0x7fb20a09bc08
C 294
R
P 0x7fb20a09bc08
P 0x7fb20a0bdc18
C 205
= 0x7fb20a0b8c18
R
P 0x7fb20a09bc08
C 294
R
P 0x7fb20a09bc08
P 0x7fb20a0b8c18
C 166
R
P 0x7fb20a09bc08
C 294
R
P 0x7fb20a09bc08
P 0x7fb20a0bdc18
C 211
R
P 0x7fb20a09bc08
C 294
R
P 0x7fb20a09bc08
P 0x7fb20a0bdc18
C 210
R
P 0x7fb20a09bc08
C 294
R
P 0x7fb20a09bc08
P 0x7fb20a0bdc18
C 9
R
P 0x7fb20a09bc08
C 294
R
P 0x7fb20a09bc08
U 2
P 0x7fb20a0de1f8
P 0x7fb20a0bdc18
p 2
C 62
= 0x7fb20a0de268
R
P 0x7fb20a09bc08
C 294
R
P 0x7fb20a09bc08
P 0x7fb20a0de268
C 9
R
P 0x7fb20a09bc08
C 294
R
P 0x7fb20a09bc08
I 0
P 0x7fb20a0b8cd8
C 145
= 0x7fb20a0b95d8
R
P 0x7fb20a09bc08
C 294
R
P 0x7fb20a09bc08
P 0x7fb20a0b95d8
C 9
R
P 0x7fb20a09bc08
C 294
R
P 0x7fb20a09bc08
I 0
P 0x7fb20a0b8cd8
C 145
= 0x7fb20a0b95d8
R
P 0x7fb20a09bc08
C 294
R
P 0x7fb20a09bc08
P 0x7fb20a0b95d8
C 9
R
P 0x7fb20a09bc08
C 294
R
P 0x7fb20a09bc08
P 0x7fb20a0b95d8
P 0x7fb20a0b95d8
C 55
= 0x7fb20a0ddac0
R
P 0x7fb20a09bc08
C 294
R
P 0x7fb20a09bc08
P 0x7fb20a0ddac0
C 9
R
P 0x7fb20a09bc08
C 294
R
P 0x7fb20a09bc08
C 53
= 0x7fb20a0b8c78
R
P 0x7fb20a09bc08
C 294
R
P 0x7fb20a09bc08
P 0x7fb20a0b8c78
C 9
R
P 0x7fb20a09bc08
C 294
R
P 0x7fb20a09bc08
I 0
P 0x7fb20a0b8cd8
C 145
= 0x7fb20a0b95d8
R
P 0x7fb20a09bc08
C 294
R
P 0x7fb20a09bc08
P 0x7fb20a0b95d8
C 9
R
P 0x7fb20a09bc08
C 294
R
P 0x7fb20a09bc08
P 0x7fb20a0b9bb8
P 0x7fb20a0b95d8
C 55
= 0x7fb20a0de2a0
R
P 0x7fb20a09bc08
C 294
R
P 0x7fb20a09bc08
P 0x7fb20a0de2a0
C 9
R
P 0x7fb20a09bc08
C 294
R
P 0x7fb20a09bc08
P 0x7fb20a0ddac0
P 0x7fb20a0b8c78
P 0x7fb20a0de2a0
C 58
= 0x7fb20a0bdc58
R
P 0x7fb20a09bc08
C 294
R
P 0x7fb20a09bc08
P 0x7fb20a0bdc58
C 208
R
P 0x7fb20a09bc08
C 294
R
P 0x7fb20a09bc08
P 0x7fb20a0bdc58
C 205
= 0x7fb20a0b8c18
R
P 0x7fb20a09bc08
C 294
R
P 0x7fb20a09bc08
P 0x7fb20a0b8c18
C 166
R
P 0x7fb20a09bc08
C 294
R
P 0x7fb20a09bc08
P 0x7fb20a0bdc58
C 211
R
P 0x7fb20a09bc08
C 294
R
P 0x7fb20a09bc08
P 0x7fb20a0bdc58
C 210
R
P 0x7fb20a09bc08
C 294
R
P 0x7fb20a09bc08
P 0x7fb20a0bdc58
C 9
R
P 0x7fb20a09bc08
C 294
R
P 0x7fb20a09bc08
U 2
P 0x7fb20a0de268
P 0x7fb20a0bdc58
p 2
C 62
= 0x7fb20a0de2d8
R
P 0x7fb20a09bc08
C 294
R
P 0x7fb20a09bc08
P 0x7fb20a0de2d8
C 9
R
P 0x7fb20a09bc08
C 294
R
P 0x7fb20a09bc08
I 0
P 0x7fb20a0b8cd8
C 145
= 0x7fb20a0b95d8
R
P 0x7fb20a09bc08
C 294
R
P 0x7fb20a09bc08
P 0x7fb20a0b95d8
C 9
R
P 0x7fb20a09bc08
C 294
R
P 0x7fb20a09bc08
I 0
P 0x7fb20a0b8cd8
C 145
= 0x7fb20a0b95d8
R
P 0x7fb20a09bc08
C 294
R
P 0x7fb20a09bc08
P 0x7fb20a0b95d8
C 9
R
P 0x7fb20a09bc08
C 294
R
P 0x7fb20a09bc08
P 0x7fb20a0b95d8
P 0x7fb20a0b95d8
C 55
= 0x7fb20a0ddac0
R
P 0x7fb20a09bc08
C 294
R
P 0x7fb20a09bc08
P 0x7fb20a0ddac0
C 9
R
P 0x7fb20a09bc08
C 294
R
P 0x7fb20a09bc08
C 53
= 0x7fb20a0b8c78
R
P 0x7fb20a09bc08
C 294
R
P 0x7fb20a09bc08
P 0x7fb20a0b8c78
C 9
R
P 0x7fb20a09bc08
C 294
R
P 0x7fb20a09bc08
I 0
P 0x7fb20a0b8cd8
C 145
= 0x7fb20a0b95d8
R
P 0x7fb20a09bc08
C 294
R
P 0x7fb20a09bc08
P 0x7fb20a0b95d8
C 9
R
P 0x7fb20a09bc08
C 294
R
P 0x7fb20a09bc08
P 0x7fb20a0b9bd8
P 0x7fb20a0b95d8
C 55
= 0x7fb20a0de310
R
P 0x7fb20a09bc08
C 294
R
P 0x7fb20a09bc08
P 0x7fb20a0de310
C 9
R
P 0x7fb20a09bc08
C 294
R
P 0x7fb20a09bc08
P 0x7fb20a0ddac0
P 0x7fb20a0b8c78
P 0x7fb20a0de310
C 58
= 0x7fb20a0bdc98
R
P 0x7fb20a09bc08
C 294
R
P 0x7fb20a09bc08
P 0x7fb20a0bdc98
C 208
R
P 0x7fb20a09bc08
C 294
R
P 0x7fb20a09bc08
P 0x7fb20a0bdc98
C 205
= 0x7fb20a0b8c18
R
P 0x7fb20a09bc08
C 294
R
P 0x7fb20a09bc08
P 0x7fb20a0b8c18
C 166
R
P 0x7fb20a09bc08
C 294
R
P 0x7fb20a09bc08
P 0x7fb20a0bdc98
C 211
R
P 0x7fb20a09bc08
C 294
R
P 0x7fb20a09bc08
P 0x7fb20a0bdc98
C 210
R
P 0x7fb20a09bc08
C 294
R
P 0x7fb20a09bc08
P 0x7fb20a0bdc98
C 9
R
P 0x7fb20a09bc08
C 294
R
P 0x7fb20a09bc08
U 2
P 0x7fb20a0de2d8
P 0x7fb20a0bdc98
p 2
C 62
= 0x7fb20a0de348
R
P 0x7fb20a09bc08
C 294
R
P 0x7fb20a09bc08
P 0x7fb20a0de348
C 9
R
P 0x7fb20a09bc08
C 294
R
P 0x7fb20a09bc08
I 7
P 0x7fb20a0b8cd8
C 145
= 0x7fb20a0ba478
R
P 0x7fb20a09bc08
C 294
R
P 0x7fb20a09bc08
P 0x7fb20a0ba478
C 9
R
P 0x7fb20a09bc08
C 294
R
P 0x7fb20a09bc08
I 0
P 0x7fb20a0b8cd8
C 145
= 0x7fb20a0b95d8
R
P 0x7fb20a09bc08
C 294
R
P 0x7fb20a09bc08
P 0x7fb20a0b95d8
C 9
R
P 0x7fb20a09bc08
C 294
R
P 0x7fb20a09bc08
P 0x7fb20a0ba478
P 0x7fb20a0b95d8
C 55
= 0x7fb20a0de380
R
P 0x7fb20a09bc08
C 294
R
P 0x7fb20a09bc08
P 0x7fb20a0de380
C 9
R
P 0x7fb20a09bc08
C 294
R
P 0x7fb20a09bc08
C 53
= 0x7fb20a0b8c78
R
P 0x7fb20a09bc08
C 294
R
P 0x7fb20a09bc08
P 0x7fb20a0b8c78
C 9
R
P 0x7fb20a09bc08
C 294
R
P 0x7fb20a09bc08
I 7
P 0x7fb20a0b8cd8
C 145
= 0x7fb20a0ba478
R
P 0x7fb20a09bc08
C 294
R
P 0x7fb20a09bc08
P 0x7fb20a0ba478
C 9
R
P 0x7fb20a09bc08
C 294
R
P 0x7fb20a09bc08
P 0x7fb20a0b9bf8
P 0x7fb20a0ba478
C 55
= 0x7fb20a0de3b8
R
P 0x7fb20a09bc08
C 294
R
P 0x7fb20a09bc08
P 0x7fb20a0de3b8
C 9
R
P 0x7fb20a09bc08
C 294
R
P 0x7fb20a09bc08
P 0x7fb20a0de380
P 0x7fb20a0b8c78
P 0x7fb20a0de3b8
C 58
= 0x7fb20a0bdcd8
R
P 0x7fb20a09bc08
C 294
R
P 0x7fb20a09bc08
P 0x7fb20a0bdcd8
C 208
R
P 0x7fb20a09bc08
C 294
R
P 0x7fb20a09bc08
P 0x7fb20a0bdcd8
C 205
= 0x7fb20a0b8c18
R
P 0x7fb20a09bc08
C 294
R
P 0x7fb20a09bc08
P 0x7fb20a0b8c18
C 166
R
P 0x7fb20a09bc08
C 294
R
P 0x7fb20a09bc08
P 0x7fb20a0bdcd8
C 211
R
P 0x7fb20a09bc08
C 294
R
P 0x7fb20a09bc08
P 0x7fb20a0bdcd8
C 210
R
P 0x7fb20a09bc08
C 294
R
P 0x7fb20a09bc08
P 0x7fb20a0bdcd8
C 9
R
P 0x7fb20a09bc08
C 294
R
P 0x7fb20a09bc08
U 2
P 0x7fb20a0de348
P 0x7fb20a0bdcd8
p 2
C 62
= 0x7fb20a0de3f0
R
P 0x7fb20a09bc08
C 294
R
P 0x7fb20a09bc08
P 0x7fb20a0de3f0
C 9
R
P 0x7fb20a09bc08
C 294
R
P 0x7fb20a09bc08
I 0
P 0x7fb20a0b8cd8
C 145
= 0x7fb20a0b95d8
R
P 0x7fb20a09bc08
C 294
R
P 0x7fb20a09bc08
P 0x7fb20a0b95d8
C 9
R
P 0x7fb20a09bc08
C 294
R
P 0x7fb20a09bc08
I 0
P 0x7fb20a0b8cd8
C 145
= 0x7fb20a0b95d8
R
P 0x7fb20a09bc08
C 294
R
P 0x7fb20a09bc08
P 0x7fb20a0b95d8
C 9
R
P 0x7fb20a09bc08
C 294
R
P 0x7fb20a09bc08
P 0x7fb20a0b95d8
P 0x7fb20a0b95d8
C 55
= 0x7fb20a0ddac0
R
P 0x7fb20a09bc08
C 294
R
P 0x7fb20a09bc08
P 0x7fb20a0ddac0
C 9
R
P 0x7fb20a09bc08
C 294
R
P 0x7fb20a09bc08
C 53
= 0x7fb20a0b8c78
R
P 0x7fb20a09bc08
C 294
R
P 0x7fb20a09bc08
P 0x7fb20a0b8c78
C 9
R
P 0x7fb20a09bc08
C 294
R
P 0x7fb20a09bc08
I 0
P 0x7fb20a0b8cd8
C 145
= 0x7fb20a0b95d8
R
P 0x7fb20a09bc08
C 294
R
P 0x7fb20a09bc08
P 0x7fb20a0b95d8
C 9
R
P 0x7fb20a09bc08
C 294
R
P 0x7fb20a09bc08
P 0x7fb20a0b9c18
P 0x7fb20a0b95d8
C 55
= 0x7fb20a0de428
R
P 0x7fb20a09bc08
C 294
R
P 0x7fb20a09bc08
P 0x7fb20a0de428
C 9
R
P 0x7fb20a09bc08
C 294
R
P 0x7fb20a09bc08
P 0x7fb20a0ddac0
P 0x7fb20a0b8c78
P 0x7fb20a0de428
C 58
= 0x7fb20a0bdd18
R
P 0x7fb20a09bc08
C 294
R
P 0x7fb20a09bc08
P 0x7fb20a0bdd18
C 208
R
P 0x7fb20a09bc08
C 294
R
P 0x7fb20a09bc08
P 0x7fb20a0bdd18
C 205
= 0x7fb20a0b8c18
R
P 0x7fb20a09bc08
C 294
R
P 0x7fb20a09bc08
P 0x7fb20a0b8c18
C 166
R
P 0x7fb20a09bc08
C 294
R
P 0x7fb20a09bc08
P 0x7fb20a0bdd18
C 211
R
P 0x7fb20a09bc08
C 294
R
P 0x7fb20a09bc08
P 0x7fb20a0bdd18
C 210
R
P 0x7fb20a09bc08
C 294
R
P 0x7fb20a09bc08
P 0x7fb20a0bdd18
C 9
R
P 0x7fb20a09bc08
C 294
R
P 0x7fb20a09bc08
U 2
P 0x7fb20a0de3f0
P 0x7fb20a0bdd18
p 2
C 62
= 0x7fb20a0de460
R
P 0x7fb20a09bc08
C 294
R
P 0x7fb20a09bc08
P 0x7fb20a0de460
C 9
R
P 0x7fb20a09bc08
C 294
R
P 0x7fb20a09bc08
I 8
P 0x7fb20a0b8cd8
C 145
= 0x7fb20a0ba498
R
P 0x7fb20a09bc08
C 294
R
P 0x7fb20a09bc08
P 0x7fb20a0ba498
C 9
R
P 0x7fb20a09bc08
C 294
R
P 0x7fb20a09bc08
I 0
P 0x7fb20a0b8cd8
C 145
= 0x7fb20a0b95d8
R
P 0x7fb20a09bc08
C 294
R
P 0x7fb20a09bc08
P 0x7fb20a0b95d8
C 9
R
P 0x7fb20a09bc08
C 294
R
P 0x7fb20a09bc08
P 0x7fb20a0ba498
P 0x7fb20a0b95d8
C 55
= 0x7fb20a0de498
R
P 0x7fb20a09bc08
C 294
R
P 0x7fb20a09bc08
P 0x7fb20a0de498
C 9
R
P 0x7fb20a09bc08
C 294
R
P 0x7fb20a09bc08
C 53
= 0x7fb20a0b8c78
R
P 0x7fb20a09bc08
C 294
R
P 0x7fb20a09bc08
P 0x7fb20a0b8c78
C 9
R
P 0x7fb20a09bc08
C 294
R
P 0x7fb20a09bc08
I 8
P 0x7fb20a0b8cd8
C 145
= 0x7fb20a0ba498
R
P 0x7fb20a09bc08
C 294
R
P 0x7fb20a09bc08
P 0x7fb20a0ba498
C 9
R
P 0x7fb20a09bc08
C 294
R
P 0x7fb20a09bc08
P 0x7fb20a0b9c38
P 0x7fb20a0ba498
C 55
= 0x7fb20a0de4d0
R
P 0x7fb20a09bc08
C 294
R
P 0x7fb20a09bc08
P 0x7fb20a0de4d0
C 9
R
P 0x7fb20a09bc08
C 294
R
P 0x7fb20a09bc08
P 0x7fb20a0de498
P 0x7fb20a0b8c78
P 0x7fb20a0de4d0
C 58
= 0x7fb20a0bdd58
R
P 0x7fb20a09bc08
C 294
R
P 0x7fb20a09bc08
P 0x7fb20a0bdd58
C 208
R
P 0x7fb20a09bc08
C 294
R
P 0x7fb20a09bc08
P 0x7fb20a0bdd58
C 205
= 0x7fb20a0b8c18
R
P 0x7fb20a09bc08
C 294
R
P 0x7fb20a09bc08
P 0x7fb20a0b8c18
C 166
R
P 0x7fb20a09bc08
C 294
R
P 0x7fb20a09bc08
P 0x7fb20a0bdd58
C 211
R
P 0x7fb20a09bc08
C 294
R
P 0x7fb20a09bc08
P 0x7fb20a0bdd58
C 210
R
P 0x7fb20a09bc08
C 294
R
P 0x7fb20a09bc08
P 0x7fb20a0bdd58
C 9
R
P 0x7fb20a09bc08
C 294
R
P 0x7fb20a09bc08
U 2
P 0x7fb20a0de460
P 0x7fb20a0bdd58
p 2
C 62
= 0x7fb20a0de508
R
P 0x7fb20a09bc08
C 294
R
P 0x7fb20a09bc08
P 0x7fb20a0de508
C 9
R
P 0x7fb20a09bc08
C 294
R
P 0x7fb20a09bc08
I 9
P 0x7fb20a0b8cd8
C 145
= 0x7fb20a0ba3f8
R
P 0x7fb20a09bc08
C 294
R
P 0x7fb20a09bc08
P 0x7fb20a0ba3f8
C 9
R
P 0x7fb20a09bc08
C 294
R
P 0x7fb20a09bc08
I 0
P 0x7fb20a0b8cd8
C 145
= 0x7fb20a0b95d8
R
P 0x7fb20a09bc08
C 294
R
P 0x7fb20a09bc08
P 0x7fb20a0b95d8
C 9
R
P 0x7fb20a09bc08
C 294
R
P 0x7fb20a09bc08
P 0x7fb20a0ba3f8
P 0x7fb20a0b95d8
C 55
= 0x7fb20a0ddcb8
R
P 0x7fb20a09bc08
C 294
R
P 0x7fb20a09bc08
P 0x7fb20a0ddcb8
C 9
R
P 0x7fb20a09bc08
C 294
R
P 0x7fb20a09bc08
C 53
= 0x7fb20a0b8c78
R
P 0x7fb20a09bc08
C 294
R
P 0x7fb20a09bc08
P 0x7fb20a0b8c78
C 9
R
P 0x7fb20a09bc08
C 294
R
P 0x7fb20a09bc08
I 9
P 0x7fb20a0b8cd8
C 145
= 0x7fb20a0ba3f8
R
P 0x7fb20a09bc08
C 294
R
P 0x7fb20a09bc08
P 0x7fb20a0ba3f8
C 9
R
P 0x7fb20a09bc08
C 294
R
P 0x7fb20a09bc08
P 0x7fb20a0b9c58
P 0x7fb20a0ba3f8
C 55
= 0x7fb20a0de540
R
P 0x7fb20a09bc08
C 294
R
P 0x7fb20a09bc08
P 0x7fb20a0de540
C 9
R
P 0x7fb20a09bc08
C 294
R
P 0x7fb20a09bc08
P 0x7fb20a0ddcb8
P 0x7fb20a0b8c78
P 0x7fb20a0de540
C 58
= 0x7fb20a0bdd98
R
P 0x7fb20a09bc08
C 294
R
P 0x7fb20a09bc08
P 0x7fb20a0bdd98
C 208
R
P 0x7fb20a09bc08
C 294
R
P 0x7fb20a09bc08
P 0x7fb20a0bdd98
C 205
= 0x7fb20a0b8c18
R
P 0x7fb20a09bc08
C 294
R
P 0x7fb20a09bc08
P 0x7fb20a0b8c18
C 166
R
P 0x7fb20a09bc08
C 294
R
P 0x7fb20a09bc08
P 0x7fb20a0bdd98
C 211
R
P 0x7fb20a09bc08
C 294
R
P 0x7fb20a09bc08
P 0x7fb20a0bdd98
C 210
R
P 0x7fb20a09bc08
C 294
R
P 0x7fb20a09bc08
P 0x7fb20a0bdd98
C 9
R
P 0x7fb20a09bc08
C 294
R
P 0x7fb20a09bc08
U 2
P 0x7fb20a0de508
P 0x7fb20a0bdd98
p 2
C 62
= 0x7fb20a0de578
R
P 0x7fb20a09bc08
C 294
R
P 0x7fb20a09bc08
P 0x7fb20a0de578
C 9
R
P 0x7fb20a09bc08
C 294
R
P 0x7fb20a09bc08
I 0
P 0x7fb20a0b8cd8
C 145
= 0x7fb20a0b95d8
R
P 0x7fb20a09bc08
C 294
R
P 0x7fb20a09bc08
P 0x7fb20a0b95d8
C 9
R
P 0x7fb20a09bc08
C 294
R
P 0x7fb20a09bc08
I 0
P 0x7fb20a0b8cd8
C 145
= 0x7fb20a0b95d8
R
P 0x7fb20a09bc08
C 294
R
P 0x7fb20a09bc08
P 0x7fb20a0b95d8
C 9
R
P 0x7fb20a09bc08
C 294
R
P 0x7fb20a09bc08
P 0x7fb20a0b95d8
P 0x7fb20a0b95d8
C 55
= 0x7fb20a0ddac0
R
P 0x7fb20a09bc08
C 294
R
P 0x7fb20a09bc08
P 0x7fb20a0ddac0
C 9
R
P 0x7fb20a09bc08
C 294
R
P 0x7fb20a09bc08
C 53
= 0x7fb20a0b8c78
R
P 0x7fb20a09bc08
C 294
R
P 0x7fb20a09bc08
P 0x7fb20a0b8c78
C 9
R
P 0x7fb20a09bc08
C 294
R
P 0x7fb20a09bc08
I 0
P 0x7fb20a0b8cd8
C 145
= 0x7fb20a0b95d8
R
P 0x7fb20a09bc08
C 294
R
P 0x7fb20a09bc08
P 0x7fb20a0b95d8
C 9
R
P 0x7fb20a09bc08
C 294
R
P 0x7fb20a09bc08
P 0x7fb20a0b9c78
P 0x7fb20a0b95d8
C 55
= 0x7fb20a0de5b0
R
P 0x7fb20a09bc08
C 294
R
P 0x7fb20a09bc08
P 0x7fb20a0de5b0
C 9
R
P 0x7fb20a09bc08
C 294
R
P 0x7fb20a09bc08
P 0x7fb20a0ddac0
P 0x7fb20a0b8c78
P 0x7fb20a0de5b0
C 58
= 0x7fb20a0bddd8
R
P 0x7fb20a09bc08
C 294
R
P 0x7fb20a09bc08
P 0x7fb20a0bddd8
C 208
R
P 0x7fb20a09bc08
C 294
R
P 0x7fb20a09bc08
P 0x7fb20a0bddd8
C 205
= 0x7fb20a0b8c18
R
P 0x7fb20a09bc08
C 294
R
P 0x7fb20a09bc08
P 0x7fb20a0b8c18
C 166
R
P 0x7fb20a09bc08
C 294
R
P 0x7fb20a09bc08
P 0x7fb20a0bddd8
C 211
R
P 0x7fb20a09bc08
C 294
R
P 0x7fb20a09bc08
P 0x7fb20a0bddd8
C 210
R
P 0x7fb20a09bc08
C 294
R
P 0x7fb20a09bc08
P 0x7fb20a0bddd8
C 9
R
P 0x7fb20a09bc08
C 294
R
P 0x7fb20a09bc08
U 2
P 0x7fb20a0de578
P 0x7fb20a0bddd8
p 2
C 62
= 0x7fb20a0de5e8
R
P 0x7fb20a09bc08
C 294
R
P 0x7fb20a09bc08
P 0x7fb20a0de5e8
C 9
R
P 0x7fb20a09bc08
C 294
R
P 0x7fb20a09bc08
I 0
P 0x7fb20a0b8cd8
C 145
= 0x7fb20a0b95d8
R
P 0x7fb20a09bc08
C 294
R
P 0x7fb20a09bc08
P 0x7fb20a0b95d8
C 9
R
P 0x7fb20a09bc08
C 294
R
P 0x7fb20a09bc08
I 0
P 0x7fb20a0b8cd8
C 145
= 0x7fb20a0b95d8
R
P 0x7fb20a09bc08
C 294
R
P 0x7fb20a09bc08
P 0x7fb20a0b95d8
C 9
R
P 0x7fb20a09bc08
C 294
R
P 0x7fb20a09bc08
P 0x7fb20a0b95d8
P 0x7fb20a0b95d8
C 55
= 0x7fb20a0ddac0
R
P 0x7fb20a09bc08
C 294
R
P 0x7fb20a09bc08
P 0x7fb20a0ddac0
C 9
R
P 0x7fb20a09bc08
C 294
R
P 0x7fb20a09bc08
C 53
= 0x7fb20a0b8c78
R
P 0x7fb20a09bc08
C 294
R
P 0x7fb20a09bc08
P 0x7fb20a0b8c78
C 9
R
P 0x7fb20a09bc08
C 294
R
P 0x7fb20a09bc08
I 0
P 0x7fb20a0b8cd8
C 145
= 0x7fb20a0b95d8
R
P 0x7fb20a09bc08
C 294
R
P 0x7fb20a09bc08
P 0x7fb20a0b95d8
C 9
R
P 0x7fb20a09bc08
C 294
R
P 0x7fb20a09bc08
P 0x7fb20a0b9c98
P 0x7fb20a0b95d8
C 55
= 0x7fb20a0de620
R
P 0x7fb20a09bc08
C 294
R
P 0x7fb20a09bc08
P 0x7fb20a0de620
C 9
R
P 0x7fb20a09bc08
C 294
R
P 0x7fb20a09bc08
P 0x7fb20a0ddac0
P 0x7fb20a0b8c78
P 0x7fb20a0de620
C 58
= 0x7fb20a0bde18
R
P 0x7fb20a09bc08
C 294
R
P 0x7fb20a09bc08
P 0x7fb20a0bde18
C 208
R
P 0x7fb20a09bc08
C 294
R
P 0x7fb20a09bc08
P 0x7fb20a0bde18
C 205
= 0x7fb20a0b8c18
R
P 0x7fb20a09bc08
C 294
R
P 0x7fb20a09bc08
P 0x7fb20a0b8c18
C 166
R
P 0x7fb20a09bc08
C 294
R
P 0x7fb20a09bc08
P 0x7fb20a0bde18
C 211
R
P 0x7fb20a09bc08
C 294
R
P 0x7fb20a09bc08
P 0x7fb20a0bde18
C 210
R
P 0x7fb20a09bc08
C 294
R
P 0x7fb20a09bc08
P 0x7fb20a0bde18
C 9
R
P 0x7fb20a09bc08
C 294
R
P 0x7fb20a09bc08
U 2
P 0x7fb20a0de5e8
P 0x7fb20a0bde18
p 2
C 62
= 0x7fb20a0de658
R
P 0x7fb20a09bc08
C 294
R
P 0x7fb20a09bc08
P 0x7fb20a0de658
C 9
R
P 0x7fb20a09bc08
C 294
R
P 0x7fb20a09bc08
I 0
P 0x7fb20a0b8cd8
C 145
= 0x7fb20a0b95d8
R
P 0x7fb20a09bc08
C 294
R
P 0x7fb20a09bc08
P 0x7fb20a0b95d8
C 9
R
P 0x7fb20a09bc08
C 294
R
P 0x7fb20a09bc08
I 0
P 0x7fb20a0b8cd8
C 145
= 0x7fb20a0b95d8
R
P 0x7fb20a09bc08
C 294
R
P 0x7fb20a09bc08
P 0x7fb20a0b95d8
C 9
R
P 0x7fb20a09bc08
C 294
R
P 0x7fb20a09bc08
P 0x7fb20a0b95d8
P 0x7fb20a0b95d8
C 55
= 0x7fb20a0ddac0
R
P 0x7fb20a09bc08
C 294
R
P 0x7fb20a09bc08
P 0x7fb20a0ddac0
C 9
R
P 0x7fb20a09bc08
C 294
R
P 0x7fb20a09bc08
C 53
= 0x7fb20a0b8c78
R
P 0x7fb20a09bc08
C 294
R
P 0x7fb20a09bc08
P 0x7fb20a0b8c78
C 9
R
P 0x7fb20a09bc08
C 294
R
P 0x7fb20a09bc08
I 0
P 0x7fb20a0b8cd8
C 145
= 0x7fb20a0b95d8
R
P 0x7fb20a09bc08
C 294
R
P 0x7fb20a09bc08
P 0x7fb20a0b95d8
C 9
R
P 0x7fb20a09bc08
C 294
R
P 0x7fb20a09bc08
P 0x7fb20a0b9cb8
P 0x7fb20a0b95d8
C 55
= 0x7fb20a0de690
R
P 0x7fb20a09bc08
C 294
R
P 0x7fb20a09bc08
P 0x7fb20a0de690
C 9
R
P 0x7fb20a09bc08
C 294
R
P 0x7fb20a09bc08
P 0x7fb20a0ddac0
P 0x7fb20a0b8c78
P 0x7fb20a0de690
C 58
= 0x7fb20a0bde58
R
P 0x7fb20a09bc08
C 294
R
P 0x7fb20a09bc08
P 0x7fb20a0bde58
C 208
R
P 0x7fb20a09bc08
C 294
R
P 0x7fb20a09bc08
P 0x7fb20a0bde58
C 205
= 0x7fb20a0b8c18
R
P 0x7fb20a09bc08
C 294
R
P 0x7fb20a09bc08
P 0x7fb20a0b8c18
C 166
R
P 0x7fb20a09bc08
C 294
R
P 0x7fb20a09bc08
P 0x7fb20a0bde58
C 211
R
P 0x7fb20a09bc08
C 294
R
P 0x7fb20a09bc08
P 0x7fb20a0bde58
C 210
R
P 0x7fb20a09bc08
C 294
R
P 0x7fb20a09bc08
P 0x7fb20a0bde58
C 9
R
P 0x7fb20a09bc08
C 294
R
P 0x7fb20a09bc08
U 2
P 0x7fb20a0de658
P 0x7fb20a0bde58
p 2
C 62
= 0x7fb20a0de6c8
R
P 0x7fb20a09bc08
C 294
R
P 0x7fb20a09bc08
P 0x7fb20a0de6c8
C 9
R
P 0x7fb20a09bc08
C 294
R
P 0x7fb20a09bc08
I 0
P 0x7fb20a0b8cd8
C 145
= 0x7fb20a0b95d8
R
P 0x7fb20a09bc08
C 294
R
P 0x7fb20a09bc08
P 0x7fb20a0b95d8
C 9
R
P 0x7fb20a09bc08
C 294
R
P 0x7fb20a09bc08
I 0
P 0x7fb20a0b8cd8
C 145
= 0x7fb20a0b95d8
R
P 0x7fb20a09bc08
C 294
R
P 0x7fb20a09bc08
P 0x7fb20a0b95d8
C 9
R
P 0x7fb20a09bc08
C 294
R
P 0x7fb20a09bc08
P 0x7fb20a0b95d8
P 0x7fb20a0b95d8
C 55
= 0x7fb20a0ddac0
R
P 0x7fb20a09bc08
C 294
R
P 0x7fb20a09bc08
P 0x7fb20a0ddac0
C 9
R
P 0x7fb20a09bc08
C 294
R
P 0x7fb20a09bc08
C 53
= 0x7fb20a0b8c78
R
P 0x7fb20a09bc08
C 294
R
P 0x7fb20a09bc08
P 0x7fb20a0b8c78
C 9
R
P 0x7fb20a09bc08
C 294
R
P 0x7fb20a09bc08
I 0
P 0x7fb20a0b8cd8
C 145
= 0x7fb20a0b95d8
R
P 0x7fb20a09bc08
C 294
R
P 0x7fb20a09bc08
P 0x7fb20a0b95d8
C 9
R
P 0x7fb20a09bc08
C 294
R
P 0x7fb20a09bc08
P 0x7fb20a0b9cd8
P 0x7fb20a0b95d8
C 55
= 0x7fb20a0de700
R
P 0x7fb20a09bc08
C 294
R
P 0x7fb20a09bc08
P 0x7fb20a0de700
C 9
R
P 0x7fb20a09bc08
C 294
R
P 0x7fb20a09bc08
P 0x7fb20a0ddac0
P 0x7fb20a0b8c78
P 0x7fb20a0de700
C 58
= 0x7fb20a0bde98
R
P 0x7fb20a09bc08
C 294
R
P 0x7fb20a09bc08
P 0x7fb20a0bde98
C 208
R
P 0x7fb20a09bc08
C 294
R
P 0x7fb20a09bc08
P 0x7fb20a0bde98
C 205
= 0x7fb20a0b8c18
R
P 0x7fb20a09bc08
C 294
R
P 0x7fb20a09bc08
P 0x7fb20a0b8c18
C 166
R
P 0x7fb20a09bc08
C 294
R
P 0x7fb20a09bc08
P 0x7fb20a0bde98
C 211
R
P 0x7fb20a09bc08
C 294
R
P 0x7fb20a09bc08
P 0x7fb20a0bde98
C 210
R
P 0x7fb20a09bc08
C 294
R
P 0x7fb20a09bc08
P 0x7fb20a0bde98
C 9
R
P 0x7fb20a09bc08
C 294
R
P 0x7fb20a09bc08
U 2
P 0x7fb20a0de6c8
P 0x7fb20a0bde98
p 2
C 62
= 0x7fb20a0de738
R
P 0x7fb20a09bc08
C 294
R
P 0x7fb20a09bc08
P 0x7fb20a0de738
C 9
R
P 0x7fb20a09bc08
C 294
R
P 0x7fb20a09bc08
I 4
P 0x7fb20a0b8cd8
C 145
= 0x7fb20a0ba418
R
P 0x7fb20a09bc08
C 294
R
P 0x7fb20a09bc08
P 0x7fb20a0ba418
C 9
R
P 0x7fb20a09bc08
C 294
R
P 0x7fb20a09bc08
I 0
P 0x7fb20a0b8cd8
C 145
= 0x7fb20a0b95d8
R
P 0x7fb20a09bc08
C 294
R
P 0x7fb20a09bc08
P 0x7fb20a0b95d8
C 9
R
P 0x7fb20a09bc08
C 294
R
P 0x7fb20a09bc08
P 0x7fb20a0ba418
P 0x7fb20a0b95d8
C 55
= 0x7fb20a0ddd60
R
P 0x7fb20a09bc08
C 294
R
P 0x7fb20a09bc08
P 0x7fb20a0ddd60
C 9
R
P 0x7fb20a09bc08
C 294
R
P 0x7fb20a09bc08
C 53
= 0x7fb20a0b8c78
R
P 0x7fb20a09bc08
C 294
R
P 0x7fb20a09bc08
P 0x7fb20a0b8c78
C 9
R
P 0x7fb20a09bc08
C 294
R
P 0x7fb20a09bc08
I 4
P 0x7fb20a0b8cd8
C 145
= 0x7fb20a0ba418
R
P 0x7fb20a09bc08
C 294
R
P 0x7fb20a09bc08
P 0x7fb20a0ba418
C 9
R
P 0x7fb20a09bc08
C 294
R
P 0x7fb20a09bc08
P 0x7fb20a0b9cf8
P 0x7fb20a0ba418
C 55
= 0x7fb20a0de770
R
P 0x7fb20a09bc08
C 294
R
P 0x7fb20a09bc08
P 0x7fb20a0de770
C 9
R
P 0x7fb20a09bc08
C 294
R
P 0x7fb20a09bc08
P 0x7fb20a0ddd60
P 0x7fb20a0b8c78
P 0x7fb20a0de770
C 58
= 0x7fb20a0bded8
R
P 0x7fb20a09bc08
C 294
R
P 0x7fb20a09bc08
P 0x7fb20a0bded8
C 208
R
P 0x7fb20a09bc08
C 294
R
P 0x7fb20a09bc08
P 0x7fb20a0bded8
C 205
= 0x7fb20a0b8c18
R
P 0x7fb20a09bc08
C 294
R
P 0x7fb20a09bc08
P 0x7fb20a0b8c18
C 166
R
P 0x7fb20a09bc08
C 294
R
P 0x7fb20a09bc08
P 0x7fb20a0bded8
C 211
R
P 0x7fb20a09bc08
C 294
R
P 0x7fb20a09bc08
P 0x7fb20a0bded8
C 210
R
P 0x7fb20a09bc08
C 294
R
P 0x7fb20a09bc08
P 0x7fb20a0bded8
C 9
R
P 0x7fb20a09bc08
C 294
R
P 0x7fb20a09bc08
U 2
P 0x7fb20a0de738
P 0x7fb20a0bded8
p 2
C 62
= 0x7fb20a0de7a8
R
P 0x7fb20a09bc08
C 294
R
P 0x7fb20a09bc08
P 0x7fb20a0de7a8
C 9
R
P 0x7fb20a09bc08
C 294
R
P 0x7fb20a09bc08
I 0
P 0x7fb20a0b8cd8
C 145
= 0x7fb20a0b95d8
R
P 0x7fb20a09bc08
C 294
R
P 0x7fb20a09bc08
P 0x7fb20a0b95d8
C 9
R
P 0x7fb20a09bc08
C 294
R
P 0x7fb20a09bc08
I 0
P 0x7fb20a0b8cd8
C 145
= 0x7fb20a0b95d8
R
P 0x7fb20a09bc08
C 294
R
P 0x7fb20a09bc08
P 0x7fb20a0b95d8
C 9
R
P 0x7fb20a09bc08
C 294
R
P 0x7fb20a09bc08
P 0x7fb20a0b95d8
P 0x7fb20a0b95d8
C 55
= 0x7fb20a0ddac0
R
P 0x7fb20a09bc08
C 294
R
P 0x7fb20a09bc08
P 0x7fb20a0ddac0
C 9
R
P 0x7fb20a09bc08
C 294
R
P 0x7fb20a09bc08
C 53
= 0x7fb20a0b8c78
R
P 0x7fb20a09bc08
C 294
R
P 0x7fb20a09bc08
P 0x7fb20a0b8c78
C 9
R
P 0x7fb20a09bc08
C 294
R
P 0x7fb20a09bc08
I 0
P 0x7fb20a0b8cd8
C 145
= 0x7fb20a0b95d8
R
P 0x7fb20a09bc08
C 294
R
P 0x7fb20a09bc08
P 0x7fb20a0b95d8
C 9
R
P 0x7fb20a09bc08
C 294
R
P 0x7fb20a09bc08
P 0x7fb20a0b9d18
P 0x7fb20a0b95d8
C 55
= 0x7fb20a0de7e0
R
P 0x7fb20a09bc08
C 294
R
P 0x7fb20a09bc08
P 0x7fb20a0de7e0
C 9
R
P 0x7fb20a09bc08
C 294
R
P 0x7fb20a09bc08
P 0x7fb20a0ddac0
P 0x7fb20a0b8c78
P 0x7fb20a0de7e0
C 58
= 0x7fb20a0bdf18
R
P 0x7fb20a09bc08
C 294
R
P 0x7fb20a09bc08
P 0x7fb20a0bdf18
C 208
R
P 0x7fb20a09bc08
C 294
R
P 0x7fb20a09bc08
P 0x7fb20a0bdf18
C 205
= 0x7fb20a0b8c18
R
P 0x7fb20a09bc08
C 294
R
P 0x7fb20a09bc08
P 0x7fb20a0b8c18
C 166
R
P 0x7fb20a09bc08
C 294
R
P 0x7fb20a09bc08
P 0x7fb20a0bdf18
C 211
R
P 0x7fb20a09bc08
C 294
R
P 0x7fb20a09bc08
P 0x7fb20a0bdf18
C 210
R
P 0x7fb20a09bc08
C 294
R
P 0x7fb20a09bc08
P 0x7fb20a0bdf18
C 9
R
P 0x7fb20a09bc08
C 294
R
P 0x7fb20a09bc08
U 2
P 0x7fb20a0de7a8
P 0x7fb20a0bdf18
p 2
C 62
= 0x7fb20a0de818
R
P 0x7fb20a09bc08
C 294
R
P 0x7fb20a09bc08
P 0x7fb20a0de818
C 9
R
P 0x7fb20a09bc08
C 294
R
P 0x7fb20a09bc08
I 0
P 0x7fb20a0b8cd8
C 145
= 0x7fb20a0b95d8
R
P 0x7fb20a09bc08
C 294
R
P 0x7fb20a09bc08
P 0x7fb20a0b95d8
C 9
R
P 0x7fb20a09bc08
C 294
R
P 0x7fb20a09bc08
I 0
P 0x7fb20a0b8cd8
C 145
= 0x7fb20a0b95d8
R
P 0x7fb20a09bc08
C 294
R
P 0x7fb20a09bc08
P 0x7fb20a0b95d8
C 9
R
P 0x7fb20a09bc08
C 294
R
P 0x7fb20a09bc08
P 0x7fb20a0b95d8
P 0x7fb20a0b95d8
C 55
= 0x7fb20a0ddac0
R
P 0x7fb20a09bc08
C 294
R
P 0x7fb20a09bc08
P 0x7fb20a0ddac0
C 9
R
P 0x7fb20a09bc08
C 294
R
P 0x7fb20a09bc08
C 53
= 0x7fb20a0b8c78
R
P 0x7fb20a09bc08
C 294
R
P 0x7fb20a09bc08
P 0x7fb20a0b8c78
C 9
R
P 0x7fb20a09bc08
C 294
R
P 0x7fb20a09bc08
I 0
P 0x7fb20a0b8cd8
C 145
= 0x7fb20a0b95d8
R
P 0x7fb20a09bc08
C 294
R
P 0x7fb20a09bc08
P 0x7fb20a0b95d8
C 9
R
P 0x7fb20a09bc08
C 294
R
P 0x7fb20a09bc08
P 0x7fb20a0b9d38
P 0x7fb20a0b95d8
C 55
= 0x7fb20a0de850
R
P 0x7fb20a09bc08
C 294
R
P 0x7fb20a09bc08
P 0x7fb20a0de850
C 9
R
P 0x7fb20a09bc08
C 294
R
P 0x7fb20a09bc08
P 0x7fb20a0ddac0
P 0x7fb20a0b8c78
P 0x7fb20a0de850
C 58
= 0x7fb20a0bdf58
R
P 0x7fb20a09bc08
C 294
R
P 0x7fb20a09bc08
P 0x7fb20a0bdf58
C 208
R
P 0x7fb20a09bc08
C 294
R
P 0x7fb20a09bc08
P 0x7fb20a0bdf58
C 205
= 0x7fb20a0b8c18
R
P 0x7fb20a09bc08
C 294
R
P 0x7fb20a09bc08
P 0x7fb20a0b8c18
C 166
R
P 0x7fb20a09bc08
C 294
R
P 0x7fb20a09bc08
P 0x7fb20a0bdf58
C 211
R
P 0x7fb20a09bc08
C 294
R
P 0x7fb20a09bc08
P 0x7fb20a0bdf58
C 210
R
P 0x7fb20a09bc08
C 294
R
P 0x7fb20a09bc08
P 0x7fb20a0bdf58
C 9
R
P 0x7fb20a09bc08
C 294
R
P 0x7fb20a09bc08
U 2
P 0x7fb20a0de818
P 0x7fb20a0bdf58
p 2
C 62
= 0x7fb20a0de888
R
P 0x7fb20a09bc08
C 294
R
P 0x7fb20a09bc08
P 0x7fb20a0de888
C 9
R
P 0x7fb20a09bc08
C 294
R
P 0x7fb20a09bc08
I 0
P 0x7fb20a0b8cd8
C 145
= 0x7fb20a0b95d8
R
P 0x7fb20a09bc08
C 294
R
P 0x7fb20a09bc08
P 0x7fb20a0b95d8
C 9
R
P 0x7fb20a09bc08
C 294
R
P 0x7fb20a09bc08
I 0
P 0x7fb20a0b8cd8
C 145
= 0x7fb20a0b95d8
R
P 0x7fb20a09bc08
C 294
R
P 0x7fb20a09bc08
P 0x7fb20a0b95d8
C 9
R
P 0x7fb20a09bc08
C 294
R
P 0x7fb20a09bc08
P 0x7fb20a0b95d8
P 0x7fb20a0b95d8
C 55
= 0x7fb20a0ddac0
R
P 0x7fb20a09bc08
C 294
R
P 0x7fb20a09bc08
P 0x7fb20a0ddac0
C 9
R
P 0x7fb20a09bc08
C 294
R
P 0x7fb20a09bc08
C 53
= 0x7fb20a0b8c78
R
P 0x7fb20a09bc08
C 294
R
P 0x7fb20a09bc08
P 0x7fb20a0b8c78
C 9
R
P 0x7fb20a09bc08
C 294
R
P 0x7fb20a09bc08
I 0
P 0x7fb20a0b8cd8
C 145
= 0x7fb20a0b95d8
R
P 0x7fb20a09bc08
C 294
R
P 0x7fb20a09bc08
P 0x7fb20a0b95d8
C 9
R
P 0x7fb20a09bc08
C 294
R
P 0x7fb20a09bc08
P 0x7fb20a0b9d58
P 0x7fb20a0b95d8
C 55
= 0x7fb20a0de8c0
R
P 0x7fb20a09bc08
C 294
R
P 0x7fb20a09bc08
P 0x7fb20a0de8c0
C 9
R
P 0x7fb20a09bc08
C 294
R
P 0x7fb20a09bc08
P 0x7fb20a0ddac0
P 0x7fb20a0b8c78
P 0x7fb20a0de8c0
C 58
= 0x7fb20a0bdf98
R
P 0x7fb20a09bc08
C 294
R
P 0x7fb20a09bc08
P 0x7fb20a0bdf98
C 208
R
P 0x7fb20a09bc08
C 294
R
P 0x7fb20a09bc08
P 0x7fb20a0bdf98
C 205
= 0x7fb20a0b8c18
R
P 0x7fb20a09bc08
C 294
R
P 0x7fb20a09bc08
P 0x7fb20a0b8c18
C 166
R
P 0x7fb20a09bc08
C 294
R
P 0x7fb20a09bc08
P 0x7fb20a0bdf98
C 211
R
P 0x7fb20a09bc08
C 294
R
P 0x7fb20a09bc08
P 0x7fb20a0bdf98
C 210
R
P 0x7fb20a09bc08
C 294
R
P 0x7fb20a09bc08
P 0x7fb20a0bdf98
C 9
R
P 0x7fb20a09bc08
C 294
R
P 0x7fb20a09bc08
U 2
P 0x7fb20a0de888
P 0x7fb20a0bdf98
p 2
C 62
= 0x7fb20a0de8f8
R
P 0x7fb20a09bc08
C 294
R
P 0x7fb20a09bc08
P 0x7fb20a0de8f8
C 9
R
P 0x7fb20a09bc08
C 294
R
P 0x7fb20a09bc08
I 0
P 0x7fb20a0b8cd8
C 145
= 0x7fb20a0b95d8
R
P 0x7fb20a09bc08
C 294
R
P 0x7fb20a09bc08
P 0x7fb20a0b95d8
C 9
R
P 0x7fb20a09bc08
C 294
R
P 0x7fb20a09bc08
I 0
P 0x7fb20a0b8cd8
C 145
= 0x7fb20a0b95d8
R
P 0x7fb20a09bc08
C 294
R
P 0x7fb20a09bc08
P 0x7fb20a0b95d8
C 9
R
P 0x7fb20a09bc08
C 294
R
P 0x7fb20a09bc08
P 0x7fb20a0b95d8
P 0x7fb20a0b95d8
C 55
= 0x7fb20a0ddac0
R
P 0x7fb20a09bc08
C 294
R
P 0x7fb20a09bc08
P 0x7fb20a0ddac0
C 9
R
P 0x7fb20a09bc08
C 294
R
P 0x7fb20a09bc08
C 53
= 0x7fb20a0b8c78
R
P 0x7fb20a09bc08
C 294
R
P 0x7fb20a09bc08
P 0x7fb20a0b8c78
C 9
R
P 0x7fb20a09bc08
C 294
R
P 0x7fb20a09bc08
I 0
P 0x7fb20a0b8cd8
C 145
= 0x7fb20a0b95d8
R
P 0x7fb20a09bc08
C 294
R
P 0x7fb20a09bc08
P 0x7fb20a0b95d8
C 9
R
P 0x7fb20a09bc08
C 294
R
P 0x7fb20a09bc08
P 0x7fb20a0b9d78
P 0x7fb20a0b95d8
C 55
= 0x7fb20a0de930
R
P 0x7fb20a09bc08
C 294
R
P 0x7fb20a09bc08
P 0x7fb20a0de930
C 9
R
P 0x7fb20a09bc08
C 294
R
P 0x7fb20a09bc08
P 0x7fb20a0ddac0
P 0x7fb20a0b8c78
P 0x7fb20a0de930
C 58
= 0x7fb20a0bdfd8
R
P 0x7fb20a09bc08
C 294
R
P 0x7fb20a09bc08
P 0x7fb20a0bdfd8
C 208
R
P 0x7fb20a09bc08
C 294
R
P 0x7fb20a09bc08
P 0x7fb20a0bdfd8
C 205
= 0x7fb20a0b8c18
R
P 0x7fb20a09bc08
C 294
R
P 0x7fb20a09bc08
P 0x7fb20a0b8c18
C 166
R
P 0x7fb20a09bc08
C 294
R
P 0x7fb20a09bc08
P 0x7fb20a0bdfd8
C 211
R
P 0x7fb20a09bc08
C 294
R
P 0x7fb20a09bc08
P 0x7fb20a0bdfd8
C 210
R
P 0x7fb20a09bc08
C 294
R
P 0x7fb20a09bc08
P 0x7fb20a0bdfd8
C 9
R
P 0x7fb20a09bc08
C 294
R
P 0x7fb20a09bc08
U 2
P 0x7fb20a0de8f8
P 0x7fb20a0bdfd8
p 2
C 62
= 0x7fb20a0de968
R
P 0x7fb20a09bc08
C 294
R
P 0x7fb20a09bc08
P 0x7fb20a0de968
C 9
R
P 0x7fb20a09bc08
C 294
R
P 0x7fb20a09bc08
I 0
P 0x7fb20a0b8cd8
C 145
= 0x7fb20a0b95d8
R
P 0x7fb20a09bc08
C 294
R
P 0x7fb20a09bc08
P 0x7fb20a0b95d8
C 9
R
P 0x7fb20a09bc08
C 294
R
P 0x7fb20a09bc08
I 0
P 0x7fb20a0b8cd8
C 145
= 0x7fb20a0b95d8
R
P 0x7fb20a09bc08
C 294
R
P 0x7fb20a09bc08
P 0x7fb20a0b95d8
C 9
R
P 0x7fb20a09bc08
C 294
R
P 0x7fb20a09bc08
P 0x7fb20a0b95d8
P 0x7fb20a0b95d8
C 55
= 0x7fb20a0ddac0
R
P 0x7fb20a09bc08
C 294
R
P 0x7fb20a09bc08
P 0x7fb20a0ddac0
C 9
R
P 0x7fb20a09bc08
C 294
R
P 0x7fb20a09bc08
C 53
= 0x7fb20a0b8c78
R
P 0x7fb20a09bc08
C 294
R
P 0x7fb20a09bc08
P 0x7fb20a0b8c78
C 9
R
P 0x7fb20a09bc08
C 294
R
P 0x7fb20a09bc08
I 0
P 0x7fb20a0b8cd8
C 145
= 0x7fb20a0b95d8
R
P 0x7fb20a09bc08
C 294
R
P 0x7fb20a09bc08
P 0x7fb20a0b95d8
C 9
R
P 0x7fb20a09bc08
C 294
R
P 0x7fb20a09bc08
P 0x7fb20a0b9d98
P 0x7fb20a0b95d8
C 55
= 0x7fb20a0de9a0
R
P 0x7fb20a09bc08
C 294
R
P 0x7fb20a09bc08
P 0x7fb20a0de9a0
C 9
R
P 0x7fb20a09bc08
C 294
R
P 0x7fb20a09bc08
P 0x7fb20a0ddac0
P 0x7fb20a0b8c78
P 0x7fb20a0de9a0
C 58
= 0x7fb20a0be018
R
P 0x7fb20a09bc08
C 294
R
P 0x7fb20a09bc08
P 0x7fb20a0be018
C 208
R
P 0x7fb20a09bc08
C 294
R
P 0x7fb20a09bc08
P 0x7fb20a0be018
C 205
= 0x7fb20a0b8c18
R
P 0x7fb20a09bc08
C 294
R
P 0x7fb20a09bc08
P 0x7fb20a0b8c18
C 166
R
P 0x7fb20a09bc08
C 294
R
P 0x7fb20a09bc08
P 0x7fb20a0be018
C 211
R
P 0x7fb20a09bc08
C 294
R
P 0x7fb20a09bc08
P 0x7fb20a0be018
C 210
R
P 0x7fb20a09bc08
C 294
R
P 0x7fb20a09bc08
P 0x7fb20a0be018
C 9
R
P 0x7fb20a09bc08
C 294
R
P 0x7fb20a09bc08
U 2
P 0x7fb20a0de968
P 0x7fb20a0be018
p 2
C 62
= 0x7fb20a0de9d8
R
P 0x7fb20a09bc08
C 294
R
P 0x7fb20a09bc08
P 0x7fb20a0de9d8
C 9
R
P 0x7fb20a09bc08
C 294
R
P 0x7fb20a09bc08
I 0
P 0x7fb20a0b8cd8
C 145
= 0x7fb20a0b95d8
R
P 0x7fb20a09bc08
C 294
R
P 0x7fb20a09bc08
P 0x7fb20a0b95d8
C 9
R
P 0x7fb20a09bc08
C 294
R
P 0x7fb20a09bc08
I 0
P 0x7fb20a0b8cd8
C 145
= 0x7fb20a0b95d8
R
P 0x7fb20a09bc08
C 294
R
P 0x7fb20a09bc08
P 0x7fb20a0b95d8
C 9
R
P 0x7fb20a09bc08
C 294
R
P 0x7fb20a09bc08
P 0x7fb20a0b95d8
P 0x7fb20a0b95d8
C 55
= 0x7fb20a0ddac0
R
P 0x7fb20a09bc08
C 294
R
P 0x7fb20a09bc08
P 0x7fb20a0ddac0
C 9
R
P 0x7fb20a09bc08
C 294
R
P 0x7fb20a09bc08
C 53
= 0x7fb20a0b8c78
R
P 0x7fb20a09bc08
C 294
R
P 0x7fb20a09bc08
P 0x7fb20a0b8c78
C 9
R
P 0x7fb20a09bc08
C 294
R
P 0x7fb20a09bc08
I 0
P 0x7fb20a0b8cd8
C 145
= 0x7fb20a0b95d8
R
P 0x7fb20a09bc08
C 294
R
P 0x7fb20a09bc08
P 0x7fb20a0b95d8
C 9
R
P 0x7fb20a09bc08
C 294
R
P 0x7fb20a09bc08
P 0x7fb20a0b9db8
P 0x7fb20a0b95d8
C 55
= 0x7fb20a0dea10
R
P 0x7fb20a09bc08
C 294
R
P 0x7fb20a09bc08
P 0x7fb20a0dea10
C 9
R
P 0x7fb20a09bc08
C 294
R
P 0x7fb20a09bc08
P 0x7fb20a0ddac0
P 0x7fb20a0b8c78
P 0x7fb20a0dea10
C 58
= 0x7fb20a0be058
R
P 0x7fb20a09bc08
C 294
R
P 0x7fb20a09bc08
P 0x7fb20a0be058
C 208
R
P 0x7fb20a09bc08
C 294
R
P 0x7fb20a09bc08
P 0x7fb20a0be058
C 205
= 0x7fb20a0b8c18
R
P 0x7fb20a09bc08
C 294
R
P 0x7fb20a09bc08
P 0x7fb20a0b8c18
C 166
R
P 0x7fb20a09bc08
C 294
R
P 0x7fb20a09bc08
P 0x7fb20a0be058
C 211
R
P 0x7fb20a09bc08
C 294
R
P 0x7fb20a09bc08
P 0x7fb20a0be058
C 210
R
P 0x7fb20a09bc08
C 294
R
P 0x7fb20a09bc08
P 0x7fb20a0be058
C 9
R
P 0x7fb20a09bc08
C 294
R
P 0x7fb20a09bc08
U 2
P 0x7fb20a0de9d8
P 0x7fb20a0be058
p 2
C 62
= 0x7fb20a0dea48
R
P 0x7fb20a09bc08
C 294
R
P 0x7fb20a09bc08
P 0x7fb20a0dea48
C 9
R
P 0x7fb20a09bc08
C 294
R
P 0x7fb20a09bc08
I 0
P 0x7fb20a0b8cd8
C 145
= 0x7fb20a0b95d8
R
P 0x7fb20a09bc08
C 294
R
P 0x7fb20a09bc08
P 0x7fb20a0b95d8
C 9
R
P 0x7fb20a09bc08
C 294
R
P 0x7fb20a09bc08
I 0
P 0x7fb20a0b8cd8
C 145
= 0x7fb20a0b95d8
R
P 0x7fb20a09bc08
C 294
R
P 0x7fb20a09bc08
P 0x7fb20a0b95d8
C 9
R
P 0x7fb20a09bc08
C 294
R
P 0x7fb20a09bc08
P 0x7fb20a0b95d8
P 0x7fb20a0b95d8
C 55
= 0x7fb20a0ddac0
R
P 0x7fb20a09bc08
C 294
R
P 0x7fb20a09bc08
P 0x7fb20a0ddac0
C 9
R
P 0x7fb20a09bc08
C 294
R
P 0x7fb20a09bc08
C 53
= 0x7fb20a0b8c78
R
P 0x7fb20a09bc08
C 294
R
P 0x7fb20a09bc08
P 0x7fb20a0b8c78
C 9
R
P 0x7fb20a09bc08
C 294
R
P 0x7fb20a09bc08
I 0
P 0x7fb20a0b8cd8
C 145
= 0x7fb20a0b95d8
R
P 0x7fb20a09bc08
C 294
R
P 0x7fb20a09bc08
P 0x7fb20a0b95d8
C 9
R
P 0x7fb20a09bc08
C 294
R
P 0x7fb20a09bc08
P 0x7fb20a0b9dd8
P 0x7fb20a0b95d8
C 55
= 0x7fb20a0dea80
R
P 0x7fb20a09bc08
C 294
R
P 0x7fb20a09bc08
P 0x7fb20a0dea80
C 9
R
P 0x7fb20a09bc08
C 294
R
P 0x7fb20a09bc08
P 0x7fb20a0ddac0
P 0x7fb20a0b8c78
P 0x7fb20a0dea80
C 58
= 0x7fb20a0be098
R
P 0x7fb20a09bc08
C 294
R
P 0x7fb20a09bc08
P 0x7fb20a0be098
C 208
R
P 0x7fb20a09bc08
C 294
R
P 0x7fb20a09bc08
P 0x7fb20a0be098
C 205
= 0x7fb20a0b8c18
R
P 0x7fb20a09bc08
C 294
R
P 0x7fb20a09bc08
P 0x7fb20a0b8c18
C 166
R
P 0x7fb20a09bc08
C 294
R
P 0x7fb20a09bc08
P 0x7fb20a0be098
C 211
R
P 0x7fb20a09bc08
C 294
R
P 0x7fb20a09bc08
P 0x7fb20a0be098
C 210
R
P 0x7fb20a09bc08
C 294
R
P 0x7fb20a09bc08
P 0x7fb20a0be098
C 9
R
P 0x7fb20a09bc08
C 294
R
P 0x7fb20a09bc08
U 2
P 0x7fb20a0dea48
P 0x7fb20a0be098
p 2
C 62
= 0x7fb20a0deab8
R
P 0x7fb20a09bc08
C 294
R
P 0x7fb20a09bc08
P 0x7fb20a0deab8
C 9
R
P 0x7fb20a09bc08
C 294
R
P 0x7fb20a09bc08
I 2
P 0x7fb20a0b8cd8
C 145
= 0x7fb20a0b97d8
R
P 0x7fb20a09bc08
C 294
R
P 0x7fb20a09bc08
P 0x7fb20a0b97d8
C 9
R
P 0x7fb20a09bc08
C 294
R
P 0x7fb20a09bc08
I 0
P 0x7fb20a0b8cd8
C 145
= 0x7fb20a0b95d8
R
P 0x7fb20a09bc08
C 294
R
P 0x7fb20a09bc08
P 0x7fb20a0b95d8
C 9
R
P 0x7fb20a09bc08
C 294
R
P 0x7fb20a09bc08
P 0x7fb20a0b97d8
P 0x7fb20a0b95d8
C 55
= 0x7fb20a0deaf0
R
P 0x7fb20a09bc08
C 294
R
P 0x7fb20a09bc08
P 0x7fb20a0deaf0
C 9
R
P 0x7fb20a09bc08
C 294
R
P 0x7fb20a09bc08
C 53
= 0x7fb20a0b8c78
R
P 0x7fb20a09bc08
C 294
R
P 0x7fb20a09bc08
P 0x7fb20a0b8c78
C 9
R
P 0x7fb20a09bc08
C 294
R
P 0x7fb20a09bc08
I 2
P 0x7fb20a0b8cd8
C 145
= 0x7fb20a0b97d8
R
P 0x7fb20a09bc08
C 294
R
P 0x7fb20a09bc08
P 0x7fb20a0b97d8
C 9
R
P 0x7fb20a09bc08
C 294
R
P 0x7fb20a09bc08
P 0x7fb20a0b9df8
P 0x7fb20a0b97d8
C 55
= 0x7fb20a0deb28
R
P 0x7fb20a09bc08
C 294
R
P 0x7fb20a09bc08
P 0x7fb20a0deb28
C 9
R
P 0x7fb20a09bc08
C 294
R
P 0x7fb20a09bc08
P 0x7fb20a0deaf0
P 0x7fb20a0b8c78
P 0x7fb20a0deb28
C 58
= 0x7fb20a0be0d8
R
P 0x7fb20a09bc08
C 294
R
P 0x7fb20a09bc08
P 0x7fb20a0be0d8
C 208
R
P 0x7fb20a09bc08
C 294
R
P 0x7fb20a09bc08
P 0x7fb20a0be0d8
C 205
= 0x7fb20a0b8c18
R
P 0x7fb20a09bc08
C 294
R
P 0x7fb20a09bc08
P 0x7fb20a0b8c18
C 166
R
P 0x7fb20a09bc08
C 294
R
P 0x7fb20a09bc08
P 0x7fb20a0be0d8
C 211
R
P 0x7fb20a09bc08
C 294
R
P 0x7fb20a09bc08
P 0x7fb20a0be0d8
C 210
R
P 0x7fb20a09bc08
C 294
R
P 0x7fb20a09bc08
P 0x7fb20a0be0d8
C 9
R
P 0x7fb20a09bc08
C 294
R
P 0x7fb20a09bc08
U 2
P 0x7fb20a0deab8
P 0x7fb20a0be0d8
p 2
C 62
= 0x7fb20a0deb60
R
P 0x7fb20a09bc08
C 294
R
P 0x7fb20a09bc08
P 0x7fb20a0deb60
C 9
R
P 0x7fb20a09bc08
C 294
R
P 0x7fb20a09bc08
I 0
P 0x7fb20a0b8cd8
C 145
= 0x7fb20a0b95d8
R
P 0x7fb20a09bc08
C 294
R
P 0x7fb20a09bc08
P 0x7fb20a0b95d8
C 9
R
P 0x7fb20a09bc08
C 294
R
P 0x7fb20a09bc08
I 0
P 0x7fb20a0b8cd8
C 145
= 0x7fb20a0b95d8
R
P 0x7fb20a09bc08
C 294
R
P 0x7fb20a09bc08
P 0x7fb20a0b95d8
C 9
R
P 0x7fb20a09bc08
C 294
R
P 0x7fb20a09bc08
P 0x7fb20a0b95d8
P 0x7fb20a0b95d8
C 55
= 0x7fb20a0ddac0
R
P 0x7fb20a09bc08
C 294
R
P 0x7fb20a09bc08
P 0x7fb20a0ddac0
C 9
R
P 0x7fb20a09bc08
C 294
R
P 0x7fb20a09bc08
C 53
= 0x7fb20a0b8c78
R
P 0x7fb20a09bc08
C 294
R
P 0x7fb20a09bc08
P 0x7fb20a0b8c78
C 9
R
P 0x7fb20a09bc08
C 294
R
P 0x7fb20a09bc08
I 0
P 0x7fb20a0b8cd8
C 145
= 0x7fb20a0b95d8
R
P 0x7fb20a09bc08
C 294
R
P 0x7fb20a09bc08
P 0x7fb20a0b95d8
C 9
R
P 0x7fb20a09bc08
C 294
R
P 0x7fb20a09bc08
P 0x7fb20a0b9e18
P 0x7fb20a0b95d8
C 55
= 0x7fb20a0deb98
R
P 0x7fb20a09bc08
C 294
R
P 0x7fb20a09bc08
P 0x7fb20a0deb98
C 9
R
P 0x7fb20a09bc08
C 294
R
P 0x7fb20a09bc08
P 0x7fb20a0ddac0
P 0x7fb20a0b8c78
P 0x7fb20a0deb98
C 58
= 0x7fb20a0be118
R
P 0x7fb20a09bc08
C 294
R
P 0x7fb20a09bc08
P 0x7fb20a0be118
C 208
R
P 0x7fb20a09bc08
C 294
R
P 0x7fb20a09bc08
P 0x7fb20a0be118
C 205
= 0x7fb20a0b8c18
R
P 0x7fb20a09bc08
C 294
R
P 0x7fb20a09bc08
P 0x7fb20a0b8c18
C 166
R
P 0x7fb20a09bc08
C 294
R
P 0x7fb20a09bc08
P 0x7fb20a0be118
C 211
R
P 0x7fb20a09bc08
C 294
R
P 0x7fb20a09bc08
P 0x7fb20a0be118
C 210
R
P 0x7fb20a09bc08
C 294
R
P 0x7fb20a09bc08
P 0x7fb20a0be118
C 9
R
P 0x7fb20a09bc08
C 294
R
P 0x7fb20a09bc08
U 2
P 0x7fb20a0deb60
P 0x7fb20a0be118
p 2
C 62
= 0x7fb20a0debd0
R
P 0x7fb20a09bc08
C 294
R
P 0x7fb20a09bc08
P 0x7fb20a0debd0
C 9
R
P 0x7fb20a09bc08
C 294
R
P 0x7fb20a09bc08
I 8
P 0x7fb20a0b8cd8
C 145
= 0x7fb20a0ba498
R
P 0x7fb20a09bc08
C 294
R
P 0x7fb20a09bc08
P 0x7fb20a0ba498
C 9
R
P 0x7fb20a09bc08
C 294
R
P 0x7fb20a09bc08
I 0
P 0x7fb20a0b8cd8
C 145
= 0x7fb20a0b95d8
R
P 0x7fb20a09bc08
C 294
R
P 0x7fb20a09bc08
P 0x7fb20a0b95d8
C 9
R
P 0x7fb20a09bc08
C 294
R
P 0x7fb20a09bc08
P 0x7fb20a0ba498
P 0x7fb20a0b95d8
C 55
= 0x7fb20a0de498
R
P 0x7fb20a09bc08
C 294
R
P 0x7fb20a09bc08
P 0x7fb20a0de498
C 9
R
P 0x7fb20a09bc08
C 294
R
P 0x7fb20a09bc08
C 53
= 0x7fb20a0b8c78
R
P 0x7fb20a09bc08
C 294
R
P 0x7fb20a09bc08
P 0x7fb20a0b8c78
C 9
R
P 0x7fb20a09bc08
C 294
R
P 0x7fb20a09bc08
I 8
P 0x7fb20a0b8cd8
C 145
= 0x7fb20a0ba498
R
P 0x7fb20a09bc08
C 294
R
P 0x7fb20a09bc08
P 0x7fb20a0ba498
C 9
R
P 0x7fb20a09bc08
C 294
R
P 0x7fb20a09bc08
P 0x7fb20a0b9e38
P 0x7fb20a0ba498
C 55
= 0x7fb20a0dec08
R
P 0x7fb20a09bc08
C 294
R
P 0x7fb20a09bc08
P 0x7fb20a0dec08
C 9
R
P 0x7fb20a09bc08
C 294
R
P 0x7fb20a09bc08
P 0x7fb20a0de498
P 0x7fb20a0b8c78
P 0x7fb20a0dec08
C 58
= 0x7fb20a0be158
R
P 0x7fb20a09bc08
C 294
R
P 0x7fb20a09bc08
P 0x7fb20a0be158
C 208
R
P 0x7fb20a09bc08
C 294
R
P 0x7fb20a09bc08
P 0x7fb20a0be158
C 205
= 0x7fb20a0b8c18
R
P 0x7fb20a09bc08
C 294
R
P 0x7fb20a09bc08
P 0x7fb20a0b8c18
C 166
R
P 0x7fb20a09bc08
C 294
R
P 0x7fb20a09bc08
P 0x7fb20a0be158
C 211
R
P 0x7fb20a09bc08
C 294
R
P 0x7fb20a09bc08
P 0x7fb20a0be158
C 210
R
P 0x7fb20a09bc08
C 294
R
P 0x7fb20a09bc08
P 0x7fb20a0be158
C 9
R
P 0x7fb20a09bc08
C 294
R
P 0x7fb20a09bc08
U 2
P 0x7fb20a0debd0
P 0x7fb20a0be158
p 2
C 62
= 0x7fb20a0dec40
R
P 0x7fb20a09bc08
C 294
R
P 0x7fb20a09bc08
P 0x7fb20a0dec40
C 9
R
P 0x7fb20a09bc08
C 294
R
P 0x7fb20a09bc08
I 0
P 0x7fb20a0b8cd8
C 145
= 0x7fb20a0b95d8
R
P 0x7fb20a09bc08
C 294
R
P 0x7fb20a09bc08
P 0x7fb20a0b95d8
C 9
R
P 0x7fb20a09bc08
C 294
R
P 0x7fb20a09bc08
I 0
P 0x7fb20a0b8cd8
C 145
= 0x7fb20a0b95d8
R
P 0x7fb20a09bc08
C 294
R
P 0x7fb20a09bc08
P 0x7fb20a0b95d8
C 9
R
P 0x7fb20a09bc08
C 294
R
P 0x7fb20a09bc08
P 0x7fb20a0b95d8
P 0x7fb20a0b95d8
C 55
= 0x7fb20a0ddac0
R
P 0x7fb20a09bc08
C 294
R
P 0x7fb20a09bc08
P 0x7fb20a0ddac0
C 9
R
P 0x7fb20a09bc08
C 294
R
P 0x7fb20a09bc08
C 53
= 0x7fb20a0b8c78
R
P 0x7fb20a09bc08
C 294
R
P 0x7fb20a09bc08
P 0x7fb20a0b8c78
C 9
R
P 0x7fb20a09bc08
C 294
R
P 0x7fb20a09bc08
I 0
P 0x7fb20a0b8cd8
C 145
= 0x7fb20a0b95d8
R
P 0x7fb20a09bc08
C 294
R
P 0x7fb20a09bc08
P 0x7fb20a0b95d8
C 9
R
P 0x7fb20a09bc08
C 294
R
P 0x7fb20a09bc08
P 0x7fb20a0b9e58
P 0x7fb20a0b95d8
C 55
= 0x7fb20a0dec78
R
P 0x7fb20a09bc08
C 294
R
P 0x7fb20a09bc08
P 0x7fb20a0dec78
C 9
R
P 0x7fb20a09bc08
C 294
R
P 0x7fb20a09bc08
P 0x7fb20a0ddac0
P 0x7fb20a0b8c78
P 0x7fb20a0dec78
C 58
= 0x7fb20a0be198
R
P 0x7fb20a09bc08
C 294
R
P 0x7fb20a09bc08
P 0x7fb20a0be198
C 208
R
P 0x7fb20a09bc08
C 294
R
P 0x7fb20a09bc08
P 0x7fb20a0be198
C 205
= 0x7fb20a0b8c18
R
P 0x7fb20a09bc08
C 294
R
P 0x7fb20a09bc08
P 0x7fb20a0b8c18
C 166
R
P 0x7fb20a09bc08
C 294
R
P 0x7fb20a09bc08
P 0x7fb20a0be198
C 211
R
P 0x7fb20a09bc08
C 294
R
P 0x7fb20a09bc08
P 0x7fb20a0be198
C 210
R
P 0x7fb20a09bc08
C 294
R
P 0x7fb20a09bc08
P 0x7fb20a0be198
C 9
R
P 0x7fb20a09bc08
C 294
R
P 0x7fb20a09bc08
U 2
P 0x7fb20a0dec40
P 0x7fb20a0be198
p 2
C 62
= 0x7fb20a0decb0
R
P 0x7fb20a09bc08
C 294
R
P 0x7fb20a09bc08
P 0x7fb20a0decb0
C 9
R
P 0x7fb20a09bc08
C 294
R
P 0x7fb20a09bc08
I 6
P 0x7fb20a0b8cd8
C 145
= 0x7fb20a0ba4b8
R
P 0x7fb20a09bc08
C 294
R
P 0x7fb20a09bc08
P 0x7fb20a0ba4b8
C 9
R
P 0x7fb20a09bc08
C 294
R
P 0x7fb20a09bc08
I 0
P 0x7fb20a0b8cd8
C 145
= 0x7fb20a0b95d8
R
P 0x7fb20a09bc08
C 294
R
P 0x7fb20a09bc08
P 0x7fb20a0b95d8
C 9
R
P 0x7fb20a09bc08
C 294
R
P 0x7fb20a09bc08
P 0x7fb20a0ba4b8
P 0x7fb20a0b95d8
C 55
= 0x7fb20a0dece8
R
P 0x7fb20a09bc08
C 294
R
P 0x7fb20a09bc08
P 0x7fb20a0dece8
C 9
R
P 0x7fb20a09bc08
C 294
R
P 0x7fb20a09bc08
C 53
= 0x7fb20a0b8c78
R
P 0x7fb20a09bc08
C 294
R
P 0x7fb20a09bc08
P 0x7fb20a0b8c78
C 9
R
P 0x7fb20a09bc08
C 294
R
P 0x7fb20a09bc08
I 6
P 0x7fb20a0b8cd8
C 145
= 0x7fb20a0ba4b8
R
P 0x7fb20a09bc08
C 294
R
P 0x7fb20a09bc08
P 0x7fb20a0ba4b8
C 9
R
P 0x7fb20a09bc08
C 294
R
P 0x7fb20a09bc08
P 0x7fb20a0b9e78
P 0x7fb20a0ba4b8
C 55
= 0x7fb20a0ded20
R
P 0x7fb20a09bc08
C 294
R
P 0x7fb20a09bc08
P 0x7fb20a0ded20
C 9
R
P 0x7fb20a09bc08
C 294
R
P 0x7fb20a09bc08
P 0x7fb20a0dece8
P 0x7fb20a0b8c78
P 0x7fb20a0ded20
C 58
= 0x7fb20a0be1d8
R
P 0x7fb20a09bc08
C 294
R
P 0x7fb20a09bc08
P 0x7fb20a0be1d8
C 208
R
P 0x7fb20a09bc08
C 294
R
P 0x7fb20a09bc08
P 0x7fb20a0be1d8
C 205
= 0x7fb20a0b8c18
R
P 0x7fb20a09bc08
C 294
R
P 0x7fb20a09bc08
P 0x7fb20a0b8c18
C 166
R
P 0x7fb20a09bc08
C 294
R
P 0x7fb20a09bc08
P 0x7fb20a0be1d8
C 211
R
P 0x7fb20a09bc08
C 294
R
P 0x7fb20a09bc08
P 0x7fb20a0be1d8
C 210
R
P 0x7fb20a09bc08
C 294
R
P 0x7fb20a09bc08
P 0x7fb20a0be1d8
C 9
R
P 0x7fb20a09bc08
C 294
R
P 0x7fb20a09bc08
U 2
P 0x7fb20a0decb0
P 0x7fb20a0be1d8
p 2
C 62
= 0x7fb20a0ded58
R
P 0x7fb20a09bc08
C 294
R
P 0x7fb20a09bc08
P 0x7fb20a0ded58
C 9
R
P 0x7fb20a09bc08
C 294
R
P 0x7fb20a09bc08
I 0
P 0x7fb20a0b8cd8
C 145
= 0x7fb20a0b95d8
R
P 0x7fb20a09bc08
C 294
R
P 0x7fb20a09bc08
P 0x7fb20a0b95d8
C 9
R
P 0x7fb20a09bc08
C 294
R
P 0x7fb20a09bc08
I 0
P 0x7fb20a0b8cd8
C 145
= 0x7fb20a0b95d8
R
P 0x7fb20a09bc08
C 294
R
P 0x7fb20a09bc08
P 0x7fb20a0b95d8
C 9
R
P 0x7fb20a09bc08
C 294
R
P 0x7fb20a09bc08
P 0x7fb20a0b95d8
P 0x7fb20a0b95d8
C 55
= 0x7fb20a0ddac0
R
P 0x7fb20a09bc08
C 294
R
P 0x7fb20a09bc08
P 0x7fb20a0ddac0
C 9
R
P 0x7fb20a09bc08
C 294
R
P 0x7fb20a09bc08
C 53
= 0x7fb20a0b8c78
R
P 0x7fb20a09bc08
C 294
R
P 0x7fb20a09bc08
P 0x7fb20a0b8c78
C 9
R
P 0x7fb20a09bc08
C 294
R
P 0x7fb20a09bc08
I 0
P 0x7fb20a0b8cd8
C 145
= 0x7fb20a0b95d8
R
P 0x7fb20a09bc08
C 294
R
P 0x7fb20a09bc08
P 0x7fb20a0b95d8
C 9
R
P 0x7fb20a09bc08
C 294
R
P 0x7fb20a09bc08
P 0x7fb20a0b9e98
P 0x7fb20a0b95d8
C 55
= 0x7fb20a0ded90
R
P 0x7fb20a09bc08
C 294
R
P 0x7fb20a09bc08
P 0x7fb20a0ded90
C 9
R
P 0x7fb20a09bc08
C 294
R
P 0x7fb20a09bc08
P 0x7fb20a0ddac0
P 0x7fb20a0b8c78
P 0x7fb20a0ded90
C 58
= 0x7fb20a0be218
R
P 0x7fb20a09bc08
C 294
R
P 0x7fb20a09bc08
P 0x7fb20a0be218
C 208
R
P 0x7fb20a09bc08
C 294
R
P 0x7fb20a09bc08
P 0x7fb20a0be218
C 205
= 0x7fb20a0b8c18
R
P 0x7fb20a09bc08
C 294
R
P 0x7fb20a09bc08
P 0x7fb20a0b8c18
C 166
R
P 0x7fb20a09bc08
C 294
R
P 0x7fb20a09bc08
P 0x7fb20a0be218
C 211
R
P 0x7fb20a09bc08
C 294
R
P 0x7fb20a09bc08
P 0x7fb20a0be218
C 210
R
P 0x7fb20a09bc08
C 294
R
P 0x7fb20a09bc08
P 0x7fb20a0be218
C 9
R
P 0x7fb20a09bc08
C 294
R
P 0x7fb20a09bc08
U 2
P 0x7fb20a0ded58
P 0x7fb20a0be218
p 2
C 62
= 0x7fb20a0dedc8
R
P 0x7fb20a09bc08
C 294
R
P 0x7fb20a09bc08
P 0x7fb20a0dedc8
C 9
R
P 0x7fb20a09bc08
C 294
R
P 0x7fb20a09bc08
I 2
P 0x7fb20a0b8cd8
C 145
= 0x7fb20a0b97d8
R
P 0x7fb20a09bc08
C 294
R
P 0x7fb20a09bc08
P 0x7fb20a0b97d8
C 9
R
P 0x7fb20a09bc08
C 294
R
P 0x7fb20a09bc08
I 0
P 0x7fb20a0b8cd8
C 145
= 0x7fb20a0b95d8
R
P 0x7fb20a09bc08
C 294
R
P 0x7fb20a09bc08
P 0x7fb20a0b95d8
C 9
R
P 0x7fb20a09bc08
C 294
R
P 0x7fb20a09bc08
P 0x7fb20a0b97d8
P 0x7fb20a0b95d8
C 55
= 0x7fb20a0deaf0
R
P 0x7fb20a09bc08
C 294
R
P 0x7fb20a09bc08
P 0x7fb20a0deaf0
C 9
R
P 0x7fb20a09bc08
C 294
R
P 0x7fb20a09bc08
C 53
= 0x7fb20a0b8c78
R
P 0x7fb20a09bc08
C 294
R
P 0x7fb20a09bc08
P 0x7fb20a0b8c78
C 9
R
P 0x7fb20a09bc08
C 294
R
P 0x7fb20a09bc08
I 2
P 0x7fb20a0b8cd8
C 145
= 0x7fb20a0b97d8
R
P 0x7fb20a09bc08
C 294
R
P 0x7fb20a09bc08
P 0x7fb20a0b97d8
C 9
R
P 0x7fb20a09bc08
C 294
R
P 0x7fb20a09bc08
P 0x7fb20a0b9eb8
P 0x7fb20a0b97d8
C 55
= 0x7fb20a0dee00
R
P 0x7fb20a09bc08
C 294
R
P 0x7fb20a09bc08
P 0x7fb20a0dee00
C 9
R
P 0x7fb20a09bc08
C 294
R
P 0x7fb20a09bc08
P 0x7fb20a0deaf0
P 0x7fb20a0b8c78
P 0x7fb20a0dee00
C 58
= 0x7fb20a0be258
R
P 0x7fb20a09bc08
C 294
R
P 0x7fb20a09bc08
P 0x7fb20a0be258
C 208
R
P 0x7fb20a09bc08
C 294
R
P 0x7fb20a09bc08
P 0x7fb20a0be258
C 205
= 0x7fb20a0b8c18
R
P 0x7fb20a09bc08
C 294
R
P 0x7fb20a09bc08
P 0x7fb20a0b8c18
C 166
R
P 0x7fb20a09bc08
C 294
R
P 0x7fb20a09bc08
P 0x7fb20a0be258
C 211
R
P 0x7fb20a09bc08
C 294
R
P 0x7fb20a09bc08
P 0x7fb20a0be258
C 210
R
P 0x7fb20a09bc08
C 294
R
P 0x7fb20a09bc08
P 0x7fb20a0be258
C 9
R
P 0x7fb20a09bc08
C 294
R
P 0x7fb20a09bc08
U 2
P 0x7fb20a0dedc8
P 0x7fb20a0be258
p 2
C 62
= 0x7fb20a0dee38
R
P 0x7fb20a09bc08
C 294
R
P 0x7fb20a09bc08
P 0x7fb20a0dee38
C 9
R
P 0x7fb20a09bc08
C 294
R
P 0x7fb20a09bc08
I 0
P 0x7fb20a0b8cd8
C 145
= 0x7fb20a0b95d8
R
P 0x7fb20a09bc08
C 294
R
P 0x7fb20a09bc08
P 0x7fb20a0b95d8
C 9
R
P 0x7fb20a09bc08
C 294
R
P 0x7fb20a09bc08
I 0
P 0x7fb20a0b8cd8
C 145
= 0x7fb20a0b95d8
R
P 0x7fb20a09bc08
C 294
R
P 0x7fb20a09bc08
P 0x7fb20a0b95d8
C 9
R
P 0x7fb20a09bc08
C 294
R
P 0x7fb20a09bc08
P 0x7fb20a0b95d8
P 0x7fb20a0b95d8
C 55
= 0x7fb20a0ddac0
R
P 0x7fb20a09bc08
C 294
R
P 0x7fb20a09bc08
P 0x7fb20a0ddac0
C 9
R
P 0x7fb20a09bc08
C 294
R
P 0x7fb20a09bc08
C 53
= 0x7fb20a0b8c78
R
P 0x7fb20a09bc08
C 294
R
P 0x7fb20a09bc08
P 0x7fb20a0b8c78
C 9
R
P 0x7fb20a09bc08
C 294
R
P 0x7fb20a09bc08
I 0
P 0x7fb20a0b8cd8
C 145
= 0x7fb20a0b95d8
R
P 0x7fb20a09bc08
C 294
R
P 0x7fb20a09bc08
P 0x7fb20a0b95d8
C 9
R
P 0x7fb20a09bc08
C 294
R
P 0x7fb20a09bc08
P 0x7fb20a0b9ed8
P 0x7fb20a0b95d8
C 55
= 0x7fb20a0dee70
R
P 0x7fb20a09bc08
C 294
R
P 0x7fb20a09bc08
P 0x7fb20a0dee70
C 9
R
P 0x7fb20a09bc08
C 294
R
P 0x7fb20a09bc08
P 0x7fb20a0ddac0
P 0x7fb20a0b8c78
P 0x7fb20a0dee70
C 58
= 0x7fb20a0be298
R
P 0x7fb20a09bc08
C 294
R
P 0x7fb20a09bc08
P 0x7fb20a0be298
C 208
R
P 0x7fb20a09bc08
C 294
R
P 0x7fb20a09bc08
P 0x7fb20a0be298
C 205
= 0x7fb20a0b8c18
R
P 0x7fb20a09bc08
C 294
R
P 0x7fb20a09bc08
P 0x7fb20a0b8c18
C 166
R
P 0x7fb20a09bc08
C 294
R
P 0x7fb20a09bc08
P 0x7fb20a0be298
C 211
R
P 0x7fb20a09bc08
C 294
R
P 0x7fb20a09bc08
P 0x7fb20a0be298
C 210
R
P 0x7fb20a09bc08
C 294
R
P 0x7fb20a09bc08
P 0x7fb20a0be298
C 9
R
P 0x7fb20a09bc08
C 294
R
P 0x7fb20a09bc08
U 2
P 0x7fb20a0dee38
P 0x7fb20a0be298
p 2
C 62
= 0x7fb20a0deea8
R
P 0x7fb20a09bc08
C 294
R
P 0x7fb20a09bc08
P 0x7fb20a0deea8
C 9
R
P 0x7fb20a09bc08
C 294
R
P 0x7fb20a09bc08
I 1
P 0x7fb20a0b8cd8
C 145
= 0x7fb20a0b96b8
R
P 0x7fb20a09bc08
C 294
R
P 0x7fb20a09bc08
P 0x7fb20a0b96b8
C 9
R
P 0x7fb20a09bc08
C 294
R
P 0x7fb20a09bc08
I 0
P 0x7fb20a0b8cd8
C 145
= 0x7fb20a0b95d8
R
P 0x7fb20a09bc08
C 294
R
P 0x7fb20a09bc08
P 0x7fb20a0b95d8
C 9
R
P 0x7fb20a09bc08
C 294
R
P 0x7fb20a09bc08
P 0x7fb20a0b96b8
P 0x7fb20a0b95d8
C 55
= 0x7fb20a0de188
R
P 0x7fb20a09bc08
C 294
R
P 0x7fb20a09bc08
P 0x7fb20a0de188
C 9
R
P 0x7fb20a09bc08
C 294
R
P 0x7fb20a09bc08
C 53
= 0x7fb20a0b8c78
R
P 0x7fb20a09bc08
C 294
R
P 0x7fb20a09bc08
P 0x7fb20a0b8c78
C 9
R
P 0x7fb20a09bc08
C 294
R
P 0x7fb20a09bc08
I 1
P 0x7fb20a0b8cd8
C 145
= 0x7fb20a0b96b8
R
P 0x7fb20a09bc08
C 294
R
P 0x7fb20a09bc08
P 0x7fb20a0b96b8
C 9
R
P 0x7fb20a09bc08
C 294
R
P 0x7fb20a09bc08
P 0x7fb20a0b9ef8
P 0x7fb20a0b96b8
C 55
= 0x7fb20a0deee0
R
P 0x7fb20a09bc08
C 294
R
P 0x7fb20a09bc08
P 0x7fb20a0deee0
C 9
R
P 0x7fb20a09bc08
C 294
R
P 0x7fb20a09bc08
P 0x7fb20a0de188
P 0x7fb20a0b8c78
P 0x7fb20a0deee0
C 58
= 0x7fb20a0be2d8
R
P 0x7fb20a09bc08
C 294
R
P 0x7fb20a09bc08
P 0x7fb20a0be2d8
C 208
R
P 0x7fb20a09bc08
C 294
R
P 0x7fb20a09bc08
P 0x7fb20a0be2d8
C 205
= 0x7fb20a0b8c18
R
P 0x7fb20a09bc08
C 294
R
P 0x7fb20a09bc08
P 0x7fb20a0b8c18
C 166
R
P 0x7fb20a09bc08
C 294
R
P 0x7fb20a09bc08
P 0x7fb20a0be2d8
C 211
R
P 0x7fb20a09bc08
C 294
R
P 0x7fb20a09bc08
P 0x7fb20a0be2d8
C 210
R
P 0x7fb20a09bc08
C 294
R
P 0x7fb20a09bc08
P 0x7fb20a0be2d8
C 9
R
P 0x7fb20a09bc08
C 294
R
P 0x7fb20a09bc08
U 2
P 0x7fb20a0deea8
P 0x7fb20a0be2d8
p 2
C 62
= 0x7fb20a0def18
R
P 0x7fb20a09bc08
C 294
R
P 0x7fb20a09bc08
P 0x7fb20a0def18
C 9
R
P 0x7fb20a09bc08
C 294
R
P 0x7fb20a09bc08
I 0
P 0x7fb20a0b8cd8
C 145
= 0x7fb20a0b95d8
R
P 0x7fb20a09bc08
C 294
R
P 0x7fb20a09bc08
P 0x7fb20a0b95d8
C 9
R
P 0x7fb20a09bc08
C 294
R
P 0x7fb20a09bc08
I 0
P 0x7fb20a0b8cd8
C 145
= 0x7fb20a0b95d8
R
P 0x7fb20a09bc08
C 294
R
P 0x7fb20a09bc08
P 0x7fb20a0b95d8
C 9
R
P 0x7fb20a09bc08
C 294
R
P 0x7fb20a09bc08
P 0x7fb20a0b95d8
P 0x7fb20a0b95d8
C 55
= 0x7fb20a0ddac0
R
P 0x7fb20a09bc08
C 294
R
P 0x7fb20a09bc08
P 0x7fb20a0ddac0
C 9
R
P 0x7fb20a09bc08
C 294
R
P 0x7fb20a09bc08
C 53
= 0x7fb20a0b8c78
R
P 0x7fb20a09bc08
C 294
R
P 0x7fb20a09bc08
P 0x7fb20a0b8c78
C 9
R
P 0x7fb20a09bc08
C 294
R
P 0x7fb20a09bc08
I 0
P 0x7fb20a0b8cd8
C 145
= 0x7fb20a0b95d8
R
P 0x7fb20a09bc08
C 294
R
P 0x7fb20a09bc08
P 0x7fb20a0b95d8
C 9
R
P 0x7fb20a09bc08
C 294
R
P 0x7fb20a09bc08
P 0x7fb20a0b9f18
P 0x7fb20a0b95d8
C 55
= 0x7fb20a0def50
R
P 0x7fb20a09bc08
C 294
R
P 0x7fb20a09bc08
P 0x7fb20a0def50
C 9
R
P 0x7fb20a09bc08
C 294
R
P 0x7fb20a09bc08
P 0x7fb20a0ddac0
P 0x7fb20a0b8c78
P 0x7fb20a0def50
C 58
= 0x7fb20a0be318
R
P 0x7fb20a09bc08
C 294
R
P 0x7fb20a09bc08
P 0x7fb20a0be318
C 208
R
P 0x7fb20a09bc08
C 294
R
P 0x7fb20a09bc08
P 0x7fb20a0be318
C 205
= 0x7fb20a0b8c18
R
P 0x7fb20a09bc08
C 294
R
P 0x7fb20a09bc08
P 0x7fb20a0b8c18
C 166
R
P 0x7fb20a09bc08
C 294
R
P 0x7fb20a09bc08
P 0x7fb20a0be318
C 211
R
P 0x7fb20a09bc08
C 294
R
P 0x7fb20a09bc08
P 0x7fb20a0be318
C 210
R
P 0x7fb20a09bc08
C 294
R
P 0x7fb20a09bc08
P 0x7fb20a0be318
C 9
R
P 0x7fb20a09bc08
C 294
R
P 0x7fb20a09bc08
U 2
P 0x7fb20a0def18
P 0x7fb20a0be318
p 2
C 62
= 0x7fb20a0def88
R
P 0x7fb20a09bc08
C 294
R
P 0x7fb20a09bc08
P 0x7fb20a0def88
C 9
R
P 0x7fb20a09bc08
C 294
R
P 0x7fb20a09bc08
I 5
P 0x7fb20a0b8cd8
C 145
= 0x7fb20a0ba458
R
P 0x7fb20a09bc08
C 294
R
P 0x7fb20a09bc08
P 0x7fb20a0ba458
C 9
R
P 0x7fb20a09bc08
C 294
R
P 0x7fb20a09bc08
I 0
P 0x7fb20a0b8cd8
C 145
= 0x7fb20a0b95d8
R
P 0x7fb20a09bc08
C 294
R
P 0x7fb20a09bc08
P 0x7fb20a0b95d8
C 9
R
P 0x7fb20a09bc08
C 294
R
P 0x7fb20a09bc08
P 0x7fb20a0ba458
P 0x7fb20a0b95d8
C 55
= 0x7fb20a0de0e0
R
P 0x7fb20a09bc08
C 294
R
P 0x7fb20a09bc08
P 0x7fb20a0de0e0
C 9
R
P 0x7fb20a09bc08
C 294
R
P 0x7fb20a09bc08
C 53
= 0x7fb20a0b8c78
R
P 0x7fb20a09bc08
C 294
R
P 0x7fb20a09bc08
P 0x7fb20a0b8c78
C 9
R
P 0x7fb20a09bc08
C 294
R
P 0x7fb20a09bc08
I 5
P 0x7fb20a0b8cd8
C 145
= 0x7fb20a0ba458
R
P 0x7fb20a09bc08
C 294
R
P 0x7fb20a09bc08
P 0x7fb20a0ba458
C 9
R
P 0x7fb20a09bc08
C 294
R
P 0x7fb20a09bc08
P 0x7fb20a0b9f38
P 0x7fb20a0ba458
C 55
= 0x7fb20a0defc0
R
P 0x7fb20a09bc08
C 294
R
P 0x7fb20a09bc08
P 0x7fb20a0defc0
C 9
R
P 0x7fb20a09bc08
C 294
R
P 0x7fb20a09bc08
P 0x7fb20a0de0e0
P 0x7fb20a0b8c78
P 0x7fb20a0defc0
C 58
= 0x7fb20a0be358
R
P 0x7fb20a09bc08
C 294
R
P 0x7fb20a09bc08
P 0x7fb20a0be358
C 208
R
P 0x7fb20a09bc08
C 294
R
P 0x7fb20a09bc08
P 0x7fb20a0be358
C 205
= 0x7fb20a0b8c18
R
P 0x7fb20a09bc08
C 294
R
P 0x7fb20a09bc08
P 0x7fb20a0b8c18
C 166
R
P 0x7fb20a09bc08
C 294
R
P 0x7fb20a09bc08
P 0x7fb20a0be358
C 211
R
P 0x7fb20a09bc08
C 294
R
P 0x7fb20a09bc08
P 0x7fb20a0be358
C 210
R
P 0x7fb20a09bc08
C 294
R
P 0x7fb20a09bc08
P 0x7fb20a0be358
C 9
R
P 0x7fb20a09bc08
C 294
R
P 0x7fb20a09bc08
U 2
P 0x7fb20a0def88
P 0x7fb20a0be358
p 2
C 62
= 0x7fb20a0deff8
R
P 0x7fb20a09bc08
C 294
R
P 0x7fb20a09bc08
P 0x7fb20a0deff8
C 9
R
P 0x7fb20a09bc08
C 294
R
P 0x7fb20a09bc08
I 0
P 0x7fb20a0b8cd8
C 145
= 0x7fb20a0b95d8
R
P 0x7fb20a09bc08
C 294
R
P 0x7fb20a09bc08
P 0x7fb20a0b95d8
C 9
R
P 0x7fb20a09bc08
C 294
R
P 0x7fb20a09bc08
I 0
P 0x7fb20a0b8cd8
C 145
= 0x7fb20a0b95d8
R
P 0x7fb20a09bc08
C 294
R
P 0x7fb20a09bc08
P 0x7fb20a0b95d8
C 9
R
P 0x7fb20a09bc08
C 294
R
P 0x7fb20a09bc08
P 0x7fb20a0b95d8
P 0x7fb20a0b95d8
C 55
= 0x7fb20a0ddac0
R
P 0x7fb20a09bc08
C 294
R
P 0x7fb20a09bc08
P 0x7fb20a0ddac0
C 9
R
P 0x7fb20a09bc08
C 294
R
P 0x7fb20a09bc08
C 53
= 0x7fb20a0b8c78
R
P 0x7fb20a09bc08
C 294
R
P 0x7fb20a09bc08
P 0x7fb20a0b8c78
C 9
R
P 0x7fb20a09bc08
C 294
R
P 0x7fb20a09bc08
I 0
P 0x7fb20a0b8cd8
C 145
= 0x7fb20a0b95d8
R
P 0x7fb20a09bc08
C 294
R
P 0x7fb20a09bc08
P 0x7fb20a0b95d8
C 9
R
P 0x7fb20a09bc08
C 294
R
P 0x7fb20a09bc08
P 0x7fb20a0b9f58
P 0x7fb20a0b95d8
C 55
= 0x7fb20a0df030
R
P 0x7fb20a09bc08
C 294
R
P 0x7fb20a09bc08
P 0x7fb20a0df030
C 9
R
P 0x7fb20a09bc08
C 294
R
P 0x7fb20a09bc08
P 0x7fb20a0ddac0
P 0x7fb20a0b8c78
P 0x7fb20a0df030
C 58
= 0x7fb20a0be398
R
P 0x7fb20a09bc08
C 294
R
P 0x7fb20a09bc08
P 0x7fb20a0be398
C 208
R
P 0x7fb20a09bc08
C 294
R
P 0x7fb20a09bc08
P 0x7fb20a0be398
C 205
= 0x7fb20a0b8c18
R
P 0x7fb20a09bc08
C 294
R
P 0x7fb20a09bc08
P 0x7fb20a0b8c18
C 166
R
P 0x7fb20a09bc08
C 294
R
P 0x7fb20a09bc08
P 0x7fb20a0be398
C 211
R
P 0x7fb20a09bc08
C 294
R
P 0x7fb20a09bc08
P 0x7fb20a0be398
C 210
R
P 0x7fb20a09bc08
C 294
R
P 0x7fb20a09bc08
P 0x7fb20a0be398
C 9
R
P 0x7fb20a09bc08
C 294
R
P 0x7fb20a09bc08
U 2
P 0x7fb20a0deff8
P 0x7fb20a0be398
p 2
C 62
= 0x7fb20a0df068
R
P 0x7fb20a09bc08
C 294
R
P 0x7fb20a09bc08
P 0x7fb20a0df068
C 9
R
P 0x7fb20a09bc08
C 294
R
P 0x7fb20a09bc08
I 1
P 0x7fb20a0b8cd8
C 145
= 0x7fb20a0b96b8
R
P 0x7fb20a09bc08
C 294
R
P 0x7fb20a09bc08
P 0x7fb20a0b96b8
C 9
R
P 0x7fb20a09bc08
C 294
R
P 0x7fb20a09bc08
I 0
P 0x7fb20a0b8cd8
C 145
= 0x7fb20a0b95d8
R
P 0x7fb20a09bc08
C 294
R
P 0x7fb20a09bc08
P 0x7fb20a0b95d8
C 9
R
P 0x7fb20a09bc08
C 294
R
P 0x7fb20a09bc08
P 0x7fb20a0b96b8
P 0x7fb20a0b95d8
C 55
= 0x7fb20a0de188
R
P 0x7fb20a09bc08
C 294
R
P 0x7fb20a09bc08
P 0x7fb20a0de188
C 9
R
P 0x7fb20a09bc08
C 294
R
P 0x7fb20a09bc08
C 53
= 0x7fb20a0b8c78
R
P 0x7fb20a09bc08
C 294
R
P 0x7fb20a09bc08
P 0x7fb20a0b8c78
C 9
R
P 0x7fb20a09bc08
C 294
R
P 0x7fb20a09bc08
I 1
P 0x7fb20a0b8cd8
C 145
= 0x7fb20a0b96b8
R
P 0x7fb20a09bc08
C 294
R
P 0x7fb20a09bc08
P 0x7fb20a0b96b8
C 9
R
P 0x7fb20a09bc08
C 294
R
P 0x7fb20a09bc08
P 0x7fb20a0b9f78
P 0x7fb20a0b96b8
C 55
= 0x7fb20a0df0a0
R
P 0x7fb20a09bc08
C 294
R
P 0x7fb20a09bc08
P 0x7fb20a0df0a0
C 9
R
P 0x7fb20a09bc08
C 294
R
P 0x7fb20a09bc08
P 0x7fb20a0de188
P 0x7fb20a0b8c78
P 0x7fb20a0df0a0
C 58
= 0x7fb20a0be3d8
R
P 0x7fb20a09bc08
C 294
R
P 0x7fb20a09bc08
P 0x7fb20a0be3d8
C 208
R
P 0x7fb20a09bc08
C 294
R
P 0x7fb20a09bc08
P 0x7fb20a0be3d8
C 205
= 0x7fb20a0b8c18
R
P 0x7fb20a09bc08
C 294
R
P 0x7fb20a09bc08
P 0x7fb20a0b8c18
C 166
R
P 0x7fb20a09bc08
C 294
R
P 0x7fb20a09bc08
P 0x7fb20a0be3d8
C 211
R
P 0x7fb20a09bc08
C 294
R
P 0x7fb20a09bc08
P 0x7fb20a0be3d8
C 210
R
P 0x7fb20a09bc08
C 294
R
P 0x7fb20a09bc08
P 0x7fb20a0be3d8
C 9
R
P 0x7fb20a09bc08
C 294
R
P 0x7fb20a09bc08
U 2
P 0x7fb20a0df068
P 0x7fb20a0be3d8
p 2
C 62
= 0x7fb20a0df0d8
R
P 0x7fb20a09bc08
C 294
R
P 0x7fb20a09bc08
P 0x7fb20a0df0d8
C 9
R
P 0x7fb20a09bc08
C 294
R
P 0x7fb20a09bc08
I 0
P 0x7fb20a0b8cd8
C 145
= 0x7fb20a0b95d8
R
P 0x7fb20a09bc08
C 294
R
P 0x7fb20a09bc08
P 0x7fb20a0b95d8
C 9
R
P 0x7fb20a09bc08
C 294
R
P 0x7fb20a09bc08
I 0
P 0x7fb20a0b8cd8
C 145
= 0x7fb20a0b95d8
R
P 0x7fb20a09bc08
C 294
R
P 0x7fb20a09bc08
P 0x7fb20a0b95d8
C 9
R
P 0x7fb20a09bc08
C 294
R
P 0x7fb20a09bc08
P 0x7fb20a0b95d8
P 0x7fb20a0b95d8
C 55
= 0x7fb20a0ddac0
R
P 0x7fb20a09bc08
C 294
R
P 0x7fb20a09bc08
P 0x7fb20a0ddac0
C 9
R
P 0x7fb20a09bc08
C 294
R
P 0x7fb20a09bc08
C 53
= 0x7fb20a0b8c78
R
P 0x7fb20a09bc08
C 294
R
P 0x7fb20a09bc08
P 0x7fb20a0b8c78
C 9
R
P 0x7fb20a09bc08
C 294
R
P 0x7fb20a09bc08
I 0
P 0x7fb20a0b8cd8
C 145
= 0x7fb20a0b95d8
R
P 0x7fb20a09bc08
C 294
R
P 0x7fb20a09bc08
P 0x7fb20a0b95d8
C 9
R
P 0x7fb20a09bc08
C 294
R
P 0x7fb20a09bc08
P 0x7fb20a0b9f98
P 0x7fb20a0b95d8
C 55
= 0x7fb20a0df110
R
P 0x7fb20a09bc08
C 294
R
P 0x7fb20a09bc08
P 0x7fb20a0df110
C 9
R
P 0x7fb20a09bc08
C 294
R
P 0x7fb20a09bc08
P 0x7fb20a0ddac0
P 0x7fb20a0b8c78
P 0x7fb20a0df110
C 58
= 0x7fb20a0be418
R
P 0x7fb20a09bc08
C 294
R
P 0x7fb20a09bc08
P 0x7fb20a0be418
C 208
R
P 0x7fb20a09bc08
C 294
R
P 0x7fb20a09bc08
P 0x7fb20a0be418
C 205
= 0x7fb20a0b8c18
R
P 0x7fb20a09bc08
C 294
R
P 0x7fb20a09bc08
P 0x7fb20a0b8c18
C 166
R
P 0x7fb20a09bc08
C 294
R
P 0x7fb20a09bc08
P 0x7fb20a0be418
C 211
R
P 0x7fb20a09bc08
C 294
R
P 0x7fb20a09bc08
P 0x7fb20a0be418
C 210
R
P 0x7fb20a09bc08
C 294
R
P 0x7fb20a09bc08
P 0x7fb20a0be418
C 9
R
P 0x7fb20a09bc08
C 294
R
P 0x7fb20a09bc08
U 2
P 0x7fb20a0df0d8
P 0x7fb20a0be418
p 2
C 62
= 0x7fb20a0df148
R
P 0x7fb20a09bc08
C 294
R
P 0x7fb20a09bc08
P 0x7fb20a0df148
C 9
R
P 0x7fb20a09bc08
C 294
R
P 0x7fb20a09bc08
I 2
P 0x7fb20a0b8cd8
C 145
= 0x7fb20a0b97d8
R
P 0x7fb20a09bc08
C 294
R
P 0x7fb20a09bc08
P 0x7fb20a0b97d8
C 9
R
P 0x7fb20a09bc08
C 294
R
P 0x7fb20a09bc08
I 0
P 0x7fb20a0b8cd8
C 145
= 0x7fb20a0b95d8
R
P 0x7fb20a09bc08
C 294
R
P 0x7fb20a09bc08
P 0x7fb20a0b95d8
C 9
R
P 0x7fb20a09bc08
C 294
R
P 0x7fb20a09bc08
P 0x7fb20a0b97d8
P 0x7fb20a0b95d8
C 55
= 0x7fb20a0deaf0
R
P 0x7fb20a09bc08
C 294
R
P 0x7fb20a09bc08
P 0x7fb20a0deaf0
C 9
R
P 0x7fb20a09bc08
C 294
R
P 0x7fb20a09bc08
C 53
= 0x7fb20a0b8c78
R
P 0x7fb20a09bc08
C 294
R
P 0x7fb20a09bc08
P 0x7fb20a0b8c78
C 9
R
P 0x7fb20a09bc08
C 294
R
P 0x7fb20a09bc08
I 2
P 0x7fb20a0b8cd8
C 145
= 0x7fb20a0b97d8
R
P 0x7fb20a09bc08
C 294
R
P 0x7fb20a09bc08
P 0x7fb20a0b97d8
C 9
R
P 0x7fb20a09bc08
C 294
R
P 0x7fb20a09bc08
P 0x7fb20a0b9fb8
P 0x7fb20a0b97d8
C 55
= 0x7fb20a0df180
R
P 0x7fb20a09bc08
C 294
R
P 0x7fb20a09bc08
P 0x7fb20a0df180
C 9
R
P 0x7fb20a09bc08
C 294
R
P 0x7fb20a09bc08
P 0x7fb20a0deaf0
P 0x7fb20a0b8c78
P 0x7fb20a0df180
C 58
= 0x7fb20a0be458
R
P 0x7fb20a09bc08
C 294
R
P 0x7fb20a09bc08
P 0x7fb20a0be458
C 208
R
P 0x7fb20a09bc08
C 294
R
P 0x7fb20a09bc08
P 0x7fb20a0be458
C 205
= 0x7fb20a0b8c18
R
P 0x7fb20a09bc08
C 294
R
P 0x7fb20a09bc08
P 0x7fb20a0b8c18
C 166
R
P 0x7fb20a09bc08
C 294
R
P 0x7fb20a09bc08
P 0x7fb20a0be458
C 211
R
P 0x7fb20a09bc08
C 294
R
P 0x7fb20a09bc08
P 0x7fb20a0be458
C 210
R
P 0x7fb20a09bc08
C 294
R
P 0x7fb20a09bc08
P 0x7fb20a0be458
C 9
R
P 0x7fb20a09bc08
C 294
R
P 0x7fb20a09bc08
U 2
P 0x7fb20a0df148
P 0x7fb20a0be458
p 2
C 62
= 0x7fb20a0df1b8
R
P 0x7fb20a09bc08
C 294
R
P 0x7fb20a09bc08
P 0x7fb20a0df1b8
C 9
R
P 0x7fb20a09bc08
C 294
R
P 0x7fb20a09bc08
I 0
P 0x7fb20a0b8cd8
C 145
= 0x7fb20a0b95d8
R
P 0x7fb20a09bc08
C 294
R
P 0x7fb20a09bc08
P 0x7fb20a0b95d8
C 9
R
P 0x7fb20a09bc08
C 294
R
P 0x7fb20a09bc08
I 0
P 0x7fb20a0b8cd8
C 145
= 0x7fb20a0b95d8
R
P 0x7fb20a09bc08
C 294
R
P 0x7fb20a09bc08
P 0x7fb20a0b95d8
C 9
R
P 0x7fb20a09bc08
C 294
R
P 0x7fb20a09bc08
P 0x7fb20a0b95d8
P 0x7fb20a0b95d8
C 55
= 0x7fb20a0ddac0
R
P 0x7fb20a09bc08
C 294
R
P 0x7fb20a09bc08
P 0x7fb20a0ddac0
C 9
R
P 0x7fb20a09bc08
C 294
R
P 0x7fb20a09bc08
C 53
= 0x7fb20a0b8c78
R
P 0x7fb20a09bc08
C 294
R
P 0x7fb20a09bc08
P 0x7fb20a0b8c78
C 9
R
P 0x7fb20a09bc08
C 294
R
P 0x7fb20a09bc08
I 0
P 0x7fb20a0b8cd8
C 145
= 0x7fb20a0b95d8
R
P 0x7fb20a09bc08
C 294
R
P 0x7fb20a09bc08
P 0x7fb20a0b95d8
C 9
R
P 0x7fb20a09bc08
C 294
R
P 0x7fb20a09bc08
P 0x7fb20a0b9fd8
P 0x7fb20a0b95d8
C 55
= 0x7fb20a0df1f0
R
P 0x7fb20a09bc08
C 294
R
P 0x7fb20a09bc08
P 0x7fb20a0df1f0
C 9
R
P 0x7fb20a09bc08
C 294
R
P 0x7fb20a09bc08
P 0x7fb20a0ddac0
P 0x7fb20a0b8c78
P 0x7fb20a0df1f0
C 58
= 0x7fb20a0be498
R
P 0x7fb20a09bc08
C 294
R
P 0x7fb20a09bc08
P 0x7fb20a0be498
C 208
R
P 0x7fb20a09bc08
C 294
R
P 0x7fb20a09bc08
P 0x7fb20a0be498
C 205
= 0x7fb20a0b8c18
R
P 0x7fb20a09bc08
C 294
R
P 0x7fb20a09bc08
P 0x7fb20a0b8c18
C 166
R
P 0x7fb20a09bc08
C 294
R
P 0x7fb20a09bc08
P 0x7fb20a0be498
C 211
R
P 0x7fb20a09bc08
C 294
R
P 0x7fb20a09bc08
P 0x7fb20a0be498
C 210
R
P 0x7fb20a09bc08
C 294
R
P 0x7fb20a09bc08
P 0x7fb20a0be498
C 9
R
P 0x7fb20a09bc08
C 294
R
P 0x7fb20a09bc08
U 2
P 0x7fb20a0df1b8
P 0x7fb20a0be498
p 2
C 62
= 0x7fb20a0df228
R
P 0x7fb20a09bc08
C 294
R
P 0x7fb20a09bc08
P 0x7fb20a0df228
C 9
R
P 0x7fb20a09bc08
C 294
R
P 0x7fb20a09bc08
I 0
P 0x7fb20a0b8cd8
C 145
= 0x7fb20a0b95d8
R
P 0x7fb20a09bc08
C 294
R
P 0x7fb20a09bc08
P 0x7fb20a0b95d8
C 9
R
P 0x7fb20a09bc08
C 294
R
P 0x7fb20a09bc08
I 0
P 0x7fb20a0b8cd8
C 145
= 0x7fb20a0b95d8
R
P 0x7fb20a09bc08
C 294
R
P 0x7fb20a09bc08
P 0x7fb20a0b95d8
C 9
R
P 0x7fb20a09bc08
C 294
R
P 0x7fb20a09bc08
P 0x7fb20a0b95d8
P 0x7fb20a0b95d8
C 55
= 0x7fb20a0ddac0
R
P 0x7fb20a09bc08
C 294
R
P 0x7fb20a09bc08
P 0x7fb20a0ddac0
C 9
R
P 0x7fb20a09bc08
C 294
R
P 0x7fb20a09bc08
C 53
= 0x7fb20a0b8c78
R
P 0x7fb20a09bc08
C 294
R
P 0x7fb20a09bc08
P 0x7fb20a0b8c78
C 9
R
P 0x7fb20a09bc08
C 294
R
P 0x7fb20a09bc08
I 0
P 0x7fb20a0b8cd8
C 145
= 0x7fb20a0b95d8
R
P 0x7fb20a09bc08
C 294
R
P 0x7fb20a09bc08
P 0x7fb20a0b95d8
C 9
R
P 0x7fb20a09bc08
C 294
R
P 0x7fb20a09bc08
P 0x7fb20a0b9ff8
P 0x7fb20a0b95d8
C 55
= 0x7fb20a0df260
R
P 0x7fb20a09bc08
C 294
R
P 0x7fb20a09bc08
P 0x7fb20a0df260
C 9
R
P 0x7fb20a09bc08
C 294
R
P 0x7fb20a09bc08
P 0x7fb20a0ddac0
P 0x7fb20a0b8c78
P 0x7fb20a0df260
C 58
= 0x7fb20a0be4d8
R
P 0x7fb20a09bc08
C 294
R
P 0x7fb20a09bc08
P 0x7fb20a0be4d8
C 208
R
P 0x7fb20a09bc08
C 294
R
P 0x7fb20a09bc08
P 0x7fb20a0be4d8
C 205
= 0x7fb20a0b8c18
R
P 0x7fb20a09bc08
C 294
R
P 0x7fb20a09bc08
P 0x7fb20a0b8c18
C 166
R
P 0x7fb20a09bc08
C 294
R
P 0x7fb20a09bc08
P 0x7fb20a0be4d8
C 211
R
P 0x7fb20a09bc08
C 294
R
P 0x7fb20a09bc08
P 0x7fb20a0be4d8
C 210
R
P 0x7fb20a09bc08
C 294
R
P 0x7fb20a09bc08
P 0x7fb20a0be4d8
C 9
R
P 0x7fb20a09bc08
C 294
R
P 0x7fb20a09bc08
U 2
P 0x7fb20a0df228
P 0x7fb20a0be4d8
p 2
C 62
= 0x7fb20a0df298
R
P 0x7fb20a09bc08
C 294
R
P 0x7fb20a09bc08
P 0x7fb20a0df298
C 9
R
P 0x7fb20a09bc08
C 294
R
P 0x7fb20a09bc08
I 0
P 0x7fb20a0b8cd8
C 145
= 0x7fb20a0b95d8
R
P 0x7fb20a09bc08
C 294
R
P 0x7fb20a09bc08
P 0x7fb20a0b95d8
C 9
R
P 0x7fb20a09bc08
C 294
R
P 0x7fb20a09bc08
I 0
P 0x7fb20a0b8cd8
C 145
= 0x7fb20a0b95d8
R
P 0x7fb20a09bc08
C 294
R
P 0x7fb20a09bc08
P 0x7fb20a0b95d8
C 9
R
P 0x7fb20a09bc08
C 294
R
P 0x7fb20a09bc08
P 0x7fb20a0b95d8
P 0x7fb20a0b95d8
C 55
= 0x7fb20a0ddac0
R
P 0x7fb20a09bc08
C 294
R
P 0x7fb20a09bc08
P 0x7fb20a0ddac0
C 9
R
P 0x7fb20a09bc08
C 294
R
P 0x7fb20a09bc08
C 53
= 0x7fb20a0b8c78
R
P 0x7fb20a09bc08
C 294
R
P 0x7fb20a09bc08
P 0x7fb20a0b8c78
C 9
R
P 0x7fb20a09bc08
C 294
R
P 0x7fb20a09bc08
I 0
P 0x7fb20a0b8cd8
C 145
= 0x7fb20a0b95d8
R
P 0x7fb20a09bc08
C 294
R
P 0x7fb20a09bc08
P 0x7fb20a0b95d8
C 9
R
P 0x7fb20a09bc08
C 294
R
P 0x7fb20a09bc08
P 0x7fb20a0ba018
P 0x7fb20a0b95d8
C 55
= 0x7fb20a0df2d0
R
P 0x7fb20a09bc08
C 294
R
P 0x7fb20a09bc08
P 0x7fb20a0df2d0
C 9
R
P 0x7fb20a09bc08
C 294
R
P 0x7fb20a09bc08
P 0x7fb20a0ddac0
P 0x7fb20a0b8c78
P 0x7fb20a0df2d0
C 58
= 0x7fb20a0be518
R
P 0x7fb20a09bc08
C 294
R
P 0x7fb20a09bc08
P 0x7fb20a0be518
C 208
R
P 0x7fb20a09bc08
C 294
R
P 0x7fb20a09bc08
P 0x7fb20a0be518
C 205
= 0x7fb20a0b8c18
R
P 0x7fb20a09bc08
C 294
R
P 0x7fb20a09bc08
P 0x7fb20a0b8c18
C 166
R
P 0x7fb20a09bc08
C 294
R
P 0x7fb20a09bc08
P 0x7fb20a0be518
C 211
R
P 0x7fb20a09bc08
C 294
R
P 0x7fb20a09bc08
P 0x7fb20a0be518
C 210
R
P 0x7fb20a09bc08
C 294
R
P 0x7fb20a09bc08
P 0x7fb20a0be518
C 9
R
P 0x7fb20a09bc08
C 294
R
P 0x7fb20a09bc08
U 2
P 0x7fb20a0df298
P 0x7fb20a0be518
p 2
C 62
= 0x7fb20a0df308
R
P 0x7fb20a09bc08
C 294
R
P 0x7fb20a09bc08
P 0x7fb20a0df308
C 9
R
P 0x7fb20a09bc08
C 294
R
P 0x7fb20a09bc08
I 0
P 0x7fb20a0b8cd8
C 145
= 0x7fb20a0b95d8
R
P 0x7fb20a09bc08
C 294
R
P 0x7fb20a09bc08
P 0x7fb20a0b95d8
C 9
R
P 0x7fb20a09bc08
C 294
R
P 0x7fb20a09bc08
I 0
P 0x7fb20a0b8cd8
C 145
= 0x7fb20a0b95d8
R
P 0x7fb20a09bc08
C 294
R
P 0x7fb20a09bc08
P 0x7fb20a0b95d8
C 9
R
P 0x7fb20a09bc08
C 294
R
P 0x7fb20a09bc08
P 0x7fb20a0b95d8
P 0x7fb20a0b95d8
C 55
= 0x7fb20a0ddac0
R
P 0x7fb20a09bc08
C 294
R
P 0x7fb20a09bc08
P 0x7fb20a0ddac0
C 9
R
P 0x7fb20a09bc08
C 294
R
P 0x7fb20a09bc08
C 53
= 0x7fb20a0b8c78
R
P 0x7fb20a09bc08
C 294
R
P 0x7fb20a09bc08
P 0x7fb20a0b8c78
C 9
R
P 0x7fb20a09bc08
C 294
R
P 0x7fb20a09bc08
I 0
P 0x7fb20a0b8cd8
C 145
= 0x7fb20a0b95d8
R
P 0x7fb20a09bc08
C 294
R
P 0x7fb20a09bc08
P 0x7fb20a0b95d8
C 9
R
P 0x7fb20a09bc08
C 294
R
P 0x7fb20a09bc08
P 0x7fb20a0ba038
P 0x7fb20a0b95d8
C 55
= 0x7fb20a0df340
R
P 0x7fb20a09bc08
C 294
R
P 0x7fb20a09bc08
P 0x7fb20a0df340
C 9
R
P 0x7fb20a09bc08
C 294
R
P 0x7fb20a09bc08
P 0x7fb20a0ddac0
P 0x7fb20a0b8c78
P 0x7fb20a0df340
C 58
= 0x7fb20a0be558
R
P 0x7fb20a09bc08
C 294
R
P 0x7fb20a09bc08
P 0x7fb20a0be558
C 208
R
P 0x7fb20a09bc08
C 294
R
P 0x7fb20a09bc08
P 0x7fb20a0be558
C 205
= 0x7fb20a0b8c18
R
P 0x7fb20a09bc08
C 294
R
P 0x7fb20a09bc08
P 0x7fb20a0b8c18
C 166
R
P 0x7fb20a09bc08
C 294
R
P 0x7fb20a09bc08
P 0x7fb20a0be558
C 211
R
P 0x7fb20a09bc08
C 294
R
P 0x7fb20a09bc08
P 0x7fb20a0be558
C 210
R
P 0x7fb20a09bc08
C 294
R
P 0x7fb20a09bc08
P 0x7fb20a0be558
C 9
R
P 0x7fb20a09bc08
C 294
R
P 0x7fb20a09bc08
U 2
P 0x7fb20a0df308
P 0x7fb20a0be558
p 2
C 62
= 0x7fb20a0df378
R
P 0x7fb20a09bc08
C 294
R
P 0x7fb20a09bc08
P 0x7fb20a0df378
C 9
R
P 0x7fb20a09bc08
C 294
R
P 0x7fb20a09bc08
I 0
P 0x7fb20a0b8cd8
C 145
= 0x7fb20a0b95d8
R
P 0x7fb20a09bc08
C 294
R
P 0x7fb20a09bc08
P 0x7fb20a0b95d8
C 9
R
P 0x7fb20a09bc08
C 294
R
P 0x7fb20a09bc08
I 0
P 0x7fb20a0b8cd8
C 145
= 0x7fb20a0b95d8
R
P 0x7fb20a09bc08
C 294
R
P 0x7fb20a09bc08
P 0x7fb20a0b95d8
C 9
R
P 0x7fb20a09bc08
C 294
R
P 0x7fb20a09bc08
P 0x7fb20a0b95d8
P 0x7fb20a0b95d8
C 55
= 0x7fb20a0ddac0
R
P 0x7fb20a09bc08
C 294
R
P 0x7fb20a09bc08
P 0x7fb20a0ddac0
C 9
R
P 0x7fb20a09bc08
C 294
R
P 0x7fb20a09bc08
C 53
= 0x7fb20a0b8c78
R
P 0x7fb20a09bc08
C 294
R
P 0x7fb20a09bc08
P 0x7fb20a0b8c78
C 9
R
P 0x7fb20a09bc08
C 294
R
P 0x7fb20a09bc08
I 0
P 0x7fb20a0b8cd8
C 145
= 0x7fb20a0b95d8
R
P 0x7fb20a09bc08
C 294
R
P 0x7fb20a09bc08
P 0x7fb20a0b95d8
C 9
R
P 0x7fb20a09bc08
C 294
R
P 0x7fb20a09bc08
P 0x7fb20a0ba058
P 0x7fb20a0b95d8
C 55
= 0x7fb20a0df3b0
R
P 0x7fb20a09bc08
C 294
R
P 0x7fb20a09bc08
P 0x7fb20a0df3b0
C 9
R
P 0x7fb20a09bc08
C 294
R
P 0x7fb20a09bc08
P 0x7fb20a0ddac0
P 0x7fb20a0b8c78
P 0x7fb20a0df3b0
C 58
= 0x7fb20a0be598
R
P 0x7fb20a09bc08
C 294
R
P 0x7fb20a09bc08
P 0x7fb20a0be598
C 208
R
P 0x7fb20a09bc08
C 294
R
P 0x7fb20a09bc08
P 0x7fb20a0be598
C 205
= 0x7fb20a0b8c18
R
P 0x7fb20a09bc08
C 294
R
P 0x7fb20a09bc08
P 0x7fb20a0b8c18
C 166
R
P 0x7fb20a09bc08
C 294
R
P 0x7fb20a09bc08
P 0x7fb20a0be598
C 211
R
P 0x7fb20a09bc08
C 294
R
P 0x7fb20a09bc08
P 0x7fb20a0be598
C 210
R
P 0x7fb20a09bc08
C 294
R
P 0x7fb20a09bc08
P 0x7fb20a0be598
C 9
R
P 0x7fb20a09bc08
C 294
R
P 0x7fb20a09bc08
U 2
P 0x7fb20a0df378
P 0x7fb20a0be598
p 2
C 62
= 0x7fb20a0df3e8
R
P 0x7fb20a09bc08
C 294
R
P 0x7fb20a09bc08
P 0x7fb20a0df3e8
C 9
R
P 0x7fb20a09bc08
C 294
R
P 0x7fb20a09bc08
I 0
P 0x7fb20a0b8cd8
C 145
= 0x7fb20a0b95d8
R
P 0x7fb20a09bc08
C 294
R
P 0x7fb20a09bc08
P 0x7fb20a0b95d8
C 9
R
P 0x7fb20a09bc08
C 294
R
P 0x7fb20a09bc08
I 0
P 0x7fb20a0b8cd8
C 145
= 0x7fb20a0b95d8
R
P 0x7fb20a09bc08
C 294
R
P 0x7fb20a09bc08
P 0x7fb20a0b95d8
C 9
R
P 0x7fb20a09bc08
C 294
R
P 0x7fb20a09bc08
P 0x7fb20a0b95d8
P 0x7fb20a0b95d8
C 55
= 0x7fb20a0ddac0
R
P 0x7fb20a09bc08
C 294
R
P 0x7fb20a09bc08
P 0x7fb20a0ddac0
C 9
R
P 0x7fb20a09bc08
C 294
R
P 0x7fb20a09bc08
C 53
= 0x7fb20a0b8c78
R
P 0x7fb20a09bc08
C 294
R
P 0x7fb20a09bc08
P 0x7fb20a0b8c78
C 9
R
P 0x7fb20a09bc08
C 294
R
P 0x7fb20a09bc08
I 0
P 0x7fb20a0b8cd8
C 145
= 0x7fb20a0b95d8
R
P 0x7fb20a09bc08
C 294
R
P 0x7fb20a09bc08
P 0x7fb20a0b95d8
C 9
R
P 0x7fb20a09bc08
C 294
R
P 0x7fb20a09bc08
P 0x7fb20a0ba078
P 0x7fb20a0b95d8
C 55
= 0x7fb20a0df420
R
P 0x7fb20a09bc08
C 294
R
P 0x7fb20a09bc08
P 0x7fb20a0df420
C 9
R
P 0x7fb20a09bc08
C 294
R
P 0x7fb20a09bc08
P 0x7fb20a0ddac0
P 0x7fb20a0b8c78
P 0x7fb20a0df420
C 58
= 0x7fb20a0be5d8
R
P 0x7fb20a09bc08
C 294
R
P 0x7fb20a09bc08
P 0x7fb20a0be5d8
C 208
R
P 0x7fb20a09bc08
C 294
R
P 0x7fb20a09bc08
P 0x7fb20a0be5d8
C 205
= 0x7fb20a0b8c18
R
P 0x7fb20a09bc08
C 294
R
P 0x7fb20a09bc08
P 0x7fb20a0b8c18
C 166
R
P 0x7fb20a09bc08
C 294
R
P 0x7fb20a09bc08
P 0x7fb20a0be5d8
C 211
R
P 0x7fb20a09bc08
C 294
R
P 0x7fb20a09bc08
P 0x7fb20a0be5d8
C 210
R
P 0x7fb20a09bc08
C 294
R
P 0x7fb20a09bc08
P 0x7fb20a0be5d8
C 9
R
P 0x7fb20a09bc08
C 294
R
P 0x7fb20a09bc08
U 2
P 0x7fb20a0df3e8
P 0x7fb20a0be5d8
p 2
C 62
= 0x7fb20a0df458
R
P 0x7fb20a09bc08
C 294
R
P 0x7fb20a09bc08
P 0x7fb20a0df458
C 9
R
P 0x7fb20a09bc08
C 294
R
P 0x7fb20a09bc08
I 0
P 0x7fb20a0b8cd8
C 145
= 0x7fb20a0b95d8
R
P 0x7fb20a09bc08
C 294
R
P 0x7fb20a09bc08
P 0x7fb20a0b95d8
C 9
R
P 0x7fb20a09bc08
C 294
R
P 0x7fb20a09bc08
I 0
P 0x7fb20a0b8cd8
C 145
= 0x7fb20a0b95d8
R
P 0x7fb20a09bc08
C 294
R
P 0x7fb20a09bc08
P 0x7fb20a0b95d8
C 9
R
P 0x7fb20a09bc08
C 294
R
P 0x7fb20a09bc08
P 0x7fb20a0b95d8
P 0x7fb20a0b95d8
C 55
= 0x7fb20a0ddac0
R
P 0x7fb20a09bc08
C 294
R
P 0x7fb20a09bc08
P 0x7fb20a0ddac0
C 9
R
P 0x7fb20a09bc08
C 294
R
P 0x7fb20a09bc08
C 53
= 0x7fb20a0b8c78
R
P 0x7fb20a09bc08
C 294
R
P 0x7fb20a09bc08
P 0x7fb20a0b8c78
C 9
R
P 0x7fb20a09bc08
C 294
R
P 0x7fb20a09bc08
I 0
P 0x7fb20a0b8cd8
C 145
= 0x7fb20a0b95d8
R
P 0x7fb20a09bc08
C 294
R
P 0x7fb20a09bc08
P 0x7fb20a0b95d8
C 9
R
P 0x7fb20a09bc08
C 294
R
P 0x7fb20a09bc08
P 0x7fb20a0ba098
P 0x7fb20a0b95d8
C 55
= 0x7fb20a0df490
R
P 0x7fb20a09bc08
C 294
R
P 0x7fb20a09bc08
P 0x7fb20a0df490
C 9
R
P 0x7fb20a09bc08
C 294
R
P 0x7fb20a09bc08
P 0x7fb20a0ddac0
P 0x7fb20a0b8c78
P 0x7fb20a0df490
C 58
= 0x7fb20a0be618
R
P 0x7fb20a09bc08
C 294
R
P 0x7fb20a09bc08
P 0x7fb20a0be618
C 208
R
P 0x7fb20a09bc08
C 294
R
P 0x7fb20a09bc08
P 0x7fb20a0be618
C 205
= 0x7fb20a0b8c18
R
P 0x7fb20a09bc08
C 294
R
P 0x7fb20a09bc08
P 0x7fb20a0b8c18
C 166
R
P 0x7fb20a09bc08
C 294
R
P 0x7fb20a09bc08
P 0x7fb20a0be618
C 211
R
P 0x7fb20a09bc08
C 294
R
P 0x7fb20a09bc08
P 0x7fb20a0be618
C 210
R
P 0x7fb20a09bc08
C 294
R
P 0x7fb20a09bc08
P 0x7fb20a0be618
C 9
R
P 0x7fb20a09bc08
C 294
R
P 0x7fb20a09bc08
U 2
P 0x7fb20a0df458
P 0x7fb20a0be618
p 2
C 62
= 0x7fb20a0df4c8
R
P 0x7fb20a09bc08
C 294
R
P 0x7fb20a09bc08
P 0x7fb20a0df4c8
C 9
R
P 0x7fb20a09bc08
C 294
R
P 0x7fb20a09bc08
I 7
P 0x7fb20a0b8cd8
C 145
= 0x7fb20a0ba478
R
P 0x7fb20a09bc08
C 294
R
P 0x7fb20a09bc08
P 0x7fb20a0ba478
C 9
R
P 0x7fb20a09bc08
C 294
R
P 0x7fb20a09bc08
I 0
P 0x7fb20a0b8cd8
C 145
= 0x7fb20a0b95d8
R
P 0x7fb20a09bc08
C 294
R
P 0x7fb20a09bc08
P 0x7fb20a0b95d8
C 9
R
P 0x7fb20a09bc08
C 294
R
P 0x7fb20a09bc08
P 0x7fb20a0ba478
P 0x7fb20a0b95d8
C 55
= 0x7fb20a0de380
R
P 0x7fb20a09bc08
C 294
R
P 0x7fb20a09bc08
P 0x7fb20a0de380
C 9
R
P 0x7fb20a09bc08
C 294
R
P 0x7fb20a09bc08
C 53
= 0x7fb20a0b8c78
R
P 0x7fb20a09bc08
C 294
R
P 0x7fb20a09bc08
P 0x7fb20a0b8c78
C 9
R
P 0x7fb20a09bc08
C 294
R
P 0x7fb20a09bc08
I 7
P 0x7fb20a0b8cd8
C 145
= 0x7fb20a0ba478
R
P 0x7fb20a09bc08
C 294
R
P 0x7fb20a09bc08
P 0x7fb20a0ba478
C 9
R
P 0x7fb20a09bc08
C 294
R
P 0x7fb20a09bc08
P 0x7fb20a0ba0b8
P 0x7fb20a0ba478
C 55
= 0x7fb20a0df500
R
P 0x7fb20a09bc08
C 294
R
P 0x7fb20a09bc08
P 0x7fb20a0df500
C 9
R
P 0x7fb20a09bc08
C 294
R
P 0x7fb20a09bc08
P 0x7fb20a0de380
P 0x7fb20a0b8c78
P 0x7fb20a0df500
C 58
= 0x7fb20a0be658
R
P 0x7fb20a09bc08
C 294
R
P 0x7fb20a09bc08
P 0x7fb20a0be658
C 208
R
P 0x7fb20a09bc08
C 294
R
P 0x7fb20a09bc08
P 0x7fb20a0be658
C 205
= 0x7fb20a0b8c18
R
P 0x7fb20a09bc08
C 294
R
P 0x7fb20a09bc08
P 0x7fb20a0b8c18
C 166
R
P 0x7fb20a09bc08
C 294
R
P 0x7fb20a09bc08
P 0x7fb20a0be658
C 211
R
P 0x7fb20a09bc08
C 294
R
P 0x7fb20a09bc08
P 0x7fb20a0be658
C 210
R
P 0x7fb20a09bc08
C 294
R
P 0x7fb20a09bc08
P 0x7fb20a0be658
C 9
R
P 0x7fb20a09bc08
C 294
R
P 0x7fb20a09bc08
U 2
P 0x7fb20a0df4c8
P 0x7fb20a0be658
p 2
C 62
= 0x7fb20a0df538
R
P 0x7fb20a09bc08
C 294
R
P 0x7fb20a09bc08
P 0x7fb20a0df538
C 9
R
P 0x7fb20a09bc08
C 294
R
P 0x7fb20a09bc08
I 0
P 0x7fb20a0b8cd8
C 145
= 0x7fb20a0b95d8
R
P 0x7fb20a09bc08
C 294
R
P 0x7fb20a09bc08
P 0x7fb20a0b95d8
C 9
R
P 0x7fb20a09bc08
C 294
R
P 0x7fb20a09bc08
I 0
P 0x7fb20a0b8cd8
C 145
= 0x7fb20a0b95d8
R
P 0x7fb20a09bc08
C 294
R
P 0x7fb20a09bc08
P 0x7fb20a0b95d8
C 9
R
P 0x7fb20a09bc08
C 294
R
P 0x7fb20a09bc08
P 0x7fb20a0b95d8
P 0x7fb20a0b95d8
C 55
= 0x7fb20a0ddac0
R
P 0x7fb20a09bc08
C 294
R
P 0x7fb20a09bc08
P 0x7fb20a0ddac0
C 9
R
P 0x7fb20a09bc08
C 294
R
P 0x7fb20a09bc08
C 53
= 0x7fb20a0b8c78
R
P 0x7fb20a09bc08
C 294
R
P 0x7fb20a09bc08
P 0x7fb20a0b8c78
C 9
R
P 0x7fb20a09bc08
C 294
R
P 0x7fb20a09bc08
I 0
P 0x7fb20a0b8cd8
C 145
= 0x7fb20a0b95d8
R
P 0x7fb20a09bc08
C 294
R
P 0x7fb20a09bc08
P 0x7fb20a0b95d8
C 9
R
P 0x7fb20a09bc08
C 294
R
P 0x7fb20a09bc08
P 0x7fb20a0ba0d8
P 0x7fb20a0b95d8
C 55
= 0x7fb20a0df570
R
P 0x7fb20a09bc08
C 294
R
P 0x7fb20a09bc08
P 0x7fb20a0df570
C 9
R
P 0x7fb20a09bc08
C 294
R
P 0x7fb20a09bc08
P 0x7fb20a0ddac0
P 0x7fb20a0b8c78
P 0x7fb20a0df570
C 58
= 0x7fb20a0be698
R
P 0x7fb20a09bc08
C 294
R
P 0x7fb20a09bc08
P 0x7fb20a0be698
C 208
R
P 0x7fb20a09bc08
C 294
R
P 0x7fb20a09bc08
P 0x7fb20a0be698
C 205
= 0x7fb20a0b8c18
R
P 0x7fb20a09bc08
C 294
R
P 0x7fb20a09bc08
P 0x7fb20a0b8c18
C 166
R
P 0x7fb20a09bc08
C 294
R
P 0x7fb20a09bc08
P 0x7fb20a0be698
C 211
R
P 0x7fb20a09bc08
C 294
R
P 0x7fb20a09bc08
P 0x7fb20a0be698
C 210
R
P 0x7fb20a09bc08
C 294
R
P 0x7fb20a09bc08
P 0x7fb20a0be698
C 9
R
P 0x7fb20a09bc08
C 294
R
P 0x7fb20a09bc08
U 2
P 0x7fb20a0df538
P 0x7fb20a0be698
p 2
C 62
= 0x7fb20a0df5a8
R
P 0x7fb20a09bc08
C 294
R
P 0x7fb20a09bc08
P 0x7fb20a0df5a8
C 9
R
P 0x7fb20a09bc08
C 294
R
P 0x7fb20a09bc08
I 0
P 0x7fb20a0b8cd8
C 145
= 0x7fb20a0b95d8
R
P 0x7fb20a09bc08
C 294
R
P 0x7fb20a09bc08
P 0x7fb20a0b95d8
C 9
R
P 0x7fb20a09bc08
C 294
R
P 0x7fb20a09bc08
I 0
P 0x7fb20a0b8cd8
C 145
= 0x7fb20a0b95d8
R
P 0x7fb20a09bc08
C 294
R
P 0x7fb20a09bc08
P 0x7fb20a0b95d8
C 9
R
P 0x7fb20a09bc08
C 294
R
P 0x7fb20a09bc08
P 0x7fb20a0b95d8
P 0x7fb20a0b95d8
C 55
= 0x7fb20a0ddac0
R
P 0x7fb20a09bc08
C 294
R
P 0x7fb20a09bc08
P 0x7fb20a0ddac0
C 9
R
P 0x7fb20a09bc08
C 294
R
P 0x7fb20a09bc08
C 53
= 0x7fb20a0b8c78
R
P 0x7fb20a09bc08
C 294
R
P 0x7fb20a09bc08
P 0x7fb20a0b8c78
C 9
R
P 0x7fb20a09bc08
C 294
R
P 0x7fb20a09bc08
I 0
P 0x7fb20a0b8cd8
C 145
= 0x7fb20a0b95d8
R
P 0x7fb20a09bc08
C 294
R
P 0x7fb20a09bc08
P 0x7fb20a0b95d8
C 9
R
P 0x7fb20a09bc08
C 294
R
P 0x7fb20a09bc08
P 0x7fb20a0ba0f8
P 0x7fb20a0b95d8
C 55
= 0x7fb20a0df5e0
R
P 0x7fb20a09bc08
C 294
R
P 0x7fb20a09bc08
P 0x7fb20a0df5e0
C 9
R
P 0x7fb20a09bc08
C 294
R
P 0x7fb20a09bc08
P 0x7fb20a0ddac0
P 0x7fb20a0b8c78
P 0x7fb20a0df5e0
C 58
= 0x7fb20a0be6d8
R
P 0x7fb20a09bc08
C 294
R
P 0x7fb20a09bc08
P 0x7fb20a0be6d8
C 208
R
P 0x7fb20a09bc08
C 294
R
P 0x7fb20a09bc08
P 0x7fb20a0be6d8
C 205
= 0x7fb20a0b8c18
R
P 0x7fb20a09bc08
C 294
R
P 0x7fb20a09bc08
P 0x7fb20a0b8c18
C 166
R
P 0x7fb20a09bc08
C 294
R
P 0x7fb20a09bc08
P 0x7fb20a0be6d8
C 211
R
P 0x7fb20a09bc08
C 294
R
P 0x7fb20a09bc08
P 0x7fb20a0be6d8
C 210
R
P 0x7fb20a09bc08
C 294
R
P 0x7fb20a09bc08
P 0x7fb20a0be6d8
C 9
R
P 0x7fb20a09bc08
C 294
R
P 0x7fb20a09bc08
U 2
P 0x7fb20a0df5a8
P 0x7fb20a0be6d8
p 2
C 62
= 0x7fb20a0df618
R
P 0x7fb20a09bc08
C 294
R
P 0x7fb20a09bc08
P 0x7fb20a0df618
C 9
R
P 0x7fb20a09bc08
C 294
R
P 0x7fb20a09bc08
I 0
P 0x7fb20a0b8cd8
C 145
= 0x7fb20a0b95d8
R
P 0x7fb20a09bc08
C 294
R
P 0x7fb20a09bc08
P 0x7fb20a0b95d8
C 9
R
P 0x7fb20a09bc08
C 294
R
P 0x7fb20a09bc08
I 0
P 0x7fb20a0b8cd8
C 145
= 0x7fb20a0b95d8
R
P 0x7fb20a09bc08
C 294
R
P 0x7fb20a09bc08
P 0x7fb20a0b95d8
C 9
R
P 0x7fb20a09bc08
C 294
R
P 0x7fb20a09bc08
P 0x7fb20a0b95d8
P 0x7fb20a0b95d8
C 55
= 0x7fb20a0ddac0
R
P 0x7fb20a09bc08
C 294
R
P 0x7fb20a09bc08
P 0x7fb20a0ddac0
C 9
R
P 0x7fb20a09bc08
C 294
R
P 0x7fb20a09bc08
C 53
= 0x7fb20a0b8c78
R
P 0x7fb20a09bc08
C 294
R
P 0x7fb20a09bc08
P 0x7fb20a0b8c78
C 9
R
P 0x7fb20a09bc08
C 294
R
P 0x7fb20a09bc08
I 0
P 0x7fb20a0b8cd8
C 145
= 0x7fb20a0b95d8
R
P 0x7fb20a09bc08
C 294
R
P 0x7fb20a09bc08
P 0x7fb20a0b95d8
C 9
R
P 0x7fb20a09bc08
C 294
R
P 0x7fb20a09bc08
P 0x7fb20a0ba118
P 0x7fb20a0b95d8
C 55
= 0x7fb20a0df650
R
P 0x7fb20a09bc08
C 294
R
P 0x7fb20a09bc08
P 0x7fb20a0df650
C 9
R
P 0x7fb20a09bc08
C 294
R
P 0x7fb20a09bc08
P 0x7fb20a0ddac0
P 0x7fb20a0b8c78
P 0x7fb20a0df650
C 58
= 0x7fb20a0be718
R
P 0x7fb20a09bc08
C 294
R
P 0x7fb20a09bc08
P 0x7fb20a0be718
C 208
R
P 0x7fb20a09bc08
C 294
R
P 0x7fb20a09bc08
P 0x7fb20a0be718
C 205
= 0x7fb20a0b8c18
R
P 0x7fb20a09bc08
C 294
R
P 0x7fb20a09bc08
P 0x7fb20a0b8c18
C 166
R
P 0x7fb20a09bc08
C 294
R
P 0x7fb20a09bc08
P 0x7fb20a0be718
C 211
R
P 0x7fb20a09bc08
C 294
R
P 0x7fb20a09bc08
P 0x7fb20a0be718
C 210
R
P 0x7fb20a09bc08
C 294
R
P 0x7fb20a09bc08
P 0x7fb20a0be718
C 9
R
P 0x7fb20a09bc08
C 294
R
P 0x7fb20a09bc08
U 2
P 0x7fb20a0df618
P 0x7fb20a0be718
p 2
C 62
= 0x7fb20a0df688
R
P 0x7fb20a09bc08
C 294
R
P 0x7fb20a09bc08
P 0x7fb20a0df688
C 9
R
P 0x7fb20a09bc08
C 294
R
P 0x7fb20a09bc08
I 0
P 0x7fb20a0b8cd8
C 145
= 0x7fb20a0b95d8
R
P 0x7fb20a09bc08
C 294
R
P 0x7fb20a09bc08
P 0x7fb20a0b95d8
C 9
R
P 0x7fb20a09bc08
C 294
R
P 0x7fb20a09bc08
I 0
P 0x7fb20a0b8cd8
C 145
= 0x7fb20a0b95d8
R
P 0x7fb20a09bc08
C 294
R
P 0x7fb20a09bc08
P 0x7fb20a0b95d8
C 9
R
P 0x7fb20a09bc08
C 294
R
P 0x7fb20a09bc08
P 0x7fb20a0b95d8
P 0x7fb20a0b95d8
C 55
= 0x7fb20a0ddac0
R
P 0x7fb20a09bc08
C 294
R
P 0x7fb20a09bc08
P 0x7fb20a0ddac0
C 9
R
P 0x7fb20a09bc08
C 294
R
P 0x7fb20a09bc08
C 53
= 0x7fb20a0b8c78
R
P 0x7fb20a09bc08
C 294
R
P 0x7fb20a09bc08
P 0x7fb20a0b8c78
C 9
R
P 0x7fb20a09bc08
C 294
R
P 0x7fb20a09bc08
I 0
P 0x7fb20a0b8cd8
C 145
= 0x7fb20a0b95d8
R
P 0x7fb20a09bc08
C 294
R
P 0x7fb20a09bc08
P 0x7fb20a0b95d8
C 9
R
P 0x7fb20a09bc08
C 294
R
P 0x7fb20a09bc08
P 0x7fb20a0ba138
P 0x7fb20a0b95d8
C 55
= 0x7fb20a0df6c0
R
P 0x7fb20a09bc08
C 294
R
P 0x7fb20a09bc08
P 0x7fb20a0df6c0
C 9
R
P 0x7fb20a09bc08
C 294
R
P 0x7fb20a09bc08
P 0x7fb20a0ddac0
P 0x7fb20a0b8c78
P 0x7fb20a0df6c0
C 58
= 0x7fb20a0be758
R
P 0x7fb20a09bc08
C 294
R
P 0x7fb20a09bc08
P 0x7fb20a0be758
C 208
R
P 0x7fb20a09bc08
C 294
R
P 0x7fb20a09bc08
P 0x7fb20a0be758
C 205
= 0x7fb20a0b8c18
R
P 0x7fb20a09bc08
C 294
R
P 0x7fb20a09bc08
P 0x7fb20a0b8c18
C 166
R
P 0x7fb20a09bc08
C 294
R
P 0x7fb20a09bc08
P 0x7fb20a0be758
C 211
R
P 0x7fb20a09bc08
C 294
R
P 0x7fb20a09bc08
P 0x7fb20a0be758
C 210
R
P 0x7fb20a09bc08
C 294
R
P 0x7fb20a09bc08
P 0x7fb20a0be758
C 9
R
P 0x7fb20a09bc08
C 294
R
P 0x7fb20a09bc08
U 2
P 0x7fb20a0df688
P 0x7fb20a0be758
p 2
C 62
= 0x7fb20a0df6f8
R
P 0x7fb20a09bc08
C 294
R
P 0x7fb20a09bc08
P 0x7fb20a0df6f8
C 9
R
P 0x7fb20a09bc08
C 294
R
P 0x7fb20a09bc08
I 5
P 0x7fb20a0b8cd8
C 145
= 0x7fb20a0ba458
R
P 0x7fb20a09bc08
C 294
R
P 0x7fb20a09bc08
P 0x7fb20a0ba458
C 9
R
P 0x7fb20a09bc08
C 294
R
P 0x7fb20a09bc08
I 0
P 0x7fb20a0b8cd8
C 145
= 0x7fb20a0b95d8
R
P 0x7fb20a09bc08
C 294
R
P 0x7fb20a09bc08
P 0x7fb20a0b95d8
C 9
R
P 0x7fb20a09bc08
C 294
R
P 0x7fb20a09bc08
P 0x7fb20a0ba458
P 0x7fb20a0b95d8
C 55
= 0x7fb20a0de0e0
R
P 0x7fb20a09bc08
C 294
R
P 0x7fb20a09bc08
P 0x7fb20a0de0e0
C 9
R
P 0x7fb20a09bc08
C 294
R
P 0x7fb20a09bc08
C 53
= 0x7fb20a0b8c78
R
P 0x7fb20a09bc08
C 294
R
P 0x7fb20a09bc08
P 0x7fb20a0b8c78
C 9
R
P 0x7fb20a09bc08
C 294
R
P 0x7fb20a09bc08
I 5
P 0x7fb20a0b8cd8
C 145
= 0x7fb20a0ba458
R
P 0x7fb20a09bc08
C 294
R
P 0x7fb20a09bc08
P 0x7fb20a0ba458
C 9
R
P 0x7fb20a09bc08
C 294
R
P 0x7fb20a09bc08
P 0x7fb20a0ba158
P 0x7fb20a0ba458
C 55
= 0x7fb20a0df730
R
P 0x7fb20a09bc08
C 294
R
P 0x7fb20a09bc08
P 0x7fb20a0df730
C 9
R
P 0x7fb20a09bc08
C 294
R
P 0x7fb20a09bc08
P 0x7fb20a0de0e0
P 0x7fb20a0b8c78
P 0x7fb20a0df730
C 58
= 0x7fb20a0be798
R
P 0x7fb20a09bc08
C 294
R
P 0x7fb20a09bc08
P 0x7fb20a0be798
C 208
R
P 0x7fb20a09bc08
C 294
R
P 0x7fb20a09bc08
P 0x7fb20a0be798
C 205
= 0x7fb20a0b8c18
R
P 0x7fb20a09bc08
C 294
R
P 0x7fb20a09bc08
P 0x7fb20a0b8c18
C 166
R
P 0x7fb20a09bc08
C 294
R
P 0x7fb20a09bc08
P 0x7fb20a0be798
C 211
R
P 0x7fb20a09bc08
C 294
R
P 0x7fb20a09bc08
P 0x7fb20a0be798
C 210
R
P 0x7fb20a09bc08
C 294
R
P 0x7fb20a09bc08
P 0x7fb20a0be798
C 9
R
P 0x7fb20a09bc08
C 294
R
P 0x7fb20a09bc08
U 2
P 0x7fb20a0df6f8
P 0x7fb20a0be798
p 2
C 62
= 0x7fb20a0df768
R
P 0x7fb20a09bc08
C 294
R
P 0x7fb20a09bc08
P 0x7fb20a0df768
C 9
R
P 0x7fb20a09bc08
C 294
R
P 0x7fb20a09bc08
I 2
P 0x7fb20a0b8cd8
C 145
= 0x7fb20a0b97d8
R
P 0x7fb20a09bc08
C 294
R
P 0x7fb20a09bc08
P 0x7fb20a0b97d8
C 9
R
P 0x7fb20a09bc08
C 294
R
P 0x7fb20a09bc08
I 0
P 0x7fb20a0b8cd8
C 145
= 0x7fb20a0b95d8
R
P 0x7fb20a09bc08
C 294
R
P 0x7fb20a09bc08
P 0x7fb20a0b95d8
C 9
R
P 0x7fb20a09bc08
C 294
R
P 0x7fb20a09bc08
P 0x7fb20a0b97d8
P 0x7fb20a0b95d8
C 55
= 0x7fb20a0deaf0
R
P 0x7fb20a09bc08
C 294
R
P 0x7fb20a09bc08
P 0x7fb20a0deaf0
C 9
R
P 0x7fb20a09bc08
C 294
R
P 0x7fb20a09bc08
C 53
= 0x7fb20a0b8c78
R
P 0x7fb20a09bc08
C 294
R
P 0x7fb20a09bc08
P 0x7fb20a0b8c78
C 9
R
P 0x7fb20a09bc08
C 294
R
P 0x7fb20a09bc08
I 2
P 0x7fb20a0b8cd8
C 145
= 0x7fb20a0b97d8
R
P 0x7fb20a09bc08
C 294
R
P 0x7fb20a09bc08
P 0x7fb20a0b97d8
C 9
R
P 0x7fb20a09bc08
C 294
R
P 0x7fb20a09bc08
P 0x7fb20a0ba178
P 0x7fb20a0b97d8
C 55
= 0x7fb20a0df7a0
R
P 0x7fb20a09bc08
C 294
R
P 0x7fb20a09bc08
P 0x7fb20a0df7a0
C 9
R
P 0x7fb20a09bc08
C 294
R
P 0x7fb20a09bc08
P 0x7fb20a0deaf0
P 0x7fb20a0b8c78
P 0x7fb20a0df7a0
C 58
= 0x7fb20a0be7d8
R
P 0x7fb20a09bc08
C 294
R
P 0x7fb20a09bc08
P 0x7fb20a0be7d8
C 208
R
P 0x7fb20a09bc08
C 294
R
P 0x7fb20a09bc08
P 0x7fb20a0be7d8
C 205
= 0x7fb20a0b8c18
R
P 0x7fb20a09bc08
C 294
R
P 0x7fb20a09bc08
P 0x7fb20a0b8c18
C 166
R
P 0x7fb20a09bc08
C 294
R
P 0x7fb20a09bc08
P 0x7fb20a0be7d8
C 211
R
P 0x7fb20a09bc08
C 294
R
P 0x7fb20a09bc08
P 0x7fb20a0be7d8
C 210
R
P 0x7fb20a09bc08
C 294
R
P 0x7fb20a09bc08
P 0x7fb20a0be7d8
C 9
R
P 0x7fb20a09bc08
C 294
R
P 0x7fb20a09bc08
U 2
P 0x7fb20a0df768
P 0x7fb20a0be7d8
p 2
C 62
= 0x7fb20a0df7d8
R
P 0x7fb20a09bc08
C 294
R
P 0x7fb20a09bc08
P 0x7fb20a0df7d8
C 9
R
P 0x7fb20a09bc08
C 294
R
P 0x7fb20a09bc08
I 0
P 0x7fb20a0b8cd8
C 145
= 0x7fb20a0b95d8
R
P 0x7fb20a09bc08
C 294
R
P 0x7fb20a09bc08
P 0x7fb20a0b95d8
C 9
R
P 0x7fb20a09bc08
C 294
R
P 0x7fb20a09bc08
I 0
P 0x7fb20a0b8cd8
C 145
= 0x7fb20a0b95d8
R
P 0x7fb20a09bc08
C 294
R
P 0x7fb20a09bc08
P 0x7fb20a0b95d8
C 9
R
P 0x7fb20a09bc08
C 294
R
P 0x7fb20a09bc08
P 0x7fb20a0b95d8
P 0x7fb20a0b95d8
C 55
= 0x7fb20a0ddac0
R
P 0x7fb20a09bc08
C 294
R
P 0x7fb20a09bc08
P 0x7fb20a0ddac0
C 9
R
P 0x7fb20a09bc08
C 294
R
P 0x7fb20a09bc08
C 53
= 0x7fb20a0b8c78
R
P 0x7fb20a09bc08
C 294
R
P 0x7fb20a09bc08
P 0x7fb20a0b8c78
C 9
R
P 0x7fb20a09bc08
C 294
R
P 0x7fb20a09bc08
I 0
P 0x7fb20a0b8cd8
C 145
= 0x7fb20a0b95d8
R
P 0x7fb20a09bc08
C 294
R
P 0x7fb20a09bc08
P 0x7fb20a0b95d8
C 9
R
P 0x7fb20a09bc08
C 294
R
P 0x7fb20a09bc08
P 0x7fb20a0ba198
P 0x7fb20a0b95d8
C 55
= 0x7fb20a0df810
R
P 0x7fb20a09bc08
C 294
R
P 0x7fb20a09bc08
P 0x7fb20a0df810
C 9
R
P 0x7fb20a09bc08
C 294
R
P 0x7fb20a09bc08
P 0x7fb20a0ddac0
P 0x7fb20a0b8c78
P 0x7fb20a0df810
C 58
= 0x7fb20a0be818
R
P 0x7fb20a09bc08
C 294
R
P 0x7fb20a09bc08
P 0x7fb20a0be818
C 208
R
P 0x7fb20a09bc08
C 294
R
P 0x7fb20a09bc08
P 0x7fb20a0be818
C 205
= 0x7fb20a0b8c18
R
P 0x7fb20a09bc08
C 294
R
P 0x7fb20a09bc08
P 0x7fb20a0b8c18
C 166
R
P 0x7fb20a09bc08
C 294
R
P 0x7fb20a09bc08
P 0x7fb20a0be818
C 211
R
P 0x7fb20a09bc08
C 294
R
P 0x7fb20a09bc08
P 0x7fb20a0be818
C 210
R
P 0x7fb20a09bc08
C 294
R
P 0x7fb20a09bc08
P 0x7fb20a0be818
C 9
R
P 0x7fb20a09bc08
C 294
R
P 0x7fb20a09bc08
U 2
P 0x7fb20a0df7d8
P 0x7fb20a0be818
p 2
C 62
= 0x7fb20a0df848
R
P 0x7fb20a09bc08
C 294
R
P 0x7fb20a09bc08
P 0x7fb20a0df848
C 9
R
P 0x7fb20a09bc08
C 294
R
P 0x7fb20a09bc08
I 9
P 0x7fb20a0b8cd8
C 145
= 0x7fb20a0ba3f8
R
P 0x7fb20a09bc08
C 294
R
P 0x7fb20a09bc08
P 0x7fb20a0ba3f8
C 9
R
P 0x7fb20a09bc08
C 294
R
P 0x7fb20a09bc08
I 0
P 0x7fb20a0b8cd8
C 145
= 0x7fb20a0b95d8
R
P 0x7fb20a09bc08
C 294
R
P 0x7fb20a09bc08
P 0x7fb20a0b95d8
C 9
R
P 0x7fb20a09bc08
C 294
R
P 0x7fb20a09bc08
P 0x7fb20a0ba3f8
P 0x7fb20a0b95d8
C 55
= 0x7fb20a0ddcb8
R
P 0x7fb20a09bc08
C 294
R
P 0x7fb20a09bc08
P 0x7fb20a0ddcb8
C 9
R
P 0x7fb20a09bc08
C 294
R
P 0x7fb20a09bc08
C 53
= 0x7fb20a0b8c78
R
P 0x7fb20a09bc08
C 294
R
P 0x7fb20a09bc08
P 0x7fb20a0b8c78
C 9
R
P 0x7fb20a09bc08
C 294
R
P 0x7fb20a09bc08
I 9
P 0x7fb20a0b8cd8
C 145
= 0x7fb20a0ba3f8
R
P 0x7fb20a09bc08
C 294
R
P 0x7fb20a09bc08
P 0x7fb20a0ba3f8
C 9
R
P 0x7fb20a09bc08
C 294
R
P 0x7fb20a09bc08
P 0x7fb20a0ba1b8
P 0x7fb20a0ba3f8
C 55
= 0x7fb20a0df880
R
P 0x7fb20a09bc08
C 294
R
P 0x7fb20a09bc08
P 0x7fb20a0df880
C 9
R
P 0x7fb20a09bc08
C 294
R
P 0x7fb20a09bc08
P 0x7fb20a0ddcb8
P 0x7fb20a0b8c78
P 0x7fb20a0df880
C 58
= 0x7fb20a0be858
R
P 0x7fb20a09bc08
C 294
R
P 0x7fb20a09bc08
P 0x7fb20a0be858
C 208
R
P 0x7fb20a09bc08
C 294
R
P 0x7fb20a09bc08
P 0x7fb20a0be858
C 205
= 0x7fb20a0b8c18
R
P 0x7fb20a09bc08
C 294
R
P 0x7fb20a09bc08
P 0x7fb20a0b8c18
C 166
R
P 0x7fb20a09bc08
C 294
R
P 0x7fb20a09bc08
P 0x7fb20a0be858
C 211
R
P 0x7fb20a09bc08
C 294
R
P 0x7fb20a09bc08
P 0x7fb20a0be858
C 210
R
P 0x7fb20a09bc08
C 294
R
P 0x7fb20a09bc08
P 0x7fb20a0be858
C 9
R
P 0x7fb20a09bc08
C 294
R
P 0x7fb20a09bc08
U 2
P 0x7fb20a0df848
P 0x7fb20a0be858
p 2
C 62
= 0x7fb20a0df8b8
R
P 0x7fb20a09bc08
C 294
R
P 0x7fb20a09bc08
P 0x7fb20a0df8b8
C 9
R
P 0x7fb20a09bc08
C 294
R
P 0x7fb20a09bc08
I 0
P 0x7fb20a0b8cd8
C 145
= 0x7fb20a0b95d8
R
P 0x7fb20a09bc08
C 294
R
P 0x7fb20a09bc08
P 0x7fb20a0b95d8
C 9
R
P 0x7fb20a09bc08
C 294
R
P 0x7fb20a09bc08
I 0
P 0x7fb20a0b8cd8
C 145
= 0x7fb20a0b95d8
R
P 0x7fb20a09bc08
C 294
R
P 0x7fb20a09bc08
P 0x7fb20a0b95d8
C 9
R
P 0x7fb20a09bc08
C 294
R
P 0x7fb20a09bc08
P 0x7fb20a0b95d8
P 0x7fb20a0b95d8
C 55
= 0x7fb20a0ddac0
R
P 0x7fb20a09bc08
C 294
R
P 0x7fb20a09bc08
P 0x7fb20a0ddac0
C 9
R
P 0x7fb20a09bc08
C 294
R
P 0x7fb20a09bc08
C 53
= 0x7fb20a0b8c78
R
P 0x7fb20a09bc08
C 294
R
P 0x7fb20a09bc08
P 0x7fb20a0b8c78
C 9
R
P 0x7fb20a09bc08
C 294
R
P 0x7fb20a09bc08
I 0
P 0x7fb20a0b8cd8
C 145
= 0x7fb20a0b95d8
R
P 0x7fb20a09bc08
C 294
R
P 0x7fb20a09bc08
P 0x7fb20a0b95d8
C 9
R
P 0x7fb20a09bc08
C 294
R
P 0x7fb20a09bc08
P 0x7fb20a0ba1d8
P 0x7fb20a0b95d8
C 55
= 0x7fb20a0df8f0
R
P 0x7fb20a09bc08
C 294
R
P 0x7fb20a09bc08
P 0x7fb20a0df8f0
C 9
R
P 0x7fb20a09bc08
C 294
R
P 0x7fb20a09bc08
P 0x7fb20a0ddac0
P 0x7fb20a0b8c78
P 0x7fb20a0df8f0
C 58
= 0x7fb20a0be898
R
P 0x7fb20a09bc08
C 294
R
P 0x7fb20a09bc08
P 0x7fb20a0be898
C 208
R
P 0x7fb20a09bc08
C 294
R
P 0x7fb20a09bc08
P 0x7fb20a0be898
C 205
= 0x7fb20a0b8c18
R
P 0x7fb20a09bc08
C 294
R
P 0x7fb20a09bc08
P 0x7fb20a0b8c18
C 166
R
P 0x7fb20a09bc08
C 294
R
P 0x7fb20a09bc08
P 0x7fb20a0be898
C 211
R
P 0x7fb20a09bc08
C 294
R
P 0x7fb20a09bc08
P 0x7fb20a0be898
C 210
R
P 0x7fb20a09bc08
C 294
R
P 0x7fb20a09bc08
P 0x7fb20a0be898
C 9
R
P 0x7fb20a09bc08
C 294
R
P 0x7fb20a09bc08
U 2
P 0x7fb20a0df8b8
P 0x7fb20a0be898
p 2
C 62
= 0x7fb20a0df928
R
P 0x7fb20a09bc08
C 294
R
P 0x7fb20a09bc08
P 0x7fb20a0df928
C 9
R
P 0x7fb20a09bc08
C 294
R
P 0x7fb20a09bc08
I 0
P 0x7fb20a0b8cd8
C 145
= 0x7fb20a0b95d8
R
P 0x7fb20a09bc08
C 294
R
P 0x7fb20a09bc08
P 0x7fb20a0b95d8
C 9
R
P 0x7fb20a09bc08
C 294
R
P 0x7fb20a09bc08
I 0
P 0x7fb20a0b8cd8
C 145
= 0x7fb20a0b95d8
R
P 0x7fb20a09bc08
C 294
R
P 0x7fb20a09bc08
P 0x7fb20a0b95d8
C 9
R
P 0x7fb20a09bc08
C 294
R
P 0x7fb20a09bc08
P 0x7fb20a0b95d8
P 0x7fb20a0b95d8
C 55
= 0x7fb20a0ddac0
R
P 0x7fb20a09bc08
C 294
R
P 0x7fb20a09bc08
P 0x7fb20a0ddac0
C 9
R
P 0x7fb20a09bc08
C 294
R
P 0x7fb20a09bc08
C 53
= 0x7fb20a0b8c78
R
P 0x7fb20a09bc08
C 294
R
P 0x7fb20a09bc08
P 0x7fb20a0b8c78
C 9
R
P 0x7fb20a09bc08
C 294
R
P 0x7fb20a09bc08
I 0
P 0x7fb20a0b8cd8
C 145
= 0x7fb20a0b95d8
R
P 0x7fb20a09bc08
C 294
R
P 0x7fb20a09bc08
P 0x7fb20a0b95d8
C 9
R
P 0x7fb20a09bc08
C 294
R
P 0x7fb20a09bc08
P 0x7fb20a0ba1f8
P 0x7fb20a0b95d8
C 55
= 0x7fb20a0df960
R
P 0x7fb20a09bc08
C 294
R
P 0x7fb20a09bc08
P 0x7fb20a0df960
C 9
R
P 0x7fb20a09bc08
C 294
R
P 0x7fb20a09bc08
P 0x7fb20a0ddac0
P 0x7fb20a0b8c78
P 0x7fb20a0df960
C 58
= 0x7fb20a0be8d8
R
P 0x7fb20a09bc08
C 294
R
P 0x7fb20a09bc08
P 0x7fb20a0be8d8
C 208
R
P 0x7fb20a09bc08
C 294
R
P 0x7fb20a09bc08
P 0x7fb20a0be8d8
C 205
= 0x7fb20a0b8c18
R
P 0x7fb20a09bc08
C 294
R
P 0x7fb20a09bc08
P 0x7fb20a0b8c18
C 166
R
P 0x7fb20a09bc08
C 294
R
P 0x7fb20a09bc08
P 0x7fb20a0be8d8
C 211
R
P 0x7fb20a09bc08
C 294
R
P 0x7fb20a09bc08
P 0x7fb20a0be8d8
C 210
R
P 0x7fb20a09bc08
C 294
R
P 0x7fb20a09bc08
P 0x7fb20a0be8d8
C 9
R
P 0x7fb20a09bc08
C 294
R
P 0x7fb20a09bc08
U 2
P 0x7fb20a0df928
P 0x7fb20a0be8d8
p 2
C 62
= 0x7fb20a0df998
R
P 0x7fb20a09bc08
C 294
R
P 0x7fb20a09bc08
P 0x7fb20a0df998
C 9
R
P 0x7fb20a09bc08
C 294
R
P 0x7fb20a09bc08
I 0
P 0x7fb20a0b8cd8
C 145
= 0x7fb20a0b95d8
R
P 0x7fb20a09bc08
C 294
R
P 0x7fb20a09bc08
P 0x7fb20a0b95d8
C 9
R
P 0x7fb20a09bc08
C 294
R
P 0x7fb20a09bc08
I 0
P 0x7fb20a0b8cd8
C 145
= 0x7fb20a0b95d8
R
P 0x7fb20a09bc08
C 294
R
P 0x7fb20a09bc08
P 0x7fb20a0b95d8
C 9
R
P 0x7fb20a09bc08
C 294
R
P 0x7fb20a09bc08
P 0x7fb20a0b95d8
P 0x7fb20a0b95d8
C 55
= 0x7fb20a0ddac0
R
P 0x7fb20a09bc08
C 294
R
P 0x7fb20a09bc08
P 0x7fb20a0ddac0
C 9
R
P 0x7fb20a09bc08
C 294
R
P 0x7fb20a09bc08
C 53
= 0x7fb20a0b8c78
R
P 0x7fb20a09bc08
C 294
R
P 0x7fb20a09bc08
P 0x7fb20a0b8c78
C 9
R
P 0x7fb20a09bc08
C 294
R
P 0x7fb20a09bc08
I 0
P 0x7fb20a0b8cd8
C 145
= 0x7fb20a0b95d8
R
P 0x7fb20a09bc08
C 294
R
P 0x7fb20a09bc08
P 0x7fb20a0b95d8
C 9
R
P 0x7fb20a09bc08
C 294
R
P 0x7fb20a09bc08
P 0x7fb20a0ba218
P 0x7fb20a0b95d8
C 55
= 0x7fb20a820c18
R
P 0x7fb20a09bc08
C 294
R
P 0x7fb20a09bc08
P 0x7fb20a820c18
C 9
R
P 0x7fb20a09bc08
C 294
R
P 0x7fb20a09bc08
P 0x7fb20a0ddac0
P 0x7fb20a0b8c78
P 0x7fb20a820c18
C 58
= 0x7fb20a0be918
R
P 0x7fb20a09bc08
C 294
R
P 0x7fb20a09bc08
P 0x7fb20a0be918
C 208
R
P 0x7fb20a09bc08
C 294
R
P 0x7fb20a09bc08
P 0x7fb20a0be918
C 205
= 0x7fb20a0b8c18
R
P 0x7fb20a09bc08
C 294
R
P 0x7fb20a09bc08
P 0x7fb20a0b8c18
C 166
R
P 0x7fb20a09bc08
C 294
R
P 0x7fb20a09bc08
P 0x7fb20a0be918
C 211
R
P 0x7fb20a09bc08
C 294
R
P 0x7fb20a09bc08
P 0x7fb20a0be918
C 210
R
P 0x7fb20a09bc08
C 294
R
P 0x7fb20a09bc08
P 0x7fb20a0be918
C 9
R
P 0x7fb20a09bc08
C 294
R
P 0x7fb20a09bc08
U 2
P 0x7fb20a0df998
P 0x7fb20a0be918
p 2
C 62
= 0x7fb20a820c50
R
P 0x7fb20a09bc08
C 294
R
P 0x7fb20a09bc08
P 0x7fb20a820c50
C 9
R
P 0x7fb20a09bc08
C 294
R
P 0x7fb20a09bc08
I 6
P 0x7fb20a0b8cd8
C 145
= 0x7fb20a0ba4b8
R
P 0x7fb20a09bc08
C 294
R
P 0x7fb20a09bc08
P 0x7fb20a0ba4b8
C 9
R
P 0x7fb20a09bc08
C 294
R
P 0x7fb20a09bc08
I 0
P 0x7fb20a0b8cd8
C 145
= 0x7fb20a0b95d8
R
P 0x7fb20a09bc08
C 294
R
P 0x7fb20a09bc08
P 0x7fb20a0b95d8
C 9
R
P 0x7fb20a09bc08
C 294
R
P 0x7fb20a09bc08
P 0x7fb20a0ba4b8
P 0x7fb20a0b95d8
C 55
= 0x7fb20a0dece8
R
P 0x7fb20a09bc08
C 294
R
P 0x7fb20a09bc08
P 0x7fb20a0dece8
C 9
R
P 0x7fb20a09bc08
C 294
R
P 0x7fb20a09bc08
C 53
= 0x7fb20a0b8c78
R
P 0x7fb20a09bc08
C 294
R
P 0x7fb20a09bc08
P 0x7fb20a0b8c78
C 9
R
P 0x7fb20a09bc08
C 294
R
P 0x7fb20a09bc08
I 6
P 0x7fb20a0b8cd8
C 145
= 0x7fb20a0ba4b8
R
P 0x7fb20a09bc08
C 294
R
P 0x7fb20a09bc08
P 0x7fb20a0ba4b8
C 9
R
P 0x7fb20a09bc08
C 294
R
P 0x7fb20a09bc08
P 0x7fb20a0ba238
P 0x7fb20a0ba4b8
C 55
= 0x7fb20a820c88
R
P 0x7fb20a09bc08
C 294
R
P 0x7fb20a09bc08
P 0x7fb20a820c88
C 9
R
P 0x7fb20a09bc08
C 294
R
P 0x7fb20a09bc08
P 0x7fb20a0dece8
P 0x7fb20a0b8c78
P 0x7fb20a820c88
C 58
= 0x7fb20a0be958
R
P 0x7fb20a09bc08
C 294
R
P 0x7fb20a09bc08
P 0x7fb20a0be958
C 208
R
P 0x7fb20a09bc08
C 294
R
P 0x7fb20a09bc08
P 0x7fb20a0be958
C 205
= 0x7fb20a0b8c18
R
P 0x7fb20a09bc08
C 294
R
P 0x7fb20a09bc08
P 0x7fb20a0b8c18
C 166
R
P 0x7fb20a09bc08
C 294
R
P 0x7fb20a09bc08
P 0x7fb20a0be958
C 211
R
P 0x7fb20a09bc08
C 294
R
P 0x7fb20a09bc08
P 0x7fb20a0be958
C 210
R
P 0x7fb20a09bc08
C 294
R
P 0x7fb20a09bc08
P 0x7fb20a0be958
C 9
R
P 0x7fb20a09bc08
C 294
R
P 0x7fb20a09bc08
U 2
P 0x7fb20a820c50
P 0x7fb20a0be958
p 2
C 62
= 0x7fb20a820cc0
R
P 0x7fb20a09bc08
C 294
R
P 0x7fb20a09bc08
P 0x7fb20a820cc0
C 9
R
P 0x7fb20a09bc08
C 294
R
P 0x7fb20a09bc08
I 5
P 0x7fb20a0b8cd8
C 145
= 0x7fb20a0ba458
R
P 0x7fb20a09bc08
C 294
R
P 0x7fb20a09bc08
P 0x7fb20a0ba458
C 9
R
P 0x7fb20a09bc08
C 294
R
P 0x7fb20a09bc08
I 0
P 0x7fb20a0b8cd8
C 145
= 0x7fb20a0b95d8
R
P 0x7fb20a09bc08
C 294
R
P 0x7fb20a09bc08
P 0x7fb20a0b95d8
C 9
R
P 0x7fb20a09bc08
C 294
R
P 0x7fb20a09bc08
P 0x7fb20a0ba458
P 0x7fb20a0b95d8
C 55
= 0x7fb20a0de0e0
R
P 0x7fb20a09bc08
C 294
R
P 0x7fb20a09bc08
P 0x7fb20a0de0e0
C 9
R
P 0x7fb20a09bc08
C 294
R
P 0x7fb20a09bc08
C 53
= 0x7fb20a0b8c78
R
P 0x7fb20a09bc08
C 294
R
P 0x7fb20a09bc08
P 0x7fb20a0b8c78
C 9
R
P 0x7fb20a09bc08
C 294
R
P 0x7fb20a09bc08
I 5
P 0x7fb20a0b8cd8
C 145
= 0x7fb20a0ba458
R
P 0x7fb20a09bc08
C 294
R
P 0x7fb20a09bc08
P 0x7fb20a0ba458
C 9
R
P 0x7fb20a09bc08
C 294
R
P 0x7fb20a09bc08
P 0x7fb20a0ba258
P 0x7fb20a0ba458
C 55
= 0x7fb20a820cf8
R
P 0x7fb20a09bc08
C 294
R
P 0x7fb20a09bc08
P 0x7fb20a820cf8
C 9
R
P 0x7fb20a09bc08
C 294
R
P 0x7fb20a09bc08
P 0x7fb20a0de0e0
P 0x7fb20a0b8c78
P 0x7fb20a820cf8
C 58
= 0x7fb20a0be998
R
P 0x7fb20a09bc08
C 294
R
P 0x7fb20a09bc08
P 0x7fb20a0be998
C 208
R
P 0x7fb20a09bc08
C 294
R
P 0x7fb20a09bc08
P 0x7fb20a0be998
C 205
= 0x7fb20a0b8c18
R
P 0x7fb20a09bc08
C 294
R
P 0x7fb20a09bc08
P 0x7fb20a0b8c18
C 166
R
P 0x7fb20a09bc08
C 294
R
P 0x7fb20a09bc08
P 0x7fb20a0be998
C 211
R
P 0x7fb20a09bc08
C 294
R
P 0x7fb20a09bc08
P 0x7fb20a0be998
C 210
R
P 0x7fb20a09bc08
C 294
R
P 0x7fb20a09bc08
P 0x7fb20a0be998
C 9
R
P 0x7fb20a09bc08
C 294
R
P 0x7fb20a09bc08
U 2
P 0x7fb20a820cc0
P 0x7fb20a0be998
p 2
C 62
= 0x7fb20a820d30
R
P 0x7fb20a09bc08
C 294
R
P 0x7fb20a09bc08
P 0x7fb20a820d30
C 9
R
P 0x7fb20a09bc08
C 294
R
P 0x7fb20a09bc08
I 0
P 0x7fb20a0b8cd8
C 145
= 0x7fb20a0b95d8
R
P 0x7fb20a09bc08
C 294
R
P 0x7fb20a09bc08
P 0x7fb20a0b95d8
C 9
R
P 0x7fb20a09bc08
C 294
R
P 0x7fb20a09bc08
I 0
P 0x7fb20a0b8cd8
C 145
= 0x7fb20a0b95d8
R
P 0x7fb20a09bc08
C 294
R
P 0x7fb20a09bc08
P 0x7fb20a0b95d8
C 9
R
P 0x7fb20a09bc08
C 294
R
P 0x7fb20a09bc08
P 0x7fb20a0b95d8
P 0x7fb20a0b95d8
C 55
= 0x7fb20a0ddac0
R
P 0x7fb20a09bc08
C 294
R
P 0x7fb20a09bc08
P 0x7fb20a0ddac0
C 9
R
P 0x7fb20a09bc08
C 294
R
P 0x7fb20a09bc08
C 53
= 0x7fb20a0b8c78
R
P 0x7fb20a09bc08
C 294
R
P 0x7fb20a09bc08
P 0x7fb20a0b8c78
C 9
R
P 0x7fb20a09bc08
C 294
R
P 0x7fb20a09bc08
I 0
P 0x7fb20a0b8cd8
C 145
= 0x7fb20a0b95d8
R
P 0x7fb20a09bc08
C 294
R
P 0x7fb20a09bc08
P 0x7fb20a0b95d8
C 9
R
P 0x7fb20a09bc08
C 294
R
P 0x7fb20a09bc08
P 0x7fb20a0ba278
P 0x7fb20a0b95d8
C 55
= 0x7fb20a820d68
R
P 0x7fb20a09bc08
C 294
R
P 0x7fb20a09bc08
P 0x7fb20a820d68
C 9
R
P 0x7fb20a09bc08
C 294
R
P 0x7fb20a09bc08
P 0x7fb20a0ddac0
P 0x7fb20a0b8c78
P 0x7fb20a820d68
C 58
= 0x7fb20a0be9d8
R
P 0x7fb20a09bc08
C 294
R
P 0x7fb20a09bc08
P 0x7fb20a0be9d8
C 208
R
P 0x7fb20a09bc08
C 294
R
P 0x7fb20a09bc08
P 0x7fb20a0be9d8
C 205
= 0x7fb20a0b8c18
R
P 0x7fb20a09bc08
C 294
R
P 0x7fb20a09bc08
P 0x7fb20a0b8c18
C 166
R
P 0x7fb20a09bc08
C 294
R
P 0x7fb20a09bc08
P 0x7fb20a0be9d8
C 211
R
P 0x7fb20a09bc08
C 294
R
P 0x7fb20a09bc08
P 0x7fb20a0be9d8
C 210
R
P 0x7fb20a09bc08
C 294
R
P 0x7fb20a09bc08
P 0x7fb20a0be9d8
C 9
R
P 0x7fb20a09bc08
C 294
R
P 0x7fb20a09bc08
U 2
P 0x7fb20a820d30
P 0x7fb20a0be9d8
p 2
C 62
= 0x7fb20a820da0
R
P 0x7fb20a09bc08
C 294
R
P 0x7fb20a09bc08
P 0x7fb20a820da0
C 9
R
P 0x7fb20a09bc08
C 294
R
P 0x7fb20a09bc08
I 0
P 0x7fb20a0b8cd8
C 145
= 0x7fb20a0b95d8
R
P 0x7fb20a09bc08
C 294
R
P 0x7fb20a09bc08
P 0x7fb20a0b95d8
C 9
R
P 0x7fb20a09bc08
C 294
R
P 0x7fb20a09bc08
I 0
P 0x7fb20a0b8cd8
C 145
= 0x7fb20a0b95d8
R
P 0x7fb20a09bc08
C 294
R
P 0x7fb20a09bc08
P 0x7fb20a0b95d8
C 9
R
P 0x7fb20a09bc08
C 294
R
P 0x7fb20a09bc08
P 0x7fb20a0b95d8
P 0x7fb20a0b95d8
C 55
= 0x7fb20a0ddac0
R
P 0x7fb20a09bc08
C 294
R
P 0x7fb20a09bc08
P 0x7fb20a0ddac0
C 9
R
P 0x7fb20a09bc08
C 294
R
P 0x7fb20a09bc08
C 53
= 0x7fb20a0b8c78
R
P 0x7fb20a09bc08
C 294
R
P 0x7fb20a09bc08
P 0x7fb20a0b8c78
C 9
R
P 0x7fb20a09bc08
C 294
R
P 0x7fb20a09bc08
I 0
P 0x7fb20a0b8cd8
C 145
= 0x7fb20a0b95d8
R
P 0x7fb20a09bc08
C 294
R
P 0x7fb20a09bc08
P 0x7fb20a0b95d8
C 9
R
P 0x7fb20a09bc08
C 294
R
P 0x7fb20a09bc08
P 0x7fb20a0ba298
P 0x7fb20a0b95d8
C 55
= 0x7fb20a820dd8
R
P 0x7fb20a09bc08
C 294
R
P 0x7fb20a09bc08
P 0x7fb20a820dd8
C 9
R
P 0x7fb20a09bc08
C 294
R
P 0x7fb20a09bc08
P 0x7fb20a0ddac0
P 0x7fb20a0b8c78
P 0x7fb20a820dd8
C 58
= 0x7fb20a0bea18
R
P 0x7fb20a09bc08
C 294
R
P 0x7fb20a09bc08
P 0x7fb20a0bea18
C 208
R
P 0x7fb20a09bc08
C 294
R
P 0x7fb20a09bc08
P 0x7fb20a0bea18
C 205
= 0x7fb20a0b8c18
R
P 0x7fb20a09bc08
C 294
R
P 0x7fb20a09bc08
P 0x7fb20a0b8c18
C 166
R
P 0x7fb20a09bc08
C 294
R
P 0x7fb20a09bc08
P 0x7fb20a0bea18
C 211
R
P 0x7fb20a09bc08
C 294
R
P 0x7fb20a09bc08
P 0x7fb20a0bea18
C 210
R
P 0x7fb20a09bc08
C 294
R
P 0x7fb20a09bc08
P 0x7fb20a0bea18
C 9
R
P 0x7fb20a09bc08
C 294
R
P 0x7fb20a09bc08
U 2
P 0x7fb20a820da0
P 0x7fb20a0bea18
p 2
C 62
= 0x7fb20a820e10
R
P 0x7fb20a09bc08
C 294
R
P 0x7fb20a09bc08
P 0x7fb20a820e10
C 9
R
P 0x7fb20a09bc08
C 294
R
P 0x7fb20a09bc08
I 0
P 0x7fb20a0b8cd8
C 145
= 0x7fb20a0b95d8
R
P 0x7fb20a09bc08
C 294
R
P 0x7fb20a09bc08
P 0x7fb20a0b95d8
C 9
R
P 0x7fb20a09bc08
C 294
R
P 0x7fb20a09bc08
I 0
P 0x7fb20a0b8cd8
C 145
= 0x7fb20a0b95d8
R
P 0x7fb20a09bc08
C 294
R
P 0x7fb20a09bc08
P 0x7fb20a0b95d8
C 9
R
P 0x7fb20a09bc08
C 294
R
P 0x7fb20a09bc08
P 0x7fb20a0b95d8
P 0x7fb20a0b95d8
C 55
= 0x7fb20a0ddac0
R
P 0x7fb20a09bc08
C 294
R
P 0x7fb20a09bc08
P 0x7fb20a0ddac0
C 9
R
P 0x7fb20a09bc08
C 294
R
P 0x7fb20a09bc08
C 53
= 0x7fb20a0b8c78
R
P 0x7fb20a09bc08
C 294
R
P 0x7fb20a09bc08
P 0x7fb20a0b8c78
C 9
R
P 0x7fb20a09bc08
C 294
R
P 0x7fb20a09bc08
I 0
P 0x7fb20a0b8cd8
C 145
= 0x7fb20a0b95d8
R
P 0x7fb20a09bc08
C 294
R
P 0x7fb20a09bc08
P 0x7fb20a0b95d8
C 9
R
P 0x7fb20a09bc08
C 294
R
P 0x7fb20a09bc08
P 0x7fb20a0ba2b8
P 0x7fb20a0b95d8
C 55
= 0x7fb20a820e48
R
P 0x7fb20a09bc08
C 294
R
P 0x7fb20a09bc08
P 0x7fb20a820e48
C 9
R
P 0x7fb20a09bc08
C 294
R
P 0x7fb20a09bc08
P 0x7fb20a0ddac0
P 0x7fb20a0b8c78
P 0x7fb20a820e48
C 58
= 0x7fb20a0bea58
R
P 0x7fb20a09bc08
C 294
R
P 0x7fb20a09bc08
P 0x7fb20a0bea58
C 208
R
P 0x7fb20a09bc08
C 294
R
P 0x7fb20a09bc08
P 0x7fb20a0bea58
C 205
= 0x7fb20a0b8c18
R
P 0x7fb20a09bc08
C 294
R
P 0x7fb20a09bc08
P 0x7fb20a0b8c18
C 166
R
P 0x7fb20a09bc08
C 294
R
P 0x7fb20a09bc08
P 0x7fb20a0bea58
C 211
R
P 0x7fb20a09bc08
C 294
R
P 0x7fb20a09bc08
P 0x7fb20a0bea58
C 210
R
P 0x7fb20a09bc08
C 294
R
P 0x7fb20a09bc08
P 0x7fb20a0bea58
C 9
R
P 0x7fb20a09bc08
C 294
R
P 0x7fb20a09bc08
U 2
P 0x7fb20a820e10
P 0x7fb20a0bea58
p 2
C 62
= 0x7fb20a820e80
R
P 0x7fb20a09bc08
C 294
R
P 0x7fb20a09bc08
P 0x7fb20a820e80
C 9
R
P 0x7fb20a09bc08
C 294
R
P 0x7fb20a09bc08
I 0
P 0x7fb20a0b8cd8
C 145
= 0x7fb20a0b95d8
R
P 0x7fb20a09bc08
C 294
R
P 0x7fb20a09bc08
P 0x7fb20a0b95d8
C 9
R
P 0x7fb20a09bc08
C 294
R
P 0x7fb20a09bc08
I 0
P 0x7fb20a0b8cd8
C 145
= 0x7fb20a0b95d8
R
P 0x7fb20a09bc08
C 294
R
P 0x7fb20a09bc08
P 0x7fb20a0b95d8
C 9
R
P 0x7fb20a09bc08
C 294
R
P 0x7fb20a09bc08
P 0x7fb20a0b95d8
P 0x7fb20a0b95d8
C 55
= 0x7fb20a0ddac0
R
P 0x7fb20a09bc08
C 294
R
P 0x7fb20a09bc08
P 0x7fb20a0ddac0
C 9
R
P 0x7fb20a09bc08
C 294
R
P 0x7fb20a09bc08
C 53
= 0x7fb20a0b8c78
R
P 0x7fb20a09bc08
C 294
R
P 0x7fb20a09bc08
P 0x7fb20a0b8c78
C 9
R
P 0x7fb20a09bc08
C 294
R
P 0x7fb20a09bc08
I 0
P 0x7fb20a0b8cd8
C 145
= 0x7fb20a0b95d8
R
P 0x7fb20a09bc08
C 294
R
P 0x7fb20a09bc08
P 0x7fb20a0b95d8
C 9
R
P 0x7fb20a09bc08
C 294
R
P 0x7fb20a09bc08
P 0x7fb20a0ba2d8
P 0x7fb20a0b95d8
C 55
= 0x7fb20a820eb8
R
P 0x7fb20a09bc08
C 294
R
P 0x7fb20a09bc08
P 0x7fb20a820eb8
C 9
R
P 0x7fb20a09bc08
C 294
R
P 0x7fb20a09bc08
P 0x7fb20a0ddac0
P 0x7fb20a0b8c78
P 0x7fb20a820eb8
C 58
= 0x7fb20a0bea98
R
P 0x7fb20a09bc08
C 294
R
P 0x7fb20a09bc08
P 0x7fb20a0bea98
C 208
R
P 0x7fb20a09bc08
C 294
R
P 0x7fb20a09bc08
P 0x7fb20a0bea98
C 205
= 0x7fb20a0b8c18
R
P 0x7fb20a09bc08
C 294
R
P 0x7fb20a09bc08
P 0x7fb20a0b8c18
C 166
R
P 0x7fb20a09bc08
C 294
R
P 0x7fb20a09bc08
P 0x7fb20a0bea98
C 211
R
P 0x7fb20a09bc08
C 294
R
P 0x7fb20a09bc08
P 0x7fb20a0bea98
C 210
R
P 0x7fb20a09bc08
C 294
R
P 0x7fb20a09bc08
P 0x7fb20a0bea98
C 9
R
P 0x7fb20a09bc08
C 294
R
P 0x7fb20a09bc08
U 2
P 0x7fb20a820e80
P 0x7fb20a0bea98
p 2
C 62
= 0x7fb20a820ef0
R
P 0x7fb20a09bc08
C 294
R
P 0x7fb20a09bc08
P 0x7fb20a820ef0
C 9
R
P 0x7fb20a09bc08
C 294
R
P 0x7fb20a09bc08
I 4
P 0x7fb20a0b8cd8
C 145
= 0x7fb20a0ba418
R
P 0x7fb20a09bc08
C 294
R
P 0x7fb20a09bc08
P 0x7fb20a0ba418
C 9
R
P 0x7fb20a09bc08
C 294
R
P 0x7fb20a09bc08
I 0
P 0x7fb20a0b8cd8
C 145
= 0x7fb20a0b95d8
R
P 0x7fb20a09bc08
C 294
R
P 0x7fb20a09bc08
P 0x7fb20a0b95d8
C 9
R
P 0x7fb20a09bc08
C 294
R
P 0x7fb20a09bc08
P 0x7fb20a0ba418
P 0x7fb20a0b95d8
C 55
= 0x7fb20a0ddd60
R
P 0x7fb20a09bc08
C 294
R
P 0x7fb20a09bc08
P 0x7fb20a0ddd60
C 9
R
P 0x7fb20a09bc08
C 294
R
P 0x7fb20a09bc08
C 53
= 0x7fb20a0b8c78
R
P 0x7fb20a09bc08
C 294
R
P 0x7fb20a09bc08
P 0x7fb20a0b8c78
C 9
R
P 0x7fb20a09bc08
C 294
R
P 0x7fb20a09bc08
I 4
P 0x7fb20a0b8cd8
C 145
= 0x7fb20a0ba418
R
P 0x7fb20a09bc08
C 294
R
P 0x7fb20a09bc08
P 0x7fb20a0ba418
C 9
R
P 0x7fb20a09bc08
C 294
R
P 0x7fb20a09bc08
P 0x7fb20a0ba2f8
P 0x7fb20a0ba418
C 55
= 0x7fb20a820f28
R
P 0x7fb20a09bc08
C 294
R
P 0x7fb20a09bc08
P 0x7fb20a820f28
C 9
R
P 0x7fb20a09bc08
C 294
R
P 0x7fb20a09bc08
P 0x7fb20a0ddd60
P 0x7fb20a0b8c78
P 0x7fb20a820f28
C 58
= 0x7fb20a0bead8
R
P 0x7fb20a09bc08
C 294
R
P 0x7fb20a09bc08
P 0x7fb20a0bead8
C 208
R
P 0x7fb20a09bc08
C 294
R
P 0x7fb20a09bc08
P 0x7fb20a0bead8
C 205
= 0x7fb20a0b8c18
R
P 0x7fb20a09bc08
C 294
R
P 0x7fb20a09bc08
P 0x7fb20a0b8c18
C 166
R
P 0x7fb20a09bc08
C 294
R
P 0x7fb20a09bc08
P 0x7fb20a0bead8
C 211
R
P 0x7fb20a09bc08
C 294
R
P 0x7fb20a09bc08
P 0x7fb20a0bead8
C 210
R
P 0x7fb20a09bc08
C 294
R
P 0x7fb20a09bc08
P 0x7fb20a0bead8
C 9
R
P 0x7fb20a09bc08
C 294
R
P 0x7fb20a09bc08
U 2
P 0x7fb20a820ef0
P 0x7fb20a0bead8
p 2
C 62
= 0x7fb20a820f60
R
P 0x7fb20a09bc08
C 294
R
P 0x7fb20a09bc08
P 0x7fb20a820f60
C 9
R
P 0x7fb20a09bc08
C 294
R
P 0x7fb20a09bc08
I 0
P 0x7fb20a0b8cd8
C 145
= 0x7fb20a0b95d8
R
P 0x7fb20a09bc08
C 294
R
P 0x7fb20a09bc08
P 0x7fb20a0b95d8
C 9
R
P 0x7fb20a09bc08
C 294
R
P 0x7fb20a09bc08
I 0
P 0x7fb20a0b8cd8
C 145
= 0x7fb20a0b95d8
R
P 0x7fb20a09bc08
C 294
R
P 0x7fb20a09bc08
P 0x7fb20a0b95d8
C 9
R
P 0x7fb20a09bc08
C 294
R
P 0x7fb20a09bc08
P 0x7fb20a0b95d8
P 0x7fb20a0b95d8
C 55
= 0x7fb20a0ddac0
R
P 0x7fb20a09bc08
C 294
R
P 0x7fb20a09bc08
P 0x7fb20a0ddac0
C 9
R
P 0x7fb20a09bc08
C 294
R
P 0x7fb20a09bc08
C 53
= 0x7fb20a0b8c78
R
P 0x7fb20a09bc08
C 294
R
P 0x7fb20a09bc08
P 0x7fb20a0b8c78
C 9
R
P 0x7fb20a09bc08
C 294
R
P 0x7fb20a09bc08
I 0
P 0x7fb20a0b8cd8
C 145
= 0x7fb20a0b95d8
R
P 0x7fb20a09bc08
C 294
R
P 0x7fb20a09bc08
P 0x7fb20a0b95d8
C 9
R
P 0x7fb20a09bc08
C 294
R
P 0x7fb20a09bc08
P 0x7fb20a0ba318
P 0x7fb20a0b95d8
C 55
= 0x7fb20a820f98
R
P 0x7fb20a09bc08
C 294
R
P 0x7fb20a09bc08
P 0x7fb20a820f98
C 9
R
P 0x7fb20a09bc08
C 294
R
P 0x7fb20a09bc08
P 0x7fb20a0ddac0
P 0x7fb20a0b8c78
P 0x7fb20a820f98
C 58
= 0x7fb20a0beb18
R
P 0x7fb20a09bc08
C 294
R
P 0x7fb20a09bc08
P 0x7fb20a0beb18
C 208
R
P 0x7fb20a09bc08
C 294
R
P 0x7fb20a09bc08
P 0x7fb20a0beb18
C 205
= 0x7fb20a0b8c18
R
P 0x7fb20a09bc08
C 294
R
P 0x7fb20a09bc08
P 0x7fb20a0b8c18
C 166
R
P 0x7fb20a09bc08
C 294
R
P 0x7fb20a09bc08
P 0x7fb20a0beb18
C 211
R
P 0x7fb20a09bc08
C 294
R
P 0x7fb20a09bc08
P 0x7fb20a0beb18
C 210
R
P 0x7fb20a09bc08
C 294
R
P 0x7fb20a09bc08
P 0x7fb20a0beb18
C 9
R
P 0x7fb20a09bc08
C 294
R
P 0x7fb20a09bc08
U 2
P 0x7fb20a820f60
P 0x7fb20a0beb18
p 2
C 62
= 0x7fb20a820fd0
R
P 0x7fb20a09bc08
C 294
R
P 0x7fb20a09bc08
P 0x7fb20a820fd0
C 9
R
P 0x7fb20a09bc08
C 294
R
P 0x7fb20a09bc08
I 9
P 0x7fb20a0b8cd8
C 145
= 0x7fb20a0ba3f8
R
P 0x7fb20a09bc08
C 294
R
P 0x7fb20a09bc08
P 0x7fb20a0ba3f8
C 9
R
P 0x7fb20a09bc08
C 294
R
P 0x7fb20a09bc08
I 0
P 0x7fb20a0b8cd8
C 145
= 0x7fb20a0b95d8
R
P 0x7fb20a09bc08
C 294
R
P 0x7fb20a09bc08
P 0x7fb20a0b95d8
C 9
R
P 0x7fb20a09bc08
C 294
R
P 0x7fb20a09bc08
P 0x7fb20a0ba3f8
P 0x7fb20a0b95d8
C 55
= 0x7fb20a0ddcb8
R
P 0x7fb20a09bc08
C 294
R
P 0x7fb20a09bc08
P 0x7fb20a0ddcb8
C 9
R
P 0x7fb20a09bc08
C 294
R
P 0x7fb20a09bc08
C 53
= 0x7fb20a0b8c78
R
P 0x7fb20a09bc08
C 294
R
P 0x7fb20a09bc08
P 0x7fb20a0b8c78
C 9
R
P 0x7fb20a09bc08
C 294
R
P 0x7fb20a09bc08
I 9
P 0x7fb20a0b8cd8
C 145
= 0x7fb20a0ba3f8
R
P 0x7fb20a09bc08
C 294
R
P 0x7fb20a09bc08
P 0x7fb20a0ba3f8
C 9
R
P 0x7fb20a09bc08
C 294
R
P 0x7fb20a09bc08
P 0x7fb20a0ba338
P 0x7fb20a0ba3f8
C 55
= 0x7fb20a821008
R
P 0x7fb20a09bc08
C 294
R
P 0x7fb20a09bc08
P 0x7fb20a821008
C 9
R
P 0x7fb20a09bc08
C 294
R
P 0x7fb20a09bc08
P 0x7fb20a0ddcb8
P 0x7fb20a0b8c78
P 0x7fb20a821008
C 58
= 0x7fb20a0beb58
R
P 0x7fb20a09bc08
C 294
R
P 0x7fb20a09bc08
P 0x7fb20a0beb58
C 208
R
P 0x7fb20a09bc08
C 294
R
P 0x7fb20a09bc08
P 0x7fb20a0beb58
C 205
= 0x7fb20a0b8c18
R
P 0x7fb20a09bc08
C 294
R
P 0x7fb20a09bc08
P 0x7fb20a0b8c18
C 166
R
P 0x7fb20a09bc08
C 294
R
P 0x7fb20a09bc08
P 0x7fb20a0beb58
C 211
R
P 0x7fb20a09bc08
C 294
R
P 0x7fb20a09bc08
P 0x7fb20a0beb58
C 210
R
P 0x7fb20a09bc08
C 294
R
P 0x7fb20a09bc08
P 0x7fb20a0beb58
C 9
R
P 0x7fb20a09bc08
C 294
R
P 0x7fb20a09bc08
U 2
P 0x7fb20a820fd0
P 0x7fb20a0beb58
p 2
C 62
= 0x7fb20a821040
R
P 0x7fb20a09bc08
C 294
R
P 0x7fb20a09bc08
P 0x7fb20a821040
C 9
R
P 0x7fb20a09bc08
C 294
R
P 0x7fb20a09bc08
I 7
P 0x7fb20a0b8cd8
C 145
= 0x7fb20a0ba478
R
P 0x7fb20a09bc08
C 294
R
P 0x7fb20a09bc08
P 0x7fb20a0ba478
C 9
R
P 0x7fb20a09bc08
C 294
R
P 0x7fb20a09bc08
I 0
P 0x7fb20a0b8cd8
C 145
= 0x7fb20a0b95d8
R
P 0x7fb20a09bc08
C 294
R
P 0x7fb20a09bc08
P 0x7fb20a0b95d8
C 9
R
P 0x7fb20a09bc08
C 294
R
P 0x7fb20a09bc08
P 0x7fb20a0ba478
P 0x7fb20a0b95d8
C 55
= 0x7fb20a0de380
R
P 0x7fb20a09bc08
C 294
R
P 0x7fb20a09bc08
P 0x7fb20a0de380
C 9
R
P 0x7fb20a09bc08
C 294
R
P 0x7fb20a09bc08
C 53
= 0x7fb20a0b8c78
R
P 0x7fb20a09bc08
C 294
R
P 0x7fb20a09bc08
P 0x7fb20a0b8c78
C 9
R
P 0x7fb20a09bc08
C 294
R
P 0x7fb20a09bc08
I 7
P 0x7fb20a0b8cd8
C 145
= 0x7fb20a0ba478
R
P 0x7fb20a09bc08
C 294
R
P 0x7fb20a09bc08
P 0x7fb20a0ba478
C 9
R
P 0x7fb20a09bc08
C 294
R
P 0x7fb20a09bc08
P 0x7fb20a0ba358
P 0x7fb20a0ba478
C 55
= 0x7fb20a821078
R
P 0x7fb20a09bc08
C 294
R
P 0x7fb20a09bc08
P 0x7fb20a821078
C 9
R
P 0x7fb20a09bc08
C 294
R
P 0x7fb20a09bc08
P 0x7fb20a0de380
P 0x7fb20a0b8c78
P 0x7fb20a821078
C 58
= 0x7fb20a0beb98
R
P 0x7fb20a09bc08
C 294
R
P 0x7fb20a09bc08
P 0x7fb20a0beb98
C 208
R
P 0x7fb20a09bc08
C 294
R
P 0x7fb20a09bc08
P 0x7fb20a0beb98
C 205
= 0x7fb20a0b8c18
R
P 0x7fb20a09bc08
C 294
R
P 0x7fb20a09bc08
P 0x7fb20a0b8c18
C 166
R
P 0x7fb20a09bc08
C 294
R
P 0x7fb20a09bc08
P 0x7fb20a0beb98
C 211
R
P 0x7fb20a09bc08
C 294
R
P 0x7fb20a09bc08
P 0x7fb20a0beb98
C 210
R
P 0x7fb20a09bc08
C 294
R
P 0x7fb20a09bc08
P 0x7fb20a0beb98
C 9
R
P 0x7fb20a09bc08
C 294
R
P 0x7fb20a09bc08
U 2
P 0x7fb20a821040
P 0x7fb20a0beb98
p 2
C 62
= 0x7fb20a8210b0
R
P 0x7fb20a09bc08
C 294
R
P 0x7fb20a09bc08
P 0x7fb20a8210b0
C 9
R
P 0x7fb20a09bc08
C 294
R
P 0x7fb20a09bc08
I 0
P 0x7fb20a0b8cd8
C 145
= 0x7fb20a0b95d8
R
P 0x7fb20a09bc08
C 294
R
P 0x7fb20a09bc08
P 0x7fb20a0b95d8
C 9
R
P 0x7fb20a09bc08
C 294
R
P 0x7fb20a09bc08
I 0
P 0x7fb20a0b8cd8
C 145
= 0x7fb20a0b95d8
R
P 0x7fb20a09bc08
C 294
R
P 0x7fb20a09bc08
P 0x7fb20a0b95d8
C 9
R
P 0x7fb20a09bc08
C 294
R
P 0x7fb20a09bc08
P 0x7fb20a0b95d8
P 0x7fb20a0b95d8
C 55
= 0x7fb20a0ddac0
R
P 0x7fb20a09bc08
C 294
R
P 0x7fb20a09bc08
P 0x7fb20a0ddac0
C 9
R
P 0x7fb20a09bc08
C 294
R
P 0x7fb20a09bc08
C 53
= 0x7fb20a0b8c78
R
P 0x7fb20a09bc08
C 294
R
P 0x7fb20a09bc08
P 0x7fb20a0b8c78
C 9
R
P 0x7fb20a09bc08
C 294
R
P 0x7fb20a09bc08
I 0
P 0x7fb20a0b8cd8
C 145
= 0x7fb20a0b95d8
R
P 0x7fb20a09bc08
C 294
R
P 0x7fb20a09bc08
P 0x7fb20a0b95d8
C 9
R
P 0x7fb20a09bc08
C 294
R
P 0x7fb20a09bc08
P 0x7fb20a0ba378
P 0x7fb20a0b95d8
C 55
= 0x7fb20a8210e8
R
P 0x7fb20a09bc08
C 294
R
P 0x7fb20a09bc08
P 0x7fb20a8210e8
C 9
R
P 0x7fb20a09bc08
C 294
R
P 0x7fb20a09bc08
P 0x7fb20a0ddac0
P 0x7fb20a0b8c78
P 0x7fb20a8210e8
C 58
= 0x7fb20a0bebd8
R
P 0x7fb20a09bc08
C 294
R
P 0x7fb20a09bc08
P 0x7fb20a0bebd8
C 208
R
P 0x7fb20a09bc08
C 294
R
P 0x7fb20a09bc08
P 0x7fb20a0bebd8
C 205
= 0x7fb20a0b8c18
R
P 0x7fb20a09bc08
C 294
R
P 0x7fb20a09bc08
P 0x7fb20a0b8c18
C 166
R
P 0x7fb20a09bc08
C 294
R
P 0x7fb20a09bc08
P 0x7fb20a0bebd8
C 211
R
P 0x7fb20a09bc08
C 294
R
P 0x7fb20a09bc08
P 0x7fb20a0bebd8
C 210
R
P 0x7fb20a09bc08
C 294
R
P 0x7fb20a09bc08
P 0x7fb20a0bebd8
C 9
R
P 0x7fb20a09bc08
C 294
R
P 0x7fb20a09bc08
U 2
P 0x7fb20a8210b0
P 0x7fb20a0bebd8
p 2
C 62
= 0x7fb20a821120
R
P 0x7fb20a09bc08
C 294
R
P 0x7fb20a09bc08
P 0x7fb20a821120
C 9
R
P 0x7fb20a09bc08
C 294
R
P 0x7fb20a09bc08
I 0
P 0x7fb20a0b8cd8
C 145
= 0x7fb20a0b95d8
R
P 0x7fb20a09bc08
C 294
R
P 0x7fb20a09bc08
P 0x7fb20a0b95d8
C 9
R
P 0x7fb20a09bc08
C 294
R
P 0x7fb20a09bc08
I 0
P 0x7fb20a0b8cd8
C 145
= 0x7fb20a0b95d8
R
P 0x7fb20a09bc08
C 294
R
P 0x7fb20a09bc08
P 0x7fb20a0b95d8
C 9
R
P 0x7fb20a09bc08
C 294
R
P 0x7fb20a09bc08
P 0x7fb20a0b95d8
P 0x7fb20a0b95d8
C 55
= 0x7fb20a0ddac0
R
P 0x7fb20a09bc08
C 294
R
P 0x7fb20a09bc08
P 0x7fb20a0ddac0
C 9
R
P 0x7fb20a09bc08
C 294
R
P 0x7fb20a09bc08
C 53
= 0x7fb20a0b8c78
R
P 0x7fb20a09bc08
C 294
R
P 0x7fb20a09bc08
P 0x7fb20a0b8c78
C 9
R
P 0x7fb20a09bc08
C 294
R
P 0x7fb20a09bc08
I 0
P 0x7fb20a0b8cd8
C 145
= 0x7fb20a0b95d8
R
P 0x7fb20a09bc08
C 294
R
P 0x7fb20a09bc08
P 0x7fb20a0b95d8
C 9
R
P 0x7fb20a09bc08
C 294
R
P 0x7fb20a09bc08
P 0x7fb20a0ba398
P 0x7fb20a0b95d8
C 55
= 0x7fb20a821158
R
P 0x7fb20a09bc08
C 294
R
P 0x7fb20a09bc08
P 0x7fb20a821158
C 9
R
P 0x7fb20a09bc08
C 294
R
P 0x7fb20a09bc08
P 0x7fb20a0ddac0
P 0x7fb20a0b8c78
P 0x7fb20a821158
C 58
= 0x7fb20a0bec18
R
P 0x7fb20a09bc08
C 294
R
P 0x7fb20a09bc08
P 0x7fb20a0bec18
C 208
R
P 0x7fb20a09bc08
C 294
R
P 0x7fb20a09bc08
P 0x7fb20a0bec18
C 205
= 0x7fb20a0b8c18
R
P 0x7fb20a09bc08
C 294
R
P 0x7fb20a09bc08
P 0x7fb20a0b8c18
C 166
R
P 0x7fb20a09bc08
C 294
R
P 0x7fb20a09bc08
P 0x7fb20a0bec18
C 211
R
P 0x7fb20a09bc08
C 294
R
P 0x7fb20a09bc08
P 0x7fb20a0bec18
C 210
R
P 0x7fb20a09bc08
C 294
R
P 0x7fb20a09bc08
P 0x7fb20a0bec18
C 9
R
P 0x7fb20a09bc08
C 294
R
P 0x7fb20a09bc08
U 2
P 0x7fb20a821120
P 0x7fb20a0bec18
p 2
C 62
= 0x7fb20a821190
R
P 0x7fb20a09bc08
C 294
R
P 0x7fb20a09bc08
P 0x7fb20a821190
C 9
R
P 0x7fb20a09bc08
C 294
R
P 0x7fb20a09bc08
I 0
P 0x7fb20a0b8cd8
C 145
= 0x7fb20a0b95d8
R
P 0x7fb20a09bc08
C 294
R
P 0x7fb20a09bc08
P 0x7fb20a0b95d8
C 9
R
P 0x7fb20a09bc08
C 294
R
P 0x7fb20a09bc08
I 0
P 0x7fb20a0b8cd8
C 145
= 0x7fb20a0b95d8
R
P 0x7fb20a09bc08
C 294
R
P 0x7fb20a09bc08
P 0x7fb20a0b95d8
C 9
R
P 0x7fb20a09bc08
C 294
R
P 0x7fb20a09bc08
P 0x7fb20a0b95d8
P 0x7fb20a0b95d8
C 55
= 0x7fb20a0ddac0
R
P 0x7fb20a09bc08
C 294
R
P 0x7fb20a09bc08
P 0x7fb20a0ddac0
C 9
R
P 0x7fb20a09bc08
C 294
R
P 0x7fb20a09bc08
C 53
= 0x7fb20a0b8c78
R
P 0x7fb20a09bc08
C 294
R
P 0x7fb20a09bc08
P 0x7fb20a0b8c78
C 9
R
P 0x7fb20a09bc08
C 294
R
P 0x7fb20a09bc08
I 0
P 0x7fb20a0b8cd8
C 145
= 0x7fb20a0b95d8
R
P 0x7fb20a09bc08
C 294
R
P 0x7fb20a09bc08
P 0x7fb20a0b95d8
C 9
R
P 0x7fb20a09bc08
C 294
R
P 0x7fb20a09bc08
P 0x7fb20a0ba3b8
P 0x7fb20a0b95d8
C 55
= 0x7fb20a8211c8
R
P 0x7fb20a09bc08
C 294
R
P 0x7fb20a09bc08
P 0x7fb20a8211c8
C 9
R
P 0x7fb20a09bc08
C 294
R
P 0x7fb20a09bc08
P 0x7fb20a0ddac0
P 0x7fb20a0b8c78
P 0x7fb20a8211c8
C 58
= 0x7fb20a0bec58
R
P 0x7fb20a09bc08
C 294
R
P 0x7fb20a09bc08
P 0x7fb20a0bec58
C 208
R
P 0x7fb20a09bc08
C 294
R
P 0x7fb20a09bc08
P 0x7fb20a0bec58
C 205
= 0x7fb20a0b8c18
R
P 0x7fb20a09bc08
C 294
R
P 0x7fb20a09bc08
P 0x7fb20a0b8c18
C 166
R
P 0x7fb20a09bc08
C 294
R
P 0x7fb20a09bc08
P 0x7fb20a0bec58
C 211
R
P 0x7fb20a09bc08
C 294
R
P 0x7fb20a09bc08
P 0x7fb20a0bec58
C 210
R
P 0x7fb20a09bc08
C 294
R
P 0x7fb20a09bc08
P 0x7fb20a0bec58
C 9
R
P 0x7fb20a09bc08
C 294
R
P 0x7fb20a09bc08
U 2
P 0x7fb20a821190
P 0x7fb20a0bec58
p 2
C 62
= 0x7fb20a821200
R
P 0x7fb20a09bc08
C 294
R
P 0x7fb20a09bc08
P 0x7fb20a821200
C 9
R
P 0x7fb20a09bc08
C 294
R
P 0x7fb20a09bc08
I 0
P 0x7fb20a0b8cd8
C 145
= 0x7fb20a0b95d8
R
P 0x7fb20a09bc08
C 294
R
P 0x7fb20a09bc08
P 0x7fb20a0b95d8
C 9
R
P 0x7fb20a09bc08
C 294
R
P 0x7fb20a09bc08
I 0
P 0x7fb20a0b8cd8
C 145
= 0x7fb20a0b95d8
R
P 0x7fb20a09bc08
C 294
R
P 0x7fb20a09bc08
P 0x7fb20a0b95d8
C 9
R
P 0x7fb20a09bc08
C 294
R
P 0x7fb20a09bc08
P 0x7fb20a0b95d8
P 0x7fb20a0b95d8
C 55
= 0x7fb20a0ddac0
R
P 0x7fb20a09bc08
C 294
R
P 0x7fb20a09bc08
P 0x7fb20a0ddac0
C 9
R
P 0x7fb20a09bc08
C 294
R
P 0x7fb20a09bc08
C 53
= 0x7fb20a0b8c78
R
P 0x7fb20a09bc08
C 294
R
P 0x7fb20a09bc08
P 0x7fb20a0b8c78
C 9
R
P 0x7fb20a09bc08
C 294
R
P 0x7fb20a09bc08
I 0
P 0x7fb20a0b8cd8
C 145
= 0x7fb20a0b95d8
R
P 0x7fb20a09bc08
C 294
R
P 0x7fb20a09bc08
P 0x7fb20a0b95d8
C 9
R
P 0x7fb20a09bc08
C 294
R
P 0x7fb20a09bc08
P 0x7fb20a0ba3d8
P 0x7fb20a0b95d8
C 55
= 0x7fb20a821238
R
P 0x7fb20a09bc08
C 294
R
P 0x7fb20a09bc08
P 0x7fb20a821238
C 9
R
P 0x7fb20a09bc08
C 294
R
P 0x7fb20a09bc08
P 0x7fb20a0ddac0
P 0x7fb20a0b8c78
P 0x7fb20a821238
C 58
= 0x7fb20a0bec98
R
P 0x7fb20a09bc08
C 294
R
P 0x7fb20a09bc08
P 0x7fb20a0bec98
C 208
R
P 0x7fb20a09bc08
C 294
R
P 0x7fb20a09bc08
P 0x7fb20a0bec98
C 205
= 0x7fb20a0b8c18
R
P 0x7fb20a09bc08
C 294
R
P 0x7fb20a09bc08
P 0x7fb20a0b8c18
C 166
R
P 0x7fb20a09bc08
C 294
R
P 0x7fb20a09bc08
P 0x7fb20a0bec98
C 211
R
P 0x7fb20a09bc08
C 294
R
P 0x7fb20a09bc08
P 0x7fb20a0bec98
C 210
R
P 0x7fb20a09bc08
C 294
R
P 0x7fb20a09bc08
P 0x7fb20a0bec98
C 9
R
P 0x7fb20a09bc08
C 294
R
P 0x7fb20a09bc08
U 2
P 0x7fb20a821200
P 0x7fb20a0bec98
p 2
C 62
= 0x7fb20a821270
R
P 0x7fb20a09bc08
C 294
R
P 0x7fb20a09bc08
P 0x7fb20a821270
C 9
R
P 0x7fb20a09bc08
C 294
R
P 0x7fb20a09bc08
C 410
= 0x7fb208f17e08
R
P 0x7fb20a09bc08
C 294
R
P 0x7fb20a09bc08
P 0x7fb208f17e08
C 417
R
P 0x7fb20a09bc08
C 294
R
P 0x7fb20a09bc08
P 0x7fb208f17e08
P 0x7fb20a0dda88
C 423
R
P 0x7fb20a09bc08
C 294
R
P 0x7fb20a09bc08
P 0x7fb208f17e08
P 0x7fb20a821270
C 423
R
P 0x7fb20a09bc08
C 294
R
P 0x7fb20a09bc08
P 0x7fb208f17e08
C 426
R
P 0x7fb20a09bc08
C 294
R
P 0x7fb20a09bc08
P 0x7fb208f17e08
C 428
= 0x7fb208d21788
R
P 0x7fb20a09bc08
C 294
R
P 0x7fb20a09bc08
P 0x7fb208d21788
C 248
R
P 0x7fb20a09bc08
C 294
R
P 0x7fb20a09bc08
P 0x7fb208d21788
P 0x7fb20a0b9878
I 0
P 0
C 250
* 0x7fb20a0ba458 4
R
P 0x7fb20a09bc08
C 294
R
P 0x7fb20a09bc08
P 0x7fb20a0ba458
C 208
R
P 0x7fb20a09bc08
C 294
R
P 0x7fb20a09bc08
P 0x7fb20a0ba458
C 205
= 0x7fb20a0b8cd8
R
P 0x7fb20a09bc08
C 294
R
P 0x7fb20a09bc08
P 0x7fb20a0b8cd8
C 166
R
P 0x7fb20a09bc08
C 294
R
P 0x7fb20a09bc08
P 0x7fb20a0ba458
C 211
R
P 0x7fb20a09bc08
C 294
R
P 0x7fb20a09bc08
P 0x7fb20a0ba458
C 210
R
P 0x7fb20a09bc08
C 294
R
P 0x7fb20a09bc08
P 0x7fb20a0ba458
C 9
R
P 0x7fb20a09bc08
C 294
R
P 0x7fb20a09bc08
P 0x7fb208d21788
P 0x7fb20a0b99f8
I 0
P 0
C 250
* 0x7fb20a0ba478 4
R
P 0x7fb20a09bc08
C 294
R
P 0x7fb20a09bc08
P 0x7fb20a0ba478
C 208
R
P 0x7fb20a09bc08
C 294
R
P 0x7fb20a09bc08
P 0x7fb20a0ba478
C 205
= 0x7fb20a0b8cd8
R
P 0x7fb20a09bc08
C 294
R
P 0x7fb20a09bc08
P 0x7fb20a0b8cd8
C 166
R
P 0x7fb20a09bc08
C 294
R
P 0x7fb20a09bc08
P 0x7fb20a0ba478
C 211
R
P 0x7fb20a09bc08
C 294
R
P 0x7fb20a09bc08
P 0x7fb20a0ba478
C 210
R
P 0x7fb20a09bc08
C 294
R
P 0x7fb20a09bc08
P 0x7fb20a0ba478
C 9
R
P 0x7fb20a09bc08
C 294
R
P 0x7fb20a09bc08
P 0x7fb208d21788
P 0x7fb20a0b9a18
I 0
P 0
C 250
* 0x7fb20a0b97d8 4
R
P 0x7fb20a09bc08
C 294
R
P 0x7fb20a09bc08
P 0x7fb20a0b97d8
C 208
R
P 0x7fb20a09bc08
C 294
R
P 0x7fb20a09bc08
P 0x7fb20a0b97d8
C 205
= 0x7fb20a0b8cd8
R
P 0x7fb20a09bc08
C 294
R
P 0x7fb20a09bc08
P 0x7fb20a0b8cd8
C 166
R
P 0x7fb20a09bc08
C 294
R
P 0x7fb20a09bc08
P 0x7fb20a0b97d8
C 211
R
P 0x7fb20a09bc08
C 294
R
P 0x7fb20a09bc08
P 0x7fb20a0b97d8
C 210
R
P 0x7fb20a09bc08
C 294
R
P 0x7fb20a09bc08
P 0x7fb20a0b97d8
C 9
R
P 0x7fb20a09bc08
C 294
R
P 0x7fb20a09bc08
P 0x7fb208d21788
P 0x7fb20a0b9a38
I 0
P 0
C 250
* 0x7fb20a0ba498 4
R
P 0x7fb20a09bc08
C 294
R
P 0x7fb20a09bc08
P 0x7fb20a0ba498
C 208
R
P 0x7fb20a09bc08
C 294
R
P 0x7fb20a09bc08
P 0x7fb20a0ba498
C 205
= 0x7fb20a0b8cd8
R
P 0x7fb20a09bc08
C 294
R
P 0x7fb20a09bc08
P 0x7fb20a0b8cd8
C 166
R
P 0x7fb20a09bc08
C 294
R
P 0x7fb20a09bc08
P 0x7fb20a0ba498
C 211
R
P 0x7fb20a09bc08
C 294
R
P 0x7fb20a09bc08
P 0x7fb20a0ba498
C 210
R
P 0x7fb20a09bc08
C 294
R
P 0x7fb20a09bc08
P 0x7fb20a0ba498
C 9
R
P 0x7fb20a09bc08
C 294
R
P 0x7fb20a09bc08
P 0x7fb208d21788
P 0x7fb20a0b9a58
I 0
P 0
C 250
* 0x7fb20a0ba3f8 4
R
P 0x7fb20a09bc08
C 294
R
P 0x7fb20a09bc08
P 0x7fb20a0ba3f8
C 208
R
P 0x7fb20a09bc08
C 294
R
P 0x7fb20a09bc08
P 0x7fb20a0ba3f8
C 205
= 0x7fb20a0b8cd8
R
P 0x7fb20a09bc08
C 294
R
P 0x7fb20a09bc08
P 0x7fb20a0b8cd8
C 166
R
P 0x7fb20a09bc08
C 294
R
P 0x7fb20a09bc08
P 0x7fb20a0ba3f8
C 211
R
P 0x7fb20a09bc08
C 294
R
P 0x7fb20a09bc08
P 0x7fb20a0ba3f8
C 210
R
P 0x7fb20a09bc08
C 294
R
P 0x7fb20a09bc08
P 0x7fb20a0ba3f8
C 9
R
P 0x7fb20a09bc08
C 294
R
P 0x7fb20a09bc08
P 0x7fb208d21788
P 0x7fb20a0b9a78
I 0
P 0
C 250
* 0x7fb20a0ba418 4
R
P 0x7fb20a09bc08
C 294
R
P 0x7fb20a09bc08
P 0x7fb20a0ba418
C 208
R
P 0x7fb20a09bc08
C 294
R
P 0x7fb20a09bc08
P 0x7fb20a0ba418
C 205
= 0x7fb20a0b8cd8
R
P 0x7fb20a09bc08
C 294
R
P 0x7fb20a09bc08
P 0x7fb20a0b8cd8
C 166
R
P 0x7fb20a09bc08
C 294
R
P 0x7fb20a09bc08
P 0x7fb20a0ba418
C 211
R
P 0x7fb20a09bc08
C 294
R
P 0x7fb20a09bc08
P 0x7fb20a0ba418
C 210
R
P 0x7fb20a09bc08
C 294
R
P 0x7fb20a09bc08
P 0x7fb20a0ba418
C 9
R
P 0x7fb20a09bc08
C 294
R
P 0x7fb20a09bc08
P 0x7fb208d21788
P 0x7fb20a0b9a98
I 0
P 0
C 250
* 0x7fb20a0b96b8 4
R
P 0x7fb20a09bc08
C 294
R
P 0x7fb20a09bc08
P 0x7fb20a0b96b8
C 208
R
P 0x7fb20a09bc08
C 294
R
P 0x7fb20a09bc08
P 0x7fb20a0b96b8
C 205
= 0x7fb20a0b8cd8
R
P 0x7fb20a09bc08
C 294
R
P 0x7fb20a09bc08
P 0x7fb20a0b8cd8
C 166
R
P 0x7fb20a09bc08
C 294
R
P 0x7fb20a09bc08
P 0x7fb20a0b96b8
C 211
R
P 0x7fb20a09bc08
C 294
R
P 0x7fb20a09bc08
P 0x7fb20a0b96b8
C 210
R
P 0x7fb20a09bc08
C 294
R
P 0x7fb20a09bc08
P 0x7fb20a0b96b8
C 9
R
P 0x7fb20a09bc08
C 294
R
P 0x7fb20a09bc08
P 0x7fb208d21788
P 0x7fb20a0b9ab8
I 0
P 0
C 250
* 0x7fb20a0ba438 4
R
P 0x7fb20a09bc08
C 294
R
P 0x7fb20a09bc08
P 0x7fb20a0ba438
C 208
R
P 0x7fb20a09bc08
C 294
R
P 0x7fb20a09bc08
P 0x7fb20a0ba438
C 205
= 0x7fb20a0b8cd8
R
P 0x7fb20a09bc08
C 294
R
P 0x7fb20a09bc08
P 0x7fb20a0b8cd8
C 166
R
P 0x7fb20a09bc08
C 294
R
P 0x7fb20a09bc08
P 0x7fb20a0ba438
C 211
R
P 0x7fb20a09bc08
C 294
R
P 0x7fb20a09bc08
P 0x7fb20a0ba438
C 210
R
P 0x7fb20a09bc08
C 294
R
P 0x7fb20a09bc08
P 0x7fb20a0ba438
C 9
R
P 0x7fb20a09bc08
C 294
R
P 0x7fb20a09bc08
P 0x7fb208d21788
P 0x7fb20a0b9ad8
I 0
P 0
C 250
* 0x7fb20a0ba4b8 4
R
P 0x7fb20a09bc08
C 294
R
P 0x7fb20a09bc08
P 0x7fb20a0ba4b8
C 208
R
P 0x7fb20a09bc08
C 294
R
P 0x7fb20a09bc08
P 0x7fb20a0ba4b8
C 205
= 0x7fb20a0b8cd8
R
P 0x7fb20a09bc08
C 294
R
P 0x7fb20a09bc08
P 0x7fb20a0b8cd8
C 166
R
P 0x7fb20a09bc08
C 294
R
P 0x7fb20a09bc08
P 0x7fb20a0ba4b8
C 211
R
P 0x7fb20a09bc08
C 294
R
P 0x7fb20a09bc08
P 0x7fb20a0ba4b8
C 210
R
P 0x7fb20a09bc08
C 294
R
P 0x7fb20a09bc08
P 0x7fb20a0ba4b8
C 9
R
P 0x7fb20a09bc08
C 294
R
P 0x7fb20a09bc08
P 0x7fb208d21788
P 0x7fb20a0b9af8
I 0
P 0
C 250
* 0x7fb20a0ba438 4
R
P 0x7fb20a09bc08
C 294
R
P 0x7fb20a09bc08
P 0x7fb20a0ba438
C 208
R
P 0x7fb20a09bc08
C 294
R
P 0x7fb20a09bc08
P 0x7fb20a0ba438
C 205
= 0x7fb20a0b8cd8
R
P 0x7fb20a09bc08
C 294
R
P 0x7fb20a09bc08
P 0x7fb20a0b8cd8
C 166
R
P 0x7fb20a09bc08
C 294
R
P 0x7fb20a09bc08
P 0x7fb20a0ba438
C 211
R
P 0x7fb20a09bc08
C 294
R
P 0x7fb20a09bc08
P 0x7fb20a0ba438
C 210
R
P 0x7fb20a09bc08
C 294
R
P 0x7fb20a09bc08
P 0x7fb20a0ba438
C 9
R
P 0x7fb20a09bc08
C 294
R
P 0x7fb20a09bc08
P 0x7fb208d21788
P 0x7fb20a0b9b18
I 0
P 0
C 250
* 0x7fb20a0ba4b8 4
R
P 0x7fb20a09bc08
C 294
R
P 0x7fb20a09bc08
P 0x7fb20a0ba4b8
C 208
R
P 0x7fb20a09bc08
C 294
R
P 0x7fb20a09bc08
P 0x7fb20a0ba4b8
C 205
= 0x7fb20a0b8cd8
R
P 0x7fb20a09bc08
C 294
R
P 0x7fb20a09bc08
P 0x7fb20a0b8cd8
C 166
R
P 0x7fb20a09bc08
C 294
R
P 0x7fb20a09bc08
P 0x7fb20a0ba4b8
C 211
R
P 0x7fb20a09bc08
C 294
R
P 0x7fb20a09bc08
P 0x7fb20a0ba4b8
C 210
R
P 0x7fb20a09bc08
C 294
R
P 0x7fb20a09bc08
P 0x7fb20a0ba4b8
C 9
R
P 0x7fb20a09bc08
C 294
R
P 0x7fb20a09bc08
P 0x7fb208d21788
P 0x7fb20a0b9b38
I 0
P 0
C 250
* 0x7fb20a0ba418 4
R
P 0x7fb20a09bc08
C 294
R
P 0x7fb20a09bc08
P 0x7fb20a0ba418
C 208
R
P 0x7fb20a09bc08
C 294
R
P 0x7fb20a09bc08
P 0x7fb20a0ba418
C 205
= 0x7fb20a0b8cd8
R
P 0x7fb20a09bc08
C 294
R
P 0x7fb20a09bc08
P 0x7fb20a0b8cd8
C 166
R
P 0x7fb20a09bc08
C 294
R
P 0x7fb20a09bc08
P 0x7fb20a0ba418
C 211
R
P 0x7fb20a09bc08
C 294
R
P 0x7fb20a09bc08
P 0x7fb20a0ba418
C 210
R
P 0x7fb20a09bc08
C 294
R
P 0x7fb20a09bc08
P 0x7fb20a0ba418
C 9
R
P 0x7fb20a09bc08
C 294
R
P 0x7fb20a09bc08
P 0x7fb208d21788
P 0x7fb20a0b9b58
I 0
P 0
C 250
* 0x7fb20a0ba458 4
R
P 0x7fb20a09bc08
C 294
R
P 0x7fb20a09bc08
P 0x7fb20a0ba458
C 208
R
P 0x7fb20a09bc08
C 294
R
P 0x7fb20a09bc08
P 0x7fb20a0ba458
C 205
= 0x7fb20a0b8cd8
R
P 0x7fb20a09bc08
C 294
R
P 0x7fb20a09bc08
P 0x7fb20a0b8cd8
C 166
R
P 0x7fb20a09bc08
C 294
R
P 0x7fb20a09bc08
P 0x7fb20a0ba458
C 211
R
P 0x7fb20a09bc08
C 294
R
P 0x7fb20a09bc08
P 0x7fb20a0ba458
C 210
R
P 0x7fb20a09bc08
C 294
R
P 0x7fb20a09bc08
P 0x7fb20a0ba458
C 9
R
P 0x7fb20a09bc08
C 294
R
P 0x7fb20a09bc08
P 0x7fb208d21788
P 0x7fb20a0b9b78
I 0
P 0
C 250
* 0x7fb20a0b96b8 4
R
P 0x7fb20a09bc08
C 294
R
P 0x7fb20a09bc08
P 0x7fb20a0b96b8
C 208
R
P 0x7fb20a09bc08
C 294
R
P 0x7fb20a09bc08
P 0x7fb20a0b96b8
C 205
= 0x7fb20a0b8cd8
R
P 0x7fb20a09bc08
C 294
R
P 0x7fb20a09bc08
P 0x7fb20a0b8cd8
C 166
R
P 0x7fb20a09bc08
C 294
R
P 0x7fb20a09bc08
P 0x7fb20a0b96b8
C 211
R
P 0x7fb20a09bc08
C 294
R
P 0x7fb20a09bc08
P 0x7fb20a0b96b8
C 210
R
P 0x7fb20a09bc08
C 294
R
P 0x7fb20a09bc08
P 0x7fb20a0b96b8
C 9
R
P 0x7fb20a09bc08
C 294
R
P 0x7fb20a09bc08
P 0x7fb208d21788
P 0x7fb20a0b9b98
I 0
P 0
C 250
* 0x7fb20a0b97d8 4
R
P 0x7fb20a09bc08
C 294
R
P 0x7fb20a09bc08
P 0x7fb20a0b97d8
C 208
R
P 0x7fb20a09bc08
C 294
R
P 0x7fb20a09bc08
P 0x7fb20a0b97d8
C 205
= 0x7fb20a0b8cd8
R
P 0x7fb20a09bc08
C 294
R
P 0x7fb20a09bc08
P 0x7fb20a0b8cd8
C 166
R
P 0x7fb20a09bc08
C 294
R
P 0x7fb20a09bc08
P 0x7fb20a0b97d8
C 211
R
P 0x7fb20a09bc08
C 294
R
P 0x7fb20a09bc08
P 0x7fb20a0b97d8
C 210
R
P 0x7fb20a09bc08
C 294
R
P 0x7fb20a09bc08
P 0x7fb20a0b97d8
C 9
R
P 0x7fb20a09bc08
C 294
R
P 0x7fb20a09bc08
P 0x7fb208d21788
P 0x7fb20a0b9bb8
I 0
P 0
C 250
* 0x7fb20a0ba3f8 4
R
P 0x7fb20a09bc08
C 294
R
P 0x7fb20a09bc08
P 0x7fb20a0ba3f8
C 208
R
P 0x7fb20a09bc08
C 294
R
P 0x7fb20a09bc08
P 0x7fb20a0ba3f8
C 205
= 0x7fb20a0b8cd8
R
P 0x7fb20a09bc08
C 294
R
P 0x7fb20a09bc08
P 0x7fb20a0b8cd8
C 166
R
P 0x7fb20a09bc08
C 294
R
P 0x7fb20a09bc08
P 0x7fb20a0ba3f8
C 211
R
P 0x7fb20a09bc08
C 294
R
P 0x7fb20a09bc08
P 0x7fb20a0ba3f8
C 210
R
P 0x7fb20a09bc08
C 294
R
P 0x7fb20a09bc08
P 0x7fb20a0ba3f8
C 9
R
P 0x7fb20a09bc08
C 294
R
P 0x7fb20a09bc08
P 0x7fb208d21788
P 0x7fb20a0b9bd8
I 0
P 0
C 250
* 0x7fb20a0ba498 4
R
P 0x7fb20a09bc08
C 294
R
P 0x7fb20a09bc08
P 0x7fb20a0ba498
C 208
R
P 0x7fb20a09bc08
C 294
R
P 0x7fb20a09bc08
P 0x7fb20a0ba498
C 205
= 0x7fb20a0b8cd8
R
P 0x7fb20a09bc08
C 294
R
P 0x7fb20a09bc08
P 0x7fb20a0b8cd8
C 166
R
P 0x7fb20a09bc08
C 294
R
P 0x7fb20a09bc08
P 0x7fb20a0ba498
C 211
R
P 0x7fb20a09bc08
C 294
R
P 0x7fb20a09bc08
P 0x7fb20a0ba498
C 210
R
P 0x7fb20a09bc08
C 294
R
P 0x7fb20a09bc08
P 0x7fb20a0ba498
C 9
R
P 0x7fb20a09bc08
C 294
R
P 0x7fb20a09bc08
P 0x7fb208d21788
P 0x7fb20a0b9bf8
I 0
P 0
C 250
* 0x7fb20a0ba478 4
R
P 0x7fb20a09bc08
C 294
R
P 0x7fb20a09bc08
P 0x7fb20a0ba478
C 208
R
P 0x7fb20a09bc08
C 294
R
P 0x7fb20a09bc08
P 0x7fb20a0ba478
C 205
= 0x7fb20a0b8cd8
R
P 0x7fb20a09bc08
C 294
R
P 0x7fb20a09bc08
P 0x7fb20a0b8cd8
C 166
R
P 0x7fb20a09bc08
C 294
R
P 0x7fb20a09bc08
P 0x7fb20a0ba478
C 211
R
P 0x7fb20a09bc08
C 294
R
P 0x7fb20a09bc08
P 0x7fb20a0ba478
C 210
R
P 0x7fb20a09bc08
C 294
R
P 0x7fb20a09bc08
P 0x7fb20a0ba478
C 9
R
P 0x7fb20a09bc08
C 294
R
P 0x7fb20a09bc08
P 0x7fb208d21788
P 0x7fb20a0b9c18
I 0
P 0
C 250
* 0x7fb20a0b96b8 4
R
P 0x7fb20a09bc08
C 294
R
P 0x7fb20a09bc08
P 0x7fb20a0b96b8
C 208
R
P 0x7fb20a09bc08
C 294
R
P 0x7fb20a09bc08
P 0x7fb20a0b96b8
C 205
= 0x7fb20a0b8cd8
R
P 0x7fb20a09bc08
C 294
R
P 0x7fb20a09bc08
P 0x7fb20a0b8cd8
C 166
R
P 0x7fb20a09bc08
C 294
R
P 0x7fb20a09bc08
P 0x7fb20a0b96b8
C 211
R
P 0x7fb20a09bc08
C 294
R
P 0x7fb20a09bc08
P 0x7fb20a0b96b8
C 210
R
P 0x7fb20a09bc08
C 294
R
P 0x7fb20a09bc08
P 0x7fb20a0b96b8
C 9
R
P 0x7fb20a09bc08
C 294
R
P 0x7fb20a09bc08
P 0x7fb208d21788
P 0x7fb20a0b9c38
I 0
P 0
C 250
* 0x7fb20a0ba498 4
R
P 0x7fb20a09bc08
C 294
R
P 0x7fb20a09bc08
P 0x7fb20a0ba498
C 208
R
P 0x7fb20a09bc08
C 294
R
P 0x7fb20a09bc08
P 0x7fb20a0ba498
C 205
= 0x7fb20a0b8cd8
R
P 0x7fb20a09bc08
C 294
R
P 0x7fb20a09bc08
P 0x7fb20a0b8cd8
C 166
R
P 0x7fb20a09bc08
C 294
R
P 0x7fb20a09bc08
P 0x7fb20a0ba498
C 211
R
P 0x7fb20a09bc08
C 294
R
P 0x7fb20a09bc08
P 0x7fb20a0ba498
C 210
R
P 0x7fb20a09bc08
C 294
R
P 0x7fb20a09bc08
P 0x7fb20a0ba498
C 9
R
P 0x7fb20a09bc08
C 294
R
P 0x7fb20a09bc08
P 0x7fb208d21788
P 0x7fb20a0b9c58
I 0
P 0
C 250
* 0x7fb20a0ba3f8 4
R
P 0x7fb20a09bc08
C 294
R
P 0x7fb20a09bc08
P 0x7fb20a0ba3f8
C 208
R
P 0x7fb20a09bc08
C 294
R
P 0x7fb20a09bc08
P 0x7fb20a0ba3f8
C 205
= 0x7fb20a0b8cd8
R
P 0x7fb20a09bc08
C 294
R
P 0x7fb20a09bc08
P 0x7fb20a0b8cd8
C 166
R
P 0x7fb20a09bc08
C 294
R
P 0x7fb20a09bc08
P 0x7fb20a0ba3f8
C 211
R
P 0x7fb20a09bc08
C 294
R
P 0x7fb20a09bc08
P 0x7fb20a0ba3f8
C 210
R
P 0x7fb20a09bc08
C 294
R
P 0x7fb20a09bc08
P 0x7fb20a0ba3f8
C 9
R
P 0x7fb20a09bc08
C 294
R
P 0x7fb20a09bc08
P 0x7fb208d21788
P 0x7fb20a0b9c78
I 0
P 0
C 250
* 0x7fb20a0ba4b8 4
R
P 0x7fb20a09bc08
C 294
R
P 0x7fb20a09bc08
P 0x7fb20a0ba4b8
C 208
R
P 0x7fb20a09bc08
C 294
R
P 0x7fb20a09bc08
P 0x7fb20a0ba4b8
C 205
= 0x7fb20a0b8cd8
R
P 0x7fb20a09bc08
C 294
R
P 0x7fb20a09bc08
P 0x7fb20a0b8cd8
C 166
R
P 0x7fb20a09bc08
C 294
R
P 0x7fb20a09bc08
P 0x7fb20a0ba4b8
C 211
R
P 0x7fb20a09bc08
C 294
R
P 0x7fb20a09bc08
P 0x7fb20a0ba4b8
C 210
R
P 0x7fb20a09bc08
C 294
R
P 0x7fb20a09bc08
P 0x7fb20a0ba4b8
C 9
R
P 0x7fb20a09bc08
C 294
R
P 0x7fb20a09bc08
P 0x7fb208d21788
P 0x7fb20a0b9c98
I 0
P 0
C 250
* 0x7fb20a0ba438 4
R
P 0x7fb20a09bc08
C 294
R
P 0x7fb20a09bc08
P 0x7fb20a0ba438
C 208
R
P 0x7fb20a09bc08
C 294
R
P 0x7fb20a09bc08
P 0x7fb20a0ba438
C 205
= 0x7fb20a0b8cd8
R
P 0x7fb20a09bc08
C 294
R
P 0x7fb20a09bc08
P 0x7fb20a0b8cd8
C 166
R
P 0x7fb20a09bc08
C 294
R
P 0x7fb20a09bc08
P 0x7fb20a0ba438
C 211
R
P 0x7fb20a09bc08
C 294
R
P 0x7fb20a09bc08
P 0x7fb20a0ba438
C 210
R
P 0x7fb20a09bc08
C 294
R
P 0x7fb20a09bc08
P 0x7fb20a0ba438
C 9
R
P 0x7fb20a09bc08
C 294
R
P 0x7fb20a09bc08
P 0x7fb208d21788
P 0x7fb20a0b9cb8
I 0
P 0
C 250
* 0x7fb20a0ba478 4
R
P 0x7fb20a09bc08
C 294
R
P 0x7fb20a09bc08
P 0x7fb20a0ba478
C 208
R
P 0x7fb20a09bc08
C 294
R
P 0x7fb20a09bc08
P 0x7fb20a0ba478
C 205
= 0x7fb20a0b8cd8
R
P 0x7fb20a09bc08
C 294
R
P 0x7fb20a09bc08
P 0x7fb20a0b8cd8
C 166
R
P 0x7fb20a09bc08
C 294
R
P 0x7fb20a09bc08
P 0x7fb20a0ba478
C 211
R
P 0x7fb20a09bc08
C 294
R
P 0x7fb20a09bc08
P 0x7fb20a0ba478
C 210
R
P 0x7fb20a09bc08
C 294
R
P 0x7fb20a09bc08
P 0x7fb20a0ba478
C 9
R
P 0x7fb20a09bc08
C 294
R
P 0x7fb20a09bc08
P 0x7fb208d21788
P 0x7fb20a0b9cd8
I 0
P 0
C 250
* 0x7fb20a0b97d8 4
R
P 0x7fb20a09bc08
C 294
R
P 0x7fb20a09bc08
P 0x7fb20a0b97d8
C 208
R
P 0x7fb20a09bc08
C 294
R
P 0x7fb20a09bc08
P 0x7fb20a0b97d8
C 205
= 0x7fb20a0b8cd8
R
P 0x7fb20a09bc08
C 294
R
P 0x7fb20a09bc08
P 0x7fb20a0b8cd8
C 166
R
P 0x7fb20a09bc08
C 294
R
P 0x7fb20a09bc08
P 0x7fb20a0b97d8
C 211
R
P 0x7fb20a09bc08
C 294
R
P 0x7fb20a09bc08
P 0x7fb20a0b97d8
C 210
R
P 0x7fb20a09bc08
C 294
R
P 0x7fb20a09bc08
P 0x7fb20a0b97d8
C 9
R
P 0x7fb20a09bc08
C 294
R
P 0x7fb20a09bc08
P 0x7fb208d21788
P 0x7fb20a0b9cf8
I 0
P 0
C 250
* 0x7fb20a0ba418 4
R
P 0x7fb20a09bc08
C 294
R
P 0x7fb20a09bc08
P 0x7fb20a0ba418
C 208
R
P 0x7fb20a09bc08
C 294
R
P 0x7fb20a09bc08
P 0x7fb20a0ba418
C 205
= 0x7fb20a0b8cd8
R
P 0x7fb20a09bc08
C 294
R
P 0x7fb20a09bc08
P 0x7fb20a0b8cd8
C 166
R
P 0x7fb20a09bc08
C 294
R
P 0x7fb20a09bc08
P 0x7fb20a0ba418
C 211
R
P 0x7fb20a09bc08
C 294
R
P 0x7fb20a09bc08
P 0x7fb20a0ba418
C 210
R
P 0x7fb20a09bc08
C 294
R
P 0x7fb20a09bc08
P 0x7fb20a0ba418
C 9
R
P 0x7fb20a09bc08
C 294
R
P 0x7fb20a09bc08
P 0x7fb208d21788
P 0x7fb20a0b9d18
I 0
P 0
C 250
* 0x7fb20a0ba458 4
R
P 0x7fb20a09bc08
C 294
R
P 0x7fb20a09bc08
P 0x7fb20a0ba458
C 208
R
P 0x7fb20a09bc08
C 294
R
P 0x7fb20a09bc08
P 0x7fb20a0ba458
C 205
= 0x7fb20a0b8cd8
R
P 0x7fb20a09bc08
C 294
R
P 0x7fb20a09bc08
P 0x7fb20a0b8cd8
C 166
R
P 0x7fb20a09bc08
C 294
R
P 0x7fb20a09bc08
P 0x7fb20a0ba458
C 211
R
P 0x7fb20a09bc08
C 294
R
P 0x7fb20a09bc08
P 0x7fb20a0ba458
C 210
R
P 0x7fb20a09bc08
C 294
R
P 0x7fb20a09bc08
P 0x7fb20a0ba458
C 9
R
P 0x7fb20a09bc08
C 294
R
P 0x7fb20a09bc08
P 0x7fb208d21788
P 0x7fb20a0b9d38
I 0
P 0
C 250
* 0x7fb20a0ba458 4
R
P 0x7fb20a09bc08
C 294
R
P 0x7fb20a09bc08
P 0x7fb20a0ba458
C 208
R
P 0x7fb20a09bc08
C 294
R
P 0x7fb20a09bc08
P 0x7fb20a0ba458
C 205
= 0x7fb20a0b8cd8
R
P 0x7fb20a09bc08
C 294
R
P 0x7fb20a09bc08
P 0x7fb20a0b8cd8
C 166
R
P 0x7fb20a09bc08
C 294
R
P 0x7fb20a09bc08
P 0x7fb20a0ba458
C 211
R
P 0x7fb20a09bc08
C 294
R
P 0x7fb20a09bc08
P 0x7fb20a0ba458
C 210
R
P 0x7fb20a09bc08
C 294
R
P 0x7fb20a09bc08
P 0x7fb20a0ba458
C 9
R
P 0x7fb20a09bc08
C 294
R
P 0x7fb20a09bc08
P 0x7fb208d21788
P 0x7fb20a0b9d58
I 0
P 0
C 250
* 0x7fb20a0ba418 4
R
P 0x7fb20a09bc08
C 294
R
P 0x7fb20a09bc08
P 0x7fb20a0ba418
C 208
R
P 0x7fb20a09bc08
C 294
R
P 0x7fb20a09bc08
P 0x7fb20a0ba418
C 205
= 0x7fb20a0b8cd8
R
P 0x7fb20a09bc08
C 294
R
P 0x7fb20a09bc08
P 0x7fb20a0b8cd8
C 166
R
P 0x7fb20a09bc08
C 294
R
P 0x7fb20a09bc08
P 0x7fb20a0ba418
C 211
R
P 0x7fb20a09bc08
C 294
R
P 0x7fb20a09bc08
P 0x7fb20a0ba418
C 210
R
P 0x7fb20a09bc08
C 294
R
P 0x7fb20a09bc08
P 0x7fb20a0ba418
C 9
R
P 0x7fb20a09bc08
C 294
R
P 0x7fb20a09bc08
P 0x7fb208d21788
P 0x7fb20a0b9d78
I 0
P 0
C 250
* 0x7fb20a0ba478 4
R
P 0x7fb20a09bc08
C 294
R
P 0x7fb20a09bc08
P 0x7fb20a0ba478
C 208
R
P 0x7fb20a09bc08
C 294
R
P 0x7fb20a09bc08
P 0x7fb20a0ba478
C 205
= 0x7fb20a0b8cd8
R
P 0x7fb20a09bc08
C 294
R
P 0x7fb20a09bc08
P 0x7fb20a0b8cd8
C 166
R
P 0x7fb20a09bc08
C 294
R
P 0x7fb20a09bc08
P 0x7fb20a0ba478
C 211
R
P 0x7fb20a09bc08
C 294
R
P 0x7fb20a09bc08
P 0x7fb20a0ba478
C 210
R
P 0x7fb20a09bc08
C 294
R
P 0x7fb20a09bc08
P 0x7fb20a0ba478
C 9
R
P 0x7fb20a09bc08
C 294
R
P 0x7fb20a09bc08
P 0x7fb208d21788
P 0x7fb20a0b9d98
I 0
P 0
C 250
* 0x7fb20a0ba438 4
R
P 0x7fb20a09bc08
C 294
R
P 0x7fb20a09bc08
P 0x7fb20a0ba438
C 208
R
P 0x7fb20a09bc08
C 294
R
P 0x7fb20a09bc08
P 0x7fb20a0ba438
C 205
= 0x7fb20a0b8cd8
R
P 0x7fb20a09bc08
C 294
R
P 0x7fb20a09bc08
P 0x7fb20a0b8cd8
C 166
R
P 0x7fb20a09bc08
C 294
R
P 0x7fb20a09bc08
P 0x7fb20a0ba438
C 211
R
P 0x7fb20a09bc08
C 294
R
P 0x7fb20a09bc08
P 0x7fb20a0ba438
C 210
R
P 0x7fb20a09bc08
C 294
R
P 0x7fb20a09bc08
P 0x7fb20a0ba438
C 9
R
P 0x7fb20a09bc08
C 294
R
P 0x7fb20a09bc08
P 0x7fb208d21788
P 0x7fb20a0b9db8
I 0
P 0
C 250
* 0x7fb20a0ba3f8 4
R
P 0x7fb20a09bc08
C 294
R
P 0x7fb20a09bc08
P 0x7fb20a0ba3f8
C 208
R
P 0x7fb20a09bc08
C 294
R
P 0x7fb20a09bc08
P 0x7fb20a0ba3f8
C 205
= 0x7fb20a0b8cd8
R
P 0x7fb20a09bc08
C 294
R
P 0x7fb20a09bc08
P 0x7fb20a0b8cd8
C 166
R
P 0x7fb20a09bc08
C 294
R
P 0x7fb20a09bc08
P 0x7fb20a0ba3f8
C 211
R
P 0x7fb20a09bc08
C 294
R
P 0x7fb20a09bc08
P 0x7fb20a0ba3f8
C 210
R
P 0x7fb20a09bc08
C 294
R
P 0x7fb20a09bc08
P 0x7fb20a0ba3f8
C 9
R
P 0x7fb20a09bc08
C 294
R
P 0x7fb20a09bc08
P 0x7fb208d21788
P 0x7fb20a0b9dd8
I 0
P 0
C 250
* 0x7fb20a0ba4b8 4
R
P 0x7fb20a09bc08
C 294
R
P 0x7fb20a09bc08
P 0x7fb20a0ba4b8
C 208
R
P 0x7fb20a09bc08
C 294
R
P 0x7fb20a09bc08
P 0x7fb20a0ba4b8
C 205
= 0x7fb20a0b8cd8
R
P 0x7fb20a09bc08
C 294
R
P 0x7fb20a09bc08
P 0x7fb20a0b8cd8
C 166
R
P 0x7fb20a09bc08
C 294
R
P 0x7fb20a09bc08
P 0x7fb20a0ba4b8
C 211
R
P 0x7fb20a09bc08
C 294
R
P 0x7fb20a09bc08
P 0x7fb20a0ba4b8
C 210
R
P 0x7fb20a09bc08
C 294
R
P 0x7fb20a09bc08
P 0x7fb20a0ba4b8
C 9
R
P 0x7fb20a09bc08
C 294
R
P 0x7fb20a09bc08
P 0x7fb208d21788
P 0x7fb20a0b9df8
I 0
P 0
C 250
* 0x7fb20a0b97d8 4
R
P 0x7fb20a09bc08
C 294
R
P 0x7fb20a09bc08
P 0x7fb20a0b97d8
C 208
R
P 0x7fb20a09bc08
C 294
R
P 0x7fb20a09bc08
P 0x7fb20a0b97d8
C 205
= 0x7fb20a0b8cd8
R
P 0x7fb20a09bc08
C 294
R
P 0x7fb20a09bc08
P 0x7fb20a0b8cd8
C 166
R
P 0x7fb20a09bc08
C 294
R
P 0x7fb20a09bc08
P 0x7fb20a0b97d8
C 211
R
P 0x7fb20a09bc08
C 294
R
P 0x7fb20a09bc08
P 0x7fb20a0b97d8
C 210
R
P 0x7fb20a09bc08
C 294
R
P 0x7fb20a09bc08
P 0x7fb20a0b97d8
C 9
R
P 0x7fb20a09bc08
C 294
R
P 0x7fb20a09bc08
P 0x7fb208d21788
P 0x7fb20a0b9e18
I 0
P 0
C 250
* 0x7fb20a0b96b8 4
R
P 0x7fb20a09bc08
C 294
R
P 0x7fb20a09bc08
P 0x7fb20a0b96b8
C 208
R
P 0x7fb20a09bc08
C 294
R
P 0x7fb20a09bc08
P 0x7fb20a0b96b8
C 205
= 0x7fb20a0b8cd8
R
P 0x7fb20a09bc08
C 294
R
P 0x7fb20a09bc08
P 0x7fb20a0b8cd8
C 166
R
P 0x7fb20a09bc08
C 294
R
P 0x7fb20a09bc08
P 0x7fb20a0b96b8
C 211
R
P 0x7fb20a09bc08
C 294
R
P 0x7fb20a09bc08
P 0x7fb20a0b96b8
C 210
R
P 0x7fb20a09bc08
C 294
R
P 0x7fb20a09bc08
P 0x7fb20a0b96b8
C 9
R
P 0x7fb20a09bc08
C 294
R
P 0x7fb20a09bc08
P 0x7fb208d21788
P 0x7fb20a0b9e38
I 0
P 0
C 250
* 0x7fb20a0ba498 4
R
P 0x7fb20a09bc08
C 294
R
P 0x7fb20a09bc08
P 0x7fb20a0ba498
C 208
R
P 0x7fb20a09bc08
C 294
R
P 0x7fb20a09bc08
P 0x7fb20a0ba498
C 205
= 0x7fb20a0b8cd8
R
P 0x7fb20a09bc08
C 294
R
P 0x7fb20a09bc08
P 0x7fb20a0b8cd8
C 166
R
P 0x7fb20a09bc08
C 294
R
P 0x7fb20a09bc08
P 0x7fb20a0ba498
C 211
R
P 0x7fb20a09bc08
C 294
R
P 0x7fb20a09bc08
P 0x7fb20a0ba498
C 210
R
P 0x7fb20a09bc08
C 294
R
P 0x7fb20a09bc08
P 0x7fb20a0ba498
C 9
R
P 0x7fb20a09bc08
C 294
R
P 0x7fb20a09bc08
P 0x7fb208d21788
P 0x7fb20a0b9e58
I 0
P 0
C 250
* 0x7fb20a0ba3f8 4
R
P 0x7fb20a09bc08
C 294
R
P 0x7fb20a09bc08
P 0x7fb20a0ba3f8
C 208
R
P 0x7fb20a09bc08
C 294
R
P 0x7fb20a09bc08
P 0x7fb20a0ba3f8
C 205
= 0x7fb20a0b8cd8
R
P 0x7fb20a09bc08
C 294
R
P 0x7fb20a09bc08
P 0x7fb20a0b8cd8
C 166
R
P 0x7fb20a09bc08
C 294
R
P 0x7fb20a09bc08
P 0x7fb20a0ba3f8
C 211
R
P 0x7fb20a09bc08
C 294
R
P 0x7fb20a09bc08
P 0x7fb20a0ba3f8
C 210
R
P 0x7fb20a09bc08
C 294
R
P 0x7fb20a09bc08
P 0x7fb20a0ba3f8
C 9
R
P 0x7fb20a09bc08
C 294
R
P 0x7fb20a09bc08
P 0x7fb208d21788
P 0x7fb20a0b9e78
I 0
P 0
C 250
* 0x7fb20a0ba4b8 4
R
P 0x7fb20a09bc08
C 294
R
P 0x7fb20a09bc08
P 0x7fb20a0ba4b8
C 208
R
P 0x7fb20a09bc08
C 294
R
P 0x7fb20a09bc08
P 0x7fb20a0ba4b8
C 205
= 0x7fb20a0b8cd8
R
P 0x7fb20a09bc08
C 294
R
P 0x7fb20a09bc08
P 0x7fb20a0b8cd8
C 166
R
P 0x7fb20a09bc08
C 294
R
P 0x7fb20a09bc08
P 0x7fb20a0ba4b8
C 211
R
P 0x7fb20a09bc08
C 294
R
P 0x7fb20a09bc08
P 0x7fb20a0ba4b8
C 210
R
P 0x7fb20a09bc08
C 294
R
P 0x7fb20a09bc08
P 0x7fb20a0ba4b8
C 9
R
P 0x7fb20a09bc08
C 294
R
P 0x7fb20a09bc08
P 0x7fb208d21788
P 0x7fb20a0b9e98
I 0
P 0
C 250
* 0x7fb20a0ba498 4
R
P 0x7fb20a09bc08
C 294
R
P 0x7fb20a09bc08
P 0x7fb20a0ba498
C 208
R
P 0x7fb20a09bc08
C 294
R
P 0x7fb20a09bc08
P 0x7fb20a0ba498
C 205
= 0x7fb20a0b8cd8
R
P 0x7fb20a09bc08
C 294
R
P 0x7fb20a09bc08
P 0x7fb20a0b8cd8
C 166
R
P 0x7fb20a09bc08
C 294
R
P 0x7fb20a09bc08
P 0x7fb20a0ba498
C 211
R
P 0x7fb20a09bc08
C 294
R
P 0x7fb20a09bc08
P 0x7fb20a0ba498
C 210
R
P 0x7fb20a09bc08
C 294
R
P 0x7fb20a09bc08
P 0x7fb20a0ba498
C 9
R
P 0x7fb20a09bc08
C 294
R
P 0x7fb20a09bc08
P 0x7fb208d21788
P 0x7fb20a0b9eb8
I 0
P 0
C 250
* 0x7fb20a0b97d8 4
R
P 0x7fb20a09bc08
C 294
R
P 0x7fb20a09bc08
P 0x7fb20a0b97d8
C 208
R
P 0x7fb20a09bc08
C 294
R
P 0x7fb20a09bc08
P 0x7fb20a0b97d8
C 205
= 0x7fb20a0b8cd8
R
P 0x7fb20a09bc08
C 294
R
P 0x7fb20a09bc08
P 0x7fb20a0b8cd8
C 166
R
P 0x7fb20a09bc08
C 294
R
P 0x7fb20a09bc08
P 0x7fb20a0b97d8
C 211
R
P 0x7fb20a09bc08
C 294
R
P 0x7fb20a09bc08
P 0x7fb20a0b97d8
C 210
R
P 0x7fb20a09bc08
C 294
R
P 0x7fb20a09bc08
P 0x7fb20a0b97d8
C 9
R
P 0x7fb20a09bc08
C 294
R
P 0x7fb20a09bc08
P 0x7fb208d21788
P 0x7fb20a0b9ed8
I 0
P 0
C 250
* 0x7fb20a0ba478 4
R
P 0x7fb20a09bc08
C 294
R
P 0x7fb20a09bc08
P 0x7fb20a0ba478
C 208
R
P 0x7fb20a09bc08
C 294
R
P 0x7fb20a09bc08
P 0x7fb20a0ba478
C 205
= 0x7fb20a0b8cd8
R
P 0x7fb20a09bc08
C 294
R
P 0x7fb20a09bc08
P 0x7fb20a0b8cd8
C 166
R
P 0x7fb20a09bc08
C 294
R
P 0x7fb20a09bc08
P 0x7fb20a0ba478
C 211
R
P 0x7fb20a09bc08
C 294
R
P 0x7fb20a09bc08
P 0x7fb20a0ba478
C 210
R
P 0x7fb20a09bc08
C 294
R
P 0x7fb20a09bc08
P 0x7fb20a0ba478
C 9
R
P 0x7fb20a09bc08
C 294
R
P 0x7fb20a09bc08
P 0x7fb208d21788
P 0x7fb20a0b9ef8
I 0
P 0
C 250
* 0x7fb20a0b96b8 4
R
P 0x7fb20a09bc08
C 294
R
P 0x7fb20a09bc08
P 0x7fb20a0b96b8
C 208
R
P 0x7fb20a09bc08
C 294
R
P 0x7fb20a09bc08
P 0x7fb20a0b96b8
C 205
= 0x7fb20a0b8cd8
R
P 0x7fb20a09bc08
C 294
R
P 0x7fb20a09bc08
P 0x7fb20a0b8cd8
C 166
R
P 0x7fb20a09bc08
C 294
R
P 0x7fb20a09bc08
P 0x7fb20a0b96b8
C 211
R
P 0x7fb20a09bc08
C 294
R
P 0x7fb20a09bc08
P 0x7fb20a0b96b8
C 210
R
P 0x7fb20a09bc08
C 294
R
P 0x7fb20a09bc08
P 0x7fb20a0b96b8
C 9
R
P 0x7fb20a09bc08
C 294
R
P 0x7fb20a09bc08
P 0x7fb208d21788
P 0x7fb20a0b9f18
I 0
P 0
C 250
* 0x7fb20a0ba418 4
R
P 0x7fb20a09bc08
C 294
R
P 0x7fb20a09bc08
P 0x7fb20a0ba418
C 208
R
P 0x7fb20a09bc08
C 294
R
P 0x7fb20a09bc08
P 0x7fb20a0ba418
C 205
= 0x7fb20a0b8cd8
R
P 0x7fb20a09bc08
C 294
R
P 0x7fb20a09bc08
P 0x7fb20a0b8cd8
C 166
R
P 0x7fb20a09bc08
C 294
R
P 0x7fb20a09bc08
P 0x7fb20a0ba418
C 211
R
P 0x7fb20a09bc08
C 294
R
P 0x7fb20a09bc08
P 0x7fb20a0ba418
C 210
R
P 0x7fb20a09bc08
C 294
R
P 0x7fb20a09bc08
P 0x7fb20a0ba418
C 9
R
P 0x7fb20a09bc08
C 294
R
P 0x7fb20a09bc08
P 0x7fb208d21788
P 0x7fb20a0b9f38
I 0
P 0
C 250
* 0x7fb20a0ba458 4
R
P 0x7fb20a09bc08
C 294
R
P 0x7fb20a09bc08
P 0x7fb20a0ba458
C 208
R
P 0x7fb20a09bc08
C 294
R
P 0x7fb20a09bc08
P 0x7fb20a0ba458
C 205
= 0x7fb20a0b8cd8
R
P 0x7fb20a09bc08
C 294
R
P 0x7fb20a09bc08
P 0x7fb20a0b8cd8
C 166
R
P 0x7fb20a09bc08
C 294
R
P 0x7fb20a09bc08
P 0x7fb20a0ba458
C 211
R
P 0x7fb20a09bc08
C 294
R
P 0x7fb20a09bc08
P 0x7fb20a0ba458
C 210
R
P 0x7fb20a09bc08
C 294
R
P 0x7fb20a09bc08
P 0x7fb20a0ba458
C 9
R
P 0x7fb20a09bc08
C 294
R
P 0x7fb20a09bc08
P 0x7fb208d21788
P 0x7fb20a0b9f58
I 0
P 0
C 250
* 0x7fb20a0ba438 4
R
P 0x7fb20a09bc08
C 294
R
P 0x7fb20a09bc08
P 0x7fb20a0ba438
C 208
R
P 0x7fb20a09bc08
C 294
R
P 0x7fb20a09bc08
P 0x7fb20a0ba438
C 205
= 0x7fb20a0b8cd8
R
P 0x7fb20a09bc08
C 294
R
P 0x7fb20a09bc08
P 0x7fb20a0b8cd8
C 166
R
P 0x7fb20a09bc08
C 294
R
P 0x7fb20a09bc08
P 0x7fb20a0ba438
C 211
R
P 0x7fb20a09bc08
C 294
R
P 0x7fb20a09bc08
P 0x7fb20a0ba438
C 210
R
P 0x7fb20a09bc08
C 294
R
P 0x7fb20a09bc08
P 0x7fb20a0ba438
C 9
R
P 0x7fb20a09bc08
C 294
R
P 0x7fb20a09bc08
P 0x7fb208d21788
P 0x7fb20a0b9f78
I 0
P 0
C 250
* 0x7fb20a0b96b8 4
R
P 0x7fb20a09bc08
C 294
R
P 0x7fb20a09bc08
P 0x7fb20a0b96b8
C 208
R
P 0x7fb20a09bc08
C 294
R
P 0x7fb20a09bc08
P 0x7fb20a0b96b8
C 205
= 0x7fb20a0b8cd8
R
P 0x7fb20a09bc08
C 294
R
P 0x7fb20a09bc08
P 0x7fb20a0b8cd8
C 166
R
P 0x7fb20a09bc08
C 294
R
P 0x7fb20a09bc08
P 0x7fb20a0b96b8
C 211
R
P 0x7fb20a09bc08
C 294
R
P 0x7fb20a09bc08
P 0x7fb20a0b96b8
C 210
R
P 0x7fb20a09bc08
C 294
R
P 0x7fb20a09bc08
P 0x7fb20a0b96b8
C 9
R
P 0x7fb20a09bc08
C 294
R
P 0x7fb20a09bc08
P 0x7fb208d21788
P 0x7fb20a0b9f98
I 0
P 0
C 250
* 0x7fb20a0ba438 4
R
P 0x7fb20a09bc08
C 294
R
P 0x7fb20a09bc08
P 0x7fb20a0ba438
C 208
R
P 0x7fb20a09bc08
C 294
R
P 0x7fb20a09bc08
P 0x7fb20a0ba438
C 205
= 0x7fb20a0b8cd8
R
P 0x7fb20a09bc08
C 294
R
P 0x7fb20a09bc08
P 0x7fb20a0b8cd8
C 166
R
P 0x7fb20a09bc08
C 294
R
P 0x7fb20a09bc08
P 0x7fb20a0ba438
C 211
R
P 0x7fb20a09bc08
C 294
R
P 0x7fb20a09bc08
P 0x7fb20a0ba438
C 210
R
P 0x7fb20a09bc08
C 294
R
P 0x7fb20a09bc08
P 0x7fb20a0ba438
C 9
R
P 0x7fb20a09bc08
C 294
R
P 0x7fb20a09bc08
P 0x7fb208d21788
P 0x7fb20a0b9fb8
I 0
P 0
C 250
* 0x7fb20a0b97d8 4
R
P 0x7fb20a09bc08
C 294
R
P 0x7fb20a09bc08
P 0x7fb20a0b97d8
C 208
R
P 0x7fb20a09bc08
C 294
R
P 0x7fb20a09bc08
P 0x7fb20a0b97d8
C 205
= 0x7fb20a0b8cd8
R
P 0x7fb20a09bc08
C 294
R
P 0x7fb20a09bc08
P 0x7fb20a0b8cd8
C 166
R
P 0x7fb20a09bc08
C 294
R
P 0x7fb20a09bc08
P 0x7fb20a0b97d8
C 211
R
P 0x7fb20a09bc08
C 294
R
P 0x7fb20a09bc08
P 0x7fb20a0b97d8
C 210
R
P 0x7fb20a09bc08
C 294
R
P 0x7fb20a09bc08
P 0x7fb20a0b97d8
C 9
R
P 0x7fb20a09bc08
C 294
R
P 0x7fb20a09bc08
P 0x7fb208d21788
P 0x7fb20a0b9fd8
I 0
P 0
C 250
* 0x7fb20a0ba418 4
R
P 0x7fb20a09bc08
C 294
R
P 0x7fb20a09bc08
P 0x7fb20a0ba418
C 208
R
P 0x7fb20a09bc08
C 294
R
P 0x7fb20a09bc08
P 0x7fb20a0ba418
C 205
= 0x7fb20a0b8cd8
R
P 0x7fb20a09bc08
C 294
R
P 0x7fb20a09bc08
P 0x7fb20a0b8cd8
C 166
R
P 0x7fb20a09bc08
C 294
R
P 0x7fb20a09bc08
P 0x7fb20a0ba418
C 211
R
P 0x7fb20a09bc08
C 294
R
P 0x7fb20a09bc08
P 0x7fb20a0ba418
C 210
R
P 0x7fb20a09bc08
C 294
R
P 0x7fb20a09bc08
P 0x7fb20a0ba418
C 9
R
P 0x7fb20a09bc08
C 294
R
P 0x7fb20a09bc08
P 0x7fb208d21788
P 0x7fb20a0b9ff8
I 0
P 0
C 250
* 0x7fb20a0ba498 4
R
P 0x7fb20a09bc08
C 294
R
P 0x7fb20a09bc08
P 0x7fb20a0ba498
C 208
R
P 0x7fb20a09bc08
C 294
R
P 0x7fb20a09bc08
P 0x7fb20a0ba498
C 205
= 0x7fb20a0b8cd8
R
P 0x7fb20a09bc08
C 294
R
P 0x7fb20a09bc08
P 0x7fb20a0b8cd8
C 166
R
P 0x7fb20a09bc08
C 294
R
P 0x7fb20a09bc08
P 0x7fb20a0ba498
C 211
R
P 0x7fb20a09bc08
C 294
R
P 0x7fb20a09bc08
P 0x7fb20a0ba498
C 210
R
P 0x7fb20a09bc08
C 294
R
P 0x7fb20a09bc08
P 0x7fb20a0ba498
C 9
R
P 0x7fb20a09bc08
C 294
R
P 0x7fb20a09bc08
P 0x7fb208d21788
P 0x7fb20a0ba018
I 0
P 0
C 250
* 0x7fb20a0ba458 4
R
P 0x7fb20a09bc08
C 294
R
P 0x7fb20a09bc08
P 0x7fb20a0ba458
C 208
R
P 0x7fb20a09bc08
C 294
R
P 0x7fb20a09bc08
P 0x7fb20a0ba458
C 205
= 0x7fb20a0b8cd8
R
P 0x7fb20a09bc08
C 294
R
P 0x7fb20a09bc08
P 0x7fb20a0b8cd8
C 166
R
P 0x7fb20a09bc08
C 294
R
P 0x7fb20a09bc08
P 0x7fb20a0ba458
C 211
R
P 0x7fb20a09bc08
C 294
R
P 0x7fb20a09bc08
P 0x7fb20a0ba458
C 210
R
P 0x7fb20a09bc08
C 294
R
P 0x7fb20a09bc08
P 0x7fb20a0ba458
C 9
R
P 0x7fb20a09bc08
C 294
R
P 0x7fb20a09bc08
P 0x7fb208d21788
P 0x7fb20a0ba038
I 0
P 0
C 250
* 0x7fb20a0ba4b8 4
R
P 0x7fb20a09bc08
C 294
R
P 0x7fb20a09bc08
P 0x7fb20a0ba4b8
C 208
R
P 0x7fb20a09bc08
C 294
R
P 0x7fb20a09bc08
P 0x7fb20a0ba4b8
C 205
= 0x7fb20a0b8cd8
R
P 0x7fb20a09bc08
C 294
R
P 0x7fb20a09bc08
P 0x7fb20a0b8cd8
C 166
R
P 0x7fb20a09bc08
C 294
R
P 0x7fb20a09bc08
P 0x7fb20a0ba4b8
C 211
R
P 0x7fb20a09bc08
C 294
R
P 0x7fb20a09bc08
P 0x7fb20a0ba4b8
C 210
R
P 0x7fb20a09bc08
C 294
R
P 0x7fb20a09bc08
P 0x7fb20a0ba4b8
C 9
R
P 0x7fb20a09bc08
C 294
R
P 0x7fb20a09bc08
P 0x7fb208d21788
P 0x7fb20a0ba058
I 0
P 0
C 250
* 0x7fb20a0ba478 4
R
P 0x7fb20a09bc08
C 294
R
P 0x7fb20a09bc08
P 0x7fb20a0ba478
C 208
R
P 0x7fb20a09bc08
C 294
R
P 0x7fb20a09bc08
P 0x7fb20a0ba478
C 205
= 0x7fb20a0b8cd8
R
P 0x7fb20a09bc08
C 294
R
P 0x7fb20a09bc08
P 0x7fb20a0b8cd8
C 166
R
P 0x7fb20a09bc08
C 294
R
P 0x7fb20a09bc08
P 0x7fb20a0ba478
C 211
R
P 0x7fb20a09bc08
C 294
R
P 0x7fb20a09bc08
P 0x7fb20a0ba478
C 210
R
P 0x7fb20a09bc08
C 294
R
P 0x7fb20a09bc08
P 0x7fb20a0ba478
C 9
R
P 0x7fb20a09bc08
C 294
R
P 0x7fb20a09bc08
P 0x7fb208d21788
P 0x7fb20a0ba078
I 0
P 0
C 250
* 0x7fb20a0ba3f8 4
R
P 0x7fb20a09bc08
C 294
R
P 0x7fb20a09bc08
P 0x7fb20a0ba3f8
C 208
R
P 0x7fb20a09bc08
C 294
R
P 0x7fb20a09bc08
P 0x7fb20a0ba3f8
C 205
= 0x7fb20a0b8cd8
R
P 0x7fb20a09bc08
C 294
R
P 0x7fb20a09bc08
P 0x7fb20a0b8cd8
C 166
R
P 0x7fb20a09bc08
C 294
R
P 0x7fb20a09bc08
P 0x7fb20a0ba3f8
C 211
R
P 0x7fb20a09bc08
C 294
R
P 0x7fb20a09bc08
P 0x7fb20a0ba3f8
C 210
R
P 0x7fb20a09bc08
C 294
R
P 0x7fb20a09bc08
P 0x7fb20a0ba3f8
C 9
R
P 0x7fb20a09bc08
C 294
R
P 0x7fb20a09bc08
P 0x7fb208d21788
P 0x7fb20a0ba098
I 0
P 0
C 250
* 0x7fb20a0ba438 4
R
P 0x7fb20a09bc08
C 294
R
P 0x7fb20a09bc08
P 0x7fb20a0ba438
C 208
R
P 0x7fb20a09bc08
C 294
R
P 0x7fb20a09bc08
P 0x7fb20a0ba438
C 205
= 0x7fb20a0b8cd8
R
P 0x7fb20a09bc08
C 294
R
P 0x7fb20a09bc08
P 0x7fb20a0b8cd8
C 166
R
P 0x7fb20a09bc08
C 294
R
P 0x7fb20a09bc08
P 0x7fb20a0ba438
C 211
R
P 0x7fb20a09bc08
C 294
R
P 0x7fb20a09bc08
P 0x7fb20a0ba438
C 210
R
P 0x7fb20a09bc08
C 294
R
P 0x7fb20a09bc08
P 0x7fb20a0ba438
C 9
R
P 0x7fb20a09bc08
C 294
R
P 0x7fb20a09bc08
P 0x7fb208d21788
P 0x7fb20a0ba0b8
I 0
P 0
C 250
* 0x7fb20a0ba478 4
R
P 0x7fb20a09bc08
C 294
R
P 0x7fb20a09bc08
P 0x7fb20a0ba478
C 208
R
P 0x7fb20a09bc08
C 294
R
P 0x7fb20a09bc08
P 0x7fb20a0ba478
C 205
= 0x7fb20a0b8cd8
R
P 0x7fb20a09bc08
C 294
R
P 0x7fb20a09bc08
P 0x7fb20a0b8cd8
C 166
R
P 0x7fb20a09bc08
C 294
R
P 0x7fb20a09bc08
P 0x7fb20a0ba478
C 211
R
P 0x7fb20a09bc08
C 294
R
P 0x7fb20a09bc08
P 0x7fb20a0ba478
C 210
R
P 0x7fb20a09bc08
C 294
R
P 0x7fb20a09bc08
P 0x7fb20a0ba478
C 9
R
P 0x7fb20a09bc08
C 294
R
P 0x7fb20a09bc08
P 0x7fb208d21788
P 0x7fb20a0ba0d8
I 0
P 0
C 250
* 0x7fb20a0ba4b8 4
R
P 0x7fb20a09bc08
C 294
R
P 0x7fb20a09bc08
P 0x7fb20a0ba4b8
C 208
R
P 0x7fb20a09bc08
C 294
R
P 0x7fb20a09bc08
P 0x7fb20a0ba4b8
C 205
= 0x7fb20a0b8cd8
R
P 0x7fb20a09bc08
C 294
R
P 0x7fb20a09bc08
P 0x7fb20a0b8cd8
C 166
R
P 0x7fb20a09bc08
C 294
R
P 0x7fb20a09bc08
P 0x7fb20a0ba4b8
C 211
R
P 0x7fb20a09bc08
C 294
R
P 0x7fb20a09bc08
P 0x7fb20a0ba4b8
C 210
R
P 0x7fb20a09bc08
C 294
R
P 0x7fb20a09bc08
P 0x7fb20a0ba4b8
C 9
R
P 0x7fb20a09bc08
C 294
R
P 0x7fb20a09bc08
P 0x7fb208d21788
P 0x7fb20a0ba0f8
I 0
P 0
C 250
* 0x7fb20a0ba498 4
R
P 0x7fb20a09bc08
C 294
R
P 0x7fb20a09bc08
P 0x7fb20a0ba498
C 208
R
P 0x7fb20a09bc08
C 294
R
P 0x7fb20a09bc08
P 0x7fb20a0ba498
C 205
= 0x7fb20a0b8cd8
R
P 0x7fb20a09bc08
C 294
R
P 0x7fb20a09bc08
P 0x7fb20a0b8cd8
C 166
R
P 0x7fb20a09bc08
C 294
R
P 0x7fb20a09bc08
P 0x7fb20a0ba498
C 211
R
P 0x7fb20a09bc08
C 294
R
P 0x7fb20a09bc08
P 0x7fb20a0ba498
C 210
R
P 0x7fb20a09bc08
C 294
R
P 0x7fb20a09bc08
P 0x7fb20a0ba498
C 9
R
P 0x7fb20a09bc08
C 294
R
P 0x7fb20a09bc08
P 0x7fb208d21788
P 0x7fb20a0ba118
I 0
P 0
C 250
* 0x7fb20a0b96b8 4
R
P 0x7fb20a09bc08
C 294
R
P 0x7fb20a09bc08
P 0x7fb20a0b96b8
C 208
R
P 0x7fb20a09bc08
C 294
R
P 0x7fb20a09bc08
P 0x7fb20a0b96b8
C 205
= 0x7fb20a0b8cd8
R
P 0x7fb20a09bc08
C 294
R
P 0x7fb20a09bc08
P 0x7fb20a0b8cd8
C 166
R
P 0x7fb20a09bc08
C 294
R
P 0x7fb20a09bc08
P 0x7fb20a0b96b8
C 211
R
P 0x7fb20a09bc08
C 294
R
P 0x7fb20a09bc08
P 0x7fb20a0b96b8
C 210
R
P 0x7fb20a09bc08
C 294
R
P 0x7fb20a09bc08
P 0x7fb20a0b96b8
C 9
R
P 0x7fb20a09bc08
C 294
R
P 0x7fb20a09bc08
P 0x7fb208d21788
P 0x7fb20a0ba138
I 0
P 0
C 250
* 0x7fb20a0ba418 4
R
P 0x7fb20a09bc08
C 294
R
P 0x7fb20a09bc08
P 0x7fb20a0ba418
C 208
R
P 0x7fb20a09bc08
C 294
R
P 0x7fb20a09bc08
P 0x7fb20a0ba418
C 205
= 0x7fb20a0b8cd8
R
P 0x7fb20a09bc08
C 294
R
P 0x7fb20a09bc08
P 0x7fb20a0b8cd8
C 166
R
P 0x7fb20a09bc08
C 294
R
P 0x7fb20a09bc08
P 0x7fb20a0ba418
C 211
R
P 0x7fb20a09bc08
C 294
R
P 0x7fb20a09bc08
P 0x7fb20a0ba418
C 210
R
P 0x7fb20a09bc08
C 294
R
P 0x7fb20a09bc08
P 0x7fb20a0ba418
C 9
R
P 0x7fb20a09bc08
C 294
R
P 0x7fb20a09bc08
P 0x7fb208d21788
P 0x7fb20a0ba158
I 0
P 0
C 250
* 0x7fb20a0ba458 4
R
P 0x7fb20a09bc08
C 294
R
P 0x7fb20a09bc08
P 0x7fb20a0ba458
C 208
R
P 0x7fb20a09bc08
C 294
R
P 0x7fb20a09bc08
P 0x7fb20a0ba458
C 205
= 0x7fb20a0b8cd8
R
P 0x7fb20a09bc08
C 294
R
P 0x7fb20a09bc08
P 0x7fb20a0b8cd8
C 166
R
P 0x7fb20a09bc08
C 294
R
P 0x7fb20a09bc08
P 0x7fb20a0ba458
C 211
R
P 0x7fb20a09bc08
C 294
R
P 0x7fb20a09bc08
P 0x7fb20a0ba458
C 210
R
P 0x7fb20a09bc08
C 294
R
P 0x7fb20a09bc08
P 0x7fb20a0ba458
C 9
R
P 0x7fb20a09bc08
C 294
R
P 0x7fb20a09bc08
P 0x7fb208d21788
P 0x7fb20a0ba178
I 0
P 0
C 250
* 0x7fb20a0b97d8 4
R
P 0x7fb20a09bc08
C 294
R
P 0x7fb20a09bc08
P 0x7fb20a0b97d8
C 208
R
P 0x7fb20a09bc08
C 294
R
P 0x7fb20a09bc08
P 0x7fb20a0b97d8
C 205
= 0x7fb20a0b8cd8
R
P 0x7fb20a09bc08
C 294
R
P 0x7fb20a09bc08
P 0x7fb20a0b8cd8
C 166
R
P 0x7fb20a09bc08
C 294
R
P 0x7fb20a09bc08
P 0x7fb20a0b97d8
C 211
R
P 0x7fb20a09bc08
C 294
R
P 0x7fb20a09bc08
P 0x7fb20a0b97d8
C 210
R
P 0x7fb20a09bc08
C 294
R
P 0x7fb20a09bc08
P 0x7fb20a0b97d8
C 9
R
P 0x7fb20a09bc08
C 294
R
P 0x7fb20a09bc08
P 0x7fb208d21788
P 0x7fb20a0ba198
I 0
P 0
C 250
* 0x7fb20a0ba3f8 4
R
P 0x7fb20a09bc08
C 294
R
P 0x7fb20a09bc08
P 0x7fb20a0ba3f8
C 208
R
P 0x7fb20a09bc08
C 294
R
P 0x7fb20a09bc08
P 0x7fb20a0ba3f8
C 205
= 0x7fb20a0b8cd8
R
P 0x7fb20a09bc08
C 294
R
P 0x7fb20a09bc08
P 0x7fb20a0b8cd8
C 166
R
P 0x7fb20a09bc08
C 294
R
P 0x7fb20a09bc08
P 0x7fb20a0ba3f8
C 211
R
P 0x7fb20a09bc08
C 294
R
P 0x7fb20a09bc08
P 0x7fb20a0ba3f8
C 210
R
P 0x7fb20a09bc08
C 294
R
P 0x7fb20a09bc08
P 0x7fb20a0ba3f8
C 9
R
P 0x7fb20a09bc08
C 294
R
P 0x7fb20a09bc08
P 0x7fb208d21788
P 0x7fb20a0ba1b8
I 0
P 0
C 250
* 0x7fb20a0ba3f8 4
R
P 0x7fb20a09bc08
C 294
R
P 0x7fb20a09bc08
P 0x7fb20a0ba3f8
C 208
R
P 0x7fb20a09bc08
C 294
R
P 0x7fb20a09bc08
P 0x7fb20a0ba3f8
C 205
= 0x7fb20a0b8cd8
R
P 0x7fb20a09bc08
C 294
R
P 0x7fb20a09bc08
P 0x7fb20a0b8cd8
C 166
R
P 0x7fb20a09bc08
C 294
R
P 0x7fb20a09bc08
P 0x7fb20a0ba3f8
C 211
R
P 0x7fb20a09bc08
C 294
R
P 0x7fb20a09bc08
P 0x7fb20a0ba3f8
C 210
R
P 0x7fb20a09bc08
C 294
R
P 0x7fb20a09bc08
P 0x7fb20a0ba3f8
C 9
R
P 0x7fb20a09bc08
C 294
R
P 0x7fb20a09bc08
P 0x7fb208d21788
P 0x7fb20a0ba1d8
I 0
P 0
C 250
* 0x7fb20a0ba498 4
R
P 0x7fb20a09bc08
C 294
R
P 0x7fb20a09bc08
P 0x7fb20a0ba498
C 208
R
P 0x7fb20a09bc08
C 294
R
P 0x7fb20a09bc08
P 0x7fb20a0ba498
C 205
= 0x7fb20a0b8cd8
R
P 0x7fb20a09bc08
C 294
R
P 0x7fb20a09bc08
P 0x7fb20a0b8cd8
C 166
R
P 0x7fb20a09bc08
C 294
R
P 0x7fb20a09bc08
P 0x7fb20a0ba498
C 211
R
P 0x7fb20a09bc08
C 294
R
P 0x7fb20a09bc08
P 0x7fb20a0ba498
C 210
R
P 0x7fb20a09bc08
C 294
R
P 0x7fb20a09bc08
P 0x7fb20a0ba498
C 9
R
P 0x7fb20a09bc08
C 294
R
P 0x7fb20a09bc08
P 0x7fb208d21788
P 0x7fb20a0ba1f8
I 0
P 0
C 250
* 0x7fb20a0b96b8 4
R
P 0x7fb20a09bc08
C 294
R
P 0x7fb20a09bc08
P 0x7fb20a0b96b8
C 208
R
P 0x7fb20a09bc08
C 294
R
P 0x7fb20a09bc08
P 0x7fb20a0b96b8
C 205
= 0x7fb20a0b8cd8
R
P 0x7fb20a09bc08
C 294
R
P 0x7fb20a09bc08
P 0x7fb20a0b8cd8
C 166
R
P 0x7fb20a09bc08
C 294
R
P 0x7fb20a09bc08
P 0x7fb20a0b96b8
C 211
R
P 0x7fb20a09bc08
C 294
R
P 0x7fb20a09bc08
P 0x7fb20a0b96b8
C 210
R
P 0x7fb20a09bc08
C 294
R
P 0x7fb20a09bc08
P 0x7fb20a0b96b8
C 9
R
P 0x7fb20a09bc08
C 294
R
P 0x7fb20a09bc08
P 0x7fb208d21788
P 0x7fb20a0ba218
I 0
P 0
C 250
* 0x7fb20a0b97d8 4
R
P 0x7fb20a09bc08
C 294
R
P 0x7fb20a09bc08
P 0x7fb20a0b97d8
C 208
R
P 0x7fb20a09bc08
C 294
R
P 0x7fb20a09bc08
P 0x7fb20a0b97d8
C 205
= 0x7fb20a0b8cd8
R
P 0x7fb20a09bc08
C 294
R
P 0x7fb20a09bc08
P 0x7fb20a0b8cd8
C 166
R
P 0x7fb20a09bc08
C 294
R
P 0x7fb20a09bc08
P 0x7fb20a0b97d8
C 211
R
P 0x7fb20a09bc08
C 294
R
P 0x7fb20a09bc08
P 0x7fb20a0b97d8
C 210
R
P 0x7fb20a09bc08
C 294
R
P 0x7fb20a09bc08
P 0x7fb20a0b97d8
C 9
R
P 0x7fb20a09bc08
C 294
R
P 0x7fb20a09bc08
P 0x7fb208d21788
P 0x7fb20a0ba238
I 0
P 0
C 250
* 0x7fb20a0ba4b8 4
R
P 0x7fb20a09bc08
C 294
R
P 0x7fb20a09bc08
P 0x7fb20a0ba4b8
C 208
R
P 0x7fb20a09bc08
C 294
R
P 0x7fb20a09bc08
P 0x7fb20a0ba4b8
C 205
= 0x7fb20a0b8cd8
R
P 0x7fb20a09bc08
C 294
R
P 0x7fb20a09bc08
P 0x7fb20a0b8cd8
C 166
R
P 0x7fb20a09bc08
C 294
R
P 0x7fb20a09bc08
P 0x7fb20a0ba4b8
C 211
R
P 0x7fb20a09bc08
C 294
R
P 0x7fb20a09bc08
P 0x7fb20a0ba4b8
C 210
R
P 0x7fb20a09bc08
C 294
R
P 0x7fb20a09bc08
P 0x7fb20a0ba4b8
C 9
R
P 0x7fb20a09bc08
C 294
R
P 0x7fb20a09bc08
P 0x7fb208d21788
P 0x7fb20a0ba258
I 0
P 0
C 250
* 0x7fb20a0ba458 4
R
P 0x7fb20a09bc08
C 294
R
P 0x7fb20a09bc08
P 0x7fb20a0ba458
C 208
R
P 0x7fb20a09bc08
C 294
R
P 0x7fb20a09bc08
P 0x7fb20a0ba458
C 205
= 0x7fb20a0b8cd8
R
P 0x7fb20a09bc08
C 294
R
P 0x7fb20a09bc08
P 0x7fb20a0b8cd8
C 166
R
P 0x7fb20a09bc08
C 294
R
P 0x7fb20a09bc08
P 0x7fb20a0ba458
C 211
R
P 0x7fb20a09bc08
C 294
R
P 0x7fb20a09bc08
P 0x7fb20a0ba458
C 210
R
P 0x7fb20a09bc08
C 294
R
P 0x7fb20a09bc08
P 0x7fb20a0ba458
C 9
R
P 0x7fb20a09bc08
C 294
R
P 0x7fb20a09bc08
P 0x7fb208d21788
P 0x7fb20a0ba278
I 0
P 0
C 250
* 0x7fb20a0ba418 4
R
P 0x7fb20a09bc08
C 294
R
P 0x7fb20a09bc08
P 0x7fb20a0ba418
C 208
R
P 0x7fb20a09bc08
C 294
R
P 0x7fb20a09bc08
P 0x7fb20a0ba418
C 205
= 0x7fb20a0b8cd8
R
P 0x7fb20a09bc08
C 294
R
P 0x7fb20a09bc08
P 0x7fb20a0b8cd8
C 166
R
P 0x7fb20a09bc08
C 294
R
P 0x7fb20a09bc08
P 0x7fb20a0ba418
C 211
R
P 0x7fb20a09bc08
C 294
R
P 0x7fb20a09bc08
P 0x7fb20a0ba418
C 210
R
P 0x7fb20a09bc08
C 294
R
P 0x7fb20a09bc08
P 0x7fb20a0ba418
C 9
R
P 0x7fb20a09bc08
C 294
R
P 0x7fb20a09bc08
P 0x7fb208d21788
P 0x7fb20a0ba298
I 0
P 0
C 250
* 0x7fb20a0ba438 4
R
P 0x7fb20a09bc08
C 294
R
P 0x7fb20a09bc08
P 0x7fb20a0ba438
C 208
R
P 0x7fb20a09bc08
C 294
R
P 0x7fb20a09bc08
P 0x7fb20a0ba438
C 205
= 0x7fb20a0b8cd8
R
P 0x7fb20a09bc08
C 294
R
P 0x7fb20a09bc08
P 0x7fb20a0b8cd8
C 166
R
P 0x7fb20a09bc08
C 294
R
P 0x7fb20a09bc08
P 0x7fb20a0ba438
C 211
R
P 0x7fb20a09bc08
C 294
R
P 0x7fb20a09bc08
P 0x7fb20a0ba438
C 210
R
P 0x7fb20a09bc08
C 294
R
P 0x7fb20a09bc08
P 0x7fb20a0ba438
C 9
R
P 0x7fb20a09bc08
C 294
R
P 0x7fb20a09bc08
P 0x7fb208d21788
P 0x7fb20a0ba2b8
I 0
P 0
C 250
* 0x7fb20a0ba478 4
R
P 0x7fb20a09bc08
C 294
R
P 0x7fb20a09bc08
P 0x7fb20a0ba478
C 208
R
P 0x7fb20a09bc08
C 294
R
P 0x7fb20a09bc08
P 0x7fb20a0ba478
C 205
= 0x7fb20a0b8cd8
R
P 0x7fb20a09bc08
C 294
R
P 0x7fb20a09bc08
P 0x7fb20a0b8cd8
C 166
R
P 0x7fb20a09bc08
C 294
R
P 0x7fb20a09bc08
P 0x7fb20a0ba478
C 211
R
P 0x7fb20a09bc08
C 294
R
P 0x7fb20a09bc08
P 0x7fb20a0ba478
C 210
R
P 0x7fb20a09bc08
C 294
R
P 0x7fb20a09bc08
P 0x7fb20a0ba478
C 9
R
P 0x7fb20a09bc08
C 294
R
P 0x7fb20a09bc08
P 0x7fb208d21788
P 0x7fb20a0ba2d8
I 0
P 0
C 250
* 0x7fb20a0b97d8 4
R
P 0x7fb20a09bc08
C 294
R
P 0x7fb20a09bc08
P 0x7fb20a0b97d8
C 208
R
P 0x7fb20a09bc08
C 294
R
P 0x7fb20a09bc08
P 0x7fb20a0b97d8
C 205
= 0x7fb20a0b8cd8
R
P 0x7fb20a09bc08
C 294
R
P 0x7fb20a09bc08
P 0x7fb20a0b8cd8
C 166
R
P 0x7fb20a09bc08
C 294
R
P 0x7fb20a09bc08
P 0x7fb20a0b97d8
C 211
R
P 0x7fb20a09bc08
C 294
R
P 0x7fb20a09bc08
P 0x7fb20a0b97d8
C 210
R
P 0x7fb20a09bc08
C 294
R
P 0x7fb20a09bc08
P 0x7fb20a0b97d8
C 9
R
P 0x7fb20a09bc08
C 294
R
P 0x7fb20a09bc08
P 0x7fb208d21788
P 0x7fb20a0ba2f8
I 0
P 0
C 250
* 0x7fb20a0ba418 4
R
P 0x7fb20a09bc08
C 294
R
P 0x7fb20a09bc08
P 0x7fb20a0ba418
C 208
R
P 0x7fb20a09bc08
C 294
R
P 0x7fb20a09bc08
P 0x7fb20a0ba418
C 205
= 0x7fb20a0b8cd8
R
P 0x7fb20a09bc08
C 294
R
P 0x7fb20a09bc08
P 0x7fb20a0b8cd8
C 166
R
P 0x7fb20a09bc08
C 294
R
P 0x7fb20a09bc08
P 0x7fb20a0ba418
C 211
R
P 0x7fb20a09bc08
C 294
R
P 0x7fb20a09bc08
P 0x7fb20a0ba418
C 210
R
P 0x7fb20a09bc08
C 294
R
P 0x7fb20a09bc08
P 0x7fb20a0ba418
C 9
R
P 0x7fb20a09bc08
C 294
R
P 0x7fb20a09bc08
P 0x7fb208d21788
P 0x7fb20a0ba318
I 0
P 0
C 250
* 0x7fb20a0ba458 4
R
P 0x7fb20a09bc08
C 294
R
P 0x7fb20a09bc08
P 0x7fb20a0ba458
C 208
R
P 0x7fb20a09bc08
C 294
R
P 0x7fb20a09bc08
P 0x7fb20a0ba458
C 205
= 0x7fb20a0b8cd8
R
P 0x7fb20a09bc08
C 294
R
P 0x7fb20a09bc08
P 0x7fb20a0b8cd8
C 166
R
P 0x7fb20a09bc08
C 294
R
P 0x7fb20a09bc08
P 0x7fb20a0ba458
C 211
R
P 0x7fb20a09bc08
C 294
R
P 0x7fb20a09bc08
P 0x7fb20a0ba458
C 210
R
P 0x7fb20a09bc08
C 294
R
P 0x7fb20a09bc08
P 0x7fb20a0ba458
C 9
R
P 0x7fb20a09bc08
C 294
R
P 0x7fb20a09bc08
P 0x7fb208d21788
P 0x7fb20a0ba338
I 0
P 0
C 250
* 0x7fb20a0ba3f8 4
R
P 0x7fb20a09bc08
C 294
R
P 0x7fb20a09bc08
P 0x7fb20a0ba3f8
C 208
R
P 0x7fb20a09bc08
C 294
R
P 0x7fb20a09bc08
P 0x7fb20a0ba3f8
C 205
= 0x7fb20a0b8cd8
R
P 0x7fb20a09bc08
C 294
R
P 0x7fb20a09bc08
P 0x7fb20a0b8cd8
C 166
R
P 0x7fb20a09bc08
C 294
R
P 0x7fb20a09bc08
P 0x7fb20a0ba3f8
C 211
R
P 0x7fb20a09bc08
C 294
R
P 0x7fb20a09bc08
P 0x7fb20a0ba3f8
C 210
R
P 0x7fb20a09bc08
C 294
R
P 0x7fb20a09bc08
P 0x7fb20a0ba3f8
C 9
R
P 0x7fb20a09bc08
C 294
R
P 0x7fb20a09bc08
P 0x7fb208d21788
P 0x7fb20a0ba358
I 0
P 0
C 250
* 0x7fb20a0ba478 4
R
P 0x7fb20a09bc08
C 294
R
P 0x7fb20a09bc08
P 0x7fb20a0ba478
C 208
R
P 0x7fb20a09bc08
C 294
R
P 0x7fb20a09bc08
P 0x7fb20a0ba478
C 205
= 0x7fb20a0b8cd8
R
P 0x7fb20a09bc08
C 294
R
P 0x7fb20a09bc08
P 0x7fb20a0b8cd8
C 166
R
P 0x7fb20a09bc08
C 294
R
P 0x7fb20a09bc08
P 0x7fb20a0ba478
C 211
R
P 0x7fb20a09bc08
C 294
R
P 0x7fb20a09bc08
P 0x7fb20a0ba478
C 210
R
P 0x7fb20a09bc08
C 294
R
P 0x7fb20a09bc08
P 0x7fb20a0ba478
C 9
R
P 0x7fb20a09bc08
C 294
R
P 0x7fb20a09bc08
P 0x7fb208d21788
P 0x7fb20a0ba378
I 0
P 0
C 250
* 0x7fb20a0ba438 4
R
P 0x7fb20a09bc08
C 294
R
P 0x7fb20a09bc08
P 0x7fb20a0ba438
C 208
R
P 0x7fb20a09bc08
C 294
R
P 0x7fb20a09bc08
P 0x7fb20a0ba438
C 205
= 0x7fb20a0b8cd8
R
P 0x7fb20a09bc08
C 294
R
P 0x7fb20a09bc08
P 0x7fb20a0b8cd8
C 166
R
P 0x7fb20a09bc08
C 294
R
P 0x7fb20a09bc08
P 0x7fb20a0ba438
C 211
R
P 0x7fb20a09bc08
C 294
R
P 0x7fb20a09bc08
P 0x7fb20a0ba438
C 210
R
P 0x7fb20a09bc08
C 294
R
P 0x7fb20a09bc08
P 0x7fb20a0ba438
C 9
R
P 0x7fb20a09bc08
C 294
R
P 0x7fb20a09bc08
P 0x7fb208d21788
P 0x7fb20a0ba398
I 0
P 0
C 250
* 0x7fb20a0ba4b8 4
R
P 0x7fb20a09bc08
C 294
R
P 0x7fb20a09bc08
P 0x7fb20a0ba4b8
C 208
R
P 0x7fb20a09bc08
C 294
R
P 0x7fb20a09bc08
P 0x7fb20a0ba4b8
C 205
= 0x7fb20a0b8cd8
R
P 0x7fb20a09bc08
C 294
R
P 0x7fb20a09bc08
P 0x7fb20a0b8cd8
C 166
R
P 0x7fb20a09bc08
C 294
R
P 0x7fb20a09bc08
P 0x7fb20a0ba4b8
C 211
R
P 0x7fb20a09bc08
C 294
R
P 0x7fb20a09bc08
P 0x7fb20a0ba4b8
C 210
R
P 0x7fb20a09bc08
C 294
R
P 0x7fb20a09bc08
P 0x7fb20a0ba4b8
C 9
R
P 0x7fb20a09bc08
C 294
R
P 0x7fb20a09bc08
P 0x7fb208d21788
P 0x7fb20a0ba3b8
I 0
P 0
C 250
* 0x7fb20a0ba498 4
R
P 0x7fb20a09bc08
C 294
R
P 0x7fb20a09bc08
P 0x7fb20a0ba498
C 208
R
P 0x7fb20a09bc08
C 294
R
P 0x7fb20a09bc08
P 0x7fb20a0ba498
C 205
= 0x7fb20a0b8cd8
R
P 0x7fb20a09bc08
C 294
R
P 0x7fb20a09bc08
P 0x7fb20a0b8cd8
C 166
R
P 0x7fb20a09bc08
C 294
R
P 0x7fb20a09bc08
P 0x7fb20a0ba498
C 211
R
P 0x7fb20a09bc08
C 294
R
P 0x7fb20a09bc08
P 0x7fb20a0ba498
C 210
R
P 0x7fb20a09bc08
C 294
R
P 0x7fb20a09bc08
P 0x7fb20a0ba498
C 9
R
P 0x7fb20a09bc08
C 294
R
P 0x7fb20a09bc08
P 0x7fb208d21788
P 0x7fb20a0ba3d8
I 0
P 0
C 250
* 0x7fb20a0b96b8 4
R
P 0x7fb20a09bc08
C 294
R
P 0x7fb20a09bc08
P 0x7fb20a0b96b8
C 208
R
P 0x7fb20a09bc08
C 294
R
P 0x7fb20a09bc08
P 0x7fb20a0b96b8
C 205
= 0x7fb20a0b8cd8
R
P 0x7fb20a09bc08
C 294
R
P 0x7fb20a09bc08
P 0x7fb20a0b8cd8
C 166
R
P 0x7fb20a09bc08
C 294
R
P 0x7fb20a09bc08
P 0x7fb20a0b96b8
C 211
R
P 0x7fb20a09bc08
C 294
R
P 0x7fb20a09bc08
P 0x7fb20a0b96b8
C 210
R
P 0x7fb20a09bc08
C 294
R
P 0x7fb20a09bc08
P 0x7fb20a0b96b8
C 9
R
P 0x7fb20a09bc08
C 294
R
P 0x7fb20a09bc08
P 0x7fb20a0ba458
C 214
R
P 0x7fb20a09bc08
C 294
R
P 0x7fb20a09bc08
P 0x7fb20a0ba478
C 214
R
P 0x7fb20a09bc08
C 294
R
P 0x7fb20a09bc08
P 0x7fb20a0b97d8
C 214
R
P 0x7fb20a09bc08
C 294
R
P 0x7fb20a09bc08
P 0x7fb20a0ba498
C 214
R
P 0x7fb20a09bc08
C 294
R
P 0x7fb20a09bc08
P 0x7fb20a0ba3f8
C 214
R
P 0x7fb20a09bc08
C 294
R
P 0x7fb20a09bc08
P 0x7fb20a0ba418
C 214
R
P 0x7fb20a09bc08
C 294
R
P 0x7fb20a09bc08
P 0x7fb20a0b96b8
C 214
R
P 0x7fb20a09bc08
C 294
R
P 0x7fb20a09bc08
P 0x7fb20a0ba438
C 214
R
P 0x7fb20a09bc08
C 294
R
P 0x7fb20a09bc08
P 0x7fb20a0ba4b8
C 214
R
P 0x7fb20a09bc08
C 294
R
P 0x7fb20a09bc08
P 0x7fb20a0ba438
C 214
R
P 0x7fb20a09bc08
C 294
R
P 0x7fb20a09bc08
P 0x7fb20a0ba4b8
C 214
R
P 0x7fb20a09bc08
C 294
R
P 0x7fb20a09bc08
P 0x7fb20a0ba418
C 214
R
P 0x7fb20a09bc08
C 294
R
P 0x7fb20a09bc08
P 0x7fb20a0ba458
C 214
R
P 0x7fb20a09bc08
C 294
R
P 0x7fb20a09bc08
P 0x7fb20a0b96b8
C 214
R
P 0x7fb20a09bc08
C 294
R
P 0x7fb20a09bc08
P 0x7fb20a0b97d8
C 214
R
P 0x7fb20a09bc08
C 294
R
P 0x7fb20a09bc08
P 0x7fb20a0ba3f8
C 214
R
P 0x7fb20a09bc08
C 294
R
P 0x7fb20a09bc08
P 0x7fb20a0ba498
C 214
R
P 0x7fb20a09bc08
C 294
R
P 0x7fb20a09bc08
P 0x7fb20a0ba478
C 214
R
P 0x7fb20a09bc08
C 294
R
P 0x7fb20a09bc08
P 0x7fb20a0b96b8
C 214
R
P 0x7fb20a09bc08
C 294
R
P 0x7fb20a09bc08
P 0x7fb20a0ba498
C 214
R
P 0x7fb20a09bc08
C 294
R
P 0x7fb20a09bc08
P 0x7fb20a0ba3f8
C 214
R
P 0x7fb20a09bc08
C 294
R
P 0x7fb20a09bc08
P 0x7fb20a0ba4b8
C 214
R
P 0x7fb20a09bc08
C 294
R
P 0x7fb20a09bc08
P 0x7fb20a0ba438
C 214
R
P 0x7fb20a09bc08
C 294
R
P 0x7fb20a09bc08
P 0x7fb20a0ba478
C 214
R
P 0x7fb20a09bc08
C 294
R
P 0x7fb20a09bc08
P 0x7fb20a0b97d8
C 214
R
P 0x7fb20a09bc08
C 294
R
P 0x7fb20a09bc08
P 0x7fb20a0ba418
C 214
R
P 0x7fb20a09bc08
C 294
R
P 0x7fb20a09bc08
P 0x7fb20a0ba458
C 214
R
P 0x7fb20a09bc08
C 294
R
P 0x7fb20a09bc08
P 0x7fb20a0ba458
C 214
R
P 0x7fb20a09bc08
C 294
R
P 0x7fb20a09bc08
P 0x7fb20a0ba418
C 214
R
P 0x7fb20a09bc08
C 294
R
P 0x7fb20a09bc08
P 0x7fb20a0ba478
C 214
R
P 0x7fb20a09bc08
C 294
R
P 0x7fb20a09bc08
P 0x7fb20a0ba438
C 214
R
P 0x7fb20a09bc08
C 294
R
P 0x7fb20a09bc08
P 0x7fb20a0ba3f8
C 214
R
P 0x7fb20a09bc08
C 294
R
P 0x7fb20a09bc08
P 0x7fb20a0ba4b8
C 214
R
P 0x7fb20a09bc08
C 294
R
P 0x7fb20a09bc08
P 0x7fb20a0b97d8
C 214
R
P 0x7fb20a09bc08
C 294
R
P 0x7fb20a09bc08
P 0x7fb20a0b96b8
C 214
R
P 0x7fb20a09bc08
C 294
R
P 0x7fb20a09bc08
P 0x7fb20a0ba498
C 214
R
P 0x7fb20a09bc08
C 294
R
P 0x7fb20a09bc08
P 0x7fb20a0ba3f8
C 214
R
P 0x7fb20a09bc08
C 294
R
P 0x7fb20a09bc08
P 0x7fb20a0ba4b8
C 214
R
P 0x7fb20a09bc08
C 294
R
P 0x7fb20a09bc08
P 0x7fb20a0ba498
C 214
R
P 0x7fb20a09bc08
C 294
R
P 0x7fb20a09bc08
P 0x7fb20a0b97d8
C 214
R
P 0x7fb20a09bc08
C 294
R
P 0x7fb20a09bc08
P 0x7fb20a0ba478
C 214
R
P 0x7fb20a09bc08
C 294
R
P 0x7fb20a09bc08
P 0x7fb20a0b96b8
C 214
R
P 0x7fb20a09bc08
C 294
R
P 0x7fb20a09bc08
P 0x7fb20a0ba418
C 214
R
P 0x7fb20a09bc08
C 294
R
P 0x7fb20a09bc08
P 0x7fb20a0ba458
C 214
R
P 0x7fb20a09bc08
C 294
R
P 0x7fb20a09bc08
P 0x7fb20a0ba438
C 214
R
P 0x7fb20a09bc08
C 294
R
P 0x7fb20a09bc08
P 0x7fb20a0b96b8
C 214
R
P 0x7fb20a09bc08
C 294
R
P 0x7fb20a09bc08
P 0x7fb20a0ba438
C 214
R
P 0x7fb20a09bc08
C 294
R
P 0x7fb20a09bc08
P 0x7fb20a0b97d8
C 214
R
P 0x7fb20a09bc08
C 294
R
P 0x7fb20a09bc08
P 0x7fb20a0ba418
C 214
R
P 0x7fb20a09bc08
C 294
R
P 0x7fb20a09bc08
P 0x7fb20a0ba498
C 214
R
P 0x7fb20a09bc08
C 294
R
P 0x7fb20a09bc08
P 0x7fb20a0ba458
C 214
R
P 0x7fb20a09bc08
C 294
R
P 0x7fb20a09bc08
P 0x7fb20a0ba4b8
C 214
R
P 0x7fb20a09bc08
C 294
R
P 0x7fb20a09bc08
P 0x7fb20a0ba478
C 214
R
P 0x7fb20a09bc08
C 294
R
P 0x7fb20a09bc08
P 0x7fb20a0ba3f8
C 214
R
P 0x7fb20a09bc08
C 294
R
P 0x7fb20a09bc08
P 0x7fb20a0ba438
C 214
R
P 0x7fb20a09bc08
C 294
R
P 0x7fb20a09bc08
P 0x7fb20a0ba478
C 214
R
P 0x7fb20a09bc08
C 294
R
P 0x7fb20a09bc08
P 0x7fb20a0ba4b8
C 214
R
P 0x7fb20a09bc08
C 294
R
P 0x7fb20a09bc08
P 0x7fb20a0ba498
C 214
R
P 0x7fb20a09bc08
C 294
R
P 0x7fb20a09bc08
P 0x7fb20a0b96b8
C 214
R
P 0x7fb20a09bc08
C 294
R
P 0x7fb20a09bc08
P 0x7fb20a0ba418
C 214
R
P 0x7fb20a09bc08
C 294
R
P 0x7fb20a09bc08
P 0x7fb20a0ba458
C 214
R
P 0x7fb20a09bc08
C 294
R
P 0x7fb20a09bc08
P 0x7fb20a0b97d8
C 214
R
P 0x7fb20a09bc08
C 294
R
P 0x7fb20a09bc08
P 0x7fb20a0ba3f8
C 214
R
P 0x7fb20a09bc08
C 294
R
P 0x7fb20a09bc08
P 0x7fb20a0ba3f8
C 214
R
P 0x7fb20a09bc08
C 294
R
P 0x7fb20a09bc08
P 0x7fb20a0ba498
C 214
R
P 0x7fb20a09bc08
C 294
R
P 0x7fb20a09bc08
P 0x7fb20a0b96b8
C 214
R
P 0x7fb20a09bc08
C 294
R
P 0x7fb20a09bc08
P 0x7fb20a0b97d8
C 214
R
P 0x7fb20a09bc08
C 294
R
P 0x7fb20a09bc08
P 0x7fb20a0ba4b8
C 214
R
P 0x7fb20a09bc08
C 294
R
P 0x7fb20a09bc08
P 0x7fb20a0ba458
C 214
R
P 0x7fb20a09bc08
C 294
R
P 0x7fb20a09bc08
P 0x7fb20a0ba418
C 214
R
P 0x7fb20a09bc08
C 294
R
P 0x7fb20a09bc08
P 0x7fb20a0ba438
C 214
R
P 0x7fb20a09bc08
C 294
R
P 0x7fb20a09bc08
P 0x7fb20a0ba478
C 214
R
P 0x7fb20a09bc08
C 294
R
P 0x7fb20a09bc08
P 0x7fb20a0b97d8
C 214
R
P 0x7fb20a09bc08
C 294
R
P 0x7fb20a09bc08
P 0x7fb20a0ba418
C 214
R
P 0x7fb20a09bc08
C 294
R
P 0x7fb20a09bc08
P 0x7fb20a0ba458
C 214
R
P 0x7fb20a09bc08
C 294
R
P 0x7fb20a09bc08
P 0x7fb20a0ba3f8
C 214
R
P 0x7fb20a09bc08
C 294
R
P 0x7fb20a09bc08
P 0x7fb20a0ba478
C 214
R
P 0x7fb20a09bc08
C 294
R
P 0x7fb20a09bc08
P 0x7fb20a0ba438
C 214
R
P 0x7fb20a09bc08
C 294
R
P 0x7fb20a09bc08
P 0x7fb20a0ba4b8
C 214
R
P 0x7fb20a09bc08
C 294
R
P 0x7fb20a09bc08
P 0x7fb20a0ba498
C 214
R
P 0x7fb20a09bc08
C 294
R
P 0x7fb20a09bc08
P 0x7fb20a0b96b8
C 214
R
P 0x7fb20a09bc08
C 294
M "QuantifierExample"
R
P 0x7fb20a09bc08
S "x_0"
C 30
R
P 0x7fb20a09bc08
C 294
R
P 0x7fb20a09bc08
$ |x_0|
P 0x7fb20a0b8cd8
C 50
= 0x7fb20a0ba4d8
R
P 0x7fb20a09bc08
C 294
R
P 0x7fb20a09bc08
P 0x7fb20a0ba4d8
C 208
R
P 0x7fb20a09bc08
C 294
R
P 0x7fb20a09bc08
P 0x7fb20a0ba4d8
C 205
= 0x7fb20a0b8cd8
R
P 0x7fb20a09bc08
C 294
R
P 0x7fb20a09bc08
P 0x7fb20a0b8cd8
C 166
R
P 0x7fb20a09bc08
C 294
R
P 0x7fb20a09bc08
P 0x7fb20a0ba4d8
C 211
R
P 0x7fb20a09bc08
C 294
R
P 0x7fb20a09bc08
P 0x7fb20a0ba4d8
C 210
R
P 0x7fb20a09bc08
C 294
R
P 0x7fb20a09bc08
P 0x7fb20a0ba4d8
C 9
R
P 0x7fb20a09bc08
C 294
R
P 0x7fb20a09bc08
U 2
P 0x7fb20a0b8cd8
C 150
= 0x7fb20a0ba4f8
R
P 0x7fb20a09bc08
C 294
R
P 0x7fb20a09bc08
P 0x7fb20a0ba4f8
C 208
R
P 0x7fb20a09bc08
C 294
R
P 0x7fb20a09bc08
P 0x7fb20a0ba4f8
C 205
= 0x7fb20a0b8cd8
R
P 0x7fb20a09bc08
C 294
R
P 0x7fb20a09bc08
P 0x7fb20a0b8cd8
C 166
R
P 0x7fb20a09bc08
C 294
R
P 0x7fb20a09bc08
P 0x7fb20a0ba4f8
C 211
R
P 0x7fb20a09bc08
C 294
R
P 0x7fb20a09bc08
P 0x7fb20a0ba4f8
C 210
R
P 0x7fb20a09bc08
C 294
R
P 0x7fb20a09bc08
P 0x7fb20a0ba4f8
C 9
R
P 0x7fb20a09bc08
C 294
R
P 0x7fb20a09bc08
S "x_1"
C 30
R
P 0x7fb20a09bc08
C 294
R
P 0x7fb20a09bc08
$ |x_1|
P 0x7fb20a0b8cd8
C 50
= 0x7fb20a0ba718
R
P 0x7fb20a09bc08
C 294
R
P 0x7fb20a09bc08
P 0x7fb20a0ba718
C 208
R
P 0x7fb20a09bc08
C 294
R
P 0x7fb20a09bc08
P 0x7fb20a0ba718
C 205
= 0x7fb20a0b8cd8
R
P 0x7fb20a09bc08
C 294
R
P 0x7fb20a09bc08
P 0x7fb20a0b8cd8
C 166
R
P 0x7fb20a09bc08
C 294
R
P 0x7fb20a09bc08
P 0x7fb20a0ba718
C 211
R
P 0x7fb20a09bc08
C 294
R
P 0x7fb20a09bc08
P 0x7fb20a0ba718
C 210
R
P 0x7fb20a09bc08
C 294
R
P 0x7fb20a09bc08
P 0x7fb20a0ba718
C 9
R
P 0x7fb20a09bc08
C 294
R
P 0x7fb20a09bc08
U 1
P 0x7fb20a0b8cd8
C 150
= 0x7fb20a0ba738
R
P 0x7fb20a09bc08
C 294
R
P 0x7fb20a09bc08
P 0x7fb20a0ba738
C 208
R
P 0x7fb20a09bc08
C 294
R
P 0x7fb20a09bc08
P 0x7fb20a0ba738
C 205
= 0x7fb20a0b8cd8
R
P 0x7fb20a09bc08
C 294
R
P 0x7fb20a09bc08
P 0x7fb20a0b8cd8
C 166
R
P 0x7fb20a09bc08
C 294
R
P 0x7fb20a09bc08
P 0x7fb20a0ba738
C 211
R
P 0x7fb20a09bc08
C 294
R
P 0x7fb20a09bc08
P 0x7fb20a0ba738
C 210
R
P 0x7fb20a09bc08
C 294
R
P 0x7fb20a09bc08
P 0x7fb20a0ba738
C 9
R
P 0x7fb20a09bc08
C 294
R
P 0x7fb20a09bc08
S "x_2"
C 30
R
P 0x7fb20a09bc08
C 294
R
P 0x7fb20a09bc08
$ |x_2|
P 0x7fb20a0b8cd8
C 50
= 0x7fb20a0ba758
R
P 0x7fb20a09bc08
C 294
R
P 0x7fb20a09bc08
P 0x7fb20a0ba758
C 208
R
P 0x7fb20a09bc08
C 294
R
P 0x7fb20a09bc08
P 0x7fb20a0ba758
C 205
= 0x7fb20a0b8cd8
R
P 0x7fb20a09bc08
C 294
R
P 0x7fb20a09bc08
P 0x7fb20a0b8cd8
C 166
R
P 0x7fb20a09bc08
C 294
R
P 0x7fb20a09bc08
P 0x7fb20a0ba758
C 211
R
P 0x7fb20a09bc08
C 294
R
P 0x7fb20a09bc08
P 0x7fb20a0ba758
C 210
R
P 0x7fb20a09bc08
C 294
R
P 0x7fb20a09bc08
P 0x7fb20a0ba758
C 9
R
P 0x7fb20a09bc08
C 294
R
P 0x7fb20a09bc08
U 0
P 0x7fb20a0b8cd8
C 150
= 0x7fb20a0ba778
R
P 0x7fb20a09bc08
C 294
R
P 0x7fb20a09bc08
P 0x7fb20a0ba778
C 208
R
P 0x7fb20a09bc08
C 294
R
P 0x7fb20a09bc08
P 0x7fb20a0ba778
C 205
= 0x7fb20a0b8cd8
R
P 0x7fb20a09bc08
C 294
R
P 0x7fb20a09bc08
P 0x7fb20a0b8cd8
C 166
R
P 0x7fb20a09bc08
C 294
R
P 0x7fb20a09bc08
P 0x7fb20a0ba778
C 211
R
P 0x7fb20a09bc08
C 294
R
P 0x7fb20a09bc08
P 0x7fb20a0ba778
C 210
R
P 0x7fb20a09bc08
C 294
R
P 0x7fb20a09bc08
P 0x7fb20a0ba778
C 9
R
P 0x7fb20a09bc08
C 294
R
P 0x7fb20a09bc08
I 1
P 0x7fb20a0b8cd8
C 145
= 0x7fb20a0b96b8
R
P 0x7fb20a09bc08
C 294
R
P 0x7fb20a09bc08
P 0x7fb20a0b96b8
C 9
R
P 0x7fb20a09bc08
C 294
R
P 0x7fb20a09bc08
U 2
P 0x7fb20a0ba4f8
P 0x7fb20a0b96b8
p 2
C 64
= 0x7fb20a821388
R
P 0x7fb20a09bc08
C 294
R
P 0x7fb20a09bc08
P 0x7fb20a821388
C 208
R
P 0x7fb20a09bc08
C 294
R
P 0x7fb20a09bc08
P 0x7fb20a821388
C 205
= 0x7fb20a0b8cd8
R
P 0x7fb20a09bc08
C 294
R
P 0x7fb20a09bc08
P 0x7fb20a0b8cd8
C 166
R
P 0x7fb20a09bc08
C 294
R
P 0x7fb20a09bc08
P 0x7fb20a821388
C 211
R
P 0x7fb20a09bc08
C 294
R
P 0x7fb20a09bc08
P 0x7fb20a821388
C 210
R
P 0x7fb20a09bc08
C 294
R
P 0x7fb20a09bc08
P 0x7fb20a821388
C 9
R
P 0x7fb20a09bc08
C 294
R
P 0x7fb20a09bc08
I 2
P 0x7fb20a0b8cd8
C 145
= 0x7fb20a0b97d8
R
P 0x7fb20a09bc08
C 294
R
P 0x7fb20a09bc08
P 0x7fb20a0b97d8
C 9
R
P 0x7fb20a09bc08
C 294
R
P 0x7fb20a09bc08
P 0x7fb20a821388
P 0x7fb20a0b97d8
C 55
= 0x7fb20a821350
R
P 0x7fb20a09bc08
C 294
R
P 0x7fb20a09bc08
P 0x7fb20a821350
C 9
R
P 0x7fb20a09bc08
C 294
R
P 0x7fb20a09bc08
I 2
P 0x7fb20a0b8cd8
C 145
= 0x7fb20a0b97d8
R
P 0x7fb20a09bc08
C 294
R
P 0x7fb20a09bc08
P 0x7fb20a0b97d8
C 9
R
P 0x7fb20a09bc08
C 294
R
P 0x7fb20a09bc08
U 2
P 0x7fb20a0ba738
P 0x7fb20a0b97d8
p 2
C 64
= 0x7fb20a821318
R
P 0x7fb20a09bc08
C 294
R
P 0x7fb20a09bc08
P 0x7fb20a821318
C 208
R
P 0x7fb20a09bc08
C 294
R
P 0x7fb20a09bc08
P 0x7fb20a821318
C 205
= 0x7fb20a0b8cd8
R
P 0x7fb20a09bc08
C 294
R
P 0x7fb20a09bc08
P 0x7fb20a0b8cd8
C 166
R
P 0x7fb20a09bc08
C 294
R
P 0x7fb20a09bc08
P 0x7fb20a821318
C 211
R
P 0x7fb20a09bc08
C 294
R
P 0x7fb20a09bc08
P 0x7fb20a821318
C 210
R
P 0x7fb20a09bc08
C 294
R
P 0x7fb20a09bc08
P 0x7fb20a821318
C 9
R
P 0x7fb20a09bc08
C 294
R
P 0x7fb20a09bc08
I 3
P 0x7fb20a0b8cd8
C 145
= 0x7fb20a0ba438
R
P 0x7fb20a09bc08
C 294
R
P 0x7fb20a09bc08
P 0x7fb20a0ba438
C 9
R
P 0x7fb20a09bc08
C 294
R
P 0x7fb20a09bc08
U 2
P 0x7fb20a0ba778
P 0x7fb20a0ba438
p 2
C 64
= 0x7fb20a8212e0
R
P 0x7fb20a09bc08
C 294
R
P 0x7fb20a09bc08
P 0x7fb20a8212e0
C 208
R
P 0x7fb20a09bc08
C 294
R
P 0x7fb20a09bc08
P 0x7fb20a8212e0
C 205
= 0x7fb20a0b8cd8
R
P 0x7fb20a09bc08
C 294
R
P 0x7fb20a09bc08
P 0x7fb20a0b8cd8
C 166
R
P 0x7fb20a09bc08
C 294
R
P 0x7fb20a09bc08
P 0x7fb20a8212e0
C 211
R
P 0x7fb20a09bc08
C 294
R
P 0x7fb20a09bc08
P 0x7fb20a8212e0
C 210
R
P 0x7fb20a09bc08
C 294
R
P 0x7fb20a09bc08
P 0x7fb20a8212e0
C 9
R
P 0x7fb20a09bc08
C 294
R
P 0x7fb20a09bc08
P 0x7fb20a821318
P 0x7fb20a8212e0
C 55
= 0x7fb20a8212a8
R
P 0x7fb20a09bc08
C 294
R
P 0x7fb20a09bc08
P 0x7fb20a8212a8
C 9
R
P 0x7fb20a09bc08
C 294
R
P 0x7fb20a09bc08
U 2
P 0x7fb20a821350
P 0x7fb20a8212a8
p 2
C 62
= 0x7fb20a821fc8
R
P 0x7fb20a09bc08
C 294
R
P 0x7fb20a09bc08
P 0x7fb20a821fc8
C 9
R
P 0x7fb20a09bc08
C 294
R
P 0x7fb20a09bc08
I 1
P 0x7fb20a0b8cd8
C 145
= 0x7fb20a0b96b8
R
P 0x7fb20a09bc08
C 294
R
P 0x7fb20a09bc08
P 0x7fb20a0b96b8
C 9
R
P 0x7fb20a09bc08
C 294
R
P 0x7fb20a09bc08
U 2
P 0x7fb20a0ba4d8
P 0x7fb20a0b96b8
p 2
C 64
= 0x7fb20a821f90
R
P 0x7fb20a09bc08
C 294
R
P 0x7fb20a09bc08
P 0x7fb20a821f90
C 208
R
P 0x7fb20a09bc08
C 294
R
P 0x7fb20a09bc08
P 0x7fb20a821f90
C 205
= 0x7fb20a0b8cd8
R
P 0x7fb20a09bc08
C 294
R
P 0x7fb20a09bc08
P 0x7fb20a0b8cd8
C 166
R
P 0x7fb20a09bc08
C 294
R
P 0x7fb20a09bc08
P 0x7fb20a821f90
C 211
R
P 0x7fb20a09bc08
C 294
R
P 0x7fb20a09bc08
P 0x7fb20a821f90
C 210
R
P 0x7fb20a09bc08
C 294
R
P 0x7fb20a09bc08
P 0x7fb20a821f90
C 9
R
P 0x7fb20a09bc08
C 294
R
P 0x7fb20a09bc08
I 2
P 0x7fb20a0b8cd8
C 145
= 0x7fb20a0b97d8
R
P 0x7fb20a09bc08
C 294
R
P 0x7fb20a09bc08
P 0x7fb20a0b97d8
C 9
R
P 0x7fb20a09bc08
C 294
R
P 0x7fb20a09bc08
P 0x7fb20a821f90
P 0x7fb20a0b97d8
C 55
= 0x7fb20a821f58
R
P 0x7fb20a09bc08
C 294
R
P 0x7fb20a09bc08
P 0x7fb20a821f58
C 9
R
P 0x7fb20a09bc08
C 294
R
P 0x7fb20a09bc08
I 2
P 0x7fb20a0b8cd8
C 145
= 0x7fb20a0b97d8
R
P 0x7fb20a09bc08
C 294
R
P 0x7fb20a09bc08
P 0x7fb20a0b97d8
C 9
R
P 0x7fb20a09bc08
C 294
R
P 0x7fb20a09bc08
U 2
P 0x7fb20a0ba718
P 0x7fb20a0b97d8
p 2
C 64
= 0x7fb20a821f20
R
P 0x7fb20a09bc08
C 294
R
P 0x7fb20a09bc08
P 0x7fb20a821f20
C 208
R
P 0x7fb20a09bc08
C 294
R
P 0x7fb20a09bc08
P 0x7fb20a821f20
C 205
= 0x7fb20a0b8cd8
R
P 0x7fb20a09bc08
C 294
R
P 0x7fb20a09bc08
P 0x7fb20a0b8cd8
C 166
R
P 0x7fb20a09bc08
C 294
R
P 0x7fb20a09bc08
P 0x7fb20a821f20
C 211
R
P 0x7fb20a09bc08
C 294
R
P 0x7fb20a09bc08
P 0x7fb20a821f20
C 210
R
P 0x7fb20a09bc08
C 294
R
P 0x7fb20a09bc08
P 0x7fb20a821f20
C 9
R
P 0x7fb20a09bc08
C 294
R
P 0x7fb20a09bc08
I 3
P 0x7fb20a0b8cd8
C 145
= 0x7fb20a0ba438
R
P 0x7fb20a09bc08
C 294
R
P 0x7fb20a09bc08
P 0x7fb20a0ba438
C 9
R
P 0x7fb20a09bc08
C 294
R
P 0x7fb20a09bc08
U 2
P 0x7fb20a0ba758
P 0x7fb20a0ba438
p 2
C 64
= 0x7fb20a821ee8
R
P 0x7fb20a09bc08
C 294
R
P 0x7fb20a09bc08
P 0x7fb20a821ee8
C 208
R
P 0x7fb20a09bc08
C 294
R
P 0x7fb20a09bc08
P 0x7fb20a821ee8
C 205
= 0x7fb20a0b8cd8
R
P 0x7fb20a09bc08
C 294
R
P 0x7fb20a09bc08
P 0x7fb20a0b8cd8
C 166
R
P 0x7fb20a09bc08
C 294
R
P 0x7fb20a09bc08
P 0x7fb20a821ee8
C 211
R
P 0x7fb20a09bc08
C 294
R
P 0x7fb20a09bc08
P 0x7fb20a821ee8
C 210
R
P 0x7fb20a09bc08
C 294
R
P 0x7fb20a09bc08
P 0x7fb20a821ee8
C 9
R
P 0x7fb20a09bc08
C 294
R
P 0x7fb20a09bc08
P 0x7fb20a821f20
P 0x7fb20a821ee8
C 55
= 0x7fb20a821eb0
R
P 0x7fb20a09bc08
C 294
R
P 0x7fb20a09bc08
P 0x7fb20a821eb0
C 9
R
P 0x7fb20a09bc08
C 294
R
P 0x7fb20a09bc08
U 2
P 0x7fb20a821f58
P 0x7fb20a821eb0
p 2
C 62
= 0x7fb20a821e78
R
P 0x7fb20a09bc08
C 294
R
P 0x7fb20a09bc08
P 0x7fb20a821e78
C 9
R
P 0x7fb20a09bc08
C 294
R
P 0x7fb20a09bc08
S "Q1"
C 30
R
P 0x7fb20a09bc08
C 294
R
P 0x7fb20a09bc08
S "skid1"
C 30
R
P 0x7fb20a09bc08
C 294
R
P 0x7fb20a09bc08
I 1
U 1
$ |Q1|
$ |skid1|
U 0
p 0
U 0
p 0
U 3
P 0x7fb20a0b8cd8
P 0x7fb20a0b8cd8
P 0x7fb20a0b8cd8
p 3
$ |x_0|
$ |x_1|
$ |x_2|
s 3
P 0x7fb20a821fc8
C 154
= 0x7fb20a0d9690
R
P 0x7fb20a09bc08
C 294
R
P 0x7fb20a09bc08
P 0x7fb20a0d9690
C 208
R
P 0x7fb20a09bc08
C 294
R
P 0x7fb20a09bc08
P 0x7fb20a0d9690
C 209
R
P 0x7fb20a09bc08
C 294
R
P 0x7fb20a09bc08
P 0x7fb20a0d9690
C 208
R
P 0x7fb20a09bc08
C 294
R
P 0x7fb20a09bc08
P 0x7fb20a0d9690
C 208
R
P 0x7fb20a09bc08
C 294
R
P 0x7fb20a09bc08
P 0x7fb20a0d9690
C 9
R
P 0x7fb20a09bc08
C 294
R
P 0x7fb20a09bc08
P 0x7fb20a0d9690
C 275
R
P 0x7fb20a09bc08
C 294
R
P 0x7fb20a09bc08
S "Q2"
C 30
R
P 0x7fb20a09bc08
C 294
R
P 0x7fb20a09bc08
S "skid2"
C 30
R
P 0x7fb20a09bc08
C 294
R
P 0x7fb20a09bc08
I 1
U 1
$ |Q2|
$ |skid2|
U 3
P 0x7fb20a0ba4d8
P 0x7fb20a0ba718
P 0x7fb20a0ba758
p 3
U 0
p 0
U 0
p 0
P 0x7fb20a821e78
C 158
= 0x7fb20a0d9690
R
P 0x7fb20a09bc08
C 294
R
P 0x7fb20a09bc08
P 0x7fb20a0d9690
C 208
R
P 0x7fb20a09bc08
C 294
R
P 0x7fb20a09bc08
P 0x7fb20a0d9690
C 209
R
P 0x7fb20a09bc08
C 294
R
P 0x7fb20a09bc08
P 0x7fb20a0d9690
C 208
R
P 0x7fb20a09bc08
C 294
R
P 0x7fb20a09bc08
P 0x7fb20a0d9690
C 208
R
P 0x7fb20a09bc08
C 294
R
P 0x7fb20a09bc08
P 0x7fb20a0d9690
C 9
R
P 0x7fb20a09bc08
C 294
R
P 0x7fb20a09bc08
P 0x7fb20a0d9690
C 275
R
P 0x7fb20a09bc08
C 294
M "QuantifierExample2"
R
P 0x7fb20a09bc08
S "f"
C 30
R
P 0x7fb20a09bc08
C 294
R
P 0x7fb20a09bc08
$ |f|
U 1
P 0x7fb20a0b8cd8
p 1
P 0x7fb20a0b8cd8
C 48
= 0x7fb20a821e40
R
P 0x7fb20a09bc08
C 294
R
P 0x7fb20a09bc08
P 0x7fb20a821e40
C 9
R
P 0x7fb20a09bc08
C 294
R
P 0x7fb20a09bc08
S "g"
C 30
R
P 0x7fb20a09bc08
C 294
R
P 0x7fb20a09bc08
$ |g|
U 1
P 0x7fb20a0b8cd8
p 1
P 0x7fb20a0b8cd8
C 48
= 0x7fb20a821e08
R
P 0x7fb20a09bc08
C 294
R
P 0x7fb20a09bc08
P 0x7fb20a821e08
C 9
R
P 0x7fb20a09bc08
C 294
R
P 0x7fb20a09bc08
S "x"
C 30
R
P 0x7fb20a09bc08
C 294
R
P 0x7fb20a09bc08
$ |x|
P 0x7fb20a0b8cd8
C 50
= 0x7fb20a0b9798
R
P 0x7fb20a09bc08
C 294
R
P 0x7fb20a09bc08
P 0x7fb20a0b9798
C 208
R
P 0x7fb20a09bc08
C 294
R
P 0x7fb20a09bc08
P 0x7fb20a0b9798
C 205
= 0x7fb20a0b8cd8
R
P 0x7fb20a09bc08
C 294
R
P 0x7fb20a09bc08
P 0x7fb20a0b8cd8
C 166
R
P 0x7fb20a09bc08
C 294
R
P 0x7fb20a09bc08
P 0x7fb20a0b9798
C 211
R
P 0x7fb20a09bc08
C 294
R
P 0x7fb20a09bc08
P 0x7fb20a0b9798
C 210
R
P 0x7fb20a09bc08
C 294
R
P 0x7fb20a09bc08
P 0x7fb20a0b9798
C 9
R
P 0x7fb20a09bc08
C 294
R
P 0x7fb20a09bc08
S "y"
C 30
R
P 0x7fb20a09bc08
C 294
R
P 0x7fb20a09bc08
$ |y|
P 0x7fb20a0b8cd8
C 50
= 0x7fb20a0b9778
R
P 0x7fb20a09bc08
C 294
R
P 0x7fb20a09bc08
P 0x7fb20a0b9778
C 208
R
P 0x7fb20a09bc08
C 294
R
P 0x7fb20a09bc08
P 0x7fb20a0b9778
C 205
= 0x7fb20a0b8cd8
R
P 0x7fb20a09bc08
C 294
R
P 0x7fb20a09bc08
P 0x7fb20a0b8cd8
C 166
R
P 0x7fb20a09bc08
C 294
R
P 0x7fb20a09bc08
P 0x7fb20a0b9778
C 211
R
P 0x7fb20a09bc08
C 294
R
P 0x7fb20a09bc08
P 0x7fb20a0b9778
C 210
R
P 0x7fb20a09bc08
C 294
R
P 0x7fb20a09bc08
P 0x7fb20a0b9778
C 9
R
P 0x7fb20a09bc08
C 294
R
P 0x7fb20a09bc08
P 0x7fb20a821e40
U 1
P 0x7fb20a0b9798
p 1
C 49
= 0x7fb20a0bc768
R
P 0x7fb20a09bc08
C 294
R
P 0x7fb20a09bc08
P 0x7fb20a0bc768
C 208
R
P 0x7fb20a09bc08
C 294
R
P 0x7fb20a09bc08
P 0x7fb20a0bc768
C 205
= 0x7fb20a0b8cd8
R
P 0x7fb20a09bc08
C 294
R
P 0x7fb20a09bc08
P 0x7fb20a0b8cd8
C 166
R
P 0x7fb20a09bc08
C 294
R
P 0x7fb20a09bc08
P 0x7fb20a0bc768
C 211
R
P 0x7fb20a09bc08
C 294
R
P 0x7fb20a09bc08
P 0x7fb20a0bc768
C 210
R
P 0x7fb20a09bc08
C 294
R
P 0x7fb20a09bc08
P 0x7fb20a0bc768
C 9
R
P 0x7fb20a09bc08
C 294
R
P 0x7fb20a09bc08
P 0x7fb20a821e40
U 1
P 0x7fb20a0b9778
p 1
C 49
= 0x7fb20a17ca98
R
P 0x7fb20a09bc08
C 294
R
P 0x7fb20a09bc08
P 0x7fb20a17ca98
C 208
R
P 0x7fb20a09bc08
C 294
R
P 0x7fb20a09bc08
P 0x7fb20a17ca98
C 205
= 0x7fb20a0b8cd8
R
P 0x7fb20a09bc08
C 294
R
P 0x7fb20a09bc08
P 0x7fb20a0b8cd8
C 166
R
P 0x7fb20a09bc08
C 294
R
P 0x7fb20a09bc08
P 0x7fb20a17ca98
C 211
R
P 0x7fb20a09bc08
C 294
R
P 0x7fb20a09bc08
P 0x7fb20a17ca98
C 210
R
P 0x7fb20a09bc08
C 294
R
P 0x7fb20a09bc08
P 0x7fb20a17ca98
C 9
R
P 0x7fb20a09bc08
C 294
R
P 0x7fb20a09bc08
P 0x7fb20a821e08
U 1
P 0x7fb20a0b9778
p 1
C 49
= 0x7fb20a17cac8
R
P 0x7fb20a09bc08
C 294
R
P 0x7fb20a09bc08
P 0x7fb20a17cac8
C 208
R
P 0x7fb20a09bc08
C 294
R
P 0x7fb20a09bc08
P 0x7fb20a17cac8
C 205
= 0x7fb20a0b8cd8
R
P 0x7fb20a09bc08
C 294
R
P 0x7fb20a09bc08
P 0x7fb20a0b8cd8
C 166
R
P 0x7fb20a09bc08
C 294
R
P 0x7fb20a09bc08
P 0x7fb20a17cac8
C 211
R
P 0x7fb20a09bc08
C 294
R
P 0x7fb20a09bc08
P 0x7fb20a17cac8
C 210
R
P 0x7fb20a09bc08
C 294
R
P 0x7fb20a09bc08
P 0x7fb20a17cac8
C 9
R
P 0x7fb20a09bc08
C 294
R
P 0x7fb20a09bc08
U 2
P 0x7fb20a0bc768
P 0x7fb20a17cac8
p 2
C 149
= 0x7fb20a821dd0
R
P 0x7fb20a09bc08
C 294
R
P 0x7fb20a09bc08
P 0x7fb20a821dd0
C 9
R
P 0x7fb20a09bc08
C 294
R
P 0x7fb20a09bc08
P 0x7fb20a0bc768
P 0x7fb20a17ca98
C 55
= 0x7fb20a821d98
R
P 0x7fb20a09bc08
C 294
R
P 0x7fb20a09bc08
P 0x7fb20a821d98
C 9
R
P 0x7fb20a09bc08
C 294
R
P 0x7fb20a09bc08
P 0x7fb20a17ca98
P 0x7fb20a17cac8
C 55
= 0x7fb20a821d60
R
P 0x7fb20a09bc08
C 294
R
P 0x7fb20a09bc08
P 0x7fb20a821d60
C 9
R
P 0x7fb20a09bc08
C 294
R
P 0x7fb20a09bc08
U 2
P 0x7fb20a821d98
P 0x7fb20a821d60
p 2
C 62
= 0x7fb20a821d28
R
P 0x7fb20a09bc08
C 294
R
P 0x7fb20a09bc08
P 0x7fb20a821d28
C 9
R
P 0x7fb20a09bc08
C 294
R
P 0x7fb20a09bc08
S "q"
C 30
R
P 0x7fb20a09bc08
C 294
R
P 0x7fb20a09bc08
S "sk"
C 30
R
P 0x7fb20a09bc08
C 294
R
P 0x7fb20a09bc08
I 1
U 1
$ |q|
$ |sk|
U 2
P 0x7fb20a0b9798
P 0x7fb20a0b9778
p 2
U 0
p 0
U 1
P 0x7fb20a17ca98
p 1
P 0x7fb20a821d28
C 158
= 0x7fb20a0dc458
R
P 0x7fb20a09bc08
C 294
R
P 0x7fb20a09bc08
P 0x7fb20a0dc458
C 208
R
P 0x7fb20a09bc08
C 294
R
P 0x7fb20a09bc08
P 0x7fb20a0dc458
C 209
R
P 0x7fb20a09bc08
C 294
R
P 0x7fb20a09bc08
P 0x7fb20a0dc458
C 208
R
P 0x7fb20a09bc08
C 294
R
P 0x7fb20a09bc08
P 0x7fb20a0dc458
C 208
R
P 0x7fb20a09bc08
C 294
R
P 0x7fb20a09bc08
P 0x7fb20a0dc458
C 9
R
P 0x7fb20a09bc08
C 294
R
P 0x7fb20a09bc08
P 0x7fb20a0dc458
C 275
R
P 0x7fb20a09bc08
C 294
R
P 0x7fb20a09bc08
U 1
P 0x7fb20a0b8cd8
C 150
= 0x7fb20a0ba738
R
P 0x7fb20a09bc08
C 294
R
P 0x7fb20a09bc08
P 0x7fb20a0ba738
C 208
R
P 0x7fb20a09bc08
C 294
R
P 0x7fb20a09bc08
P 0x7fb20a0ba738
C 205
= 0x7fb20a0b8cd8
R
P 0x7fb20a09bc08
C 294
R
P 0x7fb20a09bc08
P 0x7fb20a0b8cd8
C 166
R
P 0x7fb20a09bc08
C 294
R
P 0x7fb20a09bc08
P 0x7fb20a0ba738
C 211
R
P 0x7fb20a09bc08
C 294
R
P 0x7fb20a09bc08
P 0x7fb20a0ba738
C 210
R
P 0x7fb20a09bc08
C 294
R
P 0x7fb20a09bc08
P 0x7fb20a0ba738
C 9
R
P 0x7fb20a09bc08
C 294
R
P 0x7fb20a09bc08
U 0
P 0x7fb20a0b8cd8
C 150
= 0x7fb20a0ba778
R
P 0x7fb20a09bc08
C 294
R
P 0x7fb20a09bc08
P 0x7fb20a0ba778
C 208
R
P 0x7fb20a09bc08
C 294
R
P 0x7fb20a09bc08
P 0x7fb20a0ba778
C 205
= 0x7fb20a0b8cd8
R
P 0x7fb20a09bc08
C 294
R
P 0x7fb20a09bc08
P 0x7fb20a0b8cd8
C 166
R
P 0x7fb20a09bc08
C 294
R
P 0x7fb20a09bc08
P 0x7fb20a0ba778
C 211
R
P 0x7fb20a09bc08
C 294
R
P 0x7fb20a09bc08
P 0x7fb20a0ba778
C 210
R
P 0x7fb20a09bc08
C 294
R
P 0x7fb20a09bc08
P 0x7fb20a0ba778
C 9
R
P 0x7fb20a09bc08
C 294
R
P 0x7fb20a09bc08
P 0x7fb20a821e40
U 1
P 0x7fb20a0ba738
p 1
C 49
= 0x7fb20a17cb58
R
P 0x7fb20a09bc08
C 294
R
P 0x7fb20a09bc08
P 0x7fb20a17cb58
C 208
R
P 0x7fb20a09bc08
C 294
R
P 0x7fb20a09bc08
P 0x7fb20a17cb58
C 205
= 0x7fb20a0b8cd8
R
P 0x7fb20a09bc08
C 294
R
P 0x7fb20a09bc08
P 0x7fb20a0b8cd8
C 166
R
P 0x7fb20a09bc08
C 294
R
P 0x7fb20a09bc08
P 0x7fb20a17cb58
C 211
R
P 0x7fb20a09bc08
C 294
R
P 0x7fb20a09bc08
P 0x7fb20a17cb58
C 210
R
P 0x7fb20a09bc08
C 294
R
P 0x7fb20a09bc08
P 0x7fb20a17cb58
C 9
R
P 0x7fb20a09bc08
C 294
R
P 0x7fb20a09bc08
P 0x7fb20a821e40
U 1
P 0x7fb20a0ba778
p 1
C 49
= 0x7fb20a17caf8
R
P 0x7fb20a09bc08
C 294
R
P 0x7fb20a09bc08
P 0x7fb20a17caf8
C 208
R
P 0x7fb20a09bc08
C 294
R
P 0x7fb20a09bc08
P 0x7fb20a17caf8
C 205
= 0x7fb20a0b8cd8
R
P 0x7fb20a09bc08
C 294
R
P 0x7fb20a09bc08
P 0x7fb20a0b8cd8
C 166
R
P 0x7fb20a09bc08
C 294
R
P 0x7fb20a09bc08
P 0x7fb20a17caf8
C 211
R
P 0x7fb20a09bc08
C 294
R
P 0x7fb20a09bc08
P 0x7fb20a17caf8
C 210
R
P 0x7fb20a09bc08
C 294
R
P 0x7fb20a09bc08
P 0x7fb20a17caf8
C 9
R
P 0x7fb20a09bc08
C 294
R
P 0x7fb20a09bc08
P 0x7fb20a821e08
U 1
P 0x7fb20a0ba778
p 1
C 49
= 0x7fb20a17cb28
R
P 0x7fb20a09bc08
C 294
R
P 0x7fb20a09bc08
P 0x7fb20a17cb28
C 208
R
P 0x7fb20a09bc08
C 294
R
P 0x7fb20a09bc08
P 0x7fb20a17cb28
C 205
= 0x7fb20a0b8cd8
R
P 0x7fb20a09bc08
C 294
R
P 0x7fb20a09bc08
P 0x7fb20a0b8cd8
C 166
R
P 0x7fb20a09bc08
C 294
R
P 0x7fb20a09bc08
P 0x7fb20a17cb28
C 211
R
P 0x7fb20a09bc08
C 294
R
P 0x7fb20a09bc08
P 0x7fb20a17cb28
C 210
R
P 0x7fb20a09bc08
C 294
R
P 0x7fb20a09bc08
P 0x7fb20a17cb28
C 9
R
P 0x7fb20a09bc08
C 294
R
P 0x7fb20a09bc08
U 2
P 0x7fb20a17cb58
P 0x7fb20a17cb28
p 2
C 149
= 0x7fb20a821c48
R
P 0x7fb20a09bc08
C 294
R
P 0x7fb20a09bc08
P 0x7fb20a821c48
C 9
R
P 0x7fb20a09bc08
C 294
R
P 0x7fb20a09bc08
S "x"
C 30
R
P 0x7fb20a09bc08
C 294
R
P 0x7fb20a09bc08
S "y"
C 30
R
P 0x7fb20a09bc08
C 294
R
P 0x7fb20a09bc08
P 0x7fb20a17cb58
P 0x7fb20a17caf8
C 55
= 0x7fb20a821cb8
R
P 0x7fb20a09bc08
C 294
R
P 0x7fb20a09bc08
P 0x7fb20a821cb8
C 9
R
P 0x7fb20a09bc08
C 294
R
P 0x7fb20a09bc08
P 0x7fb20a17caf8
P 0x7fb20a17cb28
C 55
= 0x7fb20a821cf0
R
P 0x7fb20a09bc08
C 294
R
P 0x7fb20a09bc08
P 0x7fb20a821cf0
C 9
R
P 0x7fb20a09bc08
C 294
R
P 0x7fb20a09bc08
U 2
P 0x7fb20a821cb8
P 0x7fb20a821cf0
p 2
C 62
= 0x7fb20a821c80
R
P 0x7fb20a09bc08
C 294
R
P 0x7fb20a09bc08
P 0x7fb20a821c80
C 9
R
P 0x7fb20a09bc08
C 294
R
P 0x7fb20a09bc08
S "q"
C 30
R
P 0x7fb20a09bc08
C 294
R
P 0x7fb20a09bc08
S "sk"
C 30
R
P 0x7fb20a09bc08
C 294
R
P 0x7fb20a09bc08
I 1
U 1
$ |q|
$ |sk|
U 0
p 0
U 1
P 0x7fb20a17caf8
p 1
U 2
P 0x7fb20a0b8cd8
P 0x7fb20a0b8cd8
p 2
$ |x|
$ |y|
s 2
P 0x7fb20a821c80
C 154
= 0x7fb20a0dc458
R
P 0x7fb20a09bc08
C 294
R
P 0x7fb20a09bc08
P 0x7fb20a0dc458
C 208
R
P 0x7fb20a09bc08
C 294
R
P 0x7fb20a09bc08
P 0x7fb20a0dc458
C 209
R
P 0x7fb20a09bc08
C 294
R
P 0x7fb20a09bc08
P 0x7fb20a0dc458
C 208
R
P 0x7fb20a09bc08
C 294
R
P 0x7fb20a09bc08
P 0x7fb20a0dc458
C 208
R
P 0x7fb20a09bc08
C 294
R
P 0x7fb20a09bc08
P 0x7fb20a0dc458
C 9
R
P 0x7fb20a09bc08
C 294
R
P 0x7fb20a09bc08
P 0x7fb20a0dc458
C 275
R
P 0x7fb20a09bc08
C 294
M "LogicTest"
R
I 1
C 273
R
P 0x7fb20a09bc08
U 32
C 35
= 0x7fb20a0b9118
R
P 0x7fb20a09bc08
C 294
R
P 0x7fb20a09bc08
P 0x7fb20a0b9118
C 9
R
P 0x7fb20a09bc08
C 294
R
P 0x7fb20a09bc08
S "x"
C 30
R
P 0x7fb20a09bc08
C 294
R
P 0x7fb20a09bc08
$ |x|
P 0x7fb20a0b9118
C 50
= 0x7fb20a0ba798
R
P 0x7fb20a09bc08
C 294
R
P 0x7fb20a09bc08
P 0x7fb20a0ba798
C 208
R
P 0x7fb20a09bc08
C 294
R
P 0x7fb20a09bc08
P 0x7fb20a0ba798
C 205
= 0x7fb20a0b9118
R
P 0x7fb20a09bc08
C 294
R
P 0x7fb20a09bc08
P 0x7fb20a0b9118
C 166
R
P 0x7fb20a09bc08
C 294
R
P 0x7fb20a09bc08
P 0x7fb20a0ba798
C 211
R
P 0x7fb20a09bc08
C 294
R
P 0x7fb20a09bc08
P 0x7fb20a0ba798
C 210
R
P 0x7fb20a09bc08
C 294
R
P 0x7fb20a09bc08
P 0x7fb20a0ba798
C 9
R
P 0x7fb20a09bc08
C 294
R
P 0x7fb20a09bc08
S "y"
C 30
R
P 0x7fb20a09bc08
C 294
R
P 0x7fb20a09bc08
$ |y|
P 0x7fb20a0b9118
C 50
= 0x7fb20a0ba7b8
R
P 0x7fb20a09bc08
C 294
R
P 0x7fb20a09bc08
P 0x7fb20a0ba7b8
C 208
R
P 0x7fb20a09bc08
C 294
R
P 0x7fb20a09bc08
P 0x7fb20a0ba7b8
C 205
= 0x7fb20a0b9118
R
P 0x7fb20a09bc08
C 294
R
P 0x7fb20a09bc08
P 0x7fb20a0b9118
C 166
R
P 0x7fb20a09bc08
C 294
R
P 0x7fb20a09bc08
P 0x7fb20a0ba7b8
C 211
R
P 0x7fb20a09bc08
C 294
R
P 0x7fb20a09bc08
P 0x7fb20a0ba7b8
C 210
R
P 0x7fb20a09bc08
C 294
R
P 0x7fb20a09bc08
P 0x7fb20a0ba7b8
C 9
R
P 0x7fb20a09bc08
C 294
R
P 0x7fb20a09bc08
P 0x7fb20a0ba798
P 0x7fb20a0ba7b8
C 55
= 0x7fb20a821c10
R
P 0x7fb20a09bc08
C 294
R
P 0x7fb20a09bc08
P 0x7fb20a821c10
C 9
R
P 0x7fb20a09bc08
C 294
R
P 0x7fb20a09bc08
S "QF_BV"
C 30
R
P 0x7fb20a09bc08
C 294
R
P 0x7fb20a09bc08
$ |QF_BV|
C 412
= 0x7fb208d22dc8
R
P 0x7fb20a09bc08
C 294
R
P 0x7fb20a09bc08
P 0x7fb208d22dc8
C 417
R
P 0x7fb20a09bc08
C 294
R
P 0x7fb20a09bc08
P 0x7fb208d22dc8
P 0x7fb20a821c10
C 423
R
P 0x7fb20a09bc08
C 294
R
P 0x7fb20a09bc08
P 0x7fb208d22dc8
C 426
R
P 0x7fb20a09bc08
C 294
R
P 0x7fb20a09bc08
I 1
I 0
I 0
C 350
= 0x7fb208d22088
R
P 0x7fb20a09bc08
C 294
R
P 0x7fb20a09bc08
P 0x7fb208d22088
C 351
R
P 0x7fb20a09bc08
C 294
R
P 0x7fb20a09bc08
P 0x7fb208d22088
P 0x7fb20a821c10
C 354
R
P 0x7fb20a09bc08
C 294
R
P 0x7fb20a09bc08
S "qfbv"
C 365
= 0x7fb208d274d8
R
P 0x7fb20a09bc08
C 294
R
P 0x7fb20a09bc08
P 0x7fb208d274d8
C 366
R
P 0x7fb20a09bc08
C 294
R
P 0x7fb20a09bc08
P 0x7fb208d274d8
P 0x7fb208d22088
C 402
= 0x7fb208d27248
R
P 0x7fb20a09bc08
C 294
R
P 0x7fb20a09bc08
P 0x7fb208d27248
C 404
R
P 0x7fb20a09bc08
C 294
R
P 0x7fb20a09bc08
P 0x7fb208d27248
C 406
R
P 0x7fb20a09bc08
C 294
R
P 0x7fb20a09bc08
P 0x7fb208d27248
C 407
R
P 0x7fb20a09bc08
C 294
R
P 0x7fb20a09bc08
P 0x7fb208d27248
C 407
R
P 0x7fb20a09bc08
C 294
R
P 0x7fb20a09bc08
P 0x7fb208d27248
U 0
C 408
= 0x7fb208d24fc8
R
P 0x7fb20a09bc08
C 294
R
P 0x7fb20a09bc08
P 0x7fb208d24fc8
C 351
R
P 0x7fb20a09bc08
C 294
R
P 0x7fb20a09bc08
P 0x7fb208d24fc8
C 361
R
P 0x7fb20a09bc08
C 294
M "ParOrExample"
R
P 0x7fb20a09bc08
U 32
C 35
= 0x7fb20a0b9118
R
P 0x7fb20a09bc08
C 294
R
P 0x7fb20a09bc08
P 0x7fb20a0b9118
C 9
R
P 0x7fb20a09bc08
C 294
R
P 0x7fb20a09bc08
S "x"
C 30
R
P 0x7fb20a09bc08
C 294
R
P 0x7fb20a09bc08
$ |x|
P 0x7fb20a0b9118
C 50
= 0x7fb20a0ba798
R
P 0x7fb20a09bc08
C 294
R
P 0x7fb20a09bc08
P 0x7fb20a0ba798
C 208
R
P 0x7fb20a09bc08
C 294
R
P 0x7fb20a09bc08
P 0x7fb20a0ba798
C 205
= 0x7fb20a0b9118
R
P 0x7fb20a09bc08
C 294
R
P 0x7fb20a09bc08
P 0x7fb20a0b9118
C 166
R
P 0x7fb20a09bc08
C 294
R
P 0x7fb20a09bc08
P 0x7fb20a0ba798
C 211
R
P 0x7fb20a09bc08
C 294
R
P 0x7fb20a09bc08
P 0x7fb20a0ba798
C 210
R
P 0x7fb20a09bc08
C 294
R
P 0x7fb20a09bc08
P 0x7fb20a0ba798
C 9
R
P 0x7fb20a09bc08
C 294
R
P 0x7fb20a09bc08
S "y"
C 30
R
P 0x7fb20a09bc08
C 294
R
P 0x7fb20a09bc08
$ |y|
P 0x7fb20a0b9118
C 50
= 0x7fb20a0ba7b8
R
P 0x7fb20a09bc08
C 294
R
P 0x7fb20a09bc08
P 0x7fb20a0ba7b8
C 208
R
P 0x7fb20a09bc08
C 294
R
P 0x7fb20a09bc08
P 0x7fb20a0ba7b8
C 205
= 0x7fb20a0b9118
R
P 0x7fb20a09bc08
C 294
R
P 0x7fb20a09bc08
P 0x7fb20a0b9118
C 166
R
P 0x7fb20a09bc08
C 294
R
P 0x7fb20a09bc08
P 0x7fb20a0ba7b8
C 211
R
P 0x7fb20a09bc08
C 294
R
P 0x7fb20a09bc08
P 0x7fb20a0ba7b8
C 210
R
P 0x7fb20a09bc08
C 294
R
P 0x7fb20a09bc08
P 0x7fb20a0ba7b8
C 9
R
P 0x7fb20a09bc08
C 294
R
P 0x7fb20a09bc08
P 0x7fb20a0ba798
P 0x7fb20a0ba7b8
C 55
= 0x7fb20a821c10
R
P 0x7fb20a09bc08
C 294
R
P 0x7fb20a09bc08
P 0x7fb20a821c10
C 9
R
P 0x7fb20a09bc08
C 294
R
P 0x7fb20a09bc08
I 1
I 0
I 0
C 350
= 0x7fb208d24fe8
R
P 0x7fb20a09bc08
C 294
R
P 0x7fb20a09bc08
P 0x7fb208d24fe8
C 351
R
P 0x7fb20a09bc08
C 294
R
P 0x7fb20a09bc08
P 0x7fb208d24fe8
P 0x7fb20a821c10
C 354
R
P 0x7fb20a09bc08
C 294
R
P 0x7fb20a09bc08
S "qfbv"
C 365
= 0x7fb208d2ccd8
R
P 0x7fb20a09bc08
C 294
R
P 0x7fb20a09bc08
P 0x7fb208d2ccd8
C 366
R
P 0x7fb20a09bc08
C 294
R
P 0x7fb20a09bc08
S "qfbv"
C 365
= 0x7fb208d365c8
R
P 0x7fb20a09bc08
C 294
R
P 0x7fb20a09bc08
P 0x7fb208d365c8
C 366
R
P 0x7fb20a09bc08
C 294
R
P 0x7fb20a09bc08
U 2
P 0x7fb208d2ccd8
P 0x7fb208d365c8
p 2
C 373
= 0x7fb208d3feb8
R
P 0x7fb20a09bc08
C 294
R
P 0x7fb20a09bc08
P 0x7fb208d3feb8
C 366
R
P 0x7fb20a09bc08
C 294
R
P 0x7fb20a09bc08
P 0x7fb208d3feb8
P 0x7fb208d24fe8
C 402
= 0x7fb208d402e8
R
P 0x7fb20a09bc08
C 294
R
P 0x7fb20a09bc08
P 0x7fb208d402e8
C 404
R
P 0x7fb20a09bc08
C 294
R
P 0x7fb20a09bc08
P 0x7fb208d402e8
C 407
R
P 0x7fb20a09bc08
C 294
R
P 0x7fb20a09bc08
P 0x7fb208d402e8
C 407
R
P 0x7fb20a09bc08
C 294
R
P 0x7fb20a09bc08
P 0x7fb208d402e8
U 0
C 408
= 0x7fb208ea3358
R
P 0x7fb20a09bc08
C 294
R
P 0x7fb20a09bc08
P 0x7fb208ea3358
C 351
R
P 0x7fb20a09bc08
C 294
R
P 0x7fb20a09bc08
P 0x7fb208ea3358
C 361
R
P 0x7fb20a09bc08
C 294
M "FindModelExample1"
R
P 0x7fb20a09bc08
S "x"
C 30
R
P 0x7fb20a09bc08
C 294
R
P 0x7fb20a09bc08
$ |x|
P 0x7fb20a0b8c18
C 50
= 0x7fb20a0b9538
R
P 0x7fb20a09bc08
C 294
R
P 0x7fb20a09bc08
P 0x7fb20a0b9538
C 208
R
P 0x7fb20a09bc08
C 294
R
P 0x7fb20a09bc08
P 0x7fb20a0b9538
C 205
= 0x7fb20a0b8c18
R
P 0x7fb20a09bc08
C 294
R
P 0x7fb20a09bc08
P 0x7fb20a0b8c18
C 166
R
P 0x7fb20a09bc08
C 294
R
P 0x7fb20a09bc08
P 0x7fb20a0b9538
C 211
R
P 0x7fb20a09bc08
C 294
R
P 0x7fb20a09bc08
P 0x7fb20a0b9538
C 210
R
P 0x7fb20a09bc08
C 294
R
P 0x7fb20a09bc08
P 0x7fb20a0b9538
C 9
R
P 0x7fb20a09bc08
C 294
R
P 0x7fb20a09bc08
S "y"
C 30
R
P 0x7fb20a09bc08
C 294
R
P 0x7fb20a09bc08
$ |y|
P 0x7fb20a0b8c18
C 50
= 0x7fb20a0b9558
R
P 0x7fb20a09bc08
C 294
R
P 0x7fb20a09bc08
P 0x7fb20a0b9558
C 208
R
P 0x7fb20a09bc08
C 294
R
P 0x7fb20a09bc08
P 0x7fb20a0b9558
C 205
= 0x7fb20a0b8c18
R
P 0x7fb20a09bc08
C 294
R
P 0x7fb20a09bc08
P 0x7fb20a0b8c18
C 166
R
P 0x7fb20a09bc08
C 294
R
P 0x7fb20a09bc08
P 0x7fb20a0b9558
C 211
R
P 0x7fb20a09bc08
C 294
R
P 0x7fb20a09bc08
P 0x7fb20a0b9558
C 210
R
P 0x7fb20a09bc08
C 294
R
P 0x7fb20a09bc08
P 0x7fb20a0b9558
C 9
R
P 0x7fb20a09bc08
C 294
R
P 0x7fb20a09bc08
P 0x7fb20a0b9538
P 0x7fb20a0b9558
C 61
= 0x7fb20a821bd8
R
P 0x7fb20a09bc08
C 294
R
P 0x7fb20a09bc08
P 0x7fb20a821bd8
C 9
R
P 0x7fb20a09bc08
C 294
R
P 0x7fb20a09bc08
C 410
= 0x7fb208ea33c8
R
P 0x7fb20a09bc08
C 294
R
P 0x7fb20a09bc08
P 0x7fb208ea33c8
C 417
R
P 0x7fb20a09bc08
C 294
R
P 0x7fb20a09bc08
P 0x7fb208ea33c8
P 0x7fb20a821bd8
C 423
R
P 0x7fb20a09bc08
C 294
R
P 0x7fb20a09bc08
P 0x7fb208ea33c8
C 426
R
P 0x7fb20a09bc08
C 294
R
P 0x7fb20a09bc08
P 0x7fb208ea33c8
C 428
= 0x7fb208ea3a18
R
P 0x7fb20a09bc08
C 294
R
P 0x7fb20a09bc08
P 0x7fb208ea3a18
C 248
R
P 0x7fb20a09bc08
C 294
R
P 0x7fb20a09bc08
P 0x7fb208ea3a18
P 0x7fb20a0b9538
I 0
P 0
C 250
* 0x7fb20a0b8c98 4
R
P 0x7fb20a09bc08
C 294
R
P 0x7fb20a09bc08
P 0x7fb20a0b8c98
C 208
R
P 0x7fb20a09bc08
C 294
R
P 0x7fb20a09bc08
P 0x7fb20a0b8c98
C 205
= 0x7fb20a0b8c18
R
P 0x7fb20a09bc08
C 294
R
P 0x7fb20a09bc08
P 0x7fb20a0b8c18
C 166
R
P 0x7fb20a09bc08
C 294
R
P 0x7fb20a09bc08
P 0x7fb20a0b8c98
C 211
R
P 0x7fb20a09bc08
C 294
R
P 0x7fb20a09bc08
P 0x7fb20a0b8c98
C 210
R
P 0x7fb20a09bc08
C 294
R
P 0x7fb20a09bc08
P 0x7fb20a0b8c98
C 9
R
P 0x7fb20a09bc08
C 294
R
P 0x7fb20a09bc08
P 0x7fb20a0b8c98
C 275
R
P 0x7fb20a09bc08
C 294
R
P 0x7fb20a09bc08
P 0x7fb208ea3a18
P 0x7fb20a0b9558
I 0
P 0
C 250
* 0x7fb20a0b8c78 4
R
P 0x7fb20a09bc08
C 294
R
P 0x7fb20a09bc08
P 0x7fb20a0b8c78
C 208
R
P 0x7fb20a09bc08
C 294
R
P 0x7fb20a09bc08
P 0x7fb20a0b8c78
C 205
= 0x7fb20a0b8c18
R
P 0x7fb20a09bc08
C 294
R
P 0x7fb20a09bc08
P 0x7fb20a0b8c18
C 166
R
P 0x7fb20a09bc08
C 294
R
P 0x7fb20a09bc08
P 0x7fb20a0b8c78
C 211
R
P 0x7fb20a09bc08
C 294
R
P 0x7fb20a09bc08
P 0x7fb20a0b8c78
C 210
R
P 0x7fb20a09bc08
C 294
R
P 0x7fb20a09bc08
P 0x7fb20a0b8c78
C 9
R
P 0x7fb20a09bc08
C 294
R
P 0x7fb20a09bc08
P 0x7fb20a0b8c78
C 275
R
P 0x7fb20a09bc08
C 294
M "FindModelExample2"
R
P 0x7fb20a09bc08
S "x"
C 30
R
P 0x7fb20a09bc08
C 294
R
P 0x7fb20a09bc08
$ |x|
P 0x7fb20a0b8cd8
C 50
= 0x7fb20a0b9798
R
P 0x7fb20a09bc08
C 294
R
P 0x7fb20a09bc08
P 0x7fb20a0b9798
C 208
R
P 0x7fb20a09bc08
C 294
R
P 0x7fb20a09bc08
P 0x7fb20a0b9798
C 205
= 0x7fb20a0b8cd8
R
P 0x7fb20a09bc08
C 294
R
P 0x7fb20a09bc08
P 0x7fb20a0b8cd8
C 166
R
P 0x7fb20a09bc08
C 294
R
P 0x7fb20a09bc08
P 0x7fb20a0b9798
C 211
R
P 0x7fb20a09bc08
C 294
R
P 0x7fb20a09bc08
P 0x7fb20a0b9798
C 210
R
P 0x7fb20a09bc08
C 294
R
P 0x7fb20a09bc08
P 0x7fb20a0b9798
C 9
R
P 0x7fb20a09bc08
C 294
R
P 0x7fb20a09bc08
S "y"
C 30
R
P 0x7fb20a09bc08
C 294
R
P 0x7fb20a09bc08
$ |y|
P 0x7fb20a0b8cd8
C 50
= 0x7fb20a0b9778
R
P 0x7fb20a09bc08
C 294
R
P 0x7fb20a09bc08
P 0x7fb20a0b9778
C 208
R
P 0x7fb20a09bc08
C 294
R
P 0x7fb20a09bc08
P 0x7fb20a0b9778
C 205
= 0x7fb20a0b8cd8
R
P 0x7fb20a09bc08
C 294
R
P 0x7fb20a09bc08
P 0x7fb20a0b8cd8
C 166
R
P 0x7fb20a09bc08
C 294
R
P 0x7fb20a09bc08
P 0x7fb20a0b9778
C 211
R
P 0x7fb20a09bc08
C 294
R
P 0x7fb20a09bc08
P 0x7fb20a0b9778
C 210
R
P 0x7fb20a09bc08
C 294
R
P 0x7fb20a09bc08
P 0x7fb20a0b9778
C 9
R
P 0x7fb20a09bc08
C 294
R
P 0x7fb20a09bc08
I 1
P 0x7fb20a0b8cd8
C 145
= 0x7fb20a0b96b8
R
P 0x7fb20a09bc08
C 294
R
P 0x7fb20a09bc08
P 0x7fb20a0b96b8
C 9
R
P 0x7fb20a09bc08
C 294
R
P 0x7fb20a09bc08
I 2
P 0x7fb20a0b8cd8
C 145
= 0x7fb20a0b97d8
R
P 0x7fb20a09bc08
C 294
R
P 0x7fb20a09bc08
P 0x7fb20a0b97d8
C 9
R
P 0x7fb20a09bc08
C 294
R
P 0x7fb20a09bc08
U 2
P 0x7fb20a0b9778
P 0x7fb20a0b96b8
p 2
C 64
= 0x7fb20a821ac0
R
P 0x7fb20a09bc08
C 294
R
P 0x7fb20a09bc08
P 0x7fb20a821ac0
C 208
R
P 0x7fb20a09bc08
C 294
R
P 0x7fb20a09bc08
P 0x7fb20a821ac0
C 205
= 0x7fb20a0b8cd8
R
P 0x7fb20a09bc08
C 294
R
P 0x7fb20a09bc08
P 0x7fb20a0b8cd8
C 166
R
P 0x7fb20a09bc08
C 294
R
P 0x7fb20a09bc08
P 0x7fb20a821ac0
C 211
R
P 0x7fb20a09bc08
C 294
R
P 0x7fb20a09bc08
P 0x7fb20a821ac0
C 210
R
P 0x7fb20a09bc08
C 294
R
P 0x7fb20a09bc08
P 0x7fb20a821ac0
C 9
R
P 0x7fb20a09bc08
C 294
R
P 0x7fb20a09bc08
P 0x7fb20a0b9798
P 0x7fb20a821ac0
C 72
= 0x7fb20a821af8
R
P 0x7fb20a09bc08
C 294
R
P 0x7fb20a09bc08
P 0x7fb20a821af8
C 9
R
P 0x7fb20a09bc08
C 294
R
P 0x7fb20a09bc08
P 0x7fb20a0b9798
P 0x7fb20a0b97d8
C 74
= 0x7fb20a821b30
R
P 0x7fb20a09bc08
C 294
R
P 0x7fb20a09bc08
P 0x7fb20a821b30
C 9
R
P 0x7fb20a09bc08
C 294
R
P 0x7fb20a09bc08
U 2
P 0x7fb20a821af8
P 0x7fb20a821b30
p 2
C 62
= 0x7fb20a821b68
R
P 0x7fb20a09bc08
C 294
R
P 0x7fb20a09bc08
P 0x7fb20a821b68
C 9
R
P 0x7fb20a09bc08
C 294
R
P 0x7fb20a09bc08
C 410
= 0x7fb208ea3a38
R
P 0x7fb20a09bc08
C 294
R
P 0x7fb20a09bc08
P 0x7fb208ea3a38
C 417
R
P 0x7fb20a09bc08
C 294
R
P 0x7fb20a09bc08
P 0x7fb208ea3a38
P 0x7fb20a821b68
C 423
R
P 0x7fb20a09bc08
C 294
R
P 0x7fb20a09bc08
P 0x7fb208ea3a38
C 426
R
P 0x7fb20a09bc08
C 294
R
P 0x7fb20a09bc08
P 0x7fb208ea3a38
C 428
= 0x7fb208e5a948
R
P 0x7fb20a09bc08
C 294
R
P 0x7fb20a09bc08
P 0x7fb208e5a948
C 248
R
P 0x7fb20a09bc08
C 294
R
P 0x7fb20a09bc08
P 0x7fb208e5a948
P 0x7fb20a0b9798
I 0
P 0
C 250
* 0x7fb20a0ba438 4
R
P 0x7fb20a09bc08
C 294
R
P 0x7fb20a09bc08
P 0x7fb20a0ba438
C 208
R
P 0x7fb20a09bc08
C 294
R
P 0x7fb20a09bc08
P 0x7fb20a0ba438
C 205
= 0x7fb20a0b8cd8
R
P 0x7fb20a09bc08
C 294
R
P 0x7fb20a09bc08
P 0x7fb20a0b8cd8
C 166
R
P 0x7fb20a09bc08
C 294
R
P 0x7fb20a09bc08
P 0x7fb20a0ba438
C 211
R
P 0x7fb20a09bc08
C 294
R
P 0x7fb20a09bc08
P 0x7fb20a0ba438
C 210
R
P 0x7fb20a09bc08
C 294
R
P 0x7fb20a09bc08
P 0x7fb20a0ba438
C 9
R
P 0x7fb20a09bc08
C 294
R
P 0x7fb20a09bc08
P 0x7fb20a0ba438
C 214
R
P 0x7fb20a09bc08
C 294
R
P 0x7fb20a09bc08
P 0x7fb208e5a948
P 0x7fb20a0b9778
I 0
P 0
C 250
* 0x7fb20a0ba438 4
R
P 0x7fb20a09bc08
C 294
R
P 0x7fb20a09bc08
P 0x7fb20a0ba438
C 208
R
P 0x7fb20a09bc08
C 294
R
P 0x7fb20a09bc08
P 0x7fb20a0ba438
C 205
= 0x7fb20a0b8cd8
R
P 0x7fb20a09bc08
C 294
R
P 0x7fb20a09bc08
P 0x7fb20a0b8cd8
C 166
R
P 0x7fb20a09bc08
C 294
R
P 0x7fb20a09bc08
P 0x7fb20a0ba438
C 211
R
P 0x7fb20a09bc08
C 294
R
P 0x7fb20a09bc08
P 0x7fb20a0ba438
C 210
R
P 0x7fb20a09bc08
C 294
R
P 0x7fb20a09bc08
P 0x7fb20a0ba438
C 9
R
P 0x7fb20a09bc08
C 294
R
P 0x7fb20a09bc08
P 0x7fb20a0ba438
C 214
R
P 0x7fb20a09bc08
C 294
R
P 0x7fb20a09bc08
P 0x7fb20a0b9798
P 0x7fb20a0b9778
C 55
= 0x7fb20a0bf720
R
P 0x7fb20a09bc08
C 294
R
P 0x7fb20a09bc08
P 0x7fb20a0bf720
C 9
R
P 0x7fb20a09bc08
C 294
R
P 0x7fb20a09bc08
P 0x7fb20a0bf720
C 57
= 0x7fb20a17cc78
R
P 0x7fb20a09bc08
C 294
R
P 0x7fb20a09bc08
P 0x7fb20a17cc78
C 9
R
P 0x7fb20a09bc08
C 294
R
P 0x7fb20a09bc08
U 2
P 0x7fb20a821b68
P 0x7fb20a17cc78
p 2
C 62
= 0x7fb20a8219e0
R
P 0x7fb20a09bc08
C 294
R
P 0x7fb20a09bc08
P 0x7fb20a8219e0
C 9
R
P 0x7fb20a09bc08
C 294
R
P 0x7fb20a09bc08
C 410
= 0x7fb208e5a8f8
R
P 0x7fb20a09bc08
C 294
R
P 0x7fb20a09bc08
P 0x7fb208e5a8f8
C 417
R
P 0x7fb20a09bc08
C 294
R
P 0x7fb20a09bc08
P 0x7fb208e5a8f8
P 0x7fb20a8219e0
C 423
R
P 0x7fb20a09bc08
C 294
R
P 0x7fb20a09bc08
P 0x7fb208e5a8f8
C 426
R
P 0x7fb20a09bc08
C 294
R
P 0x7fb20a09bc08
P 0x7fb208e5a8f8
C 428
= 0x7fb208d2d488
R
P 0x7fb20a09bc08
C 294
R
P 0x7fb20a09bc08
P 0x7fb208d2d488
C 248
R
P 0x7fb20a09bc08
C 294
R
P 0x7fb20a09bc08
P 0x7fb208d2d488
P 0x7fb20a0b9798
I 0
P 0
C 250
* 0x7fb20a0ba438 4
R
P 0x7fb20a09bc08
C 294
R
P 0x7fb20a09bc08
P 0x7fb20a0ba438
C 208
R
P 0x7fb20a09bc08
C 294
R
P 0x7fb20a09bc08
P 0x7fb20a0ba438
C 205
= 0x7fb20a0b8cd8
R
P 0x7fb20a09bc08
C 294
R
P 0x7fb20a09bc08
P 0x7fb20a0b8cd8
C 166
R
P 0x7fb20a09bc08
C 294
R
P 0x7fb20a09bc08
P 0x7fb20a0ba438
C 211
R
P 0x7fb20a09bc08
C 294
R
P 0x7fb20a09bc08
P 0x7fb20a0ba438
C 210
R
P 0x7fb20a09bc08
C 294
R
P 0x7fb20a09bc08
P 0x7fb20a0ba438
C 9
R
P 0x7fb20a09bc08
C 294
R
P 0x7fb20a09bc08
P 0x7fb20a0ba438
C 214
R
P 0x7fb20a09bc08
C 294
R
P 0x7fb20a09bc08
P 0x7fb208d2d488
P 0x7fb20a0b9778
I 0
P 0
C 250
* 0x7fb20a0ba418 4
R
P 0x7fb20a09bc08
C 294
R
P 0x7fb20a09bc08
P 0x7fb20a0ba418
C 208
R
P 0x7fb20a09bc08
C 294
R
P 0x7fb20a09bc08
P 0x7fb20a0ba418
C 205
= 0x7fb20a0b8cd8
R
P 0x7fb20a09bc08
C 294
R
P 0x7fb20a09bc08
P 0x7fb20a0b8cd8
C 166
R
P 0x7fb20a09bc08
C 294
R
P 0x7fb20a09bc08
P 0x7fb20a0ba418
C 211
R
P 0x7fb20a09bc08
C 294
R
P 0x7fb20a09bc08
P 0x7fb20a0ba418
C 210
R
P 0x7fb20a09bc08
C 294
R
P 0x7fb20a09bc08
P 0x7fb20a0ba418
C 9
R
P 0x7fb20a09bc08
C 294
R
P 0x7fb20a09bc08
P 0x7fb20a0ba418
C 214
R
P 0x7fb20a09bc08
C 294
M "PushPopExample1"
R
P 0x7fb20a09bc08
S "1000000000000000000000000000000000000000000000000000000"
P 0x7fb20a0b8cd8
C 143
= 0x7fb20a0ba8b8
R
P 0x7fb20a09bc08
C 294
R
P 0x7fb20a09bc08
P 0x7fb20a0ba8b8
C 9
R
P 0x7fb20a09bc08
C 294
R
P 0x7fb20a09bc08
S "3"
P 0x7fb20a0b8cd8
C 143
= 0x7fb20a0ba438
R
P 0x7fb20a09bc08
C 294
R
P 0x7fb20a09bc08
P 0x7fb20a0ba438
C 208
R
P 0x7fb20a09bc08
C 294
R
P 0x7fb20a09bc08
P 0x7fb20a0ba438
C 205
= 0x7fb20a0b8cd8
R
P 0x7fb20a09bc08
C 294
R
P 0x7fb20a09bc08
P 0x7fb20a0b8cd8
C 166
R
P 0x7fb20a09bc08
C 294
R
P 0x7fb20a09bc08
P 0x7fb20a0ba438
C 211
R
P 0x7fb20a09bc08
C 294
R
P 0x7fb20a09bc08
P 0x7fb20a0ba438
C 210
R
P 0x7fb20a09bc08
C 294
R
P 0x7fb20a09bc08
P 0x7fb20a0ba438
C 9
R
P 0x7fb20a09bc08
C 294
R
P 0x7fb20a09bc08
S "x"
C 30
R
P 0x7fb20a09bc08
C 294
R
P 0x7fb20a09bc08
$ |x|
P 0x7fb20a0b8cd8
C 50
= 0x7fb20a0b9798
R
P 0x7fb20a09bc08
C 294
R
P 0x7fb20a09bc08
P 0x7fb20a0b9798
C 208
R
P 0x7fb20a09bc08
C 294
R
P 0x7fb20a09bc08
P 0x7fb20a0b9798
C 205
= 0x7fb20a0b8cd8
R
P 0x7fb20a09bc08
C 294
R
P 0x7fb20a09bc08
P 0x7fb20a0b8cd8
C 166
R
P 0x7fb20a09bc08
C 294
R
P 0x7fb20a09bc08
P 0x7fb20a0b9798
C 211
R
P 0x7fb20a09bc08
C 294
R
P 0x7fb20a09bc08
P 0x7fb20a0b9798
C 210
R
P 0x7fb20a09bc08
C 294
R
P 0x7fb20a09bc08
P 0x7fb20a0b9798
C 9
R
P 0x7fb20a09bc08
C 294
R
P 0x7fb20a09bc08
C 410
= 0x7fb208d36978
R
P 0x7fb20a09bc08
C 294
R
P 0x7fb20a09bc08
P 0x7fb208d36978
C 417
R
P 0x7fb20a09bc08
C 294
R
P 0x7fb20a09bc08
P 0x7fb20a0b9798
P 0x7fb20a0ba8b8
C 75
= 0x7fb20a821970
R
P 0x7fb20a09bc08
C 294
R
P 0x7fb20a09bc08
P 0x7fb20a821970
C 9
R
P 0x7fb20a09bc08
C 294
R
P 0x7fb20a09bc08
P 0x7fb208d36978
P 0x7fb20a821970
C 423
R
P 0x7fb20a09bc08
C 294
R
P 0x7fb20a09bc08
P 0x7fb208d36978
C 419
R
P 0x7fb20a09bc08
C 294
R
P 0x7fb20a09bc08
P 0x7fb20a0b9798
P 0x7fb20a0ba438
C 73
= 0x7fb20a821a88
R
P 0x7fb20a09bc08
C 294
R
P 0x7fb20a09bc08
P 0x7fb20a821a88
C 9
R
P 0x7fb20a09bc08
C 294
R
P 0x7fb20a09bc08
P 0x7fb208d36978
P 0x7fb20a821a88
C 423
R
P 0x7fb20a09bc08
C 294
R
P 0x7fb20a09bc08
P 0x7fb208d36978
C 426
R
P 0x7fb20a09bc08
C 294
R
P 0x7fb20a09bc08
P 0x7fb208d36978
U 1
C 420
R
P 0x7fb20a09bc08
C 294
R
P 0x7fb20a09bc08
P 0x7fb208d36978
C 426
R
P 0x7fb20a09bc08
C 294
R
P 0x7fb20a09bc08
S "y"
C 30
R
P 0x7fb20a09bc08
C 294
R
P 0x7fb20a09bc08
$ |y|
P 0x7fb20a0b8cd8
C 50
= 0x7fb20a0b9778
R
P 0x7fb20a09bc08
C 294
R
P 0x7fb20a09bc08
P 0x7fb20a0b9778
C 208
R
P 0x7fb20a09bc08
C 294
R
P 0x7fb20a09bc08
P 0x7fb20a0b9778
C 205
= 0x7fb20a0b8cd8
R
P 0x7fb20a09bc08
C 294
R
P 0x7fb20a09bc08
P 0x7fb20a0b8cd8
C 166
R
P 0x7fb20a09bc08
C 294
R
P 0x7fb20a09bc08
P 0x7fb20a0b9778
C 211
R
P 0x7fb20a09bc08
C 294
R
P 0x7fb20a09bc08
P 0x7fb20a0b9778
C 210
R
P 0x7fb20a09bc08
C 294
R
P 0x7fb20a09bc08
P 0x7fb20a0b9778
C 9
R
P 0x7fb20a09bc08
C 294
R
P 0x7fb20a09bc08
P 0x7fb20a0b9778
P 0x7fb20a0b9798
C 74
= 0x7fb20a821a50
R
P 0x7fb20a09bc08
C 294
R
P 0x7fb20a09bc08
P 0x7fb20a821a50
C 9
R
P 0x7fb20a09bc08
C 294
R
P 0x7fb20a09bc08
P 0x7fb208d36978
P 0x7fb20a821a50
C 423
R
P 0x7fb20a09bc08
C 294
R
P 0x7fb20a09bc08
P 0x7fb208d36978
C 426
R
P 0x7fb20a09bc08
C 294
M "ArrayExample1"
R
P 0x7fb20a09bc08
I 1
I 0
I 0
C 350
= 0x7fb208d74ef8
R
P 0x7fb20a09bc08
C 294
R
P 0x7fb20a09bc08
P 0x7fb208d74ef8
C 351
R
P 0x7fb20a09bc08
C 294
R
P 0x7fb20a09bc08
U 32
C 35
= 0x7fb20a0b9118
R
P 0x7fb20a09bc08
C 294
R
P 0x7fb20a09bc08
P 0x7fb20a0b9118
C 9
R
P 0x7fb20a09bc08
C 294
R
P 0x7fb20a09bc08
P 0x7fb20a0b8cd8
P 0x7fb20a0b9118
C 37
= 0x7fb20a0baa78
R
P 0x7fb20a09bc08
C 294
R
P 0x7fb20a09bc08
P 0x7fb20a0baa78
C 9
R
P 0x7fb20a09bc08
C 294
R
P 0x7fb20a09bc08
S "MyArray"
C 30
R
P 0x7fb20a09bc08
C 294
R
P 0x7fb20a09bc08
$ |MyArray|
P 0x7fb20a0baa78
C 50
= 0x7fb20a0baa98
R
P 0x7fb20a09bc08
C 294
R
P 0x7fb20a09bc08
P 0x7fb20a0baa98
C 208
R
P 0x7fb20a09bc08
C 294
R
P 0x7fb20a09bc08
P 0x7fb20a0baa98
C 205
= 0x7fb20a0baa78
R
P 0x7fb20a09bc08
C 294
R
P 0x7fb20a09bc08
P 0x7fb20a0baa78
C 166
R
P 0x7fb20a09bc08
C 294
R
P 0x7fb20a09bc08
P 0x7fb20a0baa98
C 211
R
P 0x7fb20a09bc08
C 294
R
P 0x7fb20a09bc08
P 0x7fb20a0baa98
C 210
R
P 0x7fb20a09bc08
C 294
R
P 0x7fb20a09bc08
P 0x7fb20a0baa98
C 9
R
P 0x7fb20a09bc08
C 294
R
P 0x7fb20a09bc08
I 0
P 0x7fb20a0b8cd8
C 145
= 0x7fb20a0b95d8
R
P 0x7fb20a09bc08
C 294
R
P 0x7fb20a09bc08
P 0x7fb20a0b95d8
C 9
R
P 0x7fb20a09bc08
C 294
R
P 0x7fb20a09bc08
P 0x7fb20a0baa98
P 0x7fb20a0b95d8
C 127
= 0x7fb20a821820
R
P 0x7fb20a09bc08
C 294
R
P 0x7fb20a09bc08
P 0x7fb20a821820
C 208
R
P 0x7fb20a09bc08
C 294
R
P 0x7fb20a09bc08
P 0x7fb20a821820
C 205
= 0x7fb20a0b9118
R
P 0x7fb20a09bc08
C 294
R
P 0x7fb20a09bc08
P 0x7fb20a0b9118
C 166
R
P 0x7fb20a09bc08
C 294
R
P 0x7fb20a09bc08
P 0x7fb20a821820
C 211
R
P 0x7fb20a09bc08
C 294
R
P 0x7fb20a09bc08
P 0x7fb20a821820
C 210
R
P 0x7fb20a09bc08
C 294
R
P 0x7fb20a09bc08
P 0x7fb20a821820
C 9
R
P 0x7fb20a09bc08
C 294
R
P 0x7fb20a09bc08
U 32
C 35
= 0x7fb20a0b9118
R
P 0x7fb20a09bc08
C 294
R
P 0x7fb20a09bc08
P 0x7fb20a0b9118
C 9
R
P 0x7fb20a09bc08
C 294
R
P 0x7fb20a09bc08
I 42
P 0x7fb20a0b9118
C 145
= 0x7fb20a0baab8
R
P 0x7fb20a09bc08
C 294
R
P 0x7fb20a09bc08
P 0x7fb20a0baab8
C 208
R
P 0x7fb20a09bc08
C 294
R
P 0x7fb20a09bc08
P 0x7fb20a0baab8
C 205
= 0x7fb20a0b9118
R
P 0x7fb20a09bc08
C 294
R
P 0x7fb20a09bc08
P 0x7fb20a0b9118
C 166
R
P 0x7fb20a09bc08
C 294
R
P 0x7fb20a09bc08
P 0x7fb20a0baab8
C 211
R
P 0x7fb20a09bc08
C 294
R
P 0x7fb20a09bc08
P 0x7fb20a0baab8
C 210
R
P 0x7fb20a09bc08
C 294
R
P 0x7fb20a09bc08
P 0x7fb20a0baab8
C 9
R
P 0x7fb20a09bc08
C 294
R
P 0x7fb20a09bc08
P 0x7fb20a821820
P 0x7fb20a0baab8
C 55
= 0x7fb20a821890
R
P 0x7fb20a09bc08
C 294
R
P 0x7fb20a09bc08
P 0x7fb20a821890
C 9
R
P 0x7fb20a09bc08
C 294
R
P 0x7fb20a09bc08
P 0x7fb208d74ef8
P 0x7fb20a821890
C 354
R
P 0x7fb20a09bc08
C 294
R
P 0x7fb20a09bc08
S "x"
C 30
R
P 0x7fb20a09bc08
C 294
R
P 0x7fb20a09bc08
$ |x|
P 0x7fb20a0b8cd8
C 50
= 0x7fb20a0b9798
R
P 0x7fb20a09bc08
C 294
R
P 0x7fb20a09bc08
P 0x7fb20a0b9798
C 208
R
P 0x7fb20a09bc08
C 294
R
P 0x7fb20a09bc08
P 0x7fb20a0b9798
C 205
= 0x7fb20a0b8cd8
R
P 0x7fb20a09bc08
C 294
R
P 0x7fb20a09bc08
P 0x7fb20a0b8cd8
C 166
R
P 0x7fb20a09bc08
C 294
R
P 0x7fb20a09bc08
P 0x7fb20a0b9798
C 211
R
P 0x7fb20a09bc08
C 294
R
P 0x7fb20a09bc08
P 0x7fb20a0b9798
C 210
R
P 0x7fb20a09bc08
C 294
R
P 0x7fb20a09bc08
P 0x7fb20a0b9798
C 9
R
P 0x7fb20a09bc08
C 294
R
P 0x7fb20a09bc08
S "f"
C 30
R
P 0x7fb20a09bc08
C 294
R
P 0x7fb20a09bc08
$ |f|
U 1
P 0x7fb20a0b8cd8
p 1
P 0x7fb20a0b8cd8
C 48
= 0x7fb20a821e40
R
P 0x7fb20a09bc08
C 294
R
P 0x7fb20a09bc08
P 0x7fb20a821e40
C 9
R
P 0x7fb20a09bc08
C 294
R
P 0x7fb20a09bc08
$ |x|
P 0x7fb20a0b8cd8
C 50
= 0x7fb20a0b9798
R
P 0x7fb20a09bc08
C 294
R
P 0x7fb20a09bc08
P 0x7fb20a0b9798
C 208
R
P 0x7fb20a09bc08
C 294
R
P 0x7fb20a09bc08
P 0x7fb20a0b9798
C 205
= 0x7fb20a0b8cd8
R
P 0x7fb20a09bc08
C 294
R
P 0x7fb20a09bc08
P 0x7fb20a0b8cd8
C 166
R
P 0x7fb20a09bc08
C 294
R
P 0x7fb20a09bc08
P 0x7fb20a0b9798
C 211
R
P 0x7fb20a09bc08
C 294
R
P 0x7fb20a09bc08
P 0x7fb20a0b9798
C 210
R
P 0x7fb20a09bc08
C 294
R
P 0x7fb20a09bc08
P 0x7fb20a0b9798
C 9
R
P 0x7fb20a09bc08
C 294
R
P 0x7fb20a09bc08
P 0x7fb20a821e40
U 1
P 0x7fb20a0b9798
p 1
C 49
= 0x7fb20a0bc768
R
P 0x7fb20a09bc08
C 294
R
P 0x7fb20a09bc08
P 0x7fb20a0bc768
C 208
R
P 0x7fb20a09bc08
C 294
R
P 0x7fb20a09bc08
P 0x7fb20a0bc768
C 205
= 0x7fb20a0b8cd8
R
P 0x7fb20a09bc08
C 294
R
P 0x7fb20a09bc08
P 0x7fb20a0b8cd8
C 166
R
P 0x7fb20a09bc08
C 294
R
P 0x7fb20a09bc08
P 0x7fb20a0bc768
C 211
R
P 0x7fb20a09bc08
C 294
R
P 0x7fb20a09bc08
P 0x7fb20a0bc768
C 210
R
P 0x7fb20a09bc08
C 294
R
P 0x7fb20a09bc08
P 0x7fb20a0bc768
C 9
R
P 0x7fb20a09bc08
C 294
R
P 0x7fb20a09bc08
U 2
P 0x7fb20a0b9798
P 0x7fb20a0bc768
p 2
C 64
= 0x7fb20a821938
R
P 0x7fb20a09bc08
C 294
R
P 0x7fb20a09bc08
P 0x7fb20a821938
C 208
R
P 0x7fb20a09bc08
C 294
R
P 0x7fb20a09bc08
P 0x7fb20a821938
C 205
= 0x7fb20a0b8cd8
R
P 0x7fb20a09bc08
C 294
R
P 0x7fb20a09bc08
P 0x7fb20a0b8cd8
C 166
R
P 0x7fb20a09bc08
C 294
R
P 0x7fb20a09bc08
P 0x7fb20a821938
C 211
R
P 0x7fb20a09bc08
C 294
R
P 0x7fb20a09bc08
P 0x7fb20a821938
C 210
R
P 0x7fb20a09bc08
C 294
R
P 0x7fb20a09bc08
P 0x7fb20a821938
C 9
R
P 0x7fb20a09bc08
C 294
R
P 0x7fb20a09bc08
I 123
P 0x7fb20a0b8cd8
C 145
= 0x7fb20a0baad8
R
P 0x7fb20a09bc08
C 294
R
P 0x7fb20a09bc08
P 0x7fb20a0baad8
C 9
R
P 0x7fb20a09bc08
C 294
R
P 0x7fb20a09bc08
P 0x7fb20a821938
P 0x7fb20a0baad8
C 55
= 0x7fb20a8219a8
R
P 0x7fb20a09bc08
C 294
R
P 0x7fb20a09bc08
P 0x7fb20a8219a8
C 9
R
P 0x7fb20a09bc08
C 294
R
P 0x7fb20a09bc08
P 0x7fb208d74ef8
P 0x7fb20a8219a8
C 354
R
P 0x7fb20a09bc08
C 294
R
P 0x7fb20a09bc08
C 410
= 0x7fb208d737c8
R
P 0x7fb20a09bc08
C 294
R
P 0x7fb20a09bc08
P 0x7fb208d737c8
C 417
R
P 0x7fb20a09bc08
C 294
R
P 0x7fb20a09bc08
P 0x7fb208d74ef8
C 358
R
P 0x7fb20a09bc08
C 294
R
P 0x7fb20a09bc08
P 0x7fb208d74ef8
U 0
C 359
= 0x7fb20a821890
R
P 0x7fb20a09bc08
C 294
R
P 0x7fb20a09bc08
P 0x7fb20a821890
C 9
R
P 0x7fb20a09bc08
C 294
R
P 0x7fb20a09bc08
P 0x7fb208d74ef8
U 1
C 359
= 0x7fb20a8219a8
R
P 0x7fb20a09bc08
C 294
R
P 0x7fb20a09bc08
P 0x7fb20a8219a8
C 9
R
P 0x7fb20a09bc08
C 294
R
P 0x7fb20a09bc08
P 0x7fb208d737c8
P 0x7fb20a821890
C 423
R
P 0x7fb20a09bc08
C 294
R
P 0x7fb20a09bc08
P 0x7fb208d737c8
P 0x7fb20a8219a8
C 423
R
P 0x7fb20a09bc08
C 294
R
P 0x7fb20a09bc08
P 0x7fb208d737c8
C 433
R
P 0x7fb20a09bc08
C 294
R
P 0x7fb20a09bc08
P 0x7fb208d737c8
C 426
R
P 0x7fb20a09bc08
C 294
R
P 0x7fb20a09bc08
P 0x7fb208d737c8
C 428
= 0x7fb208e5a968
R
P 0x7fb20a09bc08
C 294
R
P 0x7fb20a09bc08
P 0x7fb208e5a968
C 248
R
P 0x7fb20a09bc08
C 294
R
P 0x7fb20a09bc08
P 0x7fb208e5a968
C 279
R
P 0x7fb20a09bc08
C 294
R
P 0x7fb20a09bc08
P 0x7fb208d737c8
C 428
= 0x7fb208e61918
R
P 0x7fb20a09bc08
C 294
R
P 0x7fb20a09bc08
P 0x7fb208e61918
C 248
R
P 0x7fb20a09bc08
C 294
R
P 0x7fb20a09bc08
P 0x7fb20a0baa98
C 199
= 0x7fb20a0bc888
R
P 0x7fb20a09bc08
C 294
R
P 0x7fb20a09bc08
P 0x7fb20a0bc888
C 9
R
P 0x7fb20a09bc08
C 294
R
P 0x7fb20a09bc08
P 0x7fb20a0bc888
C 188
= 0x7fb20a0baa78
R
P 0x7fb20a09bc08
C 294
R
P 0x7fb20a09bc08
P 0x7fb20a0baa78
C 166
R
P 0x7fb20a09bc08
C 294
R
P 0x7fb20a09bc08
P 0x7fb20a0bc888
C 186
R
P 0x7fb20a09bc08
C 294
R
P 0x7fb20a09bc08
P 0x7fb208e61918
P 0x7fb20a0bc888
C 251
= 0x7fb20a0bab38
R
P 0x7fb20a09bc08
C 294
R
P 0x7fb20a09bc08
P 0x7fb20a0bab38
C 260
R
P 0x7fb20a09bc08
C 294
R
P 0x7fb20a09bc08
P 0x7fb20a0bab38
C 261
= 0x7fb20a822428
R
P 0x7fb20a09bc08
C 294
R
P 0x7fb20a09bc08
P 0x7fb20a822428
C 9
R
P 0x7fb20a09bc08
C 294
R
P 0x7fb20a09bc08
P 0x7fb20a822428
C 188
= 0x7fb20a0b9118
R
P 0x7fb20a09bc08
C 294
R
P 0x7fb20a09bc08
P 0x7fb20a0b9118
C 166
R
P 0x7fb20a09bc08
C 294
R
P 0x7fb20a09bc08
P 0x7fb20a822428
C 186
R
P 0x7fb20a09bc08
C 294
R
P 0x7fb20a09bc08
P 0x7fb208e61918
P 0x7fb20a822428
C 252
= 0x7fb208e61938
R
P 0x7fb20a09bc08
C 294
R
P 0x7fb20a09bc08
P 0x7fb208e61938
C 262
R
P 0x7fb20a09bc08
C 294
R
P 0x7fb20a09bc08
P 0x7fb208e61938
C 264
R
P 0x7fb20a09bc08
C 294
R
P 0x7fb20a09bc08
P 0x7fb208e61938
U 0
C 265
= 0x7fb208e61638
R
P 0x7fb20a09bc08
C 294
R
P 0x7fb20a09bc08
P 0x7fb208e61638
C 268
R
P 0x7fb20a09bc08
C 294
R
P 0x7fb20a09bc08
P 0x7fb208e61638
C 271
R
P 0x7fb20a09bc08
C 294
R
P 0x7fb20a09bc08
P 0x7fb208e61638
C 271
R
P 0x7fb20a09bc08
C 294
R
P 0x7fb20a09bc08
P 0x7fb208e61638
U 0
C 272
= 0x7fb20a0b95d8
R
P 0x7fb20a09bc08
C 294
R
P 0x7fb20a09bc08
P 0x7fb20a0b95d8
C 208
R
P 0x7fb20a09bc08
C 294
R
P 0x7fb20a09bc08
P 0x7fb20a0b95d8
C 205
= 0x7fb20a0b8cd8
R
P 0x7fb20a09bc08
C 294
R
P 0x7fb20a09bc08
P 0x7fb20a0b8cd8
C 166
R
P 0x7fb20a09bc08
C 294
R
P 0x7fb20a09bc08
P 0x7fb20a0b95d8
C 211
R
P 0x7fb20a09bc08
C 294
R
P 0x7fb20a09bc08
P 0x7fb20a0b95d8
C 210
R
P 0x7fb20a09bc08
C 294
R
P 0x7fb20a09bc08
P 0x7fb20a0b95d8
C 9
R
P 0x7fb20a09bc08
C 294
R
P 0x7fb20a09bc08
P 0x7fb20a0b95d8
C 214
R
P 0x7fb20a09bc08
C 294
R
P 0x7fb20a09bc08
P 0x7fb208e61638
C 270
= 0x7fb20a0baab8
R
P 0x7fb20a09bc08
C 294
R
P 0x7fb20a09bc08
P 0x7fb20a0baab8
C 208
R
P 0x7fb20a09bc08
C 294
R
P 0x7fb20a09bc08
P 0x7fb20a0baab8
C 205
= 0x7fb20a0b9118
R
P 0x7fb20a09bc08
C 294
R
P 0x7fb20a09bc08
P 0x7fb20a0b9118
C 166
R
P 0x7fb20a09bc08
C 294
R
P 0x7fb20a09bc08
P 0x7fb20a0baab8
C 211
R
P 0x7fb20a09bc08
C 294
R
P 0x7fb20a09bc08
P 0x7fb20a0baab8
C 210
R
P 0x7fb20a09bc08
C 294
R
P 0x7fb20a09bc08
P 0x7fb20a0baab8
C 9
R
P 0x7fb20a09bc08
C 294
R
P 0x7fb20a09bc08
P 0x7fb20a0baab8
C 214
R
P 0x7fb20a09bc08
C 294
R
P 0x7fb20a09bc08
P 0x7fb208e61938
C 266
= 0x7fb20a0baab8
R
P 0x7fb20a09bc08
C 294
R
P 0x7fb20a09bc08
P 0x7fb20a0baab8
C 208
R
P 0x7fb20a09bc08
C 294
R
P 0x7fb20a09bc08
P 0x7fb20a0baab8
C 205
= 0x7fb20a0b9118
R
P 0x7fb20a09bc08
C 294
R
P 0x7fb20a09bc08
P 0x7fb20a0b9118
C 166
R
P 0x7fb20a09bc08
C 294
R
P 0x7fb20a09bc08
P 0x7fb20a0baab8
C 211
R
P 0x7fb20a09bc08
C 294
R
P 0x7fb20a09bc08
P 0x7fb20a0baab8
C 210
R
P 0x7fb20a09bc08
C 294
R
P 0x7fb20a09bc08
P 0x7fb20a0baab8
C 9
R
P 0x7fb20a09bc08
C 294
R
P 0x7fb20a09bc08
P 0x7fb20a0baab8
C 214
R
P 0x7fb20a09bc08
C 294
R
P 0x7fb20a09bc08
P 0x7fb208d737c8
C 428
= 0x7fb208e61688
R
P 0x7fb20a09bc08
C 294
R
P 0x7fb20a09bc08
P 0x7fb208e61688
C 248
R
P 0x7fb20a09bc08
C 294
R
P 0x7fb20a09bc08
P 0x7fb20a0b9798
C 199
= 0x7fb20a0bb088
R
P 0x7fb20a09bc08
C 294
R
P 0x7fb20a09bc08
P 0x7fb20a0bb088
C 9
R
P 0x7fb20a09bc08
C 294
R
P 0x7fb20a09bc08
P 0x7fb20a0bb088
C 186
R
P 0x7fb20a09bc08
C 294
R
P 0x7fb20a09bc08
P 0x7fb20a0bb088
C 188
= 0x7fb20a0b8cd8
R
P 0x7fb20a09bc08
C 294
R
P 0x7fb20a09bc08
P 0x7fb20a0b8cd8
C 166
R
P 0x7fb20a09bc08
C 294
R
P 0x7fb20a09bc08
P 0x7fb208e61688
P 0x7fb20a0bb088
C 251
= 0x7fb20a0baaf8
R
P 0x7fb20a09bc08
C 294
R
P 0x7fb20a09bc08
P 0x7fb20a0baaf8
C 208
R
P 0x7fb20a09bc08
C 294
R
P 0x7fb20a09bc08
P 0x7fb20a0baaf8
C 205
= 0x7fb20a0b8cd8
R
P 0x7fb20a09bc08
C 294
R
P 0x7fb20a09bc08
P 0x7fb20a0b8cd8
C 166
R
P 0x7fb20a09bc08
C 294
R
P 0x7fb20a09bc08
P 0x7fb20a0baaf8
C 211
R
P 0x7fb20a09bc08
C 294
R
P 0x7fb20a09bc08
P 0x7fb20a0baaf8
C 210
R
P 0x7fb20a09bc08
C 294
R
P 0x7fb20a09bc08
P 0x7fb20a0baaf8
C 9
R
P 0x7fb20a09bc08
C 294
R
P 0x7fb20a09bc08
P 0x7fb20a0baaf8
C 214
R
P 0x7fb20a09bc08
C 294
R
P 0x7fb20a09bc08
P 0x7fb208d737c8
C 428
= 0x7fb208e61668
R
P 0x7fb20a09bc08
C 294
R
P 0x7fb20a09bc08
P 0x7fb208e61668
C 248
R
P 0x7fb20a09bc08
C 294
R
P 0x7fb20a09bc08
P 0x7fb20a821e40
C 188
= 0x7fb20a0b8cd8
R
P 0x7fb20a09bc08
C 294
R
P 0x7fb20a09bc08
P 0x7fb20a0b8cd8
C 166
R
P 0x7fb20a09bc08
C 294
R
P 0x7fb20a09bc08
P 0x7fb20a821e40
C 186
R
P 0x7fb20a09bc08
C 294
R
P 0x7fb20a09bc08
P 0x7fb208e61668
P 0x7fb20a821e40
C 252
= 0x7fb208e614f8
R
P 0x7fb20a09bc08
C 294
R
P 0x7fb20a09bc08
P 0x7fb208e614f8
C 262
R
P 0x7fb20a09bc08
C 294
R
P 0x7fb20a09bc08
P 0x7fb208e614f8
C 264
R
P 0x7fb20a09bc08
C 294
R
P 0x7fb20a09bc08
P 0x7fb208e614f8
U 0
C 265
= 0x7fb208e616a8
R
P 0x7fb20a09bc08
C 294
R
P 0x7fb20a09bc08
P 0x7fb208e616a8
C 268
R
P 0x7fb20a09bc08
C 294
R
P 0x7fb20a09bc08
P 0x7fb208e616a8
C 271
R
P 0x7fb20a09bc08
C 294
R
P 0x7fb20a09bc08
P 0x7fb208e616a8
C 271
R
P 0x7fb20a09bc08
C 294
R
P 0x7fb20a09bc08
P 0x7fb208e616a8
U 0
C 272
= 0x7fb20a0baaf8
R
P 0x7fb20a09bc08
C 294
R
P 0x7fb20a09bc08
P 0x7fb20a0baaf8
C 208
R
P 0x7fb20a09bc08
C 294
R
P 0x7fb20a09bc08
P 0x7fb20a0baaf8
C 205
= 0x7fb20a0b8cd8
R
P 0x7fb20a09bc08
C 294
R
P 0x7fb20a09bc08
P 0x7fb20a0b8cd8
C 166
R
P 0x7fb20a09bc08
C 294
R
P 0x7fb20a09bc08
P 0x7fb20a0baaf8
C 211
R
P 0x7fb20a09bc08
C 294
R
P 0x7fb20a09bc08
P 0x7fb20a0baaf8
C 210
R
P 0x7fb20a09bc08
C 294
R
P 0x7fb20a09bc08
P 0x7fb20a0baaf8
C 9
R
P 0x7fb20a09bc08
C 294
R
P 0x7fb20a09bc08
P 0x7fb20a0baaf8
C 214
R
P 0x7fb20a09bc08
C 294
R
P 0x7fb20a09bc08
P 0x7fb208e616a8
C 270
= 0x7fb20a0bab18
R
P 0x7fb20a09bc08
C 294
R
P 0x7fb20a09bc08
P 0x7fb20a0bab18
C 208
R
P 0x7fb20a09bc08
C 294
R
P 0x7fb20a09bc08
P 0x7fb20a0bab18
C 205
= 0x7fb20a0b8cd8
R
P 0x7fb20a09bc08
C 294
R
P 0x7fb20a09bc08
P 0x7fb20a0b8cd8
C 166
R
P 0x7fb20a09bc08
C 294
R
P 0x7fb20a09bc08
P 0x7fb20a0bab18
C 211
R
P 0x7fb20a09bc08
C 294
R
P 0x7fb20a09bc08
P 0x7fb20a0bab18
C 210
R
P 0x7fb20a09bc08
C 294
R
P 0x7fb20a09bc08
P 0x7fb20a0bab18
C 9
R
P 0x7fb20a09bc08
C 294
R
P 0x7fb20a09bc08
P 0x7fb20a0bab18
C 214
R
P 0x7fb20a09bc08
C 294
R
P 0x7fb20a09bc08
P 0x7fb208e614f8
C 266
= 0x7fb20a0bab18
R
P 0x7fb20a09bc08
C 294
R
P 0x7fb20a09bc08
P 0x7fb20a0bab18
C 208
R
P 0x7fb20a09bc08
C 294
R
P 0x7fb20a09bc08
P 0x7fb20a0bab18
C 205
= 0x7fb20a0b8cd8
R
P 0x7fb20a09bc08
C 294
R
P 0x7fb20a09bc08
P 0x7fb20a0b8cd8
C 166
R
P 0x7fb20a09bc08
C 294
R
P 0x7fb20a09bc08
P 0x7fb20a0bab18
C 211
R
P 0x7fb20a09bc08
C 294
R
P 0x7fb20a09bc08
P 0x7fb20a0bab18
C 210
R
P 0x7fb20a09bc08
C 294
R
P 0x7fb20a09bc08
P 0x7fb20a0bab18
C 9
R
P 0x7fb20a09bc08
C 294
R
P 0x7fb20a09bc08
P 0x7fb20a0bab18
C 214
R
P 0x7fb20a09bc08
C 294
R
P 0x7fb20a09bc08
P 0x7fb208d737c8
C 428
= 0x7fb208e614d8
R
P 0x7fb20a09bc08
C 294
R
P 0x7fb20a09bc08
P 0x7fb208e614d8
C 248
R
P 0x7fb20a09bc08
C 294
R
P 0x7fb20a09bc08
P 0x7fb20a0baa98
C 199
= 0x7fb20a0bc888
R
P 0x7fb20a09bc08
C 294
R
P 0x7fb20a09bc08
P 0x7fb20a0bc888
C 9
R
P 0x7fb20a09bc08
C 294
R
P 0x7fb20a09bc08
P 0x7fb20a0bc888
C 188
= 0x7fb20a0baa78
R
P 0x7fb20a09bc08
C 294
R
P 0x7fb20a09bc08
P 0x7fb20a0baa78
C 166
R
P 0x7fb20a09bc08
C 294
R
P 0x7fb20a09bc08
P 0x7fb20a0bc888
C 186
R
P 0x7fb20a09bc08
C 294
R
P 0x7fb20a09bc08
P 0x7fb208e614d8
P 0x7fb20a0bc888
C 251
= 0x7fb20a0bab38
R
P 0x7fb20a09bc08
C 294
R
P 0x7fb20a09bc08
P 0x7fb20a0bab38
C 260
R
P 0x7fb20a09bc08
C 294
R
P 0x7fb20a09bc08
P 0x7fb20a0bab38
C 261
= 0x7fb20a822428
R
P 0x7fb20a09bc08
C 294
R
P 0x7fb20a09bc08
P 0x7fb20a822428
C 9
R
P 0x7fb20a09bc08
C 294
R
P 0x7fb20a09bc08
P 0x7fb20a822428
C 188
= 0x7fb20a0b9118
R
P 0x7fb20a09bc08
C 294
R
P 0x7fb20a09bc08
P 0x7fb20a0b9118
C 166
R
P 0x7fb20a09bc08
C 294
R
P 0x7fb20a09bc08
P 0x7fb20a822428
C 186
R
P 0x7fb20a09bc08
C 294
R
P 0x7fb20a09bc08
P 0x7fb208e614d8
P 0x7fb20a822428
C 252
= 0x7fb208e616f8
R
P 0x7fb20a09bc08
C 294
R
P 0x7fb20a09bc08
P 0x7fb208e616f8
C 262
R
P 0x7fb20a09bc08
C 294
R
P 0x7fb20a09bc08
P 0x7fb208e616f8
C 264
R
P 0x7fb20a09bc08
C 294
R
P 0x7fb20a09bc08
P 0x7fb208e616f8
U 0
C 265
= 0x7fb208e5ad28
R
P 0x7fb20a09bc08
C 294
R
P 0x7fb20a09bc08
P 0x7fb208e5ad28
C 268
R
P 0x7fb20a09bc08
C 294
R
P 0x7fb20a09bc08
P 0x7fb208e5ad28
C 271
R
P 0x7fb20a09bc08
C 294
R
P 0x7fb20a09bc08
P 0x7fb208e5ad28
C 271
R
P 0x7fb20a09bc08
C 294
R
P 0x7fb20a09bc08
P 0x7fb208e5ad28
U 0
C 272
= 0x7fb20a0b95d8
R
P 0x7fb20a09bc08
C 294
R
P 0x7fb20a09bc08
P 0x7fb20a0b95d8
C 208
R
P 0x7fb20a09bc08
C 294
R
P 0x7fb20a09bc08
P 0x7fb20a0b95d8
C 205
= 0x7fb20a0b8cd8
R
P 0x7fb20a09bc08
C 294
R
P 0x7fb20a09bc08
P 0x7fb20a0b8cd8
C 166
R
P 0x7fb20a09bc08
C 294
R
P 0x7fb20a09bc08
P 0x7fb20a0b95d8
C 211
R
P 0x7fb20a09bc08
C 294
R
P 0x7fb20a09bc08
P 0x7fb20a0b95d8
C 210
R
P 0x7fb20a09bc08
C 294
R
P 0x7fb20a09bc08
P 0x7fb20a0b95d8
C 9
R
P 0x7fb20a09bc08
C 294
R
P 0x7fb20a09bc08
P 0x7fb20a0b95d8
C 214
R
P 0x7fb20a09bc08
C 294
R
P 0x7fb20a09bc08
P 0x7fb208e5ad28
C 270
= 0x7fb20a0baab8
R
P 0x7fb20a09bc08
C 294
R
P 0x7fb20a09bc08
P 0x7fb20a0baab8
C 208
R
P 0x7fb20a09bc08
C 294
R
P 0x7fb20a09bc08
P 0x7fb20a0baab8
C 205
= 0x7fb20a0b9118
R
P 0x7fb20a09bc08
C 294
R
P 0x7fb20a09bc08
P 0x7fb20a0b9118
C 166
R
P 0x7fb20a09bc08
C 294
R
P 0x7fb20a09bc08
P 0x7fb20a0baab8
C 211
R
P 0x7fb20a09bc08
C 294
R
P 0x7fb20a09bc08
P 0x7fb20a0baab8
C 210
R
P 0x7fb20a09bc08
C 294
R
P 0x7fb20a09bc08
P 0x7fb20a0baab8
C 9
R
P 0x7fb20a09bc08
C 294
R
P 0x7fb20a09bc08
P 0x7fb20a0baab8
C 214
R
P 0x7fb20a09bc08
C 294
R
P 0x7fb20a09bc08
P 0x7fb208e616f8
C 266
= 0x7fb20a0baab8
R
P 0x7fb20a09bc08
C 294
R
P 0x7fb20a09bc08
P 0x7fb20a0baab8
C 208
R
P 0x7fb20a09bc08
C 294
R
P 0x7fb20a09bc08
P 0x7fb20a0baab8
C 205
= 0x7fb20a0b9118
R
P 0x7fb20a09bc08
C 294
R
P 0x7fb20a09bc08
P 0x7fb20a0b9118
C 166
R
P 0x7fb20a09bc08
C 294
R
P 0x7fb20a09bc08
P 0x7fb20a0baab8
C 211
R
P 0x7fb20a09bc08
C 294
R
P 0x7fb20a09bc08
P 0x7fb20a0baab8
C 210
R
P 0x7fb20a09bc08
C 294
R
P 0x7fb20a09bc08
P 0x7fb20a0baab8
C 9
R
P 0x7fb20a09bc08
C 294
R
P 0x7fb20a09bc08
P 0x7fb20a0baab8
C 214
R
P 0x7fb20a09bc08
C 294
M "ArrayExample2"
R
P 0x7fb20a09bc08
C 32
= 0x7fb20a0b8c18
R
P 0x7fb20a09bc08
C 294
R
P 0x7fb20a09bc08
P 0x7fb20a0b8c18
C 9
R
P 0x7fb20a09bc08
C 294
R
P 0x7fb20a09bc08
P 0x7fb20a0b8c18
P 0x7fb20a0b8c18
C 37
= 0x7fb20a0bab58
R
P 0x7fb20a09bc08
C 294
R
P 0x7fb20a09bc08
P 0x7fb20a0bab58
C 9
R
P 0x7fb20a09bc08
C 294
R
P 0x7fb20a09bc08
S "array_0"
C 30
R
P 0x7fb20a09bc08
C 294
R
P 0x7fb20a09bc08
$ |array_0|
P 0x7fb20a0bab58
C 50
= 0x7fb20a0bab78
R
P 0x7fb20a09bc08
C 294
R
P 0x7fb20a09bc08
P 0x7fb20a0bab78
C 208
R
P 0x7fb20a09bc08
C 294
R
P 0x7fb20a09bc08
P 0x7fb20a0bab78
C 205
= 0x7fb20a0bab58
R
P 0x7fb20a09bc08
C 294
R
P 0x7fb20a09bc08
P 0x7fb20a0bab58
C 166
R
P 0x7fb20a09bc08
C 294
R
P 0x7fb20a09bc08
P 0x7fb20a0bab78
C 211
R
P 0x7fb20a09bc08
C 294
R
P 0x7fb20a09bc08
P 0x7fb20a0bab78
C 210
R
P 0x7fb20a09bc08
C 294
R
P 0x7fb20a09bc08
P 0x7fb20a0bab78
C 9
R
P 0x7fb20a09bc08
C 294
R
P 0x7fb20a09bc08
S "array_1"
C 30
R
P 0x7fb20a09bc08
C 294
R
P 0x7fb20a09bc08
$ |array_1|
P 0x7fb20a0bab58
C 50
= 0x7fb20a0bab98
R
P 0x7fb20a09bc08
C 294
R
P 0x7fb20a09bc08
P 0x7fb20a0bab98
C 208
R
P 0x7fb20a09bc08
C 294
R
P 0x7fb20a09bc08
P 0x7fb20a0bab98
C 205
= 0x7fb20a0bab58
R
P 0x7fb20a09bc08
C 294
R
P 0x7fb20a09bc08
P 0x7fb20a0bab58
C 166
R
P 0x7fb20a09bc08
C 294
R
P 0x7fb20a09bc08
P 0x7fb20a0bab98
C 211
R
P 0x7fb20a09bc08
C 294
R
P 0x7fb20a09bc08
P 0x7fb20a0bab98
C 210
R
P 0x7fb20a09bc08
C 294
R
P 0x7fb20a09bc08
P 0x7fb20a0bab98
C 9
R
P 0x7fb20a09bc08
C 294
R
P 0x7fb20a09bc08
U 2
P 0x7fb20a0bab78
P 0x7fb20a0bab98
p 2
C 56
= 0x7fb20a8217e8
R
P 0x7fb20a09bc08
C 294
R
P 0x7fb20a09bc08
P 0x7fb20a8217e8
C 9
R
P 0x7fb20a09bc08
C 294
R
P 0x7fb20a09bc08
P 0x7fb20a8217e8
C 275
R
P 0x7fb20a09bc08
C 294
R
P 0x7fb20a09bc08
C 410
= 0x7fb208e5ae88
R
P 0x7fb20a09bc08
C 294
R
P 0x7fb20a09bc08
P 0x7fb208e5ae88
C 417
R
P 0x7fb20a09bc08
C 294
R
P 0x7fb20a09bc08
P 0x7fb208e5ae88
P 0x7fb20a8217e8
C 423
R
P 0x7fb20a09bc08
C 294
R
P 0x7fb20a09bc08
P 0x7fb208e5ae88
C 426
R
P 0x7fb20a09bc08
C 294
R
P 0x7fb20a09bc08
P 0x7fb208e5ae88
C 428
= 0x7fb208e6c858
R
P 0x7fb20a09bc08
C 294
R
P 0x7fb20a09bc08
P 0x7fb208e6c858
C 248
R
P 0x7fb20a09bc08
C 294
R
P 0x7fb20a09bc08
P 0x7fb20a0bab78
C 275
R
P 0x7fb20a09bc08
C 294
R
P 0x7fb20a09bc08
P 0x7fb208e6c858
P 0x7fb20a0bab78
I 0
P 0
C 250
* 0x7fb20a0babb8 4
R
P 0x7fb20a09bc08
C 294
R
P 0x7fb20a09bc08
P 0x7fb20a0babb8
C 208
R
P 0x7fb20a09bc08
C 294
R
P 0x7fb20a09bc08
P 0x7fb20a0babb8
C 205
= 0x7fb20a0bab58
R
P 0x7fb20a09bc08
C 294
R
P 0x7fb20a09bc08
P 0x7fb20a0bab58
C 166
R
P 0x7fb20a09bc08
C 294
R
P 0x7fb20a09bc08
P 0x7fb20a0babb8
C 211
R
P 0x7fb20a09bc08
C 294
R
P 0x7fb20a09bc08
P 0x7fb20a0babb8
C 210
R
P 0x7fb20a09bc08
C 294
R
P 0x7fb20a09bc08
P 0x7fb20a0babb8
C 9
R
P 0x7fb20a09bc08
C 294
R
P 0x7fb20a09bc08
P 0x7fb20a0babb8
C 275
R
P 0x7fb20a09bc08
C 294
R
P 0x7fb20a09bc08
P 0x7fb20a0bab98
C 275
R
P 0x7fb20a09bc08
C 294
R
P 0x7fb20a09bc08
P 0x7fb208e6c858
P 0x7fb20a0bab98
I 0
P 0
C 250
* 0x7fb20a0babd8 4
R
P 0x7fb20a09bc08
C 294
R
P 0x7fb20a09bc08
P 0x7fb20a0babd8
C 208
R
P 0x7fb20a09bc08
C 294
R
P 0x7fb20a09bc08
P 0x7fb20a0babd8
C 205
= 0x7fb20a0bab58
R
P 0x7fb20a09bc08
C 294
R
P 0x7fb20a09bc08
P 0x7fb20a0bab58
C 166
R
P 0x7fb20a09bc08
C 294
R
P 0x7fb20a09bc08
P 0x7fb20a0babd8
C 211
R
P 0x7fb20a09bc08
C 294
R
P 0x7fb20a09bc08
P 0x7fb20a0babd8
C 210
R
P 0x7fb20a09bc08
C 294
R
P 0x7fb20a09bc08
P 0x7fb20a0babd8
C 9
R
P 0x7fb20a09bc08
C 294
R
P 0x7fb20a09bc08
P 0x7fb20a0babd8
C 275
R
P 0x7fb20a09bc08
C 294
R
P 0x7fb20a09bc08
C 32
= 0x7fb20a0b8c18
R
P 0x7fb20a09bc08
C 294
R
P 0x7fb20a09bc08
P 0x7fb20a0b8c18
C 9
R
P 0x7fb20a09bc08
C 294
R
P 0x7fb20a09bc08
P 0x7fb20a0b8c18
P 0x7fb20a0b8c18
C 37
= 0x7fb20a0bab58
R
P 0x7fb20a09bc08
C 294
R
P 0x7fb20a09bc08
P 0x7fb20a0bab58
C 9
R
P 0x7fb20a09bc08
C 294
R
P 0x7fb20a09bc08
S "array_0"
C 30
R
P 0x7fb20a09bc08
C 294
R
P 0x7fb20a09bc08
$ |array_0|
P 0x7fb20a0bab58
C 50
= 0x7fb20a0bab78
R
P 0x7fb20a09bc08
C 294
R
P 0x7fb20a09bc08
P 0x7fb20a0bab78
C 208
R
P 0x7fb20a09bc08
C 294
R
P 0x7fb20a09bc08
P 0x7fb20a0bab78
C 205
= 0x7fb20a0bab58
R
P 0x7fb20a09bc08
C 294
R
P 0x7fb20a09bc08
P 0x7fb20a0bab58
C 166
R
P 0x7fb20a09bc08
C 294
R
P 0x7fb20a09bc08
P 0x7fb20a0bab78
C 211
R
P 0x7fb20a09bc08
C 294
R
P 0x7fb20a09bc08
P 0x7fb20a0bab78
C 210
R
P 0x7fb20a09bc08
C 294
R
P 0x7fb20a09bc08
P 0x7fb20a0bab78
C 9
R
P 0x7fb20a09bc08
C 294
R
P 0x7fb20a09bc08
S "array_1"
C 30
R
P 0x7fb20a09bc08
C 294
R
P 0x7fb20a09bc08
$ |array_1|
P 0x7fb20a0bab58
C 50
= 0x7fb20a0bab98
R
P 0x7fb20a09bc08
C 294
R
P 0x7fb20a09bc08
P 0x7fb20a0bab98
C 208
R
P 0x7fb20a09bc08
C 294
R
P 0x7fb20a09bc08
P 0x7fb20a0bab98
C 205
= 0x7fb20a0bab58
R
P 0x7fb20a09bc08
C 294
R
P 0x7fb20a09bc08
P 0x7fb20a0bab58
C 166
R
P 0x7fb20a09bc08
C 294
R
P 0x7fb20a09bc08
P 0x7fb20a0bab98
C 211
R
P 0x7fb20a09bc08
C 294
R
P 0x7fb20a09bc08
P 0x7fb20a0bab98
C 210
R
P 0x7fb20a09bc08
C 294
R
P 0x7fb20a09bc08
P 0x7fb20a0bab98
C 9
R
P 0x7fb20a09bc08
C 294
R
P 0x7fb20a09bc08
S "array_2"
C 30
R
P 0x7fb20a09bc08
C 294
R
P 0x7fb20a09bc08
$ |array_2|
P 0x7fb20a0bab58
C 50
= 0x7fb20a1ab218
R
P 0x7fb20a09bc08
C 294
R
P 0x7fb20a09bc08
P 0x7fb20a1ab218
C 208
R
P 0x7fb20a09bc08
C 294
R
P 0x7fb20a09bc08
P 0x7fb20a1ab218
C 205
= 0x7fb20a0bab58
R
P 0x7fb20a09bc08
C 294
R
P 0x7fb20a09bc08
P 0x7fb20a0bab58
C 166
R
P 0x7fb20a09bc08
C 294
R
P 0x7fb20a09bc08
P 0x7fb20a1ab218
C 211
R
P 0x7fb20a09bc08
C 294
R
P 0x7fb20a09bc08
P 0x7fb20a1ab218
C 210
R
P 0x7fb20a09bc08
C 294
R
P 0x7fb20a09bc08
P 0x7fb20a1ab218
C 9
R
P 0x7fb20a09bc08
C 294
R
P 0x7fb20a09bc08
U 3
P 0x7fb20a0bab78
P 0x7fb20a0bab98
P 0x7fb20a1ab218
p 3
C 56
= 0x7fb20a0bed58
R
P 0x7fb20a09bc08
C 294
R
P 0x7fb20a09bc08
P 0x7fb20a0bed58
C 9
R
P 0x7fb20a09bc08
C 294
R
P 0x7fb20a09bc08
P 0x7fb20a0bed58
C 275
R
P 0x7fb20a09bc08
C 294
R
P 0x7fb20a09bc08
C 410
= 0x7fb208e6cc38
R
P 0x7fb20a09bc08
C 294
R
P 0x7fb20a09bc08
P 0x7fb208e6cc38
C 417
R
P 0x7fb20a09bc08
C 294
R
P 0x7fb20a09bc08
P 0x7fb208e6cc38
P 0x7fb20a0bed58
C 423
R
P 0x7fb20a09bc08
C 294
R
P 0x7fb20a09bc08
P 0x7fb208e6cc38
C 426
R
P 0x7fb20a09bc08
C 294
R
P 0x7fb20a09bc08
P 0x7fb208e6cc38
C 428
= 0x7fb208c5bc78
R
P 0x7fb20a09bc08
C 294
R
P 0x7fb20a09bc08
P 0x7fb208c5bc78
C 248
R
P 0x7fb20a09bc08
C 294
R
P 0x7fb20a09bc08
P 0x7fb20a0bab78
C 275
R
P 0x7fb20a09bc08
C 294
R
P 0x7fb20a09bc08
P 0x7fb208c5bc78
P 0x7fb20a0bab78
I 0
P 0
C 250
* 0x7fb20a1ab258 4
R
P 0x7fb20a09bc08
C 294
R
P 0x7fb20a09bc08
P 0x7fb20a1ab258
C 208
R
P 0x7fb20a09bc08
C 294
R
P 0x7fb20a09bc08
P 0x7fb20a1ab258
C 205
= 0x7fb20a0bab58
R
P 0x7fb20a09bc08
C 294
R
P 0x7fb20a09bc08
P 0x7fb20a0bab58
C 166
R
P 0x7fb20a09bc08
C 294
R
P 0x7fb20a09bc08
P 0x7fb20a1ab258
C 211
R
P 0x7fb20a09bc08
C 294
R
P 0x7fb20a09bc08
P 0x7fb20a1ab258
C 210
R
P 0x7fb20a09bc08
C 294
R
P 0x7fb20a09bc08
P 0x7fb20a1ab258
C 9
R
P 0x7fb20a09bc08
C 294
R
P 0x7fb20a09bc08
P 0x7fb20a1ab258
C 275
R
P 0x7fb20a09bc08
C 294
R
P 0x7fb20a09bc08
P 0x7fb20a0bab98
C 275
R
P 0x7fb20a09bc08
C 294
R
P 0x7fb20a09bc08
P 0x7fb208c5bc78
P 0x7fb20a0bab98
I 0
P 0
C 250
* 0x7fb20a1ab278 4
R
P 0x7fb20a09bc08
C 294
R
P 0x7fb20a09bc08
P 0x7fb20a1ab278
C 208
R
P 0x7fb20a09bc08
C 294
R
P 0x7fb20a09bc08
P 0x7fb20a1ab278
C 205
= 0x7fb20a0bab58
R
P 0x7fb20a09bc08
C 294
R
P 0x7fb20a09bc08
P 0x7fb20a0bab58
C 166
R
P 0x7fb20a09bc08
C 294
R
P 0x7fb20a09bc08
P 0x7fb20a1ab278
C 211
R
P 0x7fb20a09bc08
C 294
R
P 0x7fb20a09bc08
P 0x7fb20a1ab278
C 210
R
P 0x7fb20a09bc08
C 294
R
P 0x7fb20a09bc08
P 0x7fb20a1ab278
C 9
R
P 0x7fb20a09bc08
C 294
R
P 0x7fb20a09bc08
P 0x7fb20a1ab278
C 275
R
P 0x7fb20a09bc08
C 294
R
P 0x7fb20a09bc08
P 0x7fb20a1ab218
C 275
R
P 0x7fb20a09bc08
C 294
R
P 0x7fb20a09bc08
P 0x7fb208c5bc78
P 0x7fb20a1ab218
I 0
P 0
C 250
* 0x7fb20a1ab298 4
R
P 0x7fb20a09bc08
C 294
R
P 0x7fb20a09bc08
P 0x7fb20a1ab298
C 208
R
P 0x7fb20a09bc08
C 294
R
P 0x7fb20a09bc08
P 0x7fb20a1ab298
C 205
= 0x7fb20a0bab58
R
P 0x7fb20a09bc08
C 294
R
P 0x7fb20a09bc08
P 0x7fb20a0bab58
C 166
R
P 0x7fb20a09bc08
C 294
R
P 0x7fb20a09bc08
P 0x7fb20a1ab298
C 211
R
P 0x7fb20a09bc08
C 294
R
P 0x7fb20a09bc08
P 0x7fb20a1ab298
C 210
R
P 0x7fb20a09bc08
C 294
R
P 0x7fb20a09bc08
P 0x7fb20a1ab298
C 9
R
P 0x7fb20a09bc08
C 294
R
P 0x7fb20a09bc08
P 0x7fb20a1ab298
C 275
R
P 0x7fb20a09bc08
C 294
R
P 0x7fb20a09bc08
C 32
= 0x7fb20a0b8c18
R
P 0x7fb20a09bc08
C 294
R
P 0x7fb20a09bc08
P 0x7fb20a0b8c18
C 9
R
P 0x7fb20a09bc08
C 294
R
P 0x7fb20a09bc08
P 0x7fb20a0b8c18
P 0x7fb20a0b8c18
C 37
= 0x7fb20a0bab58
R
P 0x7fb20a09bc08
C 294
R
P 0x7fb20a09bc08
P 0x7fb20a0bab58
C 9
R
P 0x7fb20a09bc08
C 294
R
P 0x7fb20a09bc08
S "array_0"
C 30
R
P 0x7fb20a09bc08
C 294
R
P 0x7fb20a09bc08
$ |array_0|
P 0x7fb20a0bab58
C 50
= 0x7fb20a0bab78
R
P 0x7fb20a09bc08
C 294
R
P 0x7fb20a09bc08
P 0x7fb20a0bab78
C 208
R
P 0x7fb20a09bc08
C 294
R
P 0x7fb20a09bc08
P 0x7fb20a0bab78
C 205
= 0x7fb20a0bab58
R
P 0x7fb20a09bc08
C 294
R
P 0x7fb20a09bc08
P 0x7fb20a0bab58
C 166
R
P 0x7fb20a09bc08
C 294
R
P 0x7fb20a09bc08
P 0x7fb20a0bab78
C 211
R
P 0x7fb20a09bc08
C 294
R
P 0x7fb20a09bc08
P 0x7fb20a0bab78
C 210
R
P 0x7fb20a09bc08
C 294
R
P 0x7fb20a09bc08
P 0x7fb20a0bab78
C 9
R
P 0x7fb20a09bc08
C 294
R
P 0x7fb20a09bc08
S "array_1"
C 30
R
P 0x7fb20a09bc08
C 294
R
P 0x7fb20a09bc08
$ |array_1|
P 0x7fb20a0bab58
C 50
= 0x7fb20a0bab98
R
P 0x7fb20a09bc08
C 294
R
P 0x7fb20a09bc08
P 0x7fb20a0bab98
C 208
R
P 0x7fb20a09bc08
C 294
R
P 0x7fb20a09bc08
P 0x7fb20a0bab98
C 205
= 0x7fb20a0bab58
R
P 0x7fb20a09bc08
C 294
R
P 0x7fb20a09bc08
P 0x7fb20a0bab58
C 166
R
P 0x7fb20a09bc08
C 294
R
P 0x7fb20a09bc08
P 0x7fb20a0bab98
C 211
R
P 0x7fb20a09bc08
C 294
R
P 0x7fb20a09bc08
P 0x7fb20a0bab98
C 210
R
P 0x7fb20a09bc08
C 294
R
P 0x7fb20a09bc08
P 0x7fb20a0bab98
C 9
R
P 0x7fb20a09bc08
C 294
R
P 0x7fb20a09bc08
S "array_2"
C 30
R
P 0x7fb20a09bc08
C 294
R
P 0x7fb20a09bc08
$ |array_2|
P 0x7fb20a0bab58
C 50
= 0x7fb20a1ab218
R
P 0x7fb20a09bc08
C 294
R
P 0x7fb20a09bc08
P 0x7fb20a1ab218
C 208
R
P 0x7fb20a09bc08
C 294
R
P 0x7fb20a09bc08
P 0x7fb20a1ab218
C 205
= 0x7fb20a0bab58
R
P 0x7fb20a09bc08
C 294
R
P 0x7fb20a09bc08
P 0x7fb20a0bab58
C 166
R
P 0x7fb20a09bc08
C 294
R
P 0x7fb20a09bc08
P 0x7fb20a1ab218
C 211
R
P 0x7fb20a09bc08
C 294
R
P 0x7fb20a09bc08
P 0x7fb20a1ab218
C 210
R
P 0x7fb20a09bc08
C 294
R
P 0x7fb20a09bc08
P 0x7fb20a1ab218
C 9
R
P 0x7fb20a09bc08
C 294
R
P 0x7fb20a09bc08
S "array_3"
C 30
R
P 0x7fb20a09bc08
C 294
R
P 0x7fb20a09bc08
$ |array_3|
P 0x7fb20a0bab58
C 50
= 0x7fb20a1ab238
R
P 0x7fb20a09bc08
C 294
R
P 0x7fb20a09bc08
P 0x7fb20a1ab238
C 208
R
P 0x7fb20a09bc08
C 294
R
P 0x7fb20a09bc08
P 0x7fb20a1ab238
C 205
= 0x7fb20a0bab58
R
P 0x7fb20a09bc08
C 294
R
P 0x7fb20a09bc08
P 0x7fb20a0bab58
C 166
R
P 0x7fb20a09bc08
C 294
R
P 0x7fb20a09bc08
P 0x7fb20a1ab238
C 211
R
P 0x7fb20a09bc08
C 294
R
P 0x7fb20a09bc08
P 0x7fb20a1ab238
C 210
R
P 0x7fb20a09bc08
C 294
R
P 0x7fb20a09bc08
P 0x7fb20a1ab238
C 9
R
P 0x7fb20a09bc08
C 294
R
P 0x7fb20a09bc08
U 4
P 0x7fb20a0bab78
P 0x7fb20a0bab98
P 0x7fb20a1ab218
P 0x7fb20a1ab238
p 4
C 56
= 0x7fb20a0c2b80
R
P 0x7fb20a09bc08
C 294
R
P 0x7fb20a09bc08
P 0x7fb20a0c2b80
C 9
R
P 0x7fb20a09bc08
C 294
R
P 0x7fb20a09bc08
P 0x7fb20a0c2b80
C 275
R
P 0x7fb20a09bc08
C 294
R
P 0x7fb20a09bc08
C 410
= 0x7fb208c46ac8
R
P 0x7fb20a09bc08
C 294
R
P 0x7fb20a09bc08
P 0x7fb208c46ac8
C 417
R
P 0x7fb20a09bc08
C 294
R
P 0x7fb20a09bc08
P 0x7fb208c46ac8
P 0x7fb20a0c2b80
C 423
R
P 0x7fb20a09bc08
C 294
R
P 0x7fb20a09bc08
P 0x7fb208c46ac8
C 426
R
P 0x7fb20a09bc08
C 294
R
P 0x7fb20a09bc08
P 0x7fb208c46ac8
C 428
= 0x7fb208c46798
R
P 0x7fb20a09bc08
C 294
R
P 0x7fb20a09bc08
P 0x7fb208c46798
C 248
R
P 0x7fb20a09bc08
C 294
R
P 0x7fb20a09bc08
P 0x7fb20a0bab78
C 275
R
P 0x7fb20a09bc08
C 294
R
P 0x7fb20a09bc08
P 0x7fb208c46798
P 0x7fb20a0bab78
I 0
P 0
C 250
* 0x7fb20a1ab318 4
R
P 0x7fb20a09bc08
C 294
R
P 0x7fb20a09bc08
P 0x7fb20a1ab318
C 208
R
P 0x7fb20a09bc08
C 294
R
P 0x7fb20a09bc08
P 0x7fb20a1ab318
C 205
= 0x7fb20a0bab58
R
P 0x7fb20a09bc08
C 294
R
P 0x7fb20a09bc08
P 0x7fb20a0bab58
C 166
R
P 0x7fb20a09bc08
C 294
R
P 0x7fb20a09bc08
P 0x7fb20a1ab318
C 211
R
P 0x7fb20a09bc08
C 294
R
P 0x7fb20a09bc08
P 0x7fb20a1ab318
C 210
R
P 0x7fb20a09bc08
C 294
R
P 0x7fb20a09bc08
P 0x7fb20a1ab318
C 9
R
P 0x7fb20a09bc08
C 294
R
P 0x7fb20a09bc08
P 0x7fb20a1ab318
C 275
R
P 0x7fb20a09bc08
C 294
R
P 0x7fb20a09bc08
P 0x7fb20a0bab98
C 275
R
P 0x7fb20a09bc08
C 294
R
P 0x7fb20a09bc08
P 0x7fb208c46798
P 0x7fb20a0bab98
I 0
P 0
C 250
* 0x7fb20a1ab338 4
R
P 0x7fb20a09bc08
C 294
R
P 0x7fb20a09bc08
P 0x7fb20a1ab338
C 208
R
P 0x7fb20a09bc08
C 294
R
P 0x7fb20a09bc08
P 0x7fb20a1ab338
C 205
= 0x7fb20a0bab58
R
P 0x7fb20a09bc08
C 294
R
P 0x7fb20a09bc08
P 0x7fb20a0bab58
C 166
R
P 0x7fb20a09bc08
C 294
R
P 0x7fb20a09bc08
P 0x7fb20a1ab338
C 211
R
P 0x7fb20a09bc08
C 294
R
P 0x7fb20a09bc08
P 0x7fb20a1ab338
C 210
R
P 0x7fb20a09bc08
C 294
R
P 0x7fb20a09bc08
P 0x7fb20a1ab338
C 9
R
P 0x7fb20a09bc08
C 294
R
P 0x7fb20a09bc08
P 0x7fb20a1ab338
C 275
R
P 0x7fb20a09bc08
C 294
R
P 0x7fb20a09bc08
P 0x7fb20a1ab218
C 275
R
P 0x7fb20a09bc08
C 294
R
P 0x7fb20a09bc08
P 0x7fb208c46798
P 0x7fb20a1ab218
I 0
P 0
C 250
* 0x7fb20a1ab358 4
R
P 0x7fb20a09bc08
C 294
R
P 0x7fb20a09bc08
P 0x7fb20a1ab358
C 208
R
P 0x7fb20a09bc08
C 294
R
P 0x7fb20a09bc08
P 0x7fb20a1ab358
C 205
= 0x7fb20a0bab58
R
P 0x7fb20a09bc08
C 294
R
P 0x7fb20a09bc08
P 0x7fb20a0bab58
C 166
R
P 0x7fb20a09bc08
C 294
R
P 0x7fb20a09bc08
P 0x7fb20a1ab358
C 211
R
P 0x7fb20a09bc08
C 294
R
P 0x7fb20a09bc08
P 0x7fb20a1ab358
C 210
R
P 0x7fb20a09bc08
C 294
R
P 0x7fb20a09bc08
P 0x7fb20a1ab358
C 9
R
P 0x7fb20a09bc08
C 294
R
P 0x7fb20a09bc08
P 0x7fb20a1ab358
C 275
R
P 0x7fb20a09bc08
C 294
R
P 0x7fb20a09bc08
P 0x7fb20a1ab238
C 275
R
P 0x7fb20a09bc08
C 294
R
P 0x7fb20a09bc08
P 0x7fb208c46798
P 0x7fb20a1ab238
I 0
P 0
C 250
* 0x7fb20a1ab378 4
R
P 0x7fb20a09bc08
C 294
R
P 0x7fb20a09bc08
P 0x7fb20a1ab378
C 208
R
P 0x7fb20a09bc08
C 294
R
P 0x7fb20a09bc08
P 0x7fb20a1ab378
C 205
= 0x7fb20a0bab58
R
P 0x7fb20a09bc08
C 294
R
P 0x7fb20a09bc08
P 0x7fb20a0bab58
C 166
R
P 0x7fb20a09bc08
C 294
R
P 0x7fb20a09bc08
P 0x7fb20a1ab378
C 211
R
P 0x7fb20a09bc08
C 294
R
P 0x7fb20a09bc08
P 0x7fb20a1ab378
C 210
R
P 0x7fb20a09bc08
C 294
R
P 0x7fb20a09bc08
P 0x7fb20a1ab378
C 9
R
P 0x7fb20a09bc08
C 294
R
P 0x7fb20a09bc08
P 0x7fb20a1ab378
C 275
R
P 0x7fb20a09bc08
C 294
R
P 0x7fb20a09bc08
C 32
= 0x7fb20a0b8c18
R
P 0x7fb20a09bc08
C 294
R
P 0x7fb20a09bc08
P 0x7fb20a0b8c18
C 9
R
P 0x7fb20a09bc08
C 294
R
P 0x7fb20a09bc08
P 0x7fb20a0b8c18
P 0x7fb20a0b8c18
C 37
= 0x7fb20a0bab58
R
P 0x7fb20a09bc08
C 294
R
P 0x7fb20a09bc08
P 0x7fb20a0bab58
C 9
R
P 0x7fb20a09bc08
C 294
R
P 0x7fb20a09bc08
S "array_0"
C 30
R
P 0x7fb20a09bc08
C 294
R
P 0x7fb20a09bc08
$ |array_0|
P 0x7fb20a0bab58
C 50
= 0x7fb20a0bab78
R
P 0x7fb20a09bc08
C 294
R
P 0x7fb20a09bc08
P 0x7fb20a0bab78
C 208
R
P 0x7fb20a09bc08
C 294
R
P 0x7fb20a09bc08
P 0x7fb20a0bab78
C 205
= 0x7fb20a0bab58
R
P 0x7fb20a09bc08
C 294
R
P 0x7fb20a09bc08
P 0x7fb20a0bab58
C 166
R
P 0x7fb20a09bc08
C 294
R
P 0x7fb20a09bc08
P 0x7fb20a0bab78
C 211
R
P 0x7fb20a09bc08
C 294
R
P 0x7fb20a09bc08
P 0x7fb20a0bab78
C 210
R
P 0x7fb20a09bc08
C 294
R
P 0x7fb20a09bc08
P 0x7fb20a0bab78
C 9
R
P 0x7fb20a09bc08
C 294
R
P 0x7fb20a09bc08
S "array_1"
C 30
R
P 0x7fb20a09bc08
C 294
R
P 0x7fb20a09bc08
$ |array_1|
P 0x7fb20a0bab58
C 50
= 0x7fb20a0bab98
R
P 0x7fb20a09bc08
C 294
R
P 0x7fb20a09bc08
P 0x7fb20a0bab98
C 208
R
P 0x7fb20a09bc08
C 294
R
P 0x7fb20a09bc08
P 0x7fb20a0bab98
C 205
= 0x7fb20a0bab58
R
P 0x7fb20a09bc08
C 294
R
P 0x7fb20a09bc08
P 0x7fb20a0bab58
C 166
R
P 0x7fb20a09bc08
C 294
R
P 0x7fb20a09bc08
P 0x7fb20a0bab98
C 211
R
P 0x7fb20a09bc08
C 294
R
P 0x7fb20a09bc08
P 0x7fb20a0bab98
C 210
R
P 0x7fb20a09bc08
C 294
R
P 0x7fb20a09bc08
P 0x7fb20a0bab98
C 9
R
P 0x7fb20a09bc08
C 294
R
P 0x7fb20a09bc08
S "array_2"
C 30
R
P 0x7fb20a09bc08
C 294
R
P 0x7fb20a09bc08
$ |array_2|
P 0x7fb20a0bab58
C 50
= 0x7fb20a1ab218
R
P 0x7fb20a09bc08
C 294
R
P 0x7fb20a09bc08
P 0x7fb20a1ab218
C 208
R
P 0x7fb20a09bc08
C 294
R
P 0x7fb20a09bc08
P 0x7fb20a1ab218
C 205
= 0x7fb20a0bab58
R
P 0x7fb20a09bc08
C 294
R
P 0x7fb20a09bc08
P 0x7fb20a0bab58
C 166
R
P 0x7fb20a09bc08
C 294
R
P 0x7fb20a09bc08
P 0x7fb20a1ab218
C 211
R
P 0x7fb20a09bc08
C 294
R
P 0x7fb20a09bc08
P 0x7fb20a1ab218
C 210
R
P 0x7fb20a09bc08
C 294
R
P 0x7fb20a09bc08
P 0x7fb20a1ab218
C 9
R
P 0x7fb20a09bc08
C 294
R
P 0x7fb20a09bc08
S "array_3"
C 30
R
P 0x7fb20a09bc08
C 294
R
P 0x7fb20a09bc08
$ |array_3|
P 0x7fb20a0bab58
C 50
= 0x7fb20a1ab238
R
P 0x7fb20a09bc08
C 294
R
P 0x7fb20a09bc08
P 0x7fb20a1ab238
C 208
R
P 0x7fb20a09bc08
C 294
R
P 0x7fb20a09bc08
P 0x7fb20a1ab238
C 205
= 0x7fb20a0bab58
R
P 0x7fb20a09bc08
C 294
R
P 0x7fb20a09bc08
P 0x7fb20a0bab58
C 166
R
P 0x7fb20a09bc08
C 294
R
P 0x7fb20a09bc08
P 0x7fb20a1ab238
C 211
R
P 0x7fb20a09bc08
C 294
R
P 0x7fb20a09bc08
P 0x7fb20a1ab238
C 210
R
P 0x7fb20a09bc08
C 294
R
P 0x7fb20a09bc08
P 0x7fb20a1ab238
C 9
R
P 0x7fb20a09bc08
C 294
R
P 0x7fb20a09bc08
S "array_4"
C 30
R
P 0x7fb20a09bc08
C 294
R
P 0x7fb20a09bc08
$ |array_4|
P 0x7fb20a0bab58
C 50
= 0x7fb20a1ab2b8
R
P 0x7fb20a09bc08
C 294
R
P 0x7fb20a09bc08
P 0x7fb20a1ab2b8
C 208
R
P 0x7fb20a09bc08
C 294
R
P 0x7fb20a09bc08
P 0x7fb20a1ab2b8
C 205
= 0x7fb20a0bab58
R
P 0x7fb20a09bc08
C 294
R
P 0x7fb20a09bc08
P 0x7fb20a0bab58
C 166
R
P 0x7fb20a09bc08
C 294
R
P 0x7fb20a09bc08
P 0x7fb20a1ab2b8
C 211
R
P 0x7fb20a09bc08
C 294
R
P 0x7fb20a09bc08
P 0x7fb20a1ab2b8
C 210
R
P 0x7fb20a09bc08
C 294
R
P 0x7fb20a09bc08
P 0x7fb20a1ab2b8
C 9
R
P 0x7fb20a09bc08
C 294
R
P 0x7fb20a09bc08
U 5
P 0x7fb20a0bab78
P 0x7fb20a0bab98
P 0x7fb20a1ab218
P 0x7fb20a1ab238
P 0x7fb20a1ab2b8
p 5
C 56
= 0x7fb209119e68
R
P 0x7fb20a09bc08
C 294
R
P 0x7fb20a09bc08
P 0x7fb209119e68
C 9
R
P 0x7fb20a09bc08
C 294
R
P 0x7fb20a09bc08
P 0x7fb209119e68
C 275
R
P 0x7fb20a09bc08
C 294
R
P 0x7fb20a09bc08
C 410
= 0x7fb208c46898
R
P 0x7fb20a09bc08
C 294
R
P 0x7fb20a09bc08
P 0x7fb208c46898
C 417
R
P 0x7fb20a09bc08
C 294
R
P 0x7fb20a09bc08
P 0x7fb208c46898
P 0x7fb209119e68
C 423
R
P 0x7fb20a09bc08
C 294
R
P 0x7fb20a09bc08
P 0x7fb208c46898
C 426
R
P 0x7fb20a09bc08
C 294
M "BitvectorExample1"
R
P 0x7fb20a09bc08
U 32
C 35
= 0x7fb20a0b9118
R
P 0x7fb20a09bc08
C 294
R
P 0x7fb20a09bc08
P 0x7fb20a0b9118
C 9
R
P 0x7fb20a09bc08
C 294
R
P 0x7fb20a09bc08
S "x"
C 30
R
P 0x7fb20a09bc08
C 294
R
P 0x7fb20a09bc08
$ |x|
P 0x7fb20a0b9118
C 50
= 0x7fb20a0ba798
R
P 0x7fb20a09bc08
C 294
R
P 0x7fb20a09bc08
P 0x7fb20a0ba798
C 208
R
P 0x7fb20a09bc08
C 294
R
P 0x7fb20a09bc08
P 0x7fb20a0ba798
C 205
= 0x7fb20a0b9118
R
P 0x7fb20a09bc08
C 294
R
P 0x7fb20a09bc08
P 0x7fb20a0b9118
C 166
R
P 0x7fb20a09bc08
C 294
R
P 0x7fb20a09bc08
P 0x7fb20a0ba798
C 211
R
P 0x7fb20a09bc08
C 294
R
P 0x7fb20a09bc08
P 0x7fb20a0ba798
C 210
R
P 0x7fb20a09bc08
C 294
R
P 0x7fb20a09bc08
P 0x7fb20a0ba798
C 9
R
P 0x7fb20a09bc08
C 294
R
P 0x7fb20a09bc08
S "0"
P 0x7fb20a0b9118
C 143
= 0x7fb20a0ba818
R
P 0x7fb20a09bc08
C 294
R
P 0x7fb20a09bc08
P 0x7fb20a0ba818
C 208
R
P 0x7fb20a09bc08
C 294
R
P 0x7fb20a09bc08
P 0x7fb20a0ba818
C 205
= 0x7fb20a0b9118
R
P 0x7fb20a09bc08
C 294
R
P 0x7fb20a09bc08
P 0x7fb20a0b9118
C 166
R
P 0x7fb20a09bc08
C 294
R
P 0x7fb20a09bc08
P 0x7fb20a0ba818
C 211
R
P 0x7fb20a09bc08
C 294
R
P 0x7fb20a09bc08
P 0x7fb20a0ba818
C 210
R
P 0x7fb20a09bc08
C 294
R
P 0x7fb20a09bc08
P 0x7fb20a0ba818
C 9
R
P 0x7fb20a09bc08
C 294
R
P 0x7fb20a09bc08
U 32
C 35
= 0x7fb20a0b9118
R
P 0x7fb20a09bc08
C 294
R
P 0x7fb20a09bc08
P 0x7fb20a0b9118
C 9
R
P 0x7fb20a09bc08
C 294
R
P 0x7fb20a09bc08
I 10
P 0x7fb20a0b9118
C 145
= 0x7fb20a1ab2d8
R
P 0x7fb20a09bc08
C 294
R
P 0x7fb20a09bc08
P 0x7fb20a1ab2d8
C 208
R
P 0x7fb20a09bc08
C 294
R
P 0x7fb20a09bc08
P 0x7fb20a1ab2d8
C 205
= 0x7fb20a0b9118
R
P 0x7fb20a09bc08
C 294
R
P 0x7fb20a09bc08
P 0x7fb20a0b9118
C 166
R
P 0x7fb20a09bc08
C 294
R
P 0x7fb20a09bc08
P 0x7fb20a1ab2d8
C 211
R
P 0x7fb20a09bc08
C 294
R
P 0x7fb20a09bc08
P 0x7fb20a1ab2d8
C 210
R
P 0x7fb20a09bc08
C 294
R
P 0x7fb20a09bc08
P 0x7fb20a1ab2d8
C 9
R
P 0x7fb20a09bc08
C 294
R
P 0x7fb20a09bc08
P 0x7fb20a0ba798
P 0x7fb20a1ab2d8
C 90
= 0x7fb20a821708
R
P 0x7fb20a09bc08
C 294
R
P 0x7fb20a09bc08
P 0x7fb20a821708
C 9
R
P 0x7fb20a09bc08
C 294
R
P 0x7fb20a09bc08
P 0x7fb20a0ba798
P 0x7fb20a1ab2d8
C 100
= 0x7fb20a821778
R
P 0x7fb20a09bc08
C 294
R
P 0x7fb20a09bc08
P 0x7fb20a821778
C 9
R
P 0x7fb20a09bc08
C 294
R
P 0x7fb20a09bc08
P 0x7fb20a821708
P 0x7fb20a0ba818
C 100
= 0x7fb20a8217b0
R
P 0x7fb20a09bc08
C 294
R
P 0x7fb20a09bc08
P 0x7fb20a8217b0
C 9
R
P 0x7fb20a09bc08
C 294
R
P 0x7fb20a09bc08
P 0x7fb20a821778
P 0x7fb20a8217b0
C 59
= 0x7fb20a821858
R
P 0x7fb20a09bc08
C 294
R
P 0x7fb20a09bc08
P 0x7fb20a821858
C 9
R
P 0x7fb20a09bc08
C 294
R
P 0x7fb20a09bc08
P 0x7fb20a821858
C 275
R
P 0x7fb20a09bc08
C 294
R
P 0x7fb20a09bc08
C 410
= 0x7fb208f17f68
R
P 0x7fb20a09bc08
C 294
R
P 0x7fb20a09bc08
P 0x7fb208f17f68
C 417
R
P 0x7fb20a09bc08
C 294
R
P 0x7fb20a09bc08
C 14
= 0x7fb208f18b28
R
P 0x7fb20a09bc08
C 294
R
P 0x7fb20a09bc08
P 0x7fb208f18b28
C 15
R
P 0x7fb20a09bc08
C 294
R
P 0x7fb20a09bc08
S "mbqi"
C 30
R
P 0x7fb20a09bc08
C 294
R
P 0x7fb20a09bc08
P 0x7fb208f18b28
$ |mbqi|
I 0
C 17
R
P 0x7fb20a09bc08
C 294
R
P 0x7fb20a09bc08
P 0x7fb208f17f68
P 0x7fb208f18b28
C 416
R
P 0x7fb20a09bc08
C 294
R
P 0x7fb20a09bc08
P 0x7fb20a821858
C 57
= 0x7fb20a0bc7c8
R
P 0x7fb20a09bc08
C 294
R
P 0x7fb20a09bc08
P 0x7fb20a0bc7c8
C 9
R
P 0x7fb20a09bc08
C 294
R
P 0x7fb20a09bc08
P 0x7fb208f17f68
P 0x7fb20a0bc7c8
C 423
R
P 0x7fb20a09bc08
C 294
R
P 0x7fb20a09bc08
P 0x7fb208f17f68
C 426
R
P 0x7fb20a09bc08
C 294
R
P 0x7fb20a09bc08
P 0x7fb208f17f68
C 428
= 0x7fb208f18ba8
R
P 0x7fb20a09bc08
C 294
R
P 0x7fb20a09bc08
P 0x7fb208f18ba8
C 248
R
P 0x7fb20a09bc08
C 294
R
P 0x7fb20a09bc08
P 0x7fb208f18ba8
C 279
R
P 0x7fb20a09bc08
C 294
M "BitvectorExample2"
R
P 0x7fb20a09bc08
U 32
C 35
= 0x7fb20a0b9118
R
P 0x7fb20a09bc08
C 294
R
P 0x7fb20a09bc08
P 0x7fb20a0b9118
C 9
R
P 0x7fb20a09bc08
C 294
R
P 0x7fb20a09bc08
U 32
C 35
= 0x7fb20a0b9118
R
P 0x7fb20a09bc08
C 294
R
P 0x7fb20a09bc08
P 0x7fb20a0b9118
C 9
R
P 0x7fb20a09bc08
C 294
R
P 0x7fb20a09bc08
S "x"
C 30
R
P 0x7fb20a09bc08
C 294
R
P 0x7fb20a09bc08
$ |x|
P 0x7fb20a0b9118
C 50
= 0x7fb20a0ba798
R
P 0x7fb20a09bc08
C 294
R
P 0x7fb20a09bc08
P 0x7fb20a0ba798
C 208
R
P 0x7fb20a09bc08
C 294
R
P 0x7fb20a09bc08
P 0x7fb20a0ba798
C 205
= 0x7fb20a0b9118
R
P 0x7fb20a09bc08
C 294
R
P 0x7fb20a09bc08
P 0x7fb20a0b9118
C 166
R
P 0x7fb20a09bc08
C 294
R
P 0x7fb20a09bc08
P 0x7fb20a0ba798
C 211
R
P 0x7fb20a09bc08
C 294
R
P 0x7fb20a09bc08
P 0x7fb20a0ba798
C 210
R
P 0x7fb20a09bc08
C 294
R
P 0x7fb20a09bc08
P 0x7fb20a0ba798
C 9
R
P 0x7fb20a09bc08
C 294
R
P 0x7fb20a09bc08
U 32
C 35
= 0x7fb20a0b9118
R
P 0x7fb20a09bc08
C 294
R
P 0x7fb20a09bc08
P 0x7fb20a0b9118
C 9
R
P 0x7fb20a09bc08
C 294
R
P 0x7fb20a09bc08
S "y"
C 30
R
P 0x7fb20a09bc08
C 294
R
P 0x7fb20a09bc08
$ |y|
P 0x7fb20a0b9118
C 50
= 0x7fb20a0ba7b8
R
P 0x7fb20a09bc08
C 294
R
P 0x7fb20a09bc08
P 0x7fb20a0ba7b8
C 208
R
P 0x7fb20a09bc08
C 294
R
P 0x7fb20a09bc08
P 0x7fb20a0ba7b8
C 205
= 0x7fb20a0b9118
R
P 0x7fb20a09bc08
C 294
R
P 0x7fb20a09bc08
P 0x7fb20a0b9118
C 166
R
P 0x7fb20a09bc08
C 294
R
P 0x7fb20a09bc08
P 0x7fb20a0ba7b8
C 211
R
P 0x7fb20a09bc08
C 294
R
P 0x7fb20a09bc08
P 0x7fb20a0ba7b8
C 210
R
P 0x7fb20a09bc08
C 294
R
P 0x7fb20a09bc08
P 0x7fb20a0ba7b8
C 9
R
P 0x7fb20a09bc08
C 294
R
P 0x7fb20a09bc08
P 0x7fb20a0ba798
P 0x7fb20a0ba7b8
C 84
= 0x7fb20a13f240
R
P 0x7fb20a09bc08
C 294
R
P 0x7fb20a09bc08
P 0x7fb20a13f240
C 9
R
P 0x7fb20a09bc08
C 294
R
P 0x7fb20a09bc08
S "103"
P 0x7fb20a0b9118
C 143
= 0x7fb20a1ab2f8
R
P 0x7fb20a09bc08
C 294
R
P 0x7fb20a09bc08
P 0x7fb20a1ab2f8
C 208
R
P 0x7fb20a09bc08
C 294
R
P 0x7fb20a09bc08
P 0x7fb20a1ab2f8
C 205
= 0x7fb20a0b9118
R
P 0x7fb20a09bc08
C 294
R
P 0x7fb20a09bc08
P 0x7fb20a0b9118
C 166
R
P 0x7fb20a09bc08
C 294
R
P 0x7fb20a09bc08
P 0x7fb20a1ab2f8
C 211
R
P 0x7fb20a09bc08
C 294
R
P 0x7fb20a09bc08
P 0x7fb20a1ab2f8
C 210
R
P 0x7fb20a09bc08
C 294
R
P 0x7fb20a09bc08
P 0x7fb20a1ab2f8
C 9
R
P 0x7fb20a09bc08
C 294
R
P 0x7fb20a09bc08
P 0x7fb20a13f240
P 0x7fb20a1ab2f8
C 90
= 0x7fb20a13f1d0
R
P 0x7fb20a09bc08
C 294
R
P 0x7fb20a09bc08
P 0x7fb20a13f1d0
C 9
R
P 0x7fb20a09bc08
C 294
R
P 0x7fb20a09bc08
P 0x7fb20a0ba798
P 0x7fb20a0ba7b8
C 91
= 0x7fb20a8228c0
R
P 0x7fb20a09bc08
C 294
R
P 0x7fb20a09bc08
P 0x7fb20a8228c0
C 9
R
P 0x7fb20a09bc08
C 294
R
P 0x7fb20a09bc08
P 0x7fb20a13f1d0
P 0x7fb20a8228c0
C 55
= 0x7fb20a8226c8
R
P 0x7fb20a09bc08
C 294
R
P 0x7fb20a09bc08
P 0x7fb20a8226c8
C 9
R
P 0x7fb20a09bc08
C 294
R
P 0x7fb20a09bc08
C 410
= 0x7fb208f80b68
R
P 0x7fb20a09bc08
C 294
R
P 0x7fb20a09bc08
P 0x7fb208f80b68
C 417
R
P 0x7fb20a09bc08
C 294
R
P 0x7fb20a09bc08
P 0x7fb208f80b68
P 0x7fb20a8226c8
C 423
R
P 0x7fb20a09bc08
C 294
R
P 0x7fb20a09bc08
P 0x7fb208f80b68
C 426
R
P 0x7fb20a09bc08
C 294
R
P 0x7fb20a09bc08
P 0x7fb208f80b68
C 428
= 0x7fb208e6ca28
R
P 0x7fb20a09bc08
C 294
R
P 0x7fb20a09bc08
P 0x7fb208e6ca28
C 248
R
P 0x7fb20a09bc08
C 294
R
P 0x7fb20a09bc08
P 0x7fb208e6ca28
C 279
R
P 0x7fb20a09bc08
C 294
M "ParserExample1"
R
P 0x7fb20a09bc08
S "\040benchmark tst \058extrafuns \040\040x Int\041 \040y Int\041\041 \058formula \040> x y\041 \058formula \040> x 0\041\041"
U 0
s 0
p 0
U 0
s 0
p 0
C 283
R
P 0x7fb20a09bc08
C 294
R
P 0x7fb20a09bc08
C 285
R
P 0x7fb20a09bc08
C 294
R
P 0x7fb20a09bc08
U 0
C 286
= 0x7fb20a822b28
R
P 0x7fb20a09bc08
C 294
R
P 0x7fb20a09bc08
P 0x7fb20a822b28
C 208
R
P 0x7fb20a09bc08
C 294
R
P 0x7fb20a09bc08
P 0x7fb20a822b28
C 205
= 0x7fb20a0b8c18
R
P 0x7fb20a09bc08
C 294
R
P 0x7fb20a09bc08
P 0x7fb20a0b8c18
C 166
R
P 0x7fb20a09bc08
C 294
R
P 0x7fb20a09bc08
P 0x7fb20a822b28
C 211
R
P 0x7fb20a09bc08
C 294
R
P 0x7fb20a09bc08
P 0x7fb20a822b28
C 210
R
P 0x7fb20a09bc08
C 294
R
P 0x7fb20a09bc08
P 0x7fb20a822b28
C 9
R
P 0x7fb20a09bc08
C 294
R
P 0x7fb20a09bc08
U 1
C 286
= 0x7fb20a822b60
R
P 0x7fb20a09bc08
C 294
R
P 0x7fb20a09bc08
P 0x7fb20a822b60
C 208
R
P 0x7fb20a09bc08
C 294
R
P 0x7fb20a09bc08
P 0x7fb20a822b60
C 205
= 0x7fb20a0b8c18
R
P 0x7fb20a09bc08
C 294
R
P 0x7fb20a09bc08
P 0x7fb20a0b8c18
C 166
R
P 0x7fb20a09bc08
C 294
R
P 0x7fb20a09bc08
P 0x7fb20a822b60
C 211
R
P 0x7fb20a09bc08
C 294
R
P 0x7fb20a09bc08
P 0x7fb20a822b60
C 210
R
P 0x7fb20a09bc08
C 294
R
P 0x7fb20a09bc08
P 0x7fb20a822b60
C 9
R
P 0x7fb20a09bc08
C 294
R
P 0x7fb20a09bc08
P 0x7fb20a822b28
C 275
R
P 0x7fb20a09bc08
C 294
R
P 0x7fb20a09bc08
P 0x7fb20a822b60
C 275
R
P 0x7fb20a09bc08
C 294
R
P 0x7fb20a09bc08
C 285
R
P 0x7fb20a09bc08
C 294
R
P 0x7fb20a09bc08
U 0
C 286
= 0x7fb20a822b28
R
P 0x7fb20a09bc08
C 294
R
P 0x7fb20a09bc08
P 0x7fb20a822b28
C 208
R
P 0x7fb20a09bc08
C 294
R
P 0x7fb20a09bc08
P 0x7fb20a822b28
C 205
= 0x7fb20a0b8c18
R
P 0x7fb20a09bc08
C 294
R
P 0x7fb20a09bc08
P 0x7fb20a0b8c18
C 166
R
P 0x7fb20a09bc08
C 294
R
P 0x7fb20a09bc08
P 0x7fb20a822b28
C 211
R
P 0x7fb20a09bc08
C 294
R
P 0x7fb20a09bc08
P 0x7fb20a822b28
C 210
R
P 0x7fb20a09bc08
C 294
R
P 0x7fb20a09bc08
P 0x7fb20a822b28
C 9
R
P 0x7fb20a09bc08
C 294
R
P 0x7fb20a09bc08
U 1
C 286
= 0x7fb20a822b60
R
P 0x7fb20a09bc08
C 294
R
P 0x7fb20a09bc08
P 0x7fb20a822b60
C 208
R
P 0x7fb20a09bc08
C 294
R
P 0x7fb20a09bc08
P 0x7fb20a822b60
C 205
= 0x7fb20a0b8c18
R
P 0x7fb20a09bc08
C 294
R
P 0x7fb20a09bc08
P 0x7fb20a0b8c18
C 166
R
P 0x7fb20a09bc08
C 294
R
P 0x7fb20a09bc08
P 0x7fb20a822b60
C 211
R
P 0x7fb20a09bc08
C 294
R
P 0x7fb20a09bc08
P 0x7fb20a822b60
C 210
R
P 0x7fb20a09bc08
C 294
R
P 0x7fb20a09bc08
P 0x7fb20a822b60
C 9
R
P 0x7fb20a09bc08
C 294
R
P 0x7fb20a09bc08
U 2
P 0x7fb20a822b28
P 0x7fb20a822b60
p 2
C 62
= 0x7fb20a822b98
R
P 0x7fb20a09bc08
C 294
R
P 0x7fb20a09bc08
P 0x7fb20a822b98
C 9
R
P 0x7fb20a09bc08
C 294
R
P 0x7fb20a09bc08
C 410
= 0x7fb208e5af88
R
P 0x7fb20a09bc08
C 294
R
P 0x7fb20a09bc08
P 0x7fb208e5af88
C 417
R
P 0x7fb20a09bc08
C 294
R
P 0x7fb20a09bc08
P 0x7fb208e5af88
P 0x7fb20a822b98
C 423
R
P 0x7fb20a09bc08
C 294
R
P 0x7fb20a09bc08
P 0x7fb208e5af88
C 426
R
P 0x7fb20a09bc08
C 294
R
P 0x7fb20a09bc08
P 0x7fb208e5af88
C 428
= 0x7fb208e64b88
R
P 0x7fb20a09bc08
C 294
R
P 0x7fb20a09bc08
P 0x7fb208e64b88
C 248
R
P 0x7fb20a09bc08
C 294
M "ParserExample2"
R
P 0x7fb20a09bc08
S "a"
C 30
R
P 0x7fb20a09bc08
C 294
R
P 0x7fb20a09bc08
S "b"
C 30
R
P 0x7fb20a09bc08
C 294
R
P 0x7fb20a09bc08
C 33
= 0x7fb20a0b8cd8
R
P 0x7fb20a09bc08
C 294
R
P 0x7fb20a09bc08
P 0x7fb20a0b8cd8
C 9
R
P 0x7fb20a09bc08
C 294
R
P 0x7fb20a09bc08
$ |a|
U 0
p 0
P 0x7fb20a0b8cd8
C 48
= 0x7fb20a0bc9d8
R
P 0x7fb20a09bc08
C 294
R
P 0x7fb20a09bc08
P 0x7fb20a0bc9d8
C 9
R
P 0x7fb20a09bc08
C 294
R
P 0x7fb20a09bc08
C 33
= 0x7fb20a0b8cd8
R
P 0x7fb20a09bc08
C 294
R
P 0x7fb20a09bc08
P 0x7fb20a0b8cd8
C 9
R
P 0x7fb20a09bc08
C 294
R
P 0x7fb20a09bc08
$ |b|
U 0
p 0
P 0x7fb20a0b8cd8
C 48
= 0x7fb20a0bcac8
R
P 0x7fb20a09bc08
C 294
R
P 0x7fb20a09bc08
P 0x7fb20a0bcac8
C 9
R
P 0x7fb20a09bc08
C 294
R
P 0x7fb20a09bc08
S "\040benchmark tst \058formula \040> a b\041\041"
U 0
s 0
p 0
U 2
$ |a|
$ |b|
s 2
P 0x7fb20a0bc9d8
P 0x7fb20a0bcac8
p 2
C 283
R
P 0x7fb20a09bc08
C 294
R
P 0x7fb20a09bc08
C 285
R
P 0x7fb20a09bc08
C 294
R
P 0x7fb20a09bc08
U 0
C 286
= 0x7fb20aa218f0
R
P 0x7fb20a09bc08
C 294
R
P 0x7fb20a09bc08
P 0x7fb20aa218f0
C 208
R
P 0x7fb20a09bc08
C 294
R
P 0x7fb20a09bc08
P 0x7fb20aa218f0
C 205
= 0x7fb20a0b8c18
R
P 0x7fb20a09bc08
C 294
R
P 0x7fb20a09bc08
P 0x7fb20a0b8c18
C 166
R
P 0x7fb20a09bc08
C 294
R
P 0x7fb20a09bc08
P 0x7fb20aa218f0
C 211
R
P 0x7fb20a09bc08
C 294
R
P 0x7fb20a09bc08
P 0x7fb20aa218f0
C 210
R
P 0x7fb20a09bc08
C 294
R
P 0x7fb20a09bc08
P 0x7fb20aa218f0
C 9
R
P 0x7fb20a09bc08
C 294
R
P 0x7fb20a09bc08
P 0x7fb20aa218f0
C 275
R
P 0x7fb20a09bc08
C 294
R
P 0x7fb20a09bc08
C 410
= 0x7fb208e61ba8
R
P 0x7fb20a09bc08
C 294
R
P 0x7fb20a09bc08
P 0x7fb208e61ba8
C 417
R
P 0x7fb20a09bc08
C 294
R
P 0x7fb20a09bc08
P 0x7fb208e61ba8
P 0x7fb20aa218f0
C 423
R
P 0x7fb20a09bc08
C 294
R
P 0x7fb20a09bc08
P 0x7fb208e61ba8
C 426
R
P 0x7fb20a09bc08
C 294
R
P 0x7fb20a09bc08
P 0x7fb208e61ba8
C 428
= 0x7fb208e65978
R
P 0x7fb20a09bc08
C 294
R
P 0x7fb20a09bc08
P 0x7fb208e65978
C 248
R
P 0x7fb20a09bc08
C 294
M "ParserExample4"
R
P 0x7fb20a09bc08
S "\040benchmark tst \058extrafuns \040\040x Int\041 \040y Int\041\041 \058assumption \040\061 x 20\041 \058formula \040> x y\041 \058formula \040> x 0\041\041"
U 0
s 0
p 0
U 0
s 0
p 0
C 283
R
P 0x7fb20a09bc08
C 294
R
P 0x7fb20a09bc08
C 289
R
P 0x7fb20a09bc08
C 294
R
P 0x7fb20a09bc08
U 0
C 290
= 0x7fb20a0bb0b8
R
P 0x7fb20a09bc08
C 294
R
P 0x7fb20a09bc08
P 0x7fb20a0bb0b8
C 9
R
P 0x7fb20a09bc08
C 294
R
P 0x7fb20a09bc08
U 1
C 290
= 0x7fb20a822af0
R
P 0x7fb20a09bc08
C 294
R
P 0x7fb20a09bc08
P 0x7fb20a822af0
C 9
R
P 0x7fb20a09bc08
C 294
R
P 0x7fb20a09bc08
U 2
C 290
= 0x7fb20a0bb088
R
P 0x7fb20a09bc08
C 294
R
P 0x7fb20a09bc08
P 0x7fb20a0bb088
C 9
R
P 0x7fb20a09bc08
C 294
R
P 0x7fb20a09bc08
P 0x7fb20a0bb0b8
C 275
R
P 0x7fb20a09bc08
C 294
R
P 0x7fb20a09bc08
P 0x7fb20a822af0
C 275
R
P 0x7fb20a09bc08
C 294
R
P 0x7fb20a09bc08
P 0x7fb20a0bb088
C 275
R
P 0x7fb20a09bc08
C 294
R
P 0x7fb20a09bc08
C 287
R
P 0x7fb20a09bc08
C 294
R
P 0x7fb20a09bc08
U 0
C 288
= 0x7fb20aa21810
R
P 0x7fb20a09bc08
C 294
R
P 0x7fb20a09bc08
P 0x7fb20aa21810
C 208
R
P 0x7fb20a09bc08
C 294
R
P 0x7fb20a09bc08
P 0x7fb20aa21810
C 205
= 0x7fb20a0b8c18
R
P 0x7fb20a09bc08
C 294
R
P 0x7fb20a09bc08
P 0x7fb20a0b8c18
C 166
R
P 0x7fb20a09bc08
C 294
R
P 0x7fb20a09bc08
P 0x7fb20aa21810
C 211
R
P 0x7fb20a09bc08
C 294
R
P 0x7fb20a09bc08
P 0x7fb20aa21810
C 210
R
P 0x7fb20a09bc08
C 294
R
P 0x7fb20a09bc08
P 0x7fb20aa21810
C 9
R
P 0x7fb20a09bc08
C 294
R
P 0x7fb20a09bc08
P 0x7fb20aa21810
C 275
R
P 0x7fb20a09bc08
C 294
R
P 0x7fb20a09bc08
C 285
R
P 0x7fb20a09bc08
C 294
R
P 0x7fb20a09bc08
U 0
C 286
= 0x7fb20a822b28
R
P 0x7fb20a09bc08
C 294
R
P 0x7fb20a09bc08
P 0x7fb20a822b28
C 208
R
P 0x7fb20a09bc08
C 294
R
P 0x7fb20a09bc08
P 0x7fb20a822b28
C 205
= 0x7fb20a0b8c18
R
P 0x7fb20a09bc08
C 294
R
P 0x7fb20a09bc08
P 0x7fb20a0b8c18
C 166
R
P 0x7fb20a09bc08
C 294
R
P 0x7fb20a09bc08
P 0x7fb20a822b28
C 211
R
P 0x7fb20a09bc08
C 294
R
P 0x7fb20a09bc08
P 0x7fb20a822b28
C 210
R
P 0x7fb20a09bc08
C 294
R
P 0x7fb20a09bc08
P 0x7fb20a822b28
C 9
R
P 0x7fb20a09bc08
C 294
R
P 0x7fb20a09bc08
U 1
C 286
= 0x7fb20a822b60
R
P 0x7fb20a09bc08
C 294
R
P 0x7fb20a09bc08
P 0x7fb20a822b60
C 208
R
P 0x7fb20a09bc08
C 294
R
P 0x7fb20a09bc08
P 0x7fb20a822b60
C 205
= 0x7fb20a0b8c18
R
P 0x7fb20a09bc08
C 294
R
P 0x7fb20a09bc08
P 0x7fb20a0b8c18
C 166
R
P 0x7fb20a09bc08
C 294
R
P 0x7fb20a09bc08
P 0x7fb20a822b60
C 211
R
P 0x7fb20a09bc08
C 294
R
P 0x7fb20a09bc08
P 0x7fb20a822b60
C 210
R
P 0x7fb20a09bc08
C 294
R
P 0x7fb20a09bc08
P 0x7fb20a822b60
C 9
R
P 0x7fb20a09bc08
C 294
R
P 0x7fb20a09bc08
P 0x7fb20a822b28
C 275
R
P 0x7fb20a09bc08
C 294
R
P 0x7fb20a09bc08
P 0x7fb20a822b60
C 275
R
P 0x7fb20a09bc08
C 294
R
P 0x7fb20a09bc08
S "\040benchmark tst \058extrafuns \040\040x Int \040y Int\041\041 \058formula \040> x y\041 \058formula \040> x 0\041\041"
U 0
s 0
p 0
U 0
s 0
p 0
C 283
R
P 0x7fb20a09bc08
C 294
R
P 0x7fb20a09bc08
U 4
C 297
M "ITEExample"
R
P 0x7fb20a09bc08
C 54
= 0x7fb20a0b8c98
R
P 0x7fb20a09bc08
C 294
R
P 0x7fb20a09bc08
P 0x7fb20a0b8c98
C 9
R
P 0x7fb20a09bc08
C 294
R
P 0x7fb20a09bc08
I 1
P 0x7fb20a0b8cd8
C 145
= 0x7fb20a0b96b8
R
P 0x7fb20a09bc08
C 294
R
P 0x7fb20a09bc08
P 0x7fb20a0b96b8
C 9
R
P 0x7fb20a09bc08
C 294
R
P 0x7fb20a09bc08
I 0
P 0x7fb20a0b8cd8
C 145
= 0x7fb20a0b95d8
R
P 0x7fb20a09bc08
C 294
R
P 0x7fb20a09bc08
P 0x7fb20a0b95d8
C 9
R
P 0x7fb20a09bc08
C 294
R
P 0x7fb20a09bc08
P 0x7fb20a0b8c98
P 0x7fb20a0b96b8
P 0x7fb20a0b95d8
C 58
= 0x7fb20a96b998
R
P 0x7fb20a09bc08
C 294
R
P 0x7fb20a09bc08
P 0x7fb20a96b998
C 208
R
P 0x7fb20a09bc08
C 294
R
P 0x7fb20a09bc08
P 0x7fb20a96b998
C 205
= 0x7fb20a0b8cd8
R
P 0x7fb20a09bc08
C 294
R
P 0x7fb20a09bc08
P 0x7fb20a0b8cd8
C 166
R
P 0x7fb20a09bc08
C 294
R
P 0x7fb20a09bc08
P 0x7fb20a96b998
C 211
R
P 0x7fb20a09bc08
C 294
R
P 0x7fb20a09bc08
P 0x7fb20a96b998
C 210
R
P 0x7fb20a09bc08
C 294
R
P 0x7fb20a09bc08
P 0x7fb20a96b998
C 9
R
P 0x7fb20a09bc08
C 294
R
P 0x7fb20a09bc08
P 0x7fb20a96b998
C 275
R
P 0x7fb20a09bc08
C 294
M "EvalExample1"
R
P 0x7fb20a09bc08
S "x"
C 30
R
P 0x7fb20a09bc08
C 294
R
P 0x7fb20a09bc08
$ |x|
P 0x7fb20a0b8cd8
C 50
= 0x7fb20a0b9798
R
P 0x7fb20a09bc08
C 294
R
P 0x7fb20a09bc08
P 0x7fb20a0b9798
C 208
R
P 0x7fb20a09bc08
C 294
R
P 0x7fb20a09bc08
P 0x7fb20a0b9798
C 205
= 0x7fb20a0b8cd8
R
P 0x7fb20a09bc08
C 294
R
P 0x7fb20a09bc08
P 0x7fb20a0b8cd8
C 166
R
P 0x7fb20a09bc08
C 294
R
P 0x7fb20a09bc08
P 0x7fb20a0b9798
C 211
R
P 0x7fb20a09bc08
C 294
R
P 0x7fb20a09bc08
P 0x7fb20a0b9798
C 210
R
P 0x7fb20a09bc08
C 294
R
P 0x7fb20a09bc08
P 0x7fb20a0b9798
C 9
R
P 0x7fb20a09bc08
C 294
R
P 0x7fb20a09bc08
S "y"
C 30
R
P 0x7fb20a09bc08
C 294
R
P 0x7fb20a09bc08
$ |y|
P 0x7fb20a0b8cd8
C 50
= 0x7fb20a0b9778
R
P 0x7fb20a09bc08
C 294
R
P 0x7fb20a09bc08
P 0x7fb20a0b9778
C 208
R
P 0x7fb20a09bc08
C 294
R
P 0x7fb20a09bc08
P 0x7fb20a0b9778
C 205
= 0x7fb20a0b8cd8
R
P 0x7fb20a09bc08
C 294
R
P 0x7fb20a09bc08
P 0x7fb20a0b8cd8
C 166
R
P 0x7fb20a09bc08
C 294
R
P 0x7fb20a09bc08
P 0x7fb20a0b9778
C 211
R
P 0x7fb20a09bc08
C 294
R
P 0x7fb20a09bc08
P 0x7fb20a0b9778
C 210
R
P 0x7fb20a09bc08
C 294
R
P 0x7fb20a09bc08
P 0x7fb20a0b9778
C 9
R
P 0x7fb20a09bc08
C 294
R
P 0x7fb20a09bc08
I 2
P 0x7fb20a0b8cd8
C 145
= 0x7fb20a0b97d8
R
P 0x7fb20a09bc08
C 294
R
P 0x7fb20a09bc08
P 0x7fb20a0b97d8
C 9
R
P 0x7fb20a09bc08
C 294
R
P 0x7fb20a09bc08
C 410
= 0x7fb208c46f58
R
P 0x7fb20a09bc08
C 294
R
P 0x7fb20a09bc08
P 0x7fb208c46f58
C 417
R
P 0x7fb20a09bc08
C 294
R
P 0x7fb20a09bc08
P 0x7fb20a0b9798
P 0x7fb20a0b9778
C 72
= 0x7fb20a821740
R
P 0x7fb20a09bc08
C 294
R
P 0x7fb20a09bc08
P 0x7fb20a821740
C 9
R
P 0x7fb20a09bc08
C 294
R
P 0x7fb20a09bc08
P 0x7fb208c46f58
P 0x7fb20a821740
C 423
R
P 0x7fb20a09bc08
C 294
R
P 0x7fb20a09bc08
P 0x7fb20a0b9798
P 0x7fb20a0b97d8
C 74
= 0x7fb20a821b30
R
P 0x7fb20a09bc08
C 294
R
P 0x7fb20a09bc08
P 0x7fb20a821b30
C 9
R
P 0x7fb20a09bc08
C 294
R
P 0x7fb20a09bc08
P 0x7fb208c46f58
P 0x7fb20a821b30
C 423
R
P 0x7fb20a09bc08
C 294
R
P 0x7fb20a09bc08
P 0x7fb208c46f58
C 426
R
P 0x7fb20a09bc08
C 294
R
P 0x7fb20a09bc08
P 0x7fb208c46f58
C 428
= 0x7fb208c892c8
R
P 0x7fb20a09bc08
C 294
R
P 0x7fb20a09bc08
P 0x7fb208c892c8
C 248
R
P 0x7fb20a09bc08
C 294
R
P 0x7fb20a09bc08
P 0x7fb208c892c8
C 279
R
P 0x7fb20a09bc08
C 294
R
P 0x7fb20a09bc08
U 2
P 0x7fb20a0b9798
P 0x7fb20a0b9778
p 2
C 64
= 0x7fb20aa21848
R
P 0x7fb20a09bc08
C 294
R
P 0x7fb20a09bc08
P 0x7fb20aa21848
C 208
R
P 0x7fb20a09bc08
C 294
R
P 0x7fb20a09bc08
P 0x7fb20aa21848
C 205
= 0x7fb20a0b8cd8
R
P 0x7fb20a09bc08
C 294
R
P 0x7fb20a09bc08
P 0x7fb20a0b8cd8
C 166
R
P 0x7fb20a09bc08
C 294
R
P 0x7fb20a09bc08
P 0x7fb20aa21848
C 211
R
P 0x7fb20a09bc08
C 294
R
P 0x7fb20a09bc08
P 0x7fb20aa21848
C 210
R
P 0x7fb20a09bc08
C 294
R
P 0x7fb20a09bc08
P 0x7fb20aa21848
C 9
R
P 0x7fb20a09bc08
C 294
R
P 0x7fb20a09bc08
P 0x7fb208c892c8
P 0x7fb20aa21848
I 0
P 0
C 250
* 0x7fb20a0ba478 4
R
P 0x7fb20a09bc08
C 294
R
P 0x7fb20a09bc08
P 0x7fb20a0ba478
C 208
R
P 0x7fb20a09bc08
C 294
R
P 0x7fb20a09bc08
P 0x7fb20a0ba478
C 205
= 0x7fb20a0b8cd8
R
P 0x7fb20a09bc08
C 294
R
P 0x7fb20a09bc08
P 0x7fb20a0b8cd8
C 166
R
P 0x7fb20a09bc08
C 294
R
P 0x7fb20a09bc08
P 0x7fb20a0ba478
C 211
R
P 0x7fb20a09bc08
C 294
R
P 0x7fb20a09bc08
P 0x7fb20a0ba478
C 210
R
P 0x7fb20a09bc08
C 294
R
P 0x7fb20a09bc08
P 0x7fb20a0ba478
C 9
R
P 0x7fb20a09bc08
C 294
R
P 0x7fb20a09bc08
P 0x7fb20a0ba478
C 214
R
P 0x7fb20a09bc08
C 294
M "EvalExample2"
R
P 0x7fb20a09bc08
S "mk_tuple"
C 30
R
P 0x7fb20a09bc08
C 294
R
P 0x7fb20a09bc08
S "first"
C 30
R
P 0x7fb20a09bc08
C 294
R
P 0x7fb20a09bc08
S "second"
C 30
R
P 0x7fb20a09bc08
C 294
R
P 0x7fb20a09bc08
$ |mk_tuple|
U 2
$ |first|
$ |second|
s 2
P 0x7fb20a0b8cd8
P 0x7fb20a0b8cd8
p 2
P 0
P 0
P 0
p 2
C 38
= 0x7fb20a1ab3f8
* 0x7fb20a9e38d8 5
@ 0x7fb20aa21880 6 0
@ 0x7fb20aa21928 6 1
R
P 0x7fb20a09bc08
C 294
R
P 0x7fb20a09bc08
P 0x7fb20a1ab3f8
C 208
R
P 0x7fb20a09bc08
C 294
R
P 0x7fb20a09bc08
P 0x7fb20a1ab3f8
C 9
R
P 0x7fb20a09bc08
C 294
R
P 0x7fb20a09bc08
P 0x7fb20a1ab3f8
C 172
R
P 0x7fb20a09bc08
C 294
R
P 0x7fb20a09bc08
P 0x7fb20a1ab3f8
U 0
C 173
= 0x7fb20aa21880
R
P 0x7fb20a09bc08
C 294
R
P 0x7fb20a09bc08
P 0x7fb20aa21880
C 9
R
P 0x7fb20a09bc08
C 294
R
P 0x7fb20a09bc08
P 0x7fb20a1ab3f8
U 1
C 173
= 0x7fb20aa21928
R
P 0x7fb20a09bc08
C 294
R
P 0x7fb20a09bc08
P 0x7fb20aa21928
C 9
R
P 0x7fb20a09bc08
C 294
R
P 0x7fb20a09bc08
P 0x7fb20a1ab3f8
C 172
R
P 0x7fb20a09bc08
C 294
R
P 0x7fb20a09bc08
P 0x7fb20a1ab3f8
U 0
C 173
= 0x7fb20aa21880
R
P 0x7fb20a09bc08
C 294
R
P 0x7fb20a09bc08
P 0x7fb20aa21880
C 9
R
P 0x7fb20a09bc08
C 294
R
P 0x7fb20a09bc08
P 0x7fb20a1ab3f8
U 1
C 173
= 0x7fb20aa21928
R
P 0x7fb20a09bc08
C 294
R
P 0x7fb20a09bc08
P 0x7fb20aa21928
C 9
R
P 0x7fb20a09bc08
C 294
R
P 0x7fb20a09bc08
S "t1"
C 30
R
P 0x7fb20a09bc08
C 294
R
P 0x7fb20a09bc08
$ |t1|
P 0x7fb20a1ab3f8
C 50
= 0x7fb20a1ab438
R
P 0x7fb20a09bc08
C 294
R
P 0x7fb20a09bc08
P 0x7fb20a1ab438
C 208
R
P 0x7fb20a09bc08
C 294
R
P 0x7fb20a09bc08
P 0x7fb20a1ab438
C 205
= 0x7fb20a1ab3f8
R
P 0x7fb20a09bc08
C 294
R
P 0x7fb20a09bc08
P 0x7fb20a1ab3f8
C 166
R
P 0x7fb20a09bc08
C 294
R
P 0x7fb20a09bc08
P 0x7fb20a1ab438
C 211
R
P 0x7fb20a09bc08
C 294
R
P 0x7fb20a09bc08
P 0x7fb20a1ab438
C 210
R
P 0x7fb20a09bc08
C 294
R
P 0x7fb20a09bc08
P 0x7fb20a1ab438
C 9
R
P 0x7fb20a09bc08
C 294
R
P 0x7fb20a09bc08
S "t2"
C 30
R
P 0x7fb20a09bc08
C 294
R
P 0x7fb20a09bc08
$ |t2|
P 0x7fb20a1ab3f8
C 50
= 0x7fb20a1ab418
R
P 0x7fb20a09bc08
C 294
R
P 0x7fb20a09bc08
P 0x7fb20a1ab418
C 208
R
P 0x7fb20a09bc08
C 294
R
P 0x7fb20a09bc08
P 0x7fb20a1ab418
C 205
= 0x7fb20a1ab3f8
R
P 0x7fb20a09bc08
C 294
R
P 0x7fb20a09bc08
P 0x7fb20a1ab3f8
C 166
R
P 0x7fb20a09bc08
C 294
R
P 0x7fb20a09bc08
P 0x7fb20a1ab418
C 211
R
P 0x7fb20a09bc08
C 294
R
P 0x7fb20a09bc08
P 0x7fb20a1ab418
C 210
R
P 0x7fb20a09bc08
C 294
R
P 0x7fb20a09bc08
P 0x7fb20a1ab418
C 9
R
P 0x7fb20a09bc08
C 294
R
P 0x7fb20a09bc08
C 410
= 0x7fb208c5ba68
R
P 0x7fb20a09bc08
C 294
R
P 0x7fb20a09bc08
P 0x7fb208c5ba68
C 417
R
P 0x7fb20a09bc08
C 294
R
P 0x7fb20a09bc08
P 0x7fb20a1ab438
P 0x7fb20a1ab418
C 55
= 0x7fb20aa21960
R
P 0x7fb20a09bc08
C 294
R
P 0x7fb20a09bc08
P 0x7fb20aa21960
C 9
R
P 0x7fb20a09bc08
C 294
R
P 0x7fb20a09bc08
P 0x7fb20aa21960
C 57
= 0x7fb20a0bccd8
R
P 0x7fb20a09bc08
C 294
R
P 0x7fb20a09bc08
P 0x7fb20a0bccd8
C 9
R
P 0x7fb20a09bc08
C 294
R
P 0x7fb20a09bc08
P 0x7fb208c5ba68
P 0x7fb20a0bccd8
C 423
R
P 0x7fb20a09bc08
C 294
R
P 0x7fb20a09bc08
P 0x7fb20aa21880
U 1
P 0x7fb20a1ab438
p 1
C 49
= 0x7fb20a0bcd98
R
P 0x7fb20a09bc08
C 294
R
P 0x7fb20a09bc08
P 0x7fb20a0bcd98
C 208
R
P 0x7fb20a09bc08
C 294
R
P 0x7fb20a09bc08
P 0x7fb20a0bcd98
C 205
= 0x7fb20a0b8cd8
R
P 0x7fb20a09bc08
C 294
R
P 0x7fb20a09bc08
P 0x7fb20a0b8cd8
C 166
R
P 0x7fb20a09bc08
C 294
R
P 0x7fb20a09bc08
P 0x7fb20a0bcd98
C 211
R
P 0x7fb20a09bc08
C 294
R
P 0x7fb20a09bc08
P 0x7fb20a0bcd98
C 210
R
P 0x7fb20a09bc08
C 294
R
P 0x7fb20a09bc08
P 0x7fb20a0bcd98
C 9
R
P 0x7fb20a09bc08
C 294
R
P 0x7fb20a09bc08
P 0x7fb20aa21880
U 1
P 0x7fb20a1ab418
p 1
C 49
= 0x7fb20a0bcc78
R
P 0x7fb20a09bc08
C 294
R
P 0x7fb20a09bc08
P 0x7fb20a0bcc78
C 208
R
P 0x7fb20a09bc08
C 294
R
P 0x7fb20a09bc08
P 0x7fb20a0bcc78
C 205
= 0x7fb20a0b8cd8
R
P 0x7fb20a09bc08
C 294
R
P 0x7fb20a09bc08
P 0x7fb20a0b8cd8
C 166
R
P 0x7fb20a09bc08
C 294
R
P 0x7fb20a09bc08
P 0x7fb20a0bcc78
C 211
R
P 0x7fb20a09bc08
C 294
R
P 0x7fb20a09bc08
P 0x7fb20a0bcc78
C 210
R
P 0x7fb20a09bc08
C 294
R
P 0x7fb20a09bc08
P 0x7fb20a0bcc78
C 9
R
P 0x7fb20a09bc08
C 294
R
P 0x7fb20a09bc08
P 0x7fb20a0bcd98
P 0x7fb20a0bcc78
C 55
= 0x7fb20aa21998
R
P 0x7fb20a09bc08
C 294
R
P 0x7fb20a09bc08
P 0x7fb20aa21998
C 9
R
P 0x7fb20a09bc08
C 294
R
P 0x7fb20a09bc08
P 0x7fb208c5ba68
P 0x7fb20aa21998
C 423
R
P 0x7fb20a09bc08
C 294
R
P 0x7fb20a09bc08
P 0x7fb208c5ba68
C 426
R
P 0x7fb20a09bc08
C 294
R
P 0x7fb20a09bc08
P 0x7fb208c5ba68
C 428
= 0x7fb208d39718
R
P 0x7fb20a09bc08
C 294
R
P 0x7fb20a09bc08
P 0x7fb208d39718
C 248
R
P 0x7fb20a09bc08
C 294
R
P 0x7fb20a09bc08
P 0x7fb208d39718
C 279
R
P 0x7fb20a09bc08
C 294
R
P 0x7fb20a09bc08
P 0x7fb208d39718
P 0x7fb20a1ab438
I 0
P 0
C 250
* 0x7fb20aa21688 4
R
P 0x7fb20a09bc08
C 294
R
P 0x7fb20a09bc08
P 0x7fb20aa21688
C 208
R
P 0x7fb20a09bc08
C 294
R
P 0x7fb20a09bc08
P 0x7fb20aa21688
C 205
= 0x7fb20a1ab3f8
R
P 0x7fb20a09bc08
C 294
R
P 0x7fb20a09bc08
P 0x7fb20a1ab3f8
C 166
R
P 0x7fb20a09bc08
C 294
R
P 0x7fb20a09bc08
P 0x7fb20aa21688
C 211
R
P 0x7fb20a09bc08
C 294
R
P 0x7fb20a09bc08
P 0x7fb20aa21688
C 210
R
P 0x7fb20a09bc08
C 294
R
P 0x7fb20a09bc08
P 0x7fb20aa21688
C 9
R
P 0x7fb20a09bc08
C 294
R
P 0x7fb20a09bc08
P 0x7fb20aa21688
C 275
R
P 0x7fb20a09bc08
C 294
R
P 0x7fb20a09bc08
P 0x7fb208d39718
P 0x7fb20a1ab418
I 0
P 0
C 250
* 0x7fb20aa21650 4
R
P 0x7fb20a09bc08
C 294
R
P 0x7fb20a09bc08
P 0x7fb20aa21650
C 208
R
P 0x7fb20a09bc08
C 294
R
P 0x7fb20a09bc08
P 0x7fb20aa21650
C 205
= 0x7fb20a1ab3f8
R
P 0x7fb20a09bc08
C 294
R
P 0x7fb20a09bc08
P 0x7fb20a1ab3f8
C 166
R
P 0x7fb20a09bc08
C 294
R
P 0x7fb20a09bc08
P 0x7fb20aa21650
C 211
R
P 0x7fb20a09bc08
C 294
R
P 0x7fb20a09bc08
P 0x7fb20aa21650
C 210
R
P 0x7fb20a09bc08
C 294
R
P 0x7fb20a09bc08
P 0x7fb20aa21650
C 9
R
P 0x7fb20a09bc08
C 294
R
P 0x7fb20a09bc08
P 0x7fb20aa21650
C 275
R
P 0x7fb20a09bc08
C 294
R
P 0x7fb20a09bc08
P 0x7fb20aa21928
U 1
P 0x7fb20a1ab418
p 1
C 49
= 0x7fb20a128c18
R
P 0x7fb20a09bc08
C 294
R
P 0x7fb20a09bc08
P 0x7fb20a128c18
C 208
R
P 0x7fb20a09bc08
C 294
R
P 0x7fb20a09bc08
P 0x7fb20a128c18
C 205
= 0x7fb20a0b8cd8
R
P 0x7fb20a09bc08
C 294
R
P 0x7fb20a09bc08
P 0x7fb20a0b8cd8
C 166
R
P 0x7fb20a09bc08
C 294
R
P 0x7fb20a09bc08
P 0x7fb20a128c18
C 211
R
P 0x7fb20a09bc08
C 294
R
P 0x7fb20a09bc08
P 0x7fb20a128c18
C 210
R
P 0x7fb20a09bc08
C 294
R
P 0x7fb20a09bc08
P 0x7fb20a128c18
C 9
R
P 0x7fb20a09bc08
C 294
R
P 0x7fb20a09bc08
P 0x7fb208d39718
P 0x7fb20a128c18
I 0
P 0
C 250
* 0x7fb20a0b97d8 4
R
P 0x7fb20a09bc08
C 294
R
P 0x7fb20a09bc08
P 0x7fb20a0b97d8
C 208
R
P 0x7fb20a09bc08
C 294
R
P 0x7fb20a09bc08
P 0x7fb20a0b97d8
C 205
= 0x7fb20a0b8cd8
R
P 0x7fb20a09bc08
C 294
R
P 0x7fb20a09bc08
P 0x7fb20a0b8cd8
C 166
R
P 0x7fb20a09bc08
C 294
R
P 0x7fb20a09bc08
P 0x7fb20a0b97d8
C 211
R
P 0x7fb20a09bc08
C 294
R
P 0x7fb20a09bc08
P 0x7fb20a0b97d8
C 210
R
P 0x7fb20a09bc08
C 294
R
P 0x7fb20a09bc08
P 0x7fb20a0b97d8
C 9
R
P 0x7fb20a09bc08
C 294
R
P 0x7fb20a09bc08
P 0x7fb20a0b97d8
C 214
R
P 0x7fb20a09bc08
C 294
M "FindSmallModelExample"
R
P 0x7fb20a09bc08
U 32
C 35
= 0x7fb20a0b9118
R
P 0x7fb20a09bc08
C 294
R
P 0x7fb20a09bc08
P 0x7fb20a0b9118
C 9
R
P 0x7fb20a09bc08
C 294
R
P 0x7fb20a09bc08
S "x"
C 30
R
P 0x7fb20a09bc08
C 294
R
P 0x7fb20a09bc08
$ |x|
P 0x7fb20a0b9118
C 50
= 0x7fb20a0ba798
R
P 0x7fb20a09bc08
C 294
R
P 0x7fb20a09bc08
P 0x7fb20a0ba798
C 208
R
P 0x7fb20a09bc08
C 294
R
P 0x7fb20a09bc08
P 0x7fb20a0ba798
C 205
= 0x7fb20a0b9118
R
P 0x7fb20a09bc08
C 294
R
P 0x7fb20a09bc08
P 0x7fb20a0b9118
C 166
R
P 0x7fb20a09bc08
C 294
R
P 0x7fb20a09bc08
P 0x7fb20a0ba798
C 211
R
P 0x7fb20a09bc08
C 294
R
P 0x7fb20a09bc08
P 0x7fb20a0ba798
C 210
R
P 0x7fb20a09bc08
C 294
R
P 0x7fb20a09bc08
P 0x7fb20a0ba798
C 9
R
P 0x7fb20a09bc08
C 294
R
P 0x7fb20a09bc08
U 32
C 35
= 0x7fb20a0b9118
R
P 0x7fb20a09bc08
C 294
R
P 0x7fb20a09bc08
P 0x7fb20a0b9118
C 9
R
P 0x7fb20a09bc08
C 294
R
P 0x7fb20a09bc08
S "y"
C 30
R
P 0x7fb20a09bc08
C 294
R
P 0x7fb20a09bc08
$ |y|
P 0x7fb20a0b9118
C 50
= 0x7fb20a0ba7b8
R
P 0x7fb20a09bc08
C 294
R
P 0x7fb20a09bc08
P 0x7fb20a0ba7b8
C 208
R
P 0x7fb20a09bc08
C 294
R
P 0x7fb20a09bc08
P 0x7fb20a0ba7b8
C 205
= 0x7fb20a0b9118
R
P 0x7fb20a09bc08
C 294
R
P 0x7fb20a09bc08
P 0x7fb20a0b9118
C 166
R
P 0x7fb20a09bc08
C 294
R
P 0x7fb20a09bc08
P 0x7fb20a0ba7b8
C 211
R
P 0x7fb20a09bc08
C 294
R
P 0x7fb20a09bc08
P 0x7fb20a0ba7b8
C 210
R
P 0x7fb20a09bc08
C 294
R
P 0x7fb20a09bc08
P 0x7fb20a0ba7b8
C 9
R
P 0x7fb20a09bc08
C 294
R
P 0x7fb20a09bc08
U 32
C 35
= 0x7fb20a0b9118
R
P 0x7fb20a09bc08
C 294
R
P 0x7fb20a09bc08
P 0x7fb20a0b9118
C 9
R
P 0x7fb20a09bc08
C 294
R
P 0x7fb20a09bc08
S "z"
C 30
R
P 0x7fb20a09bc08
C 294
R
P 0x7fb20a09bc08
$ |z|
P 0x7fb20a0b9118
C 50
= 0x7fb20a1ab458
R
P 0x7fb20a09bc08
C 294
R
P 0x7fb20a09bc08
P 0x7fb20a1ab458
C 208
R
P 0x7fb20a09bc08
C 294
R
P 0x7fb20a09bc08
P 0x7fb20a1ab458
C 205
= 0x7fb20a0b9118
R
P 0x7fb20a09bc08
C 294
R
P 0x7fb20a09bc08
P 0x7fb20a0b9118
C 166
R
P 0x7fb20a09bc08
C 294
R
P 0x7fb20a09bc08
P 0x7fb20a1ab458
C 211
R
P 0x7fb20a09bc08
C 294
R
P 0x7fb20a09bc08
P 0x7fb20a1ab458
C 210
R
P 0x7fb20a09bc08
C 294
R
P 0x7fb20a09bc08
P 0x7fb20a1ab458
C 9
R
P 0x7fb20a09bc08
C 294
R
P 0x7fb20a09bc08
C 410
= 0x7fb208dad4a8
R
P 0x7fb20a09bc08
C 294
R
P 0x7fb20a09bc08
P 0x7fb208dad4a8
C 417
R
P 0x7fb20a09bc08
C 294
R
P 0x7fb20a09bc08
P 0x7fb20a0ba7b8
P 0x7fb20a1ab458
C 89
= 0x7fb20aa21730
R
P 0x7fb20a09bc08
C 294
R
P 0x7fb20a09bc08
P 0x7fb20aa21730
C 9
R
P 0x7fb20a09bc08
C 294
R
P 0x7fb20a09bc08
P 0x7fb20a0ba798
P 0x7fb20aa21730
C 99
= 0x7fb20aa218b8
R
P 0x7fb20a09bc08
C 294
R
P 0x7fb20a09bc08
P 0x7fb20aa218b8
C 9
R
P 0x7fb20a09bc08
C 294
R
P 0x7fb20a09bc08
P 0x7fb208dad4a8
P 0x7fb20aa218b8
C 423
R
P 0x7fb20a09bc08
C 294
R
P 0x7fb20a09bc08
P 0x7fb208dad4a8
C 419
R
P 0x7fb20a09bc08
C 294
R
P 0x7fb20a09bc08
U 32
C 35
= 0x7fb20a0b9118
R
P 0x7fb20a09bc08
C 294
R
P 0x7fb20a09bc08
P 0x7fb20a0b9118
C 9
R
P 0x7fb20a09bc08
C 294
R
P 0x7fb20a09bc08
I 2147483647
P 0x7fb20a0b9118
C 145
= 0x7fb20a1ab558
R
P 0x7fb20a09bc08
C 294
R
P 0x7fb20a09bc08
P 0x7fb20a1ab558
C 208
R
P 0x7fb20a09bc08
C 294
R
P 0x7fb20a09bc08
P 0x7fb20a1ab558
C 205
= 0x7fb20a0b9118
R
P 0x7fb20a09bc08
C 294
R
P 0x7fb20a09bc08
P 0x7fb20a0b9118
C 166
R
P 0x7fb20a09bc08
C 294
R
P 0x7fb20a09bc08
P 0x7fb20a1ab558
C 211
R
P 0x7fb20a09bc08
C 294
R
P 0x7fb20a09bc08
P 0x7fb20a1ab558
C 210
R
P 0x7fb20a09bc08
C 294
R
P 0x7fb20a09bc08
P 0x7fb20a1ab558
C 9
R
P 0x7fb20a09bc08
C 294
R
P 0x7fb20a09bc08
P 0x7fb20a0ba798
P 0x7fb20a1ab558
C 99
= 0x7fb20aa19b18
R
P 0x7fb20a09bc08
C 294
R
P 0x7fb20a09bc08
P 0x7fb20aa19b18
C 9
R
P 0x7fb20a09bc08
C 294
R
P 0x7fb20a09bc08
P 0x7fb208dad4a8
P 0x7fb20aa19b18
C 423
R
P 0x7fb20a09bc08
C 294
R
P 0x7fb20a09bc08
U 32
C 35
= 0x7fb20a0b9118
R
P 0x7fb20a09bc08
C 294
R
P 0x7fb20a09bc08
P 0x7fb20a0b9118
C 9
R
P 0x7fb20a09bc08
C 294
R
P 0x7fb20a09bc08
I 2147483647
P 0x7fb20a0b9118
C 145
= 0x7fb20a1ab558
R
P 0x7fb20a09bc08
C 294
R
P 0x7fb20a09bc08
P 0x7fb20a1ab558
C 208
R
P 0x7fb20a09bc08
C 294
R
P 0x7fb20a09bc08
P 0x7fb20a1ab558
C 205
= 0x7fb20a0b9118
R
P 0x7fb20a09bc08
C 294
R
P 0x7fb20a09bc08
P 0x7fb20a0b9118
C 166
R
P 0x7fb20a09bc08
C 294
R
P 0x7fb20a09bc08
P 0x7fb20a1ab558
C 211
R
P 0x7fb20a09bc08
C 294
R
P 0x7fb20a09bc08
P 0x7fb20a1ab558
C 210
R
P 0x7fb20a09bc08
C 294
R
P 0x7fb20a09bc08
P 0x7fb20a1ab558
C 9
R
P 0x7fb20a09bc08
C 294
R
P 0x7fb20a09bc08
P 0x7fb20a0ba7b8
P 0x7fb20a1ab558
C 99
= 0x7fb20aa19ae0
R
P 0x7fb20a09bc08
C 294
R
P 0x7fb20a09bc08
P 0x7fb20aa19ae0
C 9
R
P 0x7fb20a09bc08
C 294
R
P 0x7fb20a09bc08
P 0x7fb208dad4a8
P 0x7fb20aa19ae0
C 423
R
P 0x7fb20a09bc08
C 294
R
P 0x7fb20a09bc08
U 32
C 35
= 0x7fb20a0b9118
R
P 0x7fb20a09bc08
C 294
R
P 0x7fb20a09bc08
P 0x7fb20a0b9118
C 9
R
P 0x7fb20a09bc08
C 294
R
P 0x7fb20a09bc08
I 2147483647
P 0x7fb20a0b9118
C 145
= 0x7fb20a1ab558
R
P 0x7fb20a09bc08
C 294
R
P 0x7fb20a09bc08
P 0x7fb20a1ab558
C 208
R
P 0x7fb20a09bc08
C 294
R
P 0x7fb20a09bc08
P 0x7fb20a1ab558
C 205
= 0x7fb20a0b9118
R
P 0x7fb20a09bc08
C 294
R
P 0x7fb20a09bc08
P 0x7fb20a0b9118
C 166
R
P 0x7fb20a09bc08
C 294
R
P 0x7fb20a09bc08
P 0x7fb20a1ab558
C 211
R
P 0x7fb20a09bc08
C 294
R
P 0x7fb20a09bc08
P 0x7fb20a1ab558
C 210
R
P 0x7fb20a09bc08
C 294
R
P 0x7fb20a09bc08
P 0x7fb20a1ab558
C 9
R
P 0x7fb20a09bc08
C 294
R
P 0x7fb20a09bc08
P 0x7fb20a1ab458
P 0x7fb20a1ab558
C 99
= 0x7fb20aa19aa8
R
P 0x7fb20a09bc08
C 294
R
P 0x7fb20a09bc08
P 0x7fb20aa19aa8
C 9
R
P 0x7fb20a09bc08
C 294
R
P 0x7fb20a09bc08
P 0x7fb208dad4a8
P 0x7fb20aa19aa8
C 423
R
P 0x7fb20a09bc08
C 294
R
P 0x7fb20a09bc08
P 0x7fb208dad4a8
C 426
R
P 0x7fb20a09bc08
C 294
R
P 0x7fb20a09bc08
P 0x7fb208dad4a8
C 428
= 0x7fb208d5dbb8
R
P 0x7fb20a09bc08
C 294
R
P 0x7fb20a09bc08
P 0x7fb208d5dbb8
C 248
R
P 0x7fb20a09bc08
C 294
R
P 0x7fb20a09bc08
P 0x7fb208d5dbb8
C 279
R
P 0x7fb20a09bc08
C 294
R
P 0x7fb20a09bc08
P 0x7fb208dad4a8
C 428
= 0x7fb208da7168
R
P 0x7fb20a09bc08
C 294
R
P 0x7fb20a09bc08
P 0x7fb208da7168
C 248
R
P 0x7fb20a09bc08
C 294
R
P 0x7fb20a09bc08
P 0x7fb208da7168
P 0x7fb20a0ba798
I 0
P 0
C 250
* 0x7fb20a1ab938 4
R
P 0x7fb20a09bc08
C 294
R
P 0x7fb20a09bc08
P 0x7fb20a1ab938
C 208
R
P 0x7fb20a09bc08
C 294
R
P 0x7fb20a09bc08
P 0x7fb20a1ab938
C 205
= 0x7fb20a0b9118
R
P 0x7fb20a09bc08
C 294
R
P 0x7fb20a09bc08
P 0x7fb20a0b9118
C 166
R
P 0x7fb20a09bc08
C 294
R
P 0x7fb20a09bc08
P 0x7fb20a1ab938
C 211
R
P 0x7fb20a09bc08
C 294
R
P 0x7fb20a09bc08
P 0x7fb20a1ab938
C 210
R
P 0x7fb20a09bc08
C 294
R
P 0x7fb20a09bc08
P 0x7fb20a1ab938
C 9
R
P 0x7fb20a09bc08
C 294
R
P 0x7fb20a09bc08
P 0x7fb20a1ab938
I 0
C 219
R
P 0x7fb20a09bc08
C 294
R
P 0x7fb20a09bc08
P 0x7fb208dad4a8
C 428
= 0x7fb208d7bb28
R
P 0x7fb20a09bc08
C 294
R
P 0x7fb20a09bc08
P 0x7fb208d7bb28
C 248
R
P 0x7fb20a09bc08
C 294
R
P 0x7fb20a09bc08
P 0x7fb208d7bb28
P 0x7fb20a0ba7b8
I 0
P 0
C 250
* 0x7fb20a1ab978 4
R
P 0x7fb20a09bc08
C 294
R
P 0x7fb20a09bc08
P 0x7fb20a1ab978
C 208
R
P 0x7fb20a09bc08
C 294
R
P 0x7fb20a09bc08
P 0x7fb20a1ab978
C 205
= 0x7fb20a0b9118
R
P 0x7fb20a09bc08
C 294
R
P 0x7fb20a09bc08
P 0x7fb20a0b9118
C 166
R
P 0x7fb20a09bc08
C 294
R
P 0x7fb20a09bc08
P 0x7fb20a1ab978
C 211
R
P 0x7fb20a09bc08
C 294
R
P 0x7fb20a09bc08
P 0x7fb20a1ab978
C 210
R
P 0x7fb20a09bc08
C 294
R
P 0x7fb20a09bc08
P 0x7fb20a1ab978
C 9
R
P 0x7fb20a09bc08
C 294
R
P 0x7fb20a09bc08
P 0x7fb20a1ab978
I 0
C 219
R
P 0x7fb20a09bc08
C 294
R
P 0x7fb20a09bc08
P 0x7fb208dad4a8
C 428
= 0x7fb208db1d98
R
P 0x7fb20a09bc08
C 294
R
P 0x7fb20a09bc08
P 0x7fb208db1d98
C 248
R
P 0x7fb20a09bc08
C 294
R
P 0x7fb20a09bc08
P 0x7fb208db1d98
P 0x7fb20a1ab458
I 0
P 0
C 250
* 0x7fb20a1ab9d8 4
R
P 0x7fb20a09bc08
C 294
R
P 0x7fb20a09bc08
P 0x7fb20a1ab9d8
C 208
R
P 0x7fb20a09bc08
C 294
R
P 0x7fb20a09bc08
P 0x7fb20a1ab9d8
C 205
= 0x7fb20a0b9118
R
P 0x7fb20a09bc08
C 294
R
P 0x7fb20a09bc08
P 0x7fb20a0b9118
C 166
R
P 0x7fb20a09bc08
C 294
R
P 0x7fb20a09bc08
P 0x7fb20a1ab9d8
C 211
R
P 0x7fb20a09bc08
C 294
R
P 0x7fb20a09bc08
P 0x7fb20a1ab9d8
C 210
R
P 0x7fb20a09bc08
C 294
R
P 0x7fb20a09bc08
P 0x7fb20a1ab9d8
C 9
R
P 0x7fb20a09bc08
C 294
R
P 0x7fb20a09bc08
P 0x7fb20a1ab9d8
I 0
C 219
R
P 0x7fb20a09bc08
C 294
R
P 0x7fb20a09bc08
U 32
C 35
= 0x7fb20a0b9118
R
P 0x7fb20a09bc08
C 294
R
P 0x7fb20a09bc08
P 0x7fb20a0b9118
C 9
R
P 0x7fb20a09bc08
C 294
R
P 0x7fb20a09bc08
I 73856
P 0x7fb20a0b9118
C 145
= 0x7fb20a1abaf8
R
P 0x7fb20a09bc08
C 294
R
P 0x7fb20a09bc08
P 0x7fb20a1abaf8
C 208
R
P 0x7fb20a09bc08
C 294
R
P 0x7fb20a09bc08
P 0x7fb20a1abaf8
C 205
= 0x7fb20a0b9118
R
P 0x7fb20a09bc08
C 294
R
P 0x7fb20a09bc08
P 0x7fb20a0b9118
C 166
R
P 0x7fb20a09bc08
C 294
R
P 0x7fb20a09bc08
P 0x7fb20a1abaf8
C 211
R
P 0x7fb20a09bc08
C 294
R
P 0x7fb20a09bc08
P 0x7fb20a1abaf8
C 210
R
P 0x7fb20a09bc08
C 294
R
P 0x7fb20a09bc08
P 0x7fb20a1abaf8
C 9
R
P 0x7fb20a09bc08
C 294
R
P 0x7fb20a09bc08
P 0x7fb20a0ba798
P 0x7fb20a1abaf8
C 99
= 0x7fb20aa19a70
R
P 0x7fb20a09bc08
C 294
R
P 0x7fb20a09bc08
P 0x7fb20aa19a70
C 9
R
P 0x7fb20a09bc08
C 294
R
P 0x7fb20a09bc08
P 0x7fb208dad4a8
P 0x7fb20aa19a70
C 423
R
P 0x7fb20a09bc08
C 294
R
P 0x7fb20a09bc08
U 32
C 35
= 0x7fb20a0b9118
R
P 0x7fb20a09bc08
C 294
R
P 0x7fb20a09bc08
P 0x7fb20a0b9118
C 9
R
P 0x7fb20a09bc08
C 294
R
P 0x7fb20a09bc08
I 147713
P 0x7fb20a0b9118
C 145
= 0x7fb20a1ab938
R
P 0x7fb20a09bc08
C 294
R
P 0x7fb20a09bc08
P 0x7fb20a1ab938
C 208
R
P 0x7fb20a09bc08
C 294
R
P 0x7fb20a09bc08
P 0x7fb20a1ab938
C 205
= 0x7fb20a0b9118
R
P 0x7fb20a09bc08
C 294
R
P 0x7fb20a09bc08
P 0x7fb20a0b9118
C 166
R
P 0x7fb20a09bc08
C 294
R
P 0x7fb20a09bc08
P 0x7fb20a1ab938
C 211
R
P 0x7fb20a09bc08
C 294
R
P 0x7fb20a09bc08
P 0x7fb20a1ab938
C 210
R
P 0x7fb20a09bc08
C 294
R
P 0x7fb20a09bc08
P 0x7fb20a1ab938
C 9
R
P 0x7fb20a09bc08
C 294
R
P 0x7fb20a09bc08
P 0x7fb20a0ba798
P 0x7fb20a1ab938
C 99
= 0x7fb20aa19a38
R
P 0x7fb20a09bc08
C 294
R
P 0x7fb20a09bc08
P 0x7fb20aa19a38
C 9
R
P 0x7fb20a09bc08
C 294
R
P 0x7fb20a09bc08
P 0x7fb208dad4a8
P 0x7fb20aa19a38
C 423
R
P 0x7fb20a09bc08
C 294
R
P 0x7fb20a09bc08
U 32
C 35
= 0x7fb20a0b9118
R
P 0x7fb20a09bc08
C 294
R
P 0x7fb20a09bc08
P 0x7fb20a0b9118
C 9
R
P 0x7fb20a09bc08
C 294
R
P 0x7fb20a09bc08
I 2112880640
P 0x7fb20a0b9118
C 145
= 0x7fb20a1ab978
R
P 0x7fb20a09bc08
C 294
R
P 0x7fb20a09bc08
P 0x7fb20a1ab978
C 208
R
P 0x7fb20a09bc08
C 294
R
P 0x7fb20a09bc08
P 0x7fb20a1ab978
C 205
= 0x7fb20a0b9118
R
P 0x7fb20a09bc08
C 294
R
P 0x7fb20a09bc08
P 0x7fb20a0b9118
C 166
R
P 0x7fb20a09bc08
C 294
R
P 0x7fb20a09bc08
P 0x7fb20a1ab978
C 211
R
P 0x7fb20a09bc08
C 294
R
P 0x7fb20a09bc08
P 0x7fb20a1ab978
C 210
R
P 0x7fb20a09bc08
C 294
R
P 0x7fb20a09bc08
P 0x7fb20a1ab978
C 9
R
P 0x7fb20a09bc08
C 294
R
P 0x7fb20a09bc08
P 0x7fb20a0ba7b8
P 0x7fb20a1ab978
C 99
= 0x7fb20aa19a00
R
P 0x7fb20a09bc08
C 294
R
P 0x7fb20a09bc08
P 0x7fb20aa19a00
C 9
R
P 0x7fb20a09bc08
C 294
R
P 0x7fb20a09bc08
P 0x7fb208dad4a8
P 0x7fb20aa19a00
C 423
R
P 0x7fb20a09bc08
C 294
R
P 0x7fb20a09bc08
U 32
C 35
= 0x7fb20a0b9118
R
P 0x7fb20a09bc08
C 294
R
P 0x7fb20a09bc08
P 0x7fb20a0b9118
C 9
R
P 0x7fb20a09bc08
C 294
R
P 0x7fb20a09bc08
I 34750720
P 0x7fb20a0b9118
C 145
= 0x7fb20a1ab9d8
R
P 0x7fb20a09bc08
C 294
R
P 0x7fb20a09bc08
P 0x7fb20a1ab9d8
C 208
R
P 0x7fb20a09bc08
C 294
R
P 0x7fb20a09bc08
P 0x7fb20a1ab9d8
C 205
= 0x7fb20a0b9118
R
P 0x7fb20a09bc08
C 294
R
P 0x7fb20a09bc08
P 0x7fb20a0b9118
C 166
R
P 0x7fb20a09bc08
C 294
R
P 0x7fb20a09bc08
P 0x7fb20a1ab9d8
C 211
R
P 0x7fb20a09bc08
C 294
R
P 0x7fb20a09bc08
P 0x7fb20a1ab9d8
C 210
R
P 0x7fb20a09bc08
C 294
R
P 0x7fb20a09bc08
P 0x7fb20a1ab9d8
C 9
R
P 0x7fb20a09bc08
C 294
R
P 0x7fb20a09bc08
P 0x7fb20a1ab458
P 0x7fb20a1ab9d8
C 99
= 0x7fb20aa199c8
R
P 0x7fb20a09bc08
C 294
R
P 0x7fb20a09bc08
P 0x7fb20aa199c8
C 9
R
P 0x7fb20a09bc08
C 294
R
P 0x7fb20a09bc08
P 0x7fb208dad4a8
P 0x7fb20aa199c8
C 423
R
P 0x7fb20a09bc08
C 294
R
P 0x7fb20a09bc08
P 0x7fb208dad4a8
C 426
R
P 0x7fb20a09bc08
C 294
R
P 0x7fb20a09bc08
P 0x7fb208dad4a8
C 428
= 0x7fb208d54278
R
P 0x7fb20a09bc08
C 294
R
P 0x7fb20a09bc08
P 0x7fb208d54278
C 248
R
P 0x7fb20a09bc08
C 294
R
P 0x7fb20a09bc08
P 0x7fb208d54278
C 279
R
P 0x7fb20a09bc08
C 294
R
P 0x7fb20a09bc08
P 0x7fb208dad4a8
C 428
= 0x7fb208dacdf8
R
P 0x7fb20a09bc08
C 294
R
P 0x7fb20a09bc08
P 0x7fb208dacdf8
C 248
R
P 0x7fb20a09bc08
C 294
R
P 0x7fb20a09bc08
P 0x7fb208dacdf8
P 0x7fb20a0ba798
I 0
P 0
C 250
* 0x7fb20a1abab8 4
R
P 0x7fb20a09bc08
C 294
R
P 0x7fb20a09bc08
P 0x7fb20a1abab8
C 208
R
P 0x7fb20a09bc08
C 294
R
P 0x7fb20a09bc08
P 0x7fb20a1abab8
C 205
= 0x7fb20a0b9118
R
P 0x7fb20a09bc08
C 294
R
P 0x7fb20a09bc08
P 0x7fb20a0b9118
C 166
R
P 0x7fb20a09bc08
C 294
R
P 0x7fb20a09bc08
P 0x7fb20a1abab8
C 211
R
P 0x7fb20a09bc08
C 294
R
P 0x7fb20a09bc08
P 0x7fb20a1abab8
C 210
R
P 0x7fb20a09bc08
C 294
R
P 0x7fb20a09bc08
P 0x7fb20a1abab8
C 9
R
P 0x7fb20a09bc08
C 294
R
P 0x7fb20a09bc08
P 0x7fb20a1abab8
I 0
C 219
R
P 0x7fb20a09bc08
C 294
R
P 0x7fb20a09bc08
P 0x7fb208dad4a8
C 428
= 0x7fb208d79a38
R
P 0x7fb20a09bc08
C 294
R
P 0x7fb20a09bc08
P 0x7fb208d79a38
C 248
R
P 0x7fb20a09bc08
C 294
R
P 0x7fb20a09bc08
P 0x7fb208d79a38
P 0x7fb20a0ba7b8
I 0
P 0
C 250
* 0x7fb20a1ab978 4
R
P 0x7fb20a09bc08
C 294
R
P 0x7fb20a09bc08
P 0x7fb20a1ab978
C 208
R
P 0x7fb20a09bc08
C 294
R
P 0x7fb20a09bc08
P 0x7fb20a1ab978
C 205
= 0x7fb20a0b9118
R
P 0x7fb20a09bc08
C 294
R
P 0x7fb20a09bc08
P 0x7fb20a0b9118
C 166
R
P 0x7fb20a09bc08
C 294
R
P 0x7fb20a09bc08
P 0x7fb20a1ab978
C 211
R
P 0x7fb20a09bc08
C 294
R
P 0x7fb20a09bc08
P 0x7fb20a1ab978
C 210
R
P 0x7fb20a09bc08
C 294
R
P 0x7fb20a09bc08
P 0x7fb20a1ab978
C 9
R
P 0x7fb20a09bc08
C 294
R
P 0x7fb20a09bc08
P 0x7fb20a1ab978
I 0
C 219
R
P 0x7fb20a09bc08
C 294
R
P 0x7fb20a09bc08
P 0x7fb208dad4a8
C 428
= 0x7fb208d67958
R
P 0x7fb20a09bc08
C 294
R
P 0x7fb20a09bc08
P 0x7fb208d67958
C 248
R
P 0x7fb20a09bc08
C 294
R
P 0x7fb20a09bc08
P 0x7fb208d67958
P 0x7fb20a1ab458
I 0
P 0
C 250
* 0x7fb20a1abcf8 4
R
P 0x7fb20a09bc08
C 294
R
P 0x7fb20a09bc08
P 0x7fb20a1abcf8
C 208
R
P 0x7fb20a09bc08
C 294
R
P 0x7fb20a09bc08
P 0x7fb20a1abcf8
C 205
= 0x7fb20a0b9118
R
P 0x7fb20a09bc08
C 294
R
P 0x7fb20a09bc08
P 0x7fb20a0b9118
C 166
R
P 0x7fb20a09bc08
C 294
R
P 0x7fb20a09bc08
P 0x7fb20a1abcf8
C 211
R
P 0x7fb20a09bc08
C 294
R
P 0x7fb20a09bc08
P 0x7fb20a1abcf8
C 210
R
P 0x7fb20a09bc08
C 294
R
P 0x7fb20a09bc08
P 0x7fb20a1abcf8
C 9
R
P 0x7fb20a09bc08
C 294
R
P 0x7fb20a09bc08
P 0x7fb20a1abcf8
I 0
C 219
R
P 0x7fb20a09bc08
C 294
R
P 0x7fb20a09bc08
U 32
C 35
= 0x7fb20a0b9118
R
P 0x7fb20a09bc08
C 294
R
P 0x7fb20a09bc08
P 0x7fb20a0b9118
C 9
R
P 0x7fb20a09bc08
C 294
R
P 0x7fb20a09bc08
I 8336
P 0x7fb20a0b9118
C 145
= 0x7fb20a25b338
R
P 0x7fb20a09bc08
C 294
R
P 0x7fb20a09bc08
P 0x7fb20a25b338
C 208
R
P 0x7fb20a09bc08
C 294
R
P 0x7fb20a09bc08
P 0x7fb20a25b338
C 205
= 0x7fb20a0b9118
R
P 0x7fb20a09bc08
C 294
R
P 0x7fb20a09bc08
P 0x7fb20a0b9118
C 166
R
P 0x7fb20a09bc08
C 294
R
P 0x7fb20a09bc08
P 0x7fb20a25b338
C 211
R
P 0x7fb20a09bc08
C 294
R
P 0x7fb20a09bc08
P 0x7fb20a25b338
C 210
R
P 0x7fb20a09bc08
C 294
R
P 0x7fb20a09bc08
P 0x7fb20a25b338
C 9
R
P 0x7fb20a09bc08
C 294
R
P 0x7fb20a09bc08
P 0x7fb20a0ba798
P 0x7fb20a25b338
C 99
= 0x7fb20aa196f0
R
P 0x7fb20a09bc08
C 294
R
P 0x7fb20a09bc08
P 0x7fb20aa196f0
C 9
R
P 0x7fb20a09bc08
C 294
R
P 0x7fb20a09bc08
P 0x7fb208dad4a8
P 0x7fb20aa196f0
C 423
R
P 0x7fb20a09bc08
C 294
R
P 0x7fb20a09bc08
U 32
C 35
= 0x7fb20a0b9118
R
P 0x7fb20a09bc08
C 294
R
P 0x7fb20a09bc08
P 0x7fb20a0b9118
C 9
R
P 0x7fb20a09bc08
C 294
R
P 0x7fb20a09bc08
I 16673
P 0x7fb20a0b9118
C 145
= 0x7fb20a1abab8
R
P 0x7fb20a09bc08
C 294
R
P 0x7fb20a09bc08
P 0x7fb20a1abab8
C 208
R
P 0x7fb20a09bc08
C 294
R
P 0x7fb20a09bc08
P 0x7fb20a1abab8
C 205
= 0x7fb20a0b9118
R
P 0x7fb20a09bc08
C 294
R
P 0x7fb20a09bc08
P 0x7fb20a0b9118
C 166
R
P 0x7fb20a09bc08
C 294
R
P 0x7fb20a09bc08
P 0x7fb20a1abab8
C 211
R
P 0x7fb20a09bc08
C 294
R
P 0x7fb20a09bc08
P 0x7fb20a1abab8
C 210
R
P 0x7fb20a09bc08
C 294
R
P 0x7fb20a09bc08
P 0x7fb20a1abab8
C 9
R
P 0x7fb20a09bc08
C 294
R
P 0x7fb20a09bc08
P 0x7fb20a0ba798
P 0x7fb20a1abab8
C 99
= 0x7fb20aa196b8
R
P 0x7fb20a09bc08
C 294
R
P 0x7fb20a09bc08
P 0x7fb20aa196b8
C 9
R
P 0x7fb20a09bc08
C 294
R
P 0x7fb20a09bc08
P 0x7fb208dad4a8
P 0x7fb20aa196b8
C 423
R
P 0x7fb20a09bc08
C 294
R
P 0x7fb20a09bc08
U 32
C 35
= 0x7fb20a0b9118
R
P 0x7fb20a09bc08
C 294
R
P 0x7fb20a09bc08
P 0x7fb20a0b9118
C 9
R
P 0x7fb20a09bc08
C 294
R
P 0x7fb20a09bc08
I 2112880640
P 0x7fb20a0b9118
C 145
= 0x7fb20a1ab978
R
P 0x7fb20a09bc08
C 294
R
P 0x7fb20a09bc08
P 0x7fb20a1ab978
C 208
R
P 0x7fb20a09bc08
C 294
R
P 0x7fb20a09bc08
P 0x7fb20a1ab978
C 205
= 0x7fb20a0b9118
R
P 0x7fb20a09bc08
C 294
R
P 0x7fb20a09bc08
P 0x7fb20a0b9118
C 166
R
P 0x7fb20a09bc08
C 294
R
P 0x7fb20a09bc08
P 0x7fb20a1ab978
C 211
R
P 0x7fb20a09bc08
C 294
R
P 0x7fb20a09bc08
P 0x7fb20a1ab978
C 210
R
P 0x7fb20a09bc08
C 294
R
P 0x7fb20a09bc08
P 0x7fb20a1ab978
C 9
R
P 0x7fb20a09bc08
C 294
R
P 0x7fb20a09bc08
P 0x7fb20a0ba7b8
P 0x7fb20a1ab978
C 99
= 0x7fb20aa19a00
R
P 0x7fb20a09bc08
C 294
R
P 0x7fb20a09bc08
P 0x7fb20aa19a00
C 9
R
P 0x7fb20a09bc08
C 294
R
P 0x7fb20a09bc08
P 0x7fb208dad4a8
P 0x7fb20aa19a00
C 423
R
P 0x7fb20a09bc08
C 294
R
P 0x7fb20a09bc08
U 32
C 35
= 0x7fb20a0b9118
R
P 0x7fb20a09bc08
C 294
R
P 0x7fb20a09bc08
P 0x7fb20a0b9118
C 9
R
P 0x7fb20a09bc08
C 294
R
P 0x7fb20a09bc08
I 34619648
P 0x7fb20a0b9118
C 145
= 0x7fb20a1abcf8
R
P 0x7fb20a09bc08
C 294
R
P 0x7fb20a09bc08
P 0x7fb20a1abcf8
C 208
R
P 0x7fb20a09bc08
C 294
R
P 0x7fb20a09bc08
P 0x7fb20a1abcf8
C 205
= 0x7fb20a0b9118
R
P 0x7fb20a09bc08
C 294
R
P 0x7fb20a09bc08
P 0x7fb20a0b9118
C 166
R
P 0x7fb20a09bc08
C 294
R
P 0x7fb20a09bc08
P 0x7fb20a1abcf8
C 211
R
P 0x7fb20a09bc08
C 294
R
P 0x7fb20a09bc08
P 0x7fb20a1abcf8
C 210
R
P 0x7fb20a09bc08
C 294
R
P 0x7fb20a09bc08
P 0x7fb20a1abcf8
C 9
R
P 0x7fb20a09bc08
C 294
R
P 0x7fb20a09bc08
P 0x7fb20a1ab458
P 0x7fb20a1abcf8
C 99
= 0x7fb20aa19680
R
P 0x7fb20a09bc08
C 294
R
P 0x7fb20a09bc08
P 0x7fb20aa19680
C 9
R
P 0x7fb20a09bc08
C 294
R
P 0x7fb20a09bc08
P 0x7fb208dad4a8
P 0x7fb20aa19680
C 423
R
P 0x7fb20a09bc08
C 294
R
P 0x7fb20a09bc08
P 0x7fb208dad4a8
C 426
R
P 0x7fb20a09bc08
C 294
R
P 0x7fb20a09bc08
P 0x7fb208dad4a8
C 428
= 0x7fb208d55278
R
P 0x7fb20a09bc08
C 294
R
P 0x7fb20a09bc08
P 0x7fb208d55278
C 248
R
P 0x7fb20a09bc08
C 294
R
P 0x7fb20a09bc08
P 0x7fb208d55278
C 279
R
P 0x7fb20a09bc08
C 294
R
P 0x7fb20a09bc08
P 0x7fb208dad4a8
C 428
= 0x7fb208d55c18
R
P 0x7fb20a09bc08
C 294
R
P 0x7fb20a09bc08
P 0x7fb208d55c18
C 248
R
P 0x7fb20a09bc08
C 294
R
P 0x7fb20a09bc08
P 0x7fb208d55c18
P 0x7fb20a0ba798
I 0
P 0
C 250
* 0x7fb20a1abd18 4
R
P 0x7fb20a09bc08
C 294
R
P 0x7fb20a09bc08
P 0x7fb20a1abd18
C 208
R
P 0x7fb20a09bc08
C 294
R
P 0x7fb20a09bc08
P 0x7fb20a1abd18
C 205
= 0x7fb20a0b9118
R
P 0x7fb20a09bc08
C 294
R
P 0x7fb20a09bc08
P 0x7fb20a0b9118
C 166
R
P 0x7fb20a09bc08
C 294
R
P 0x7fb20a09bc08
P 0x7fb20a1abd18
C 211
R
P 0x7fb20a09bc08
C 294
R
P 0x7fb20a09bc08
P 0x7fb20a1abd18
C 210
R
P 0x7fb20a09bc08
C 294
R
P 0x7fb20a09bc08
P 0x7fb20a1abd18
C 9
R
P 0x7fb20a09bc08
C 294
R
P 0x7fb20a09bc08
P 0x7fb20a1abd18
I 0
C 219
R
P 0x7fb20a09bc08
C 294
R
P 0x7fb20a09bc08
P 0x7fb208dad4a8
C 428
= 0x7fb208d7be78
R
P 0x7fb20a09bc08
C 294
R
P 0x7fb20a09bc08
P 0x7fb208d7be78
C 248
R
P 0x7fb20a09bc08
C 294
R
P 0x7fb20a09bc08
P 0x7fb208d7be78
P 0x7fb20a0ba7b8
I 0
P 0
C 250
* 0x7fb20a1ab978 4
R
P 0x7fb20a09bc08
C 294
R
P 0x7fb20a09bc08
P 0x7fb20a1ab978
C 208
R
P 0x7fb20a09bc08
C 294
R
P 0x7fb20a09bc08
P 0x7fb20a1ab978
C 205
= 0x7fb20a0b9118
R
P 0x7fb20a09bc08
C 294
R
P 0x7fb20a09bc08
P 0x7fb20a0b9118
C 166
R
P 0x7fb20a09bc08
C 294
R
P 0x7fb20a09bc08
P 0x7fb20a1ab978
C 211
R
P 0x7fb20a09bc08
C 294
R
P 0x7fb20a09bc08
P 0x7fb20a1ab978
C 210
R
P 0x7fb20a09bc08
C 294
R
P 0x7fb20a09bc08
P 0x7fb20a1ab978
C 9
R
P 0x7fb20a09bc08
C 294
R
P 0x7fb20a09bc08
P 0x7fb20a1ab978
I 0
C 219
R
P 0x7fb20a09bc08
C 294
R
P 0x7fb20a09bc08
P 0x7fb208dad4a8
C 428
= 0x7fb208d54538
R
P 0x7fb20a09bc08
C 294
R
P 0x7fb20a09bc08
P 0x7fb208d54538
C 248
R
P 0x7fb20a09bc08
C 294
R
P 0x7fb20a09bc08
P 0x7fb208d54538
P 0x7fb20a1ab458
I 0
P 0
C 250
* 0x7fb20a25b218 4
R
P 0x7fb20a09bc08
C 294
R
P 0x7fb20a09bc08
P 0x7fb20a25b218
C 208
R
P 0x7fb20a09bc08
C 294
R
P 0x7fb20a09bc08
P 0x7fb20a25b218
C 205
= 0x7fb20a0b9118
R
P 0x7fb20a09bc08
C 294
R
P 0x7fb20a09bc08
P 0x7fb20a0b9118
C 166
R
P 0x7fb20a09bc08
C 294
R
P 0x7fb20a09bc08
P 0x7fb20a25b218
C 211
R
P 0x7fb20a09bc08
C 294
R
P 0x7fb20a09bc08
P 0x7fb20a25b218
C 210
R
P 0x7fb20a09bc08
C 294
R
P 0x7fb20a09bc08
P 0x7fb20a25b218
C 9
R
P 0x7fb20a09bc08
C 294
R
P 0x7fb20a09bc08
P 0x7fb20a25b218
I 0
C 219
R
P 0x7fb20a09bc08
C 294
R
P 0x7fb20a09bc08
U 32
C 35
= 0x7fb20a0b9118
R
P 0x7fb20a09bc08
C 294
R
P 0x7fb20a09bc08
P 0x7fb20a0b9118
C 9
R
P 0x7fb20a09bc08
C 294
R
P 0x7fb20a09bc08
I 208
P 0x7fb20a0b9118
C 145
= 0x7fb20a25b1d8
R
P 0x7fb20a09bc08
C 294
R
P 0x7fb20a09bc08
P 0x7fb20a25b1d8
C 208
R
P 0x7fb20a09bc08
C 294
R
P 0x7fb20a09bc08
P 0x7fb20a25b1d8
C 205
= 0x7fb20a0b9118
R
P 0x7fb20a09bc08
C 294
R
P 0x7fb20a09bc08
P 0x7fb20a0b9118
C 166
R
P 0x7fb20a09bc08
C 294
R
P 0x7fb20a09bc08
P 0x7fb20a25b1d8
C 211
R
P 0x7fb20a09bc08
C 294
R
P 0x7fb20a09bc08
P 0x7fb20a25b1d8
C 210
R
P 0x7fb20a09bc08
C 294
R
P 0x7fb20a09bc08
P 0x7fb20a25b1d8
C 9
R
P 0x7fb20a09bc08
C 294
R
P 0x7fb20a09bc08
P 0x7fb20a0ba798
P 0x7fb20a25b1d8
C 99
= 0x7fb20aa19648
R
P 0x7fb20a09bc08
C 294
R
P 0x7fb20a09bc08
P 0x7fb20aa19648
C 9
R
P 0x7fb20a09bc08
C 294
R
P 0x7fb20a09bc08
P 0x7fb208dad4a8
P 0x7fb20aa19648
C 423
R
P 0x7fb20a09bc08
C 294
R
P 0x7fb20a09bc08
U 32
C 35
= 0x7fb20a0b9118
R
P 0x7fb20a09bc08
C 294
R
P 0x7fb20a09bc08
P 0x7fb20a0b9118
C 9
R
P 0x7fb20a09bc08
C 294
R
P 0x7fb20a09bc08
I 417
P 0x7fb20a0b9118
C 145
= 0x7fb20a1abd18
R
P 0x7fb20a09bc08
C 294
R
P 0x7fb20a09bc08
P 0x7fb20a1abd18
C 208
R
P 0x7fb20a09bc08
C 294
R
P 0x7fb20a09bc08
P 0x7fb20a1abd18
C 205
= 0x7fb20a0b9118
R
P 0x7fb20a09bc08
C 294
R
P 0x7fb20a09bc08
P 0x7fb20a0b9118
C 166
R
P 0x7fb20a09bc08
C 294
R
P 0x7fb20a09bc08
P 0x7fb20a1abd18
C 211
R
P 0x7fb20a09bc08
C 294
R
P 0x7fb20a09bc08
P 0x7fb20a1abd18
C 210
R
P 0x7fb20a09bc08
C 294
R
P 0x7fb20a09bc08
P 0x7fb20a1abd18
C 9
R
P 0x7fb20a09bc08
C 294
R
P 0x7fb20a09bc08
P 0x7fb20a0ba798
P 0x7fb20a1abd18
C 99
= 0x7fb20aa19610
R
P 0x7fb20a09bc08
C 294
R
P 0x7fb20a09bc08
P 0x7fb20aa19610
C 9
R
P 0x7fb20a09bc08
C 294
R
P 0x7fb20a09bc08
P 0x7fb208dad4a8
P 0x7fb20aa19610
C 423
R
P 0x7fb20a09bc08
C 294
R
P 0x7fb20a09bc08
U 32
C 35
= 0x7fb20a0b9118
R
P 0x7fb20a09bc08
C 294
R
P 0x7fb20a09bc08
P 0x7fb20a0b9118
C 9
R
P 0x7fb20a09bc08
C 294
R
P 0x7fb20a09bc08
I 2112880640
P 0x7fb20a0b9118
C 145
= 0x7fb20a1ab978
R
P 0x7fb20a09bc08
C 294
R
P 0x7fb20a09bc08
P 0x7fb20a1ab978
C 208
R
P 0x7fb20a09bc08
C 294
R
P 0x7fb20a09bc08
P 0x7fb20a1ab978
C 205
= 0x7fb20a0b9118
R
P 0x7fb20a09bc08
C 294
R
P 0x7fb20a09bc08
P 0x7fb20a0b9118
C 166
R
P 0x7fb20a09bc08
C 294
R
P 0x7fb20a09bc08
P 0x7fb20a1ab978
C 211
R
P 0x7fb20a09bc08
C 294
R
P 0x7fb20a09bc08
P 0x7fb20a1ab978
C 210
R
P 0x7fb20a09bc08
C 294
R
P 0x7fb20a09bc08
P 0x7fb20a1ab978
C 9
R
P 0x7fb20a09bc08
C 294
R
P 0x7fb20a09bc08
P 0x7fb20a0ba7b8
P 0x7fb20a1ab978
C 99
= 0x7fb20aa19a00
R
P 0x7fb20a09bc08
C 294
R
P 0x7fb20a09bc08
P 0x7fb20aa19a00
C 9
R
P 0x7fb20a09bc08
C 294
R
P 0x7fb20a09bc08
P 0x7fb208dad4a8
P 0x7fb20aa19a00
C 423
R
P 0x7fb20a09bc08
C 294
R
P 0x7fb20a09bc08
U 32
C 35
= 0x7fb20a0b9118
R
P 0x7fb20a09bc08
C 294
R
P 0x7fb20a09bc08
P 0x7fb20a0b9118
C 9
R
P 0x7fb20a09bc08
C 294
R
P 0x7fb20a09bc08
I 34603264
P 0x7fb20a0b9118
C 145
= 0x7fb20a25b218
R
P 0x7fb20a09bc08
C 294
R
P 0x7fb20a09bc08
P 0x7fb20a25b218
C 208
R
P 0x7fb20a09bc08
C 294
R
P 0x7fb20a09bc08
P 0x7fb20a25b218
C 205
= 0x7fb20a0b9118
R
P 0x7fb20a09bc08
C 294
R
P 0x7fb20a09bc08
P 0x7fb20a0b9118
C 166
R
P 0x7fb20a09bc08
C 294
R
P 0x7fb20a09bc08
P 0x7fb20a25b218
C 211
R
P 0x7fb20a09bc08
C 294
R
P 0x7fb20a09bc08
P 0x7fb20a25b218
C 210
R
P 0x7fb20a09bc08
C 294
R
P 0x7fb20a09bc08
P 0x7fb20a25b218
C 9
R
P 0x7fb20a09bc08
C 294
R
P 0x7fb20a09bc08
P 0x7fb20a1ab458
P 0x7fb20a25b218
C 99
= 0x7fb20aa195d8
R
P 0x7fb20a09bc08
C 294
R
P 0x7fb20a09bc08
P 0x7fb20aa195d8
C 9
R
P 0x7fb20a09bc08
C 294
R
P 0x7fb20a09bc08
P 0x7fb208dad4a8
P 0x7fb20aa195d8
C 423
R
P 0x7fb20a09bc08
C 294
R
P 0x7fb20a09bc08
P 0x7fb208dad4a8
C 426
R
P 0x7fb20a09bc08
C 294
R
P 0x7fb20a09bc08
P 0x7fb208dad4a8
C 428
= 0x7fb208d551e8
R
P 0x7fb20a09bc08
C 294
R
P 0x7fb20a09bc08
P 0x7fb208d551e8
C 248
R
P 0x7fb20a09bc08
C 294
R
P 0x7fb20a09bc08
P 0x7fb208d551e8
C 279
R
P 0x7fb20a09bc08
C 294
R
P 0x7fb20a09bc08
P 0x7fb208dad4a8
C 428
= 0x7fb208d32938
R
P 0x7fb20a09bc08
C 294
R
P 0x7fb20a09bc08
P 0x7fb208d32938
C 248
R
P 0x7fb20a09bc08
C 294
R
P 0x7fb20a09bc08
P 0x7fb208d32938
P 0x7fb20a0ba798
I 0
P 0
C 250
* 0x7fb20a25b1f8 4
R
P 0x7fb20a09bc08
C 294
R
P 0x7fb20a09bc08
P 0x7fb20a25b1f8
C 208
R
P 0x7fb20a09bc08
C 294
R
P 0x7fb20a09bc08
P 0x7fb20a25b1f8
C 205
= 0x7fb20a0b9118
R
P 0x7fb20a09bc08
C 294
R
P 0x7fb20a09bc08
P 0x7fb20a0b9118
C 166
R
P 0x7fb20a09bc08
C 294
R
P 0x7fb20a09bc08
P 0x7fb20a25b1f8
C 211
R
P 0x7fb20a09bc08
C 294
R
P 0x7fb20a09bc08
P 0x7fb20a25b1f8
C 210
R
P 0x7fb20a09bc08
C 294
R
P 0x7fb20a09bc08
P 0x7fb20a25b1f8
C 9
R
P 0x7fb20a09bc08
C 294
R
P 0x7fb20a09bc08
P 0x7fb20a25b1f8
I 0
C 219
R
P 0x7fb20a09bc08
C 294
R
P 0x7fb20a09bc08
P 0x7fb208dad4a8
C 428
= 0x7fb208d565d8
R
P 0x7fb20a09bc08
C 294
R
P 0x7fb20a09bc08
P 0x7fb208d565d8
C 248
R
P 0x7fb20a09bc08
C 294
R
P 0x7fb20a09bc08
P 0x7fb208d565d8
P 0x7fb20a0ba7b8
I 0
P 0
C 250
* 0x7fb20a1ab978 4
R
P 0x7fb20a09bc08
C 294
R
P 0x7fb20a09bc08
P 0x7fb20a1ab978
C 208
R
P 0x7fb20a09bc08
C 294
R
P 0x7fb20a09bc08
P 0x7fb20a1ab978
C 205
= 0x7fb20a0b9118
R
P 0x7fb20a09bc08
C 294
R
P 0x7fb20a09bc08
P 0x7fb20a0b9118
C 166
R
P 0x7fb20a09bc08
C 294
R
P 0x7fb20a09bc08
P 0x7fb20a1ab978
C 211
R
P 0x7fb20a09bc08
C 294
R
P 0x7fb20a09bc08
P 0x7fb20a1ab978
C 210
R
P 0x7fb20a09bc08
C 294
R
P 0x7fb20a09bc08
P 0x7fb20a1ab978
C 9
R
P 0x7fb20a09bc08
C 294
R
P 0x7fb20a09bc08
P 0x7fb20a1ab978
I 0
C 219
R
P 0x7fb20a09bc08
C 294
R
P 0x7fb20a09bc08
P 0x7fb208dad4a8
C 428
= 0x7fb208d57a38
R
P 0x7fb20a09bc08
C 294
R
P 0x7fb20a09bc08
P 0x7fb208d57a38
C 248
R
P 0x7fb20a09bc08
C 294
R
P 0x7fb20a09bc08
P 0x7fb208d57a38
P 0x7fb20a1ab458
I 0
P 0
C 250
* 0x7fb20a25b158 4
R
P 0x7fb20a09bc08
C 294
R
P 0x7fb20a09bc08
P 0x7fb20a25b158
C 208
R
P 0x7fb20a09bc08
C 294
R
P 0x7fb20a09bc08
P 0x7fb20a25b158
C 205
= 0x7fb20a0b9118
R
P 0x7fb20a09bc08
C 294
R
P 0x7fb20a09bc08
P 0x7fb20a0b9118
C 166
R
P 0x7fb20a09bc08
C 294
R
P 0x7fb20a09bc08
P 0x7fb20a25b158
C 211
R
P 0x7fb20a09bc08
C 294
R
P 0x7fb20a09bc08
P 0x7fb20a25b158
C 210
R
P 0x7fb20a09bc08
C 294
R
P 0x7fb20a09bc08
P 0x7fb20a25b158
C 9
R
P 0x7fb20a09bc08
C 294
R
P 0x7fb20a09bc08
P 0x7fb20a25b158
I 0
C 219
R
P 0x7fb20a09bc08
C 294
R
P 0x7fb20a09bc08
U 32
C 35
= 0x7fb20a0b9118
R
P 0x7fb20a09bc08
C 294
R
P 0x7fb20a09bc08
P 0x7fb20a0b9118
C 9
R
P 0x7fb20a09bc08
C 294
R
P 0x7fb20a09bc08
I 84
P 0x7fb20a0b9118
C 145
= 0x7fb20a25b118
R
P 0x7fb20a09bc08
C 294
R
P 0x7fb20a09bc08
P 0x7fb20a25b118
C 208
R
P 0x7fb20a09bc08
C 294
R
P 0x7fb20a09bc08
P 0x7fb20a25b118
C 205
= 0x7fb20a0b9118
R
P 0x7fb20a09bc08
C 294
R
P 0x7fb20a09bc08
P 0x7fb20a0b9118
C 166
R
P 0x7fb20a09bc08
C 294
R
P 0x7fb20a09bc08
P 0x7fb20a25b118
C 211
R
P 0x7fb20a09bc08
C 294
R
P 0x7fb20a09bc08
P 0x7fb20a25b118
C 210
R
P 0x7fb20a09bc08
C 294
R
P 0x7fb20a09bc08
P 0x7fb20a25b118
C 9
R
P 0x7fb20a09bc08
C 294
R
P 0x7fb20a09bc08
P 0x7fb20a0ba798
P 0x7fb20a25b118
C 99
= 0x7fb20aa194c0
R
P 0x7fb20a09bc08
C 294
R
P 0x7fb20a09bc08
P 0x7fb20aa194c0
C 9
R
P 0x7fb20a09bc08
C 294
R
P 0x7fb20a09bc08
P 0x7fb208dad4a8
P 0x7fb20aa194c0
C 423
R
P 0x7fb20a09bc08
C 294
R
P 0x7fb20a09bc08
U 32
C 35
= 0x7fb20a0b9118
R
P 0x7fb20a09bc08
C 294
R
P 0x7fb20a09bc08
P 0x7fb20a0b9118
C 9
R
P 0x7fb20a09bc08
C 294
R
P 0x7fb20a09bc08
I 169
P 0x7fb20a0b9118
C 145
= 0x7fb20a25b1f8
R
P 0x7fb20a09bc08
C 294
R
P 0x7fb20a09bc08
P 0x7fb20a25b1f8
C 208
R
P 0x7fb20a09bc08
C 294
R
P 0x7fb20a09bc08
P 0x7fb20a25b1f8
C 205
= 0x7fb20a0b9118
R
P 0x7fb20a09bc08
C 294
R
P 0x7fb20a09bc08
P 0x7fb20a0b9118
C 166
R
P 0x7fb20a09bc08
C 294
R
P 0x7fb20a09bc08
P 0x7fb20a25b1f8
C 211
R
P 0x7fb20a09bc08
C 294
R
P 0x7fb20a09bc08
P 0x7fb20a25b1f8
C 210
R
P 0x7fb20a09bc08
C 294
R
P 0x7fb20a09bc08
P 0x7fb20a25b1f8
C 9
R
P 0x7fb20a09bc08
C 294
R
P 0x7fb20a09bc08
P 0x7fb20a0ba798
P 0x7fb20a25b1f8
C 99
= 0x7fb20aa19488
R
P 0x7fb20a09bc08
C 294
R
P 0x7fb20a09bc08
P 0x7fb20aa19488
C 9
R
P 0x7fb20a09bc08
C 294
R
P 0x7fb20a09bc08
P 0x7fb208dad4a8
P 0x7fb20aa19488
C 423
R
P 0x7fb20a09bc08
C 294
R
P 0x7fb20a09bc08
U 32
C 35
= 0x7fb20a0b9118
R
P 0x7fb20a09bc08
C 294
R
P 0x7fb20a09bc08
P 0x7fb20a0b9118
C 9
R
P 0x7fb20a09bc08
C 294
R
P 0x7fb20a09bc08
I 2112880640
P 0x7fb20a0b9118
C 145
= 0x7fb20a1ab978
R
P 0x7fb20a09bc08
C 294
R
P 0x7fb20a09bc08
P 0x7fb20a1ab978
C 208
R
P 0x7fb20a09bc08
C 294
R
P 0x7fb20a09bc08
P 0x7fb20a1ab978
C 205
= 0x7fb20a0b9118
R
P 0x7fb20a09bc08
C 294
R
P 0x7fb20a09bc08
P 0x7fb20a0b9118
C 166
R
P 0x7fb20a09bc08
C 294
R
P 0x7fb20a09bc08
P 0x7fb20a1ab978
C 211
R
P 0x7fb20a09bc08
C 294
R
P 0x7fb20a09bc08
P 0x7fb20a1ab978
C 210
R
P 0x7fb20a09bc08
C 294
R
P 0x7fb20a09bc08
P 0x7fb20a1ab978
C 9
R
P 0x7fb20a09bc08
C 294
R
P 0x7fb20a09bc08
P 0x7fb20a0ba7b8
P 0x7fb20a1ab978
C 99
= 0x7fb20aa19a00
R
P 0x7fb20a09bc08
C 294
R
P 0x7fb20a09bc08
P 0x7fb20aa19a00
C 9
R
P 0x7fb20a09bc08
C 294
R
P 0x7fb20a09bc08
P 0x7fb208dad4a8
P 0x7fb20aa19a00
C 423
R
P 0x7fb20a09bc08
C 294
R
P 0x7fb20a09bc08
U 32
C 35
= 0x7fb20a0b9118
R
P 0x7fb20a09bc08
C 294
R
P 0x7fb20a09bc08
P 0x7fb20a0b9118
C 9
R
P 0x7fb20a09bc08
C 294
R
P 0x7fb20a09bc08
I 34603016
P 0x7fb20a0b9118
C 145
= 0x7fb20a25b158
R
P 0x7fb20a09bc08
C 294
R
P 0x7fb20a09bc08
P 0x7fb20a25b158
C 208
R
P 0x7fb20a09bc08
C 294
R
P 0x7fb20a09bc08
P 0x7fb20a25b158
C 205
= 0x7fb20a0b9118
R
P 0x7fb20a09bc08
C 294
R
P 0x7fb20a09bc08
P 0x7fb20a0b9118
C 166
R
P 0x7fb20a09bc08
C 294
R
P 0x7fb20a09bc08
P 0x7fb20a25b158
C 211
R
P 0x7fb20a09bc08
C 294
R
P 0x7fb20a09bc08
P 0x7fb20a25b158
C 210
R
P 0x7fb20a09bc08
C 294
R
P 0x7fb20a09bc08
P 0x7fb20a25b158
C 9
R
P 0x7fb20a09bc08
C 294
R
P 0x7fb20a09bc08
P 0x7fb20a1ab458
P 0x7fb20a25b158
C 99
= 0x7fb20aa19450
R
P 0x7fb20a09bc08
C 294
R
P 0x7fb20a09bc08
P 0x7fb20aa19450
C 9
R
P 0x7fb20a09bc08
C 294
R
P 0x7fb20a09bc08
P 0x7fb208dad4a8
P 0x7fb20aa19450
C 423
R
P 0x7fb20a09bc08
C 294
R
P 0x7fb20a09bc08
P 0x7fb208dad4a8
C 426
R
P 0x7fb20a09bc08
C 294
R
P 0x7fb20a09bc08
P 0x7fb208dad4a8
C 428
= 0x7fb208d46a78
R
P 0x7fb20a09bc08
C 294
R
P 0x7fb20a09bc08
P 0x7fb208d46a78
C 248
R
P 0x7fb20a09bc08
C 294
R
P 0x7fb20a09bc08
P 0x7fb208d46a78
C 279
R
P 0x7fb20a09bc08
C 294
R
P 0x7fb20a09bc08
P 0x7fb208dad4a8
C 428
= 0x7fb208d59358
R
P 0x7fb20a09bc08
C 294
R
P 0x7fb20a09bc08
P 0x7fb208d59358
C 248
R
P 0x7fb20a09bc08
C 294
R
P 0x7fb20a09bc08
P 0x7fb208d59358
P 0x7fb20a0ba798
I 0
P 0
C 250
* 0x7fb20a25b138 4
R
P 0x7fb20a09bc08
C 294
R
P 0x7fb20a09bc08
P 0x7fb20a25b138
C 208
R
P 0x7fb20a09bc08
C 294
R
P 0x7fb20a09bc08
P 0x7fb20a25b138
C 205
= 0x7fb20a0b9118
R
P 0x7fb20a09bc08
C 294
R
P 0x7fb20a09bc08
P 0x7fb20a0b9118
C 166
R
P 0x7fb20a09bc08
C 294
R
P 0x7fb20a09bc08
P 0x7fb20a25b138
C 211
R
P 0x7fb20a09bc08
C 294
R
P 0x7fb20a09bc08
P 0x7fb20a25b138
C 210
R
P 0x7fb20a09bc08
C 294
R
P 0x7fb20a09bc08
P 0x7fb20a25b138
C 9
R
P 0x7fb20a09bc08
C 294
R
P 0x7fb20a09bc08
P 0x7fb20a25b138
I 0
C 219
R
P 0x7fb20a09bc08
C 294
R
P 0x7fb20a09bc08
P 0x7fb208dad4a8
C 428
= 0x7fb208d7a638
R
P 0x7fb20a09bc08
C 294
R
P 0x7fb20a09bc08
P 0x7fb208d7a638
C 248
R
P 0x7fb20a09bc08
C 294
R
P 0x7fb20a09bc08
P 0x7fb208d7a638
P 0x7fb20a0ba7b8
I 0
P 0
C 250
* 0x7fb20a1ab978 4
R
P 0x7fb20a09bc08
C 294
R
P 0x7fb20a09bc08
P 0x7fb20a1ab978
C 208
R
P 0x7fb20a09bc08
C 294
R
P 0x7fb20a09bc08
P 0x7fb20a1ab978
C 205
= 0x7fb20a0b9118
R
P 0x7fb20a09bc08
C 294
R
P 0x7fb20a09bc08
P 0x7fb20a0b9118
C 166
R
P 0x7fb20a09bc08
C 294
R
P 0x7fb20a09bc08
P 0x7fb20a1ab978
C 211
R
P 0x7fb20a09bc08
C 294
R
P 0x7fb20a09bc08
P 0x7fb20a1ab978
C 210
R
P 0x7fb20a09bc08
C 294
R
P 0x7fb20a09bc08
P 0x7fb20a1ab978
C 9
R
P 0x7fb20a09bc08
C 294
R
P 0x7fb20a09bc08
P 0x7fb20a1ab978
I 0
C 219
R
P 0x7fb20a09bc08
C 294
R
P 0x7fb20a09bc08
P 0x7fb208dad4a8
C 428
= 0x7fb208d5c088
R
P 0x7fb20a09bc08
C 294
R
P 0x7fb20a09bc08
P 0x7fb208d5c088
C 248
R
P 0x7fb20a09bc08
C 294
R
P 0x7fb20a09bc08
P 0x7fb208d5c088
P 0x7fb20a1ab458
I 0
P 0
C 250
* 0x7fb20a25b158 4
R
P 0x7fb20a09bc08
C 294
R
P 0x7fb20a09bc08
P 0x7fb20a25b158
C 208
R
P 0x7fb20a09bc08
C 294
R
P 0x7fb20a09bc08
P 0x7fb20a25b158
C 205
= 0x7fb20a0b9118
R
P 0x7fb20a09bc08
C 294
R
P 0x7fb20a09bc08
P 0x7fb20a0b9118
C 166
R
P 0x7fb20a09bc08
C 294
R
P 0x7fb20a09bc08
P 0x7fb20a25b158
C 211
R
P 0x7fb20a09bc08
C 294
R
P 0x7fb20a09bc08
P 0x7fb20a25b158
C 210
R
P 0x7fb20a09bc08
C 294
R
P 0x7fb20a09bc08
P 0x7fb20a25b158
C 9
R
P 0x7fb20a09bc08
C 294
R
P 0x7fb20a09bc08
P 0x7fb20a25b158
I 0
C 219
R
P 0x7fb20a09bc08
C 294
R
P 0x7fb20a09bc08
U 32
C 35
= 0x7fb20a0b9118
R
P 0x7fb20a09bc08
C 294
R
P 0x7fb20a09bc08
P 0x7fb20a0b9118
C 9
R
P 0x7fb20a09bc08
C 294
R
P 0x7fb20a09bc08
I 21
P 0x7fb20a0b9118
C 145
= 0x7fb20a25b198
R
P 0x7fb20a09bc08
C 294
R
P 0x7fb20a09bc08
P 0x7fb20a25b198
C 208
R
P 0x7fb20a09bc08
C 294
R
P 0x7fb20a09bc08
P 0x7fb20a25b198
C 205
= 0x7fb20a0b9118
R
P 0x7fb20a09bc08
C 294
R
P 0x7fb20a09bc08
P 0x7fb20a0b9118
C 166
R
P 0x7fb20a09bc08
C 294
R
P 0x7fb20a09bc08
P 0x7fb20a25b198
C 211
R
P 0x7fb20a09bc08
C 294
R
P 0x7fb20a09bc08
P 0x7fb20a25b198
C 210
R
P 0x7fb20a09bc08
C 294
R
P 0x7fb20a09bc08
P 0x7fb20a25b198
C 9
R
P 0x7fb20a09bc08
C 294
R
P 0x7fb20a09bc08
P 0x7fb20a0ba798
P 0x7fb20a25b198
C 99
= 0x7fb20a9ef480
R
P 0x7fb20a09bc08
C 294
R
P 0x7fb20a09bc08
P 0x7fb20a9ef480
C 9
R
P 0x7fb20a09bc08
C 294
R
P 0x7fb20a09bc08
P 0x7fb208dad4a8
P 0x7fb20a9ef480
C 423
R
P 0x7fb20a09bc08
C 294
R
P 0x7fb20a09bc08
U 32
C 35
= 0x7fb20a0b9118
R
P 0x7fb20a09bc08
C 294
R
P 0x7fb20a09bc08
P 0x7fb20a0b9118
C 9
R
P 0x7fb20a09bc08
C 294
R
P 0x7fb20a09bc08
I 43
P 0x7fb20a0b9118
C 145
= 0x7fb20a25b138
R
P 0x7fb20a09bc08
C 294
R
P 0x7fb20a09bc08
P 0x7fb20a25b138
C 208
R
P 0x7fb20a09bc08
C 294
R
P 0x7fb20a09bc08
P 0x7fb20a25b138
C 205
= 0x7fb20a0b9118
R
P 0x7fb20a09bc08
C 294
R
P 0x7fb20a09bc08
P 0x7fb20a0b9118
C 166
R
P 0x7fb20a09bc08
C 294
R
P 0x7fb20a09bc08
P 0x7fb20a25b138
C 211
R
P 0x7fb20a09bc08
C 294
R
P 0x7fb20a09bc08
P 0x7fb20a25b138
C 210
R
P 0x7fb20a09bc08
C 294
R
P 0x7fb20a09bc08
P 0x7fb20a25b138
C 9
R
P 0x7fb20a09bc08
C 294
R
P 0x7fb20a09bc08
P 0x7fb20a0ba798
P 0x7fb20a25b138
C 99
= 0x7fb20a9ef448
R
P 0x7fb20a09bc08
C 294
R
P 0x7fb20a09bc08
P 0x7fb20a9ef448
C 9
R
P 0x7fb20a09bc08
C 294
R
P 0x7fb20a09bc08
P 0x7fb208dad4a8
P 0x7fb20a9ef448
C 423
R
P 0x7fb20a09bc08
C 294
R
P 0x7fb20a09bc08
U 32
C 35
= 0x7fb20a0b9118
R
P 0x7fb20a09bc08
C 294
R
P 0x7fb20a09bc08
P 0x7fb20a0b9118
C 9
R
P 0x7fb20a09bc08
C 294
R
P 0x7fb20a09bc08
I 2112880640
P 0x7fb20a0b9118
C 145
= 0x7fb20a1ab978
R
P 0x7fb20a09bc08
C 294
R
P 0x7fb20a09bc08
P 0x7fb20a1ab978
C 208
R
P 0x7fb20a09bc08
C 294
R
P 0x7fb20a09bc08
P 0x7fb20a1ab978
C 205
= 0x7fb20a0b9118
R
P 0x7fb20a09bc08
C 294
R
P 0x7fb20a09bc08
P 0x7fb20a0b9118
C 166
R
P 0x7fb20a09bc08
C 294
R
P 0x7fb20a09bc08
P 0x7fb20a1ab978
C 211
R
P 0x7fb20a09bc08
C 294
R
P 0x7fb20a09bc08
P 0x7fb20a1ab978
C 210
R
P 0x7fb20a09bc08
C 294
R
P 0x7fb20a09bc08
P 0x7fb20a1ab978
C 9
R
P 0x7fb20a09bc08
C 294
R
P 0x7fb20a09bc08
P 0x7fb20a0ba7b8
P 0x7fb20a1ab978
C 99
= 0x7fb20aa19a00
R
P 0x7fb20a09bc08
C 294
R
P 0x7fb20a09bc08
P 0x7fb20aa19a00
C 9
R
P 0x7fb20a09bc08
C 294
R
P 0x7fb20a09bc08
P 0x7fb208dad4a8
P 0x7fb20aa19a00
C 423
R
P 0x7fb20a09bc08
C 294
R
P 0x7fb20a09bc08
U 32
C 35
= 0x7fb20a0b9118
R
P 0x7fb20a09bc08
C 294
R
P 0x7fb20a09bc08
P 0x7fb20a0b9118
C 9
R
P 0x7fb20a09bc08
C 294
R
P 0x7fb20a09bc08
I 34603016
P 0x7fb20a0b9118
C 145
= 0x7fb20a25b158
R
P 0x7fb20a09bc08
C 294
R
P 0x7fb20a09bc08
P 0x7fb20a25b158
C 208
R
P 0x7fb20a09bc08
C 294
R
P 0x7fb20a09bc08
P 0x7fb20a25b158
C 205
= 0x7fb20a0b9118
R
P 0x7fb20a09bc08
C 294
R
P 0x7fb20a09bc08
P 0x7fb20a0b9118
C 166
R
P 0x7fb20a09bc08
C 294
R
P 0x7fb20a09bc08
P 0x7fb20a25b158
C 211
R
P 0x7fb20a09bc08
C 294
R
P 0x7fb20a09bc08
P 0x7fb20a25b158
C 210
R
P 0x7fb20a09bc08
C 294
R
P 0x7fb20a09bc08
P 0x7fb20a25b158
C 9
R
P 0x7fb20a09bc08
C 294
R
P 0x7fb20a09bc08
P 0x7fb20a1ab458
P 0x7fb20a25b158
C 99
= 0x7fb20aa19450
R
P 0x7fb20a09bc08
C 294
R
P 0x7fb20a09bc08
P 0x7fb20aa19450
C 9
R
P 0x7fb20a09bc08
C 294
R
P 0x7fb20a09bc08
P 0x7fb208dad4a8
P 0x7fb20aa19450
C 423
R
P 0x7fb20a09bc08
C 294
R
P 0x7fb20a09bc08
P 0x7fb208dad4a8
C 426
R
P 0x7fb20a09bc08
C 294
R
P 0x7fb20a09bc08
P 0x7fb208dad4a8
C 428
= 0x7fb208d54da8
R
P 0x7fb20a09bc08
C 294
R
P 0x7fb20a09bc08
P 0x7fb208d54da8
C 248
R
P 0x7fb20a09bc08
C 294
R
P 0x7fb20a09bc08
P 0x7fb208d54da8
C 279
R
P 0x7fb20a09bc08
C 294
R
P 0x7fb20a09bc08
P 0x7fb208dad4a8
C 428
= 0x7fb208d594d8
R
P 0x7fb20a09bc08
C 294
R
P 0x7fb20a09bc08
P 0x7fb208d594d8
C 248
R
P 0x7fb20a09bc08
C 294
R
P 0x7fb20a09bc08
P 0x7fb208d594d8
P 0x7fb20a0ba798
I 0
P 0
C 250
* 0x7fb20a25b0f8 4
R
P 0x7fb20a09bc08
C 294
R
P 0x7fb20a09bc08
P 0x7fb20a25b0f8
C 208
R
P 0x7fb20a09bc08
C 294
R
P 0x7fb20a09bc08
P 0x7fb20a25b0f8
C 205
= 0x7fb20a0b9118
R
P 0x7fb20a09bc08
C 294
R
P 0x7fb20a09bc08
P 0x7fb20a0b9118
C 166
R
P 0x7fb20a09bc08
C 294
R
P 0x7fb20a09bc08
P 0x7fb20a25b0f8
C 211
R
P 0x7fb20a09bc08
C 294
R
P 0x7fb20a09bc08
P 0x7fb20a25b0f8
C 210
R
P 0x7fb20a09bc08
C 294
R
P 0x7fb20a09bc08
P 0x7fb20a25b0f8
C 9
R
P 0x7fb20a09bc08
C 294
R
P 0x7fb20a09bc08
P 0x7fb20a25b0f8
I 0
C 219
R
P 0x7fb20a09bc08
C 294
R
P 0x7fb20a09bc08
P 0x7fb208dad4a8
C 428
= 0x7fb208d7c468
R
P 0x7fb20a09bc08
C 294
R
P 0x7fb20a09bc08
P 0x7fb208d7c468
C 248
R
P 0x7fb20a09bc08
C 294
R
P 0x7fb20a09bc08
P 0x7fb208d7c468
P 0x7fb20a0ba7b8
I 0
P 0
C 250
* 0x7fb20a1ab978 4
R
P 0x7fb20a09bc08
C 294
R
P 0x7fb20a09bc08
P 0x7fb20a1ab978
C 208
R
P 0x7fb20a09bc08
C 294
R
P 0x7fb20a09bc08
P 0x7fb20a1ab978
C 205
= 0x7fb20a0b9118
R
P 0x7fb20a09bc08
C 294
R
P 0x7fb20a09bc08
P 0x7fb20a0b9118
C 166
R
P 0x7fb20a09bc08
C 294
R
P 0x7fb20a09bc08
P 0x7fb20a1ab978
C 211
R
P 0x7fb20a09bc08
C 294
R
P 0x7fb20a09bc08
P 0x7fb20a1ab978
C 210
R
P 0x7fb20a09bc08
C 294
R
P 0x7fb20a09bc08
P 0x7fb20a1ab978
C 9
R
P 0x7fb20a09bc08
C 294
R
P 0x7fb20a09bc08
P 0x7fb20a1ab978
I 0
C 219
R
P 0x7fb20a09bc08
C 294
R
P 0x7fb20a09bc08
P 0x7fb208dad4a8
C 428
= 0x7fb208d67918
R
P 0x7fb20a09bc08
C 294
R
P 0x7fb20a09bc08
P 0x7fb208d67918
C 248
R
P 0x7fb20a09bc08
C 294
R
P 0x7fb20a09bc08
P 0x7fb208d67918
P 0x7fb20a1ab458
I 0
P 0
C 250
* 0x7fb20a25b158 4
R
P 0x7fb20a09bc08
C 294
R
P 0x7fb20a09bc08
P 0x7fb20a25b158
C 208
R
P 0x7fb20a09bc08
C 294
R
P 0x7fb20a09bc08
P 0x7fb20a25b158
C 205
= 0x7fb20a0b9118
R
P 0x7fb20a09bc08
C 294
R
P 0x7fb20a09bc08
P 0x7fb20a0b9118
C 166
R
P 0x7fb20a09bc08
C 294
R
P 0x7fb20a09bc08
P 0x7fb20a25b158
C 211
R
P 0x7fb20a09bc08
C 294
R
P 0x7fb20a09bc08
P 0x7fb20a25b158
C 210
R
P 0x7fb20a09bc08
C 294
R
P 0x7fb20a09bc08
P 0x7fb20a25b158
C 9
R
P 0x7fb20a09bc08
C 294
R
P 0x7fb20a09bc08
P 0x7fb20a25b158
I 0
C 219
R
P 0x7fb20a09bc08
C 294
R
P 0x7fb20a09bc08
U 32
C 35
= 0x7fb20a0b9118
R
P 0x7fb20a09bc08
C 294
R
P 0x7fb20a09bc08
P 0x7fb20a0b9118
C 9
R
P 0x7fb20a09bc08
C 294
R
P 0x7fb20a09bc08
I 7
P 0x7fb20a0b9118
C 145
= 0x7fb20a1abb38
R
P 0x7fb20a09bc08
C 294
R
P 0x7fb20a09bc08
P 0x7fb20a1abb38
C 208
R
P 0x7fb20a09bc08
C 294
R
P 0x7fb20a09bc08
P 0x7fb20a1abb38
C 205
= 0x7fb20a0b9118
R
P 0x7fb20a09bc08
C 294
R
P 0x7fb20a09bc08
P 0x7fb20a0b9118
C 166
R
P 0x7fb20a09bc08
C 294
R
P 0x7fb20a09bc08
P 0x7fb20a1abb38
C 211
R
P 0x7fb20a09bc08
C 294
R
P 0x7fb20a09bc08
P 0x7fb20a1abb38
C 210
R
P 0x7fb20a09bc08
C 294
R
P 0x7fb20a09bc08
P 0x7fb20a1abb38
C 9
R
P 0x7fb20a09bc08
C 294
R
P 0x7fb20a09bc08
P 0x7fb20a0ba798
P 0x7fb20a1abb38
C 99
= 0x7fb20a9ef368
R
P 0x7fb20a09bc08
C 294
R
P 0x7fb20a09bc08
P 0x7fb20a9ef368
C 9
R
P 0x7fb20a09bc08
C 294
R
P 0x7fb20a09bc08
P 0x7fb208dad4a8
P 0x7fb20a9ef368
C 423
R
P 0x7fb20a09bc08
C 294
R
P 0x7fb20a09bc08
U 32
C 35
= 0x7fb20a0b9118
R
P 0x7fb20a09bc08
C 294
R
P 0x7fb20a09bc08
P 0x7fb20a0b9118
C 9
R
P 0x7fb20a09bc08
C 294
R
P 0x7fb20a09bc08
I 15
P 0x7fb20a0b9118
C 145
= 0x7fb20a25b0f8
R
P 0x7fb20a09bc08
C 294
R
P 0x7fb20a09bc08
P 0x7fb20a25b0f8
C 208
R
P 0x7fb20a09bc08
C 294
R
P 0x7fb20a09bc08
P 0x7fb20a25b0f8
C 205
= 0x7fb20a0b9118
R
P 0x7fb20a09bc08
C 294
R
P 0x7fb20a09bc08
P 0x7fb20a0b9118
C 166
R
P 0x7fb20a09bc08
C 294
R
P 0x7fb20a09bc08
P 0x7fb20a25b0f8
C 211
R
P 0x7fb20a09bc08
C 294
R
P 0x7fb20a09bc08
P 0x7fb20a25b0f8
C 210
R
P 0x7fb20a09bc08
C 294
R
P 0x7fb20a09bc08
P 0x7fb20a25b0f8
C 9
R
P 0x7fb20a09bc08
C 294
R
P 0x7fb20a09bc08
P 0x7fb20a0ba798
P 0x7fb20a25b0f8
C 99
= 0x7fb20a9ef330
R
P 0x7fb20a09bc08
C 294
R
P 0x7fb20a09bc08
P 0x7fb20a9ef330
C 9
R
P 0x7fb20a09bc08
C 294
R
P 0x7fb20a09bc08
P 0x7fb208dad4a8
P 0x7fb20a9ef330
C 423
R
P 0x7fb20a09bc08
C 294
R
P 0x7fb20a09bc08
U 32
C 35
= 0x7fb20a0b9118
R
P 0x7fb20a09bc08
C 294
R
P 0x7fb20a09bc08
P 0x7fb20a0b9118
C 9
R
P 0x7fb20a09bc08
C 294
R
P 0x7fb20a09bc08
I 2112880640
P 0x7fb20a0b9118
C 145
= 0x7fb20a1ab978
R
P 0x7fb20a09bc08
C 294
R
P 0x7fb20a09bc08
P 0x7fb20a1ab978
C 208
R
P 0x7fb20a09bc08
C 294
R
P 0x7fb20a09bc08
P 0x7fb20a1ab978
C 205
= 0x7fb20a0b9118
R
P 0x7fb20a09bc08
C 294
R
P 0x7fb20a09bc08
P 0x7fb20a0b9118
C 166
R
P 0x7fb20a09bc08
C 294
R
P 0x7fb20a09bc08
P 0x7fb20a1ab978
C 211
R
P 0x7fb20a09bc08
C 294
R
P 0x7fb20a09bc08
P 0x7fb20a1ab978
C 210
R
P 0x7fb20a09bc08
C 294
R
P 0x7fb20a09bc08
P 0x7fb20a1ab978
C 9
R
P 0x7fb20a09bc08
C 294
R
P 0x7fb20a09bc08
P 0x7fb20a0ba7b8
P 0x7fb20a1ab978
C 99
= 0x7fb20aa19a00
R
P 0x7fb20a09bc08
C 294
R
P 0x7fb20a09bc08
P 0x7fb20aa19a00
C 9
R
P 0x7fb20a09bc08
C 294
R
P 0x7fb20a09bc08
P 0x7fb208dad4a8
P 0x7fb20aa19a00
C 423
R
P 0x7fb20a09bc08
C 294
R
P 0x7fb20a09bc08
U 32
C 35
= 0x7fb20a0b9118
R
P 0x7fb20a09bc08
C 294
R
P 0x7fb20a09bc08
P 0x7fb20a0b9118
C 9
R
P 0x7fb20a09bc08
C 294
R
P 0x7fb20a09bc08
I 34603016
P 0x7fb20a0b9118
C 145
= 0x7fb20a25b158
R
P 0x7fb20a09bc08
C 294
R
P 0x7fb20a09bc08
P 0x7fb20a25b158
C 208
R
P 0x7fb20a09bc08
C 294
R
P 0x7fb20a09bc08
P 0x7fb20a25b158
C 205
= 0x7fb20a0b9118
R
P 0x7fb20a09bc08
C 294
R
P 0x7fb20a09bc08
P 0x7fb20a0b9118
C 166
R
P 0x7fb20a09bc08
C 294
R
P 0x7fb20a09bc08
P 0x7fb20a25b158
C 211
R
P 0x7fb20a09bc08
C 294
R
P 0x7fb20a09bc08
P 0x7fb20a25b158
C 210
R
P 0x7fb20a09bc08
C 294
R
P 0x7fb20a09bc08
P 0x7fb20a25b158
C 9
R
P 0x7fb20a09bc08
C 294
R
P 0x7fb20a09bc08
P 0x7fb20a1ab458
P 0x7fb20a25b158
C 99
= 0x7fb20aa19450
R
P 0x7fb20a09bc08
C 294
R
P 0x7fb20a09bc08
P 0x7fb20aa19450
C 9
R
P 0x7fb20a09bc08
C 294
R
P 0x7fb20a09bc08
P 0x7fb208dad4a8
P 0x7fb20aa19450
C 423
R
P 0x7fb20a09bc08
C 294
R
P 0x7fb20a09bc08
P 0x7fb208dad4a8
C 426
R
P 0x7fb20a09bc08
C 294
R
P 0x7fb20a09bc08
P 0x7fb208dad4a8
C 428
= 0x7fb208d5bdf8
R
P 0x7fb20a09bc08
C 294
R
P 0x7fb20a09bc08
P 0x7fb208d5bdf8
C 248
R
P 0x7fb20a09bc08
C 294
R
P 0x7fb20a09bc08
P 0x7fb208d5bdf8
C 279
R
P 0x7fb20a09bc08
C 294
R
P 0x7fb20a09bc08
P 0x7fb208dad4a8
C 428
= 0x7fb208d5bd38
R
P 0x7fb20a09bc08
C 294
R
P 0x7fb20a09bc08
P 0x7fb208d5bd38
C 248
R
P 0x7fb20a09bc08
C 294
R
P 0x7fb20a09bc08
P 0x7fb208d5bd38
P 0x7fb20a0ba798
I 0
P 0
C 250
* 0x7fb20a1abb38 4
R
P 0x7fb20a09bc08
C 294
R
P 0x7fb20a09bc08
P 0x7fb20a1abb38
C 208
R
P 0x7fb20a09bc08
C 294
R
P 0x7fb20a09bc08
P 0x7fb20a1abb38
C 205
= 0x7fb20a0b9118
R
P 0x7fb20a09bc08
C 294
R
P 0x7fb20a09bc08
P 0x7fb20a0b9118
C 166
R
P 0x7fb20a09bc08
C 294
R
P 0x7fb20a09bc08
P 0x7fb20a1abb38
C 211
R
P 0x7fb20a09bc08
C 294
R
P 0x7fb20a09bc08
P 0x7fb20a1abb38
C 210
R
P 0x7fb20a09bc08
C 294
R
P 0x7fb20a09bc08
P 0x7fb20a1abb38
C 9
R
P 0x7fb20a09bc08
C 294
R
P 0x7fb20a09bc08
P 0x7fb20a1abb38
I 0
C 219
R
P 0x7fb20a09bc08
C 294
R
P 0x7fb20a09bc08
P 0x7fb208dad4a8
C 428
= 0x7fb208d56c28
R
P 0x7fb20a09bc08
C 294
R
P 0x7fb20a09bc08
P 0x7fb208d56c28
C 248
R
P 0x7fb20a09bc08
C 294
R
P 0x7fb20a09bc08
P 0x7fb208d56c28
P 0x7fb20a0ba7b8
I 0
P 0
C 250
* 0x7fb20a1ab978 4
R
P 0x7fb20a09bc08
C 294
R
P 0x7fb20a09bc08
P 0x7fb20a1ab978
C 208
R
P 0x7fb20a09bc08
C 294
R
P 0x7fb20a09bc08
P 0x7fb20a1ab978
C 205
= 0x7fb20a0b9118
R
P 0x7fb20a09bc08
C 294
R
P 0x7fb20a09bc08
P 0x7fb20a0b9118
C 166
R
P 0x7fb20a09bc08
C 294
R
P 0x7fb20a09bc08
P 0x7fb20a1ab978
C 211
R
P 0x7fb20a09bc08
C 294
R
P 0x7fb20a09bc08
P 0x7fb20a1ab978
C 210
R
P 0x7fb20a09bc08
C 294
R
P 0x7fb20a09bc08
P 0x7fb20a1ab978
C 9
R
P 0x7fb20a09bc08
C 294
R
P 0x7fb20a09bc08
P 0x7fb20a1ab978
I 0
C 219
R
P 0x7fb20a09bc08
C 294
R
P 0x7fb20a09bc08
P 0x7fb208dad4a8
C 428
= 0x7fb208d79a08
R
P 0x7fb20a09bc08
C 294
R
P 0x7fb20a09bc08
P 0x7fb208d79a08
C 248
R
P 0x7fb20a09bc08
C 294
R
P 0x7fb20a09bc08
P 0x7fb208d79a08
P 0x7fb20a1ab458
I 0
P 0
C 250
* 0x7fb20a25b158 4
R
P 0x7fb20a09bc08
C 294
R
P 0x7fb20a09bc08
P 0x7fb20a25b158
C 208
R
P 0x7fb20a09bc08
C 294
R
P 0x7fb20a09bc08
P 0x7fb20a25b158
C 205
= 0x7fb20a0b9118
R
P 0x7fb20a09bc08
C 294
R
P 0x7fb20a09bc08
P 0x7fb20a0b9118
C 166
R
P 0x7fb20a09bc08
C 294
R
P 0x7fb20a09bc08
P 0x7fb20a25b158
C 211
R
P 0x7fb20a09bc08
C 294
R
P 0x7fb20a09bc08
P 0x7fb20a25b158
C 210
R
P 0x7fb20a09bc08
C 294
R
P 0x7fb20a09bc08
P 0x7fb20a25b158
C 9
R
P 0x7fb20a09bc08
C 294
R
P 0x7fb20a09bc08
P 0x7fb20a25b158
I 0
C 219
R
P 0x7fb20a09bc08
C 294
R
P 0x7fb20a09bc08
U 32
C 35
= 0x7fb20a0b9118
R
P 0x7fb20a09bc08
C 294
R
P 0x7fb20a09bc08
P 0x7fb20a0b9118
C 9
R
P 0x7fb20a09bc08
C 294
R
P 0x7fb20a09bc08
I 3
P 0x7fb20a0b9118
C 145
= 0x7fb20a25b078
R
P 0x7fb20a09bc08
C 294
R
P 0x7fb20a09bc08
P 0x7fb20a25b078
C 208
R
P 0x7fb20a09bc08
C 294
R
P 0x7fb20a09bc08
P 0x7fb20a25b078
C 205
= 0x7fb20a0b9118
R
P 0x7fb20a09bc08
C 294
R
P 0x7fb20a09bc08
P 0x7fb20a0b9118
C 166
R
P 0x7fb20a09bc08
C 294
R
P 0x7fb20a09bc08
P 0x7fb20a25b078
C 211
R
P 0x7fb20a09bc08
C 294
R
P 0x7fb20a09bc08
P 0x7fb20a25b078
C 210
R
P 0x7fb20a09bc08
C 294
R
P 0x7fb20a09bc08
P 0x7fb20a25b078
C 9
R
P 0x7fb20a09bc08
C 294
R
P 0x7fb20a09bc08
P 0x7fb20a0ba798
P 0x7fb20a25b078
C 99
= 0x7fb20a9ef2f8
R
P 0x7fb20a09bc08
C 294
R
P 0x7fb20a09bc08
P 0x7fb20a9ef2f8
C 9
R
P 0x7fb20a09bc08
C 294
R
P 0x7fb20a09bc08
P 0x7fb208dad4a8
P 0x7fb20a9ef2f8
C 423
R
P 0x7fb20a09bc08
C 294
R
P 0x7fb20a09bc08
U 32
C 35
= 0x7fb20a0b9118
R
P 0x7fb20a09bc08
C 294
R
P 0x7fb20a09bc08
P 0x7fb20a0b9118
C 9
R
P 0x7fb20a09bc08
C 294
R
P 0x7fb20a09bc08
I 7
P 0x7fb20a0b9118
C 145
= 0x7fb20a1abb38
R
P 0x7fb20a09bc08
C 294
R
P 0x7fb20a09bc08
P 0x7fb20a1abb38
C 208
R
P 0x7fb20a09bc08
C 294
R
P 0x7fb20a09bc08
P 0x7fb20a1abb38
C 205
= 0x7fb20a0b9118
R
P 0x7fb20a09bc08
C 294
R
P 0x7fb20a09bc08
P 0x7fb20a0b9118
C 166
R
P 0x7fb20a09bc08
C 294
R
P 0x7fb20a09bc08
P 0x7fb20a1abb38
C 211
R
P 0x7fb20a09bc08
C 294
R
P 0x7fb20a09bc08
P 0x7fb20a1abb38
C 210
R
P 0x7fb20a09bc08
C 294
R
P 0x7fb20a09bc08
P 0x7fb20a1abb38
C 9
R
P 0x7fb20a09bc08
C 294
R
P 0x7fb20a09bc08
P 0x7fb20a0ba798
P 0x7fb20a1abb38
C 99
= 0x7fb20a9ef368
R
P 0x7fb20a09bc08
C 294
R
P 0x7fb20a09bc08
P 0x7fb20a9ef368
C 9
R
P 0x7fb20a09bc08
C 294
R
P 0x7fb20a09bc08
P 0x7fb208dad4a8
P 0x7fb20a9ef368
C 423
R
P 0x7fb20a09bc08
C 294
R
P 0x7fb20a09bc08
U 32
C 35
= 0x7fb20a0b9118
R
P 0x7fb20a09bc08
C 294
R
P 0x7fb20a09bc08
P 0x7fb20a0b9118
C 9
R
P 0x7fb20a09bc08
C 294
R
P 0x7fb20a09bc08
I 2112880640
P 0x7fb20a0b9118
C 145
= 0x7fb20a1ab978
R
P 0x7fb20a09bc08
C 294
R
P 0x7fb20a09bc08
P 0x7fb20a1ab978
C 208
R
P 0x7fb20a09bc08
C 294
R
P 0x7fb20a09bc08
P 0x7fb20a1ab978
C 205
= 0x7fb20a0b9118
R
P 0x7fb20a09bc08
C 294
R
P 0x7fb20a09bc08
P 0x7fb20a0b9118
C 166
R
P 0x7fb20a09bc08
C 294
R
P 0x7fb20a09bc08
P 0x7fb20a1ab978
C 211
R
P 0x7fb20a09bc08
C 294
R
P 0x7fb20a09bc08
P 0x7fb20a1ab978
C 210
R
P 0x7fb20a09bc08
C 294
R
P 0x7fb20a09bc08
P 0x7fb20a1ab978
C 9
R
P 0x7fb20a09bc08
C 294
R
P 0x7fb20a09bc08
P 0x7fb20a0ba7b8
P 0x7fb20a1ab978
C 99
= 0x7fb20aa19a00
R
P 0x7fb20a09bc08
C 294
R
P 0x7fb20a09bc08
P 0x7fb20aa19a00
C 9
R
P 0x7fb20a09bc08
C 294
R
P 0x7fb20a09bc08
P 0x7fb208dad4a8
P 0x7fb20aa19a00
C 423
R
P 0x7fb20a09bc08
C 294
R
P 0x7fb20a09bc08
U 32
C 35
= 0x7fb20a0b9118
R
P 0x7fb20a09bc08
C 294
R
P 0x7fb20a09bc08
P 0x7fb20a0b9118
C 9
R
P 0x7fb20a09bc08
C 294
R
P 0x7fb20a09bc08
I 34603016
P 0x7fb20a0b9118
C 145
= 0x7fb20a25b158
R
P 0x7fb20a09bc08
C 294
R
P 0x7fb20a09bc08
P 0x7fb20a25b158
C 208
R
P 0x7fb20a09bc08
C 294
R
P 0x7fb20a09bc08
P 0x7fb20a25b158
C 205
= 0x7fb20a0b9118
R
P 0x7fb20a09bc08
C 294
R
P 0x7fb20a09bc08
P 0x7fb20a0b9118
C 166
R
P 0x7fb20a09bc08
C 294
R
P 0x7fb20a09bc08
P 0x7fb20a25b158
C 211
R
P 0x7fb20a09bc08
C 294
R
P 0x7fb20a09bc08
P 0x7fb20a25b158
C 210
R
P 0x7fb20a09bc08
C 294
R
P 0x7fb20a09bc08
P 0x7fb20a25b158
C 9
R
P 0x7fb20a09bc08
C 294
R
P 0x7fb20a09bc08
P 0x7fb20a1ab458
P 0x7fb20a25b158
C 99
= 0x7fb20aa19450
R
P 0x7fb20a09bc08
C 294
R
P 0x7fb20a09bc08
P 0x7fb20aa19450
C 9
R
P 0x7fb20a09bc08
C 294
R
P 0x7fb20a09bc08
P 0x7fb208dad4a8
P 0x7fb20aa19450
C 423
R
P 0x7fb20a09bc08
C 294
R
P 0x7fb20a09bc08
P 0x7fb208dad4a8
C 426
R
P 0x7fb20a09bc08
C 294
R
P 0x7fb20a09bc08
P 0x7fb208dad4a8
C 428
= 0x7fb208d5a948
R
P 0x7fb20a09bc08
C 294
R
P 0x7fb20a09bc08
P 0x7fb208d5a948
C 248
R
P 0x7fb20a09bc08
C 294
R
P 0x7fb20a09bc08
P 0x7fb208d5a948
C 279
R
P 0x7fb20a09bc08
C 294
R
P 0x7fb20a09bc08
P 0x7fb208dad4a8
C 428
= 0x7fb208d5ae08
R
P 0x7fb20a09bc08
C 294
R
P 0x7fb20a09bc08
P 0x7fb208d5ae08
C 248
R
P 0x7fb20a09bc08
C 294
R
P 0x7fb20a09bc08
P 0x7fb208d5ae08
P 0x7fb20a0ba798
I 0
P 0
C 250
* 0x7fb20a25b078 4
R
P 0x7fb20a09bc08
C 294
R
P 0x7fb20a09bc08
P 0x7fb20a25b078
C 208
R
P 0x7fb20a09bc08
C 294
R
P 0x7fb20a09bc08
P 0x7fb20a25b078
C 205
= 0x7fb20a0b9118
R
P 0x7fb20a09bc08
C 294
R
P 0x7fb20a09bc08
P 0x7fb20a0b9118
C 166
R
P 0x7fb20a09bc08
C 294
R
P 0x7fb20a09bc08
P 0x7fb20a25b078
C 211
R
P 0x7fb20a09bc08
C 294
R
P 0x7fb20a09bc08
P 0x7fb20a25b078
C 210
R
P 0x7fb20a09bc08
C 294
R
P 0x7fb20a09bc08
P 0x7fb20a25b078
C 9
R
P 0x7fb20a09bc08
C 294
R
P 0x7fb20a09bc08
P 0x7fb20a25b078
I 0
C 219
R
P 0x7fb20a09bc08
C 294
R
P 0x7fb20a09bc08
P 0x7fb208dad4a8
C 428
= 0x7fb208d63418
R
P 0x7fb20a09bc08
C 294
R
P 0x7fb20a09bc08
P 0x7fb208d63418
C 248
R
P 0x7fb20a09bc08
C 294
R
P 0x7fb20a09bc08
P 0x7fb208d63418
P 0x7fb20a0ba7b8
I 0
P 0
C 250
* 0x7fb20a1ab978 4
R
P 0x7fb20a09bc08
C 294
R
P 0x7fb20a09bc08
P 0x7fb20a1ab978
C 208
R
P 0x7fb20a09bc08
C 294
R
P 0x7fb20a09bc08
P 0x7fb20a1ab978
C 205
= 0x7fb20a0b9118
R
P 0x7fb20a09bc08
C 294
R
P 0x7fb20a09bc08
P 0x7fb20a0b9118
C 166
R
P 0x7fb20a09bc08
C 294
R
P 0x7fb20a09bc08
P 0x7fb20a1ab978
C 211
R
P 0x7fb20a09bc08
C 294
R
P 0x7fb20a09bc08
P 0x7fb20a1ab978
C 210
R
P 0x7fb20a09bc08
C 294
R
P 0x7fb20a09bc08
P 0x7fb20a1ab978
C 9
R
P 0x7fb20a09bc08
C 294
R
P 0x7fb20a09bc08
P 0x7fb20a1ab978
I 0
C 219
R
P 0x7fb20a09bc08
C 294
R
P 0x7fb20a09bc08
P 0x7fb208dad4a8
C 428
= 0x7fb208d7a808
R
P 0x7fb20a09bc08
C 294
R
P 0x7fb20a09bc08
P 0x7fb208d7a808
C 248
R
P 0x7fb20a09bc08
C 294
R
P 0x7fb20a09bc08
P 0x7fb208d7a808
P 0x7fb20a1ab458
I 0
P 0
C 250
* 0x7fb20a25b158 4
R
P 0x7fb20a09bc08
C 294
R
P 0x7fb20a09bc08
P 0x7fb20a25b158
C 208
R
P 0x7fb20a09bc08
C 294
R
P 0x7fb20a09bc08
P 0x7fb20a25b158
C 205
= 0x7fb20a0b9118
R
P 0x7fb20a09bc08
C 294
R
P 0x7fb20a09bc08
P 0x7fb20a0b9118
C 166
R
P 0x7fb20a09bc08
C 294
R
P 0x7fb20a09bc08
P 0x7fb20a25b158
C 211
R
P 0x7fb20a09bc08
C 294
R
P 0x7fb20a09bc08
P 0x7fb20a25b158
C 210
R
P 0x7fb20a09bc08
C 294
R
P 0x7fb20a09bc08
P 0x7fb20a25b158
C 9
R
P 0x7fb20a09bc08
C 294
R
P 0x7fb20a09bc08
P 0x7fb20a25b158
I 0
C 219
R
P 0x7fb20a09bc08
C 294
R
P 0x7fb20a09bc08
U 32
C 35
= 0x7fb20a0b9118
R
P 0x7fb20a09bc08
C 294
R
P 0x7fb20a09bc08
P 0x7fb20a0b9118
C 9
R
P 0x7fb20a09bc08
C 294
R
P 0x7fb20a09bc08
I 1
P 0x7fb20a0b9118
C 145
= 0x7fb20a0b9598
R
P 0x7fb20a09bc08
C 294
R
P 0x7fb20a09bc08
P 0x7fb20a0b9598
C 208
R
P 0x7fb20a09bc08
C 294
R
P 0x7fb20a09bc08
P 0x7fb20a0b9598
C 205
= 0x7fb20a0b9118
R
P 0x7fb20a09bc08
C 294
R
P 0x7fb20a09bc08
P 0x7fb20a0b9118
C 166
R
P 0x7fb20a09bc08
C 294
R
P 0x7fb20a09bc08
P 0x7fb20a0b9598
C 211
R
P 0x7fb20a09bc08
C 294
R
P 0x7fb20a09bc08
P 0x7fb20a0b9598
C 210
R
P 0x7fb20a09bc08
C 294
R
P 0x7fb20a09bc08
P 0x7fb20a0b9598
C 9
R
P 0x7fb20a09bc08
C 294
R
P 0x7fb20a09bc08
P 0x7fb20a0ba798
P 0x7fb20a0b9598
C 99
= 0x7fb20a9ef2c0
R
P 0x7fb20a09bc08
C 294
R
P 0x7fb20a09bc08
P 0x7fb20a9ef2c0
C 9
R
P 0x7fb20a09bc08
C 294
R
P 0x7fb20a09bc08
P 0x7fb208dad4a8
P 0x7fb20a9ef2c0
C 423
R
P 0x7fb20a09bc08
C 294
R
P 0x7fb20a09bc08
U 32
C 35
= 0x7fb20a0b9118
R
P 0x7fb20a09bc08
C 294
R
P 0x7fb20a09bc08
P 0x7fb20a0b9118
C 9
R
P 0x7fb20a09bc08
C 294
R
P 0x7fb20a09bc08
I 3
P 0x7fb20a0b9118
C 145
= 0x7fb20a25b078
R
P 0x7fb20a09bc08
C 294
R
P 0x7fb20a09bc08
P 0x7fb20a25b078
C 208
R
P 0x7fb20a09bc08
C 294
R
P 0x7fb20a09bc08
P 0x7fb20a25b078
C 205
= 0x7fb20a0b9118
R
P 0x7fb20a09bc08
C 294
R
P 0x7fb20a09bc08
P 0x7fb20a0b9118
C 166
R
P 0x7fb20a09bc08
C 294
R
P 0x7fb20a09bc08
P 0x7fb20a25b078
C 211
R
P 0x7fb20a09bc08
C 294
R
P 0x7fb20a09bc08
P 0x7fb20a25b078
C 210
R
P 0x7fb20a09bc08
C 294
R
P 0x7fb20a09bc08
P 0x7fb20a25b078
C 9
R
P 0x7fb20a09bc08
C 294
R
P 0x7fb20a09bc08
P 0x7fb20a0ba798
P 0x7fb20a25b078
C 99
= 0x7fb20a9ef2f8
R
P 0x7fb20a09bc08
C 294
R
P 0x7fb20a09bc08
P 0x7fb20a9ef2f8
C 9
R
P 0x7fb20a09bc08
C 294
R
P 0x7fb20a09bc08
P 0x7fb208dad4a8
P 0x7fb20a9ef2f8
C 423
R
P 0x7fb20a09bc08
C 294
R
P 0x7fb20a09bc08
U 32
C 35
= 0x7fb20a0b9118
R
P 0x7fb20a09bc08
C 294
R
P 0x7fb20a09bc08
P 0x7fb20a0b9118
C 9
R
P 0x7fb20a09bc08
C 294
R
P 0x7fb20a09bc08
I 2112880640
P 0x7fb20a0b9118
C 145
= 0x7fb20a1ab978
R
P 0x7fb20a09bc08
C 294
R
P 0x7fb20a09bc08
P 0x7fb20a1ab978
C 208
R
P 0x7fb20a09bc08
C 294
R
P 0x7fb20a09bc08
P 0x7fb20a1ab978
C 205
= 0x7fb20a0b9118
R
P 0x7fb20a09bc08
C 294
R
P 0x7fb20a09bc08
P 0x7fb20a0b9118
C 166
R
P 0x7fb20a09bc08
C 294
R
P 0x7fb20a09bc08
P 0x7fb20a1ab978
C 211
R
P 0x7fb20a09bc08
C 294
R
P 0x7fb20a09bc08
P 0x7fb20a1ab978
C 210
R
P 0x7fb20a09bc08
C 294
R
P 0x7fb20a09bc08
P 0x7fb20a1ab978
C 9
R
P 0x7fb20a09bc08
C 294
R
P 0x7fb20a09bc08
P 0x7fb20a0ba7b8
P 0x7fb20a1ab978
C 99
= 0x7fb20aa19a00
R
P 0x7fb20a09bc08
C 294
R
P 0x7fb20a09bc08
P 0x7fb20aa19a00
C 9
R
P 0x7fb20a09bc08
C 294
R
P 0x7fb20a09bc08
P 0x7fb208dad4a8
P 0x7fb20aa19a00
C 423
R
P 0x7fb20a09bc08
C 294
R
P 0x7fb20a09bc08
U 32
C 35
= 0x7fb20a0b9118
R
P 0x7fb20a09bc08
C 294
R
P 0x7fb20a09bc08
P 0x7fb20a0b9118
C 9
R
P 0x7fb20a09bc08
C 294
R
P 0x7fb20a09bc08
I 34603016
P 0x7fb20a0b9118
C 145
= 0x7fb20a25b158
R
P 0x7fb20a09bc08
C 294
R
P 0x7fb20a09bc08
P 0x7fb20a25b158
C 208
R
P 0x7fb20a09bc08
C 294
R
P 0x7fb20a09bc08
P 0x7fb20a25b158
C 205
= 0x7fb20a0b9118
R
P 0x7fb20a09bc08
C 294
R
P 0x7fb20a09bc08
P 0x7fb20a0b9118
C 166
R
P 0x7fb20a09bc08
C 294
R
P 0x7fb20a09bc08
P 0x7fb20a25b158
C 211
R
P 0x7fb20a09bc08
C 294
R
P 0x7fb20a09bc08
P 0x7fb20a25b158
C 210
R
P 0x7fb20a09bc08
C 294
R
P 0x7fb20a09bc08
P 0x7fb20a25b158
C 9
R
P 0x7fb20a09bc08
C 294
R
P 0x7fb20a09bc08
P 0x7fb20a1ab458
P 0x7fb20a25b158
C 99
= 0x7fb20aa19450
R
P 0x7fb20a09bc08
C 294
R
P 0x7fb20a09bc08
P 0x7fb20aa19450
C 9
R
P 0x7fb20a09bc08
C 294
R
P 0x7fb20a09bc08
P 0x7fb208dad4a8
P 0x7fb20aa19450
C 423
R
P 0x7fb20a09bc08
C 294
R
P 0x7fb20a09bc08
P 0x7fb208dad4a8
C 426
R
P 0x7fb20a09bc08
C 294
R
P 0x7fb20a09bc08
P 0x7fb208dad4a8
C 428
= 0x7fb208d5d198
R
P 0x7fb20a09bc08
C 294
R
P 0x7fb20a09bc08
P 0x7fb208d5d198
C 248
R
P 0x7fb20a09bc08
C 294
R
P 0x7fb20a09bc08
P 0x7fb208d5d198
C 279
R
P 0x7fb20a09bc08
C 294
R
P 0x7fb20a09bc08
P 0x7fb208dad4a8
C 428
= 0x7fb208d31b18
R
P 0x7fb20a09bc08
C 294
R
P 0x7fb20a09bc08
P 0x7fb208d31b18
C 248
R
P 0x7fb20a09bc08
C 294
R
P 0x7fb20a09bc08
P 0x7fb208d31b18
P 0x7fb20a0ba798
I 0
P 0
C 250
* 0x7fb20a0b9598 4
R
P 0x7fb20a09bc08
C 294
R
P 0x7fb20a09bc08
P 0x7fb20a0b9598
C 208
R
P 0x7fb20a09bc08
C 294
R
P 0x7fb20a09bc08
P 0x7fb20a0b9598
C 205
= 0x7fb20a0b9118
R
P 0x7fb20a09bc08
C 294
R
P 0x7fb20a09bc08
P 0x7fb20a0b9118
C 166
R
P 0x7fb20a09bc08
C 294
R
P 0x7fb20a09bc08
P 0x7fb20a0b9598
C 211
R
P 0x7fb20a09bc08
C 294
R
P 0x7fb20a09bc08
P 0x7fb20a0b9598
C 210
R
P 0x7fb20a09bc08
C 294
R
P 0x7fb20a09bc08
P 0x7fb20a0b9598
C 9
R
P 0x7fb20a09bc08
C 294
R
P 0x7fb20a09bc08
P 0x7fb20a0b9598
I 0
C 219
R
P 0x7fb20a09bc08
C 294
R
P 0x7fb20a09bc08
P 0x7fb208dad4a8
C 428
= 0x7fb208d494a8
R
P 0x7fb20a09bc08
C 294
R
P 0x7fb20a09bc08
P 0x7fb208d494a8
C 248
R
P 0x7fb20a09bc08
C 294
R
P 0x7fb20a09bc08
P 0x7fb208d494a8
P 0x7fb20a0ba7b8
I 0
P 0
C 250
* 0x7fb20a1ab978 4
R
P 0x7fb20a09bc08
C 294
R
P 0x7fb20a09bc08
P 0x7fb20a1ab978
C 208
R
P 0x7fb20a09bc08
C 294
R
P 0x7fb20a09bc08
P 0x7fb20a1ab978
C 205
= 0x7fb20a0b9118
R
P 0x7fb20a09bc08
C 294
R
P 0x7fb20a09bc08
P 0x7fb20a0b9118
C 166
R
P 0x7fb20a09bc08
C 294
R
P 0x7fb20a09bc08
P 0x7fb20a1ab978
C 211
R
P 0x7fb20a09bc08
C 294
R
P 0x7fb20a09bc08
P 0x7fb20a1ab978
C 210
R
P 0x7fb20a09bc08
C 294
R
P 0x7fb20a09bc08
P 0x7fb20a1ab978
C 9
R
P 0x7fb20a09bc08
C 294
R
P 0x7fb20a09bc08
P 0x7fb20a1ab978
I 0
C 219
R
P 0x7fb20a09bc08
C 294
R
P 0x7fb20a09bc08
P 0x7fb208dad4a8
C 428
= 0x7fb208d48688
R
P 0x7fb20a09bc08
C 294
R
P 0x7fb20a09bc08
P 0x7fb208d48688
C 248
R
P 0x7fb20a09bc08
C 294
R
P 0x7fb20a09bc08
P 0x7fb208d48688
P 0x7fb20a1ab458
I 0
P 0
C 250
* 0x7fb20a25b158 4
R
P 0x7fb20a09bc08
C 294
R
P 0x7fb20a09bc08
P 0x7fb20a25b158
C 208
R
P 0x7fb20a09bc08
C 294
R
P 0x7fb20a09bc08
P 0x7fb20a25b158
C 205
= 0x7fb20a0b9118
R
P 0x7fb20a09bc08
C 294
R
P 0x7fb20a09bc08
P 0x7fb20a0b9118
C 166
R
P 0x7fb20a09bc08
C 294
R
P 0x7fb20a09bc08
P 0x7fb20a25b158
C 211
R
P 0x7fb20a09bc08
C 294
R
P 0x7fb20a09bc08
P 0x7fb20a25b158
C 210
R
P 0x7fb20a09bc08
C 294
R
P 0x7fb20a09bc08
P 0x7fb20a25b158
C 9
R
P 0x7fb20a09bc08
C 294
R
P 0x7fb20a09bc08
P 0x7fb20a25b158
I 0
C 219
R
P 0x7fb20a09bc08
C 294
R
P 0x7fb20a09bc08
U 32
C 35
= 0x7fb20a0b9118
R
P 0x7fb20a09bc08
C 294
R
P 0x7fb20a09bc08
P 0x7fb20a0b9118
C 9
R
P 0x7fb20a09bc08
C 294
R
P 0x7fb20a09bc08
I 0
P 0x7fb20a0b9118
C 145
= 0x7fb20a0ba818
R
P 0x7fb20a09bc08
C 294
R
P 0x7fb20a09bc08
P 0x7fb20a0ba818
C 208
R
P 0x7fb20a09bc08
C 294
R
P 0x7fb20a09bc08
P 0x7fb20a0ba818
C 205
= 0x7fb20a0b9118
R
P 0x7fb20a09bc08
C 294
R
P 0x7fb20a09bc08
P 0x7fb20a0b9118
C 166
R
P 0x7fb20a09bc08
C 294
R
P 0x7fb20a09bc08
P 0x7fb20a0ba818
C 211
R
P 0x7fb20a09bc08
C 294
R
P 0x7fb20a09bc08
P 0x7fb20a0ba818
C 210
R
P 0x7fb20a09bc08
C 294
R
P 0x7fb20a09bc08
P 0x7fb20a0ba818
C 9
R
P 0x7fb20a09bc08
C 294
R
P 0x7fb20a09bc08
P 0x7fb20a0ba798
P 0x7fb20a0ba818
C 99
= 0x7fb20a9ef288
R
P 0x7fb20a09bc08
C 294
R
P 0x7fb20a09bc08
P 0x7fb20a9ef288
C 9
R
P 0x7fb20a09bc08
C 294
R
P 0x7fb20a09bc08
P 0x7fb208dad4a8
P 0x7fb20a9ef288
C 423
R
P 0x7fb20a09bc08
C 294
R
P 0x7fb20a09bc08
U 32
C 35
= 0x7fb20a0b9118
R
P 0x7fb20a09bc08
C 294
R
P 0x7fb20a09bc08
P 0x7fb20a0b9118
C 9
R
P 0x7fb20a09bc08
C 294
R
P 0x7fb20a09bc08
I 1
P 0x7fb20a0b9118
C 145
= 0x7fb20a0b9598
R
P 0x7fb20a09bc08
C 294
R
P 0x7fb20a09bc08
P 0x7fb20a0b9598
C 208
R
P 0x7fb20a09bc08
C 294
R
P 0x7fb20a09bc08
P 0x7fb20a0b9598
C 205
= 0x7fb20a0b9118
R
P 0x7fb20a09bc08
C 294
R
P 0x7fb20a09bc08
P 0x7fb20a0b9118
C 166
R
P 0x7fb20a09bc08
C 294
R
P 0x7fb20a09bc08
P 0x7fb20a0b9598
C 211
R
P 0x7fb20a09bc08
C 294
R
P 0x7fb20a09bc08
P 0x7fb20a0b9598
C 210
R
P 0x7fb20a09bc08
C 294
R
P 0x7fb20a09bc08
P 0x7fb20a0b9598
C 9
R
P 0x7fb20a09bc08
C 294
R
P 0x7fb20a09bc08
P 0x7fb20a0ba798
P 0x7fb20a0b9598
C 99
= 0x7fb20a9ef2c0
R
P 0x7fb20a09bc08
C 294
R
P 0x7fb20a09bc08
P 0x7fb20a9ef2c0
C 9
R
P 0x7fb20a09bc08
C 294
R
P 0x7fb20a09bc08
P 0x7fb208dad4a8
P 0x7fb20a9ef2c0
C 423
R
P 0x7fb20a09bc08
C 294
R
P 0x7fb20a09bc08
U 32
C 35
= 0x7fb20a0b9118
R
P 0x7fb20a09bc08
C 294
R
P 0x7fb20a09bc08
P 0x7fb20a0b9118
C 9
R
P 0x7fb20a09bc08
C 294
R
P 0x7fb20a09bc08
I 2112880640
P 0x7fb20a0b9118
C 145
= 0x7fb20a1ab978
R
P 0x7fb20a09bc08
C 294
R
P 0x7fb20a09bc08
P 0x7fb20a1ab978
C 208
R
P 0x7fb20a09bc08
C 294
R
P 0x7fb20a09bc08
P 0x7fb20a1ab978
C 205
= 0x7fb20a0b9118
R
P 0x7fb20a09bc08
C 294
R
P 0x7fb20a09bc08
P 0x7fb20a0b9118
C 166
R
P 0x7fb20a09bc08
C 294
R
P 0x7fb20a09bc08
P 0x7fb20a1ab978
C 211
R
P 0x7fb20a09bc08
C 294
R
P 0x7fb20a09bc08
P 0x7fb20a1ab978
C 210
R
P 0x7fb20a09bc08
C 294
R
P 0x7fb20a09bc08
P 0x7fb20a1ab978
C 9
R
P 0x7fb20a09bc08
C 294
R
P 0x7fb20a09bc08
P 0x7fb20a0ba7b8
P 0x7fb20a1ab978
C 99
= 0x7fb20aa19a00
R
P 0x7fb20a09bc08
C 294
R
P 0x7fb20a09bc08
P 0x7fb20aa19a00
C 9
R
P 0x7fb20a09bc08
C 294
R
P 0x7fb20a09bc08
P 0x7fb208dad4a8
P 0x7fb20aa19a00
C 423
R
P 0x7fb20a09bc08
C 294
R
P 0x7fb20a09bc08
U 32
C 35
= 0x7fb20a0b9118
R
P 0x7fb20a09bc08
C 294
R
P 0x7fb20a09bc08
P 0x7fb20a0b9118
C 9
R
P 0x7fb20a09bc08
C 294
R
P 0x7fb20a09bc08
I 34603016
P 0x7fb20a0b9118
C 145
= 0x7fb20a25b158
R
P 0x7fb20a09bc08
C 294
R
P 0x7fb20a09bc08
P 0x7fb20a25b158
C 208
R
P 0x7fb20a09bc08
C 294
R
P 0x7fb20a09bc08
P 0x7fb20a25b158
C 205
= 0x7fb20a0b9118
R
P 0x7fb20a09bc08
C 294
R
P 0x7fb20a09bc08
P 0x7fb20a0b9118
C 166
R
P 0x7fb20a09bc08
C 294
R
P 0x7fb20a09bc08
P 0x7fb20a25b158
C 211
R
P 0x7fb20a09bc08
C 294
R
P 0x7fb20a09bc08
P 0x7fb20a25b158
C 210
R
P 0x7fb20a09bc08
C 294
R
P 0x7fb20a09bc08
P 0x7fb20a25b158
C 9
R
P 0x7fb20a09bc08
C 294
R
P 0x7fb20a09bc08
P 0x7fb20a1ab458
P 0x7fb20a25b158
C 99
= 0x7fb20aa19450
R
P 0x7fb20a09bc08
C 294
R
P 0x7fb20a09bc08
P 0x7fb20aa19450
C 9
R
P 0x7fb20a09bc08
C 294
R
P 0x7fb20a09bc08
P 0x7fb208dad4a8
P 0x7fb20aa19450
C 423
R
P 0x7fb20a09bc08
C 294
R
P 0x7fb20a09bc08
P 0x7fb208dad4a8
C 426
R
P 0x7fb20a09bc08
C 294
R
P 0x7fb20a09bc08
P 0x7fb208dad4a8
C 428
= 0x7fb208d49208
R
P 0x7fb20a09bc08
C 294
R
P 0x7fb20a09bc08
P 0x7fb208d49208
C 248
R
P 0x7fb20a09bc08
C 294
R
P 0x7fb20a09bc08
P 0x7fb208d49208
C 279
R
P 0x7fb20a09bc08
C 294
R
P 0x7fb20a09bc08
P 0x7fb208dad4a8
C 428
= 0x7fb208d55248
R
P 0x7fb20a09bc08
C 294
R
P 0x7fb20a09bc08
P 0x7fb208d55248
C 248
R
P 0x7fb20a09bc08
C 294
R
P 0x7fb20a09bc08
P 0x7fb208d55248
P 0x7fb20a0ba798
I 0
P 0
C 250
* 0x7fb20a0ba818 4
R
P 0x7fb20a09bc08
C 294
R
P 0x7fb20a09bc08
P 0x7fb20a0ba818
C 208
R
P 0x7fb20a09bc08
C 294
R
P 0x7fb20a09bc08
P 0x7fb20a0ba818
C 205
= 0x7fb20a0b9118
R
P 0x7fb20a09bc08
C 294
R
P 0x7fb20a09bc08
P 0x7fb20a0b9118
C 166
R
P 0x7fb20a09bc08
C 294
R
P 0x7fb20a09bc08
P 0x7fb20a0ba818
C 211
R
P 0x7fb20a09bc08
C 294
R
P 0x7fb20a09bc08
P 0x7fb20a0ba818
C 210
R
P 0x7fb20a09bc08
C 294
R
P 0x7fb20a09bc08
P 0x7fb20a0ba818
C 9
R
P 0x7fb20a09bc08
C 294
R
P 0x7fb20a09bc08
P 0x7fb20a0ba818
I 0
C 219
R
P 0x7fb20a09bc08
C 294
R
P 0x7fb20a09bc08
P 0x7fb208dad4a8
C 428
= 0x7fb208d49478
R
P 0x7fb20a09bc08
C 294
R
P 0x7fb20a09bc08
P 0x7fb208d49478
C 248
R
P 0x7fb20a09bc08
C 294
R
P 0x7fb20a09bc08
P 0x7fb208d49478
P 0x7fb20a0ba7b8
I 0
P 0
C 250
* 0x7fb20a1ab978 4
R
P 0x7fb20a09bc08
C 294
R
P 0x7fb20a09bc08
P 0x7fb20a1ab978
C 208
R
P 0x7fb20a09bc08
C 294
R
P 0x7fb20a09bc08
P 0x7fb20a1ab978
C 205
= 0x7fb20a0b9118
R
P 0x7fb20a09bc08
C 294
R
P 0x7fb20a09bc08
P 0x7fb20a0b9118
C 166
R
P 0x7fb20a09bc08
C 294
R
P 0x7fb20a09bc08
P 0x7fb20a1ab978
C 211
R
P 0x7fb20a09bc08
C 294
R
P 0x7fb20a09bc08
P 0x7fb20a1ab978
C 210
R
P 0x7fb20a09bc08
C 294
R
P 0x7fb20a09bc08
P 0x7fb20a1ab978
C 9
R
P 0x7fb20a09bc08
C 294
R
P 0x7fb20a09bc08
P 0x7fb20a1ab978
I 0
C 219
R
P 0x7fb20a09bc08
C 294
R
P 0x7fb20a09bc08
P 0x7fb208dad4a8
C 428
= 0x7fb208d49eb8
R
P 0x7fb20a09bc08
C 294
R
P 0x7fb20a09bc08
P 0x7fb208d49eb8
C 248
R
P 0x7fb20a09bc08
C 294
R
P 0x7fb20a09bc08
P 0x7fb208d49eb8
P 0x7fb20a1ab458
I 0
P 0
C 250
* 0x7fb20a25b158 4
R
P 0x7fb20a09bc08
C 294
R
P 0x7fb20a09bc08
P 0x7fb20a25b158
C 208
R
P 0x7fb20a09bc08
C 294
R
P 0x7fb20a09bc08
P 0x7fb20a25b158
C 205
= 0x7fb20a0b9118
R
P 0x7fb20a09bc08
C 294
R
P 0x7fb20a09bc08
P 0x7fb20a0b9118
C 166
R
P 0x7fb20a09bc08
C 294
R
P 0x7fb20a09bc08
P 0x7fb20a25b158
C 211
R
P 0x7fb20a09bc08
C 294
R
P 0x7fb20a09bc08
P 0x7fb20a25b158
C 210
R
P 0x7fb20a09bc08
C 294
R
P 0x7fb20a09bc08
P 0x7fb20a25b158
C 9
R
P 0x7fb20a09bc08
C 294
R
P 0x7fb20a09bc08
P 0x7fb20a25b158
I 0
C 219
R
P 0x7fb20a09bc08
C 294
R
P 0x7fb20a09bc08
U 32
C 35
= 0x7fb20a0b9118
R
P 0x7fb20a09bc08
C 294
R
P 0x7fb20a09bc08
P 0x7fb20a0b9118
C 9
R
P 0x7fb20a09bc08
C 294
R
P 0x7fb20a09bc08
I 1056440320
P 0x7fb20a0b9118
C 145
= 0x7fb20a25b098
R
P 0x7fb20a09bc08
C 294
R
P 0x7fb20a09bc08
P 0x7fb20a25b098
C 208
R
P 0x7fb20a09bc08
C 294
R
P 0x7fb20a09bc08
P 0x7fb20a25b098
C 205
= 0x7fb20a0b9118
R
P 0x7fb20a09bc08
C 294
R
P 0x7fb20a09bc08
P 0x7fb20a0b9118
C 166
R
P 0x7fb20a09bc08
C 294
R
P 0x7fb20a09bc08
P 0x7fb20a25b098
C 211
R
P 0x7fb20a09bc08
C 294
R
P 0x7fb20a09bc08
P 0x7fb20a25b098
C 210
R
P 0x7fb20a09bc08
C 294
R
P 0x7fb20a09bc08
P 0x7fb20a25b098
C 9
R
P 0x7fb20a09bc08
C 294
R
P 0x7fb20a09bc08
P 0x7fb20a0ba7b8
P 0x7fb20a25b098
C 99
= 0x7fb20a9ef250
R
P 0x7fb20a09bc08
C 294
R
P 0x7fb20a09bc08
P 0x7fb20a9ef250
C 9
R
P 0x7fb20a09bc08
C 294
R
P 0x7fb20a09bc08
P 0x7fb208dad4a8
P 0x7fb20a9ef250
C 423
R
P 0x7fb20a09bc08
C 294
R
P 0x7fb20a09bc08
U 32
C 35
= 0x7fb20a0b9118
R
P 0x7fb20a09bc08
C 294
R
P 0x7fb20a09bc08
P 0x7fb20a0b9118
C 9
R
P 0x7fb20a09bc08
C 294
R
P 0x7fb20a09bc08
I 0
P 0x7fb20a0b9118
C 145
= 0x7fb20a0ba818
R
P 0x7fb20a09bc08
C 294
R
P 0x7fb20a09bc08
P 0x7fb20a0ba818
C 208
R
P 0x7fb20a09bc08
C 294
R
P 0x7fb20a09bc08
P 0x7fb20a0ba818
C 205
= 0x7fb20a0b9118
R
P 0x7fb20a09bc08
C 294
R
P 0x7fb20a09bc08
P 0x7fb20a0b9118
C 166
R
P 0x7fb20a09bc08
C 294
R
P 0x7fb20a09bc08
P 0x7fb20a0ba818
C 211
R
P 0x7fb20a09bc08
C 294
R
P 0x7fb20a09bc08
P 0x7fb20a0ba818
C 210
R
P 0x7fb20a09bc08
C 294
R
P 0x7fb20a09bc08
P 0x7fb20a0ba818
C 9
R
P 0x7fb20a09bc08
C 294
R
P 0x7fb20a09bc08
P 0x7fb20a0ba798
P 0x7fb20a0ba818
C 99
= 0x7fb20a9ef288
R
P 0x7fb20a09bc08
C 294
R
P 0x7fb20a09bc08
P 0x7fb20a9ef288
C 9
R
P 0x7fb20a09bc08
C 294
R
P 0x7fb20a09bc08
P 0x7fb208dad4a8
P 0x7fb20a9ef288
C 423
R
P 0x7fb20a09bc08
C 294
R
P 0x7fb20a09bc08
U 32
C 35
= 0x7fb20a0b9118
R
P 0x7fb20a09bc08
C 294
R
P 0x7fb20a09bc08
P 0x7fb20a0b9118
C 9
R
P 0x7fb20a09bc08
C 294
R
P 0x7fb20a09bc08
I 2112880640
P 0x7fb20a0b9118
C 145
= 0x7fb20a1ab978
R
P 0x7fb20a09bc08
C 294
R
P 0x7fb20a09bc08
P 0x7fb20a1ab978
C 208
R
P 0x7fb20a09bc08
C 294
R
P 0x7fb20a09bc08
P 0x7fb20a1ab978
C 205
= 0x7fb20a0b9118
R
P 0x7fb20a09bc08
C 294
R
P 0x7fb20a09bc08
P 0x7fb20a0b9118
C 166
R
P 0x7fb20a09bc08
C 294
R
P 0x7fb20a09bc08
P 0x7fb20a1ab978
C 211
R
P 0x7fb20a09bc08
C 294
R
P 0x7fb20a09bc08
P 0x7fb20a1ab978
C 210
R
P 0x7fb20a09bc08
C 294
R
P 0x7fb20a09bc08
P 0x7fb20a1ab978
C 9
R
P 0x7fb20a09bc08
C 294
R
P 0x7fb20a09bc08
P 0x7fb20a0ba7b8
P 0x7fb20a1ab978
C 99
= 0x7fb20aa19a00
R
P 0x7fb20a09bc08
C 294
R
P 0x7fb20a09bc08
P 0x7fb20aa19a00
C 9
R
P 0x7fb20a09bc08
C 294
R
P 0x7fb20a09bc08
P 0x7fb208dad4a8
P 0x7fb20aa19a00
C 423
R
P 0x7fb20a09bc08
C 294
R
P 0x7fb20a09bc08
U 32
C 35
= 0x7fb20a0b9118
R
P 0x7fb20a09bc08
C 294
R
P 0x7fb20a09bc08
P 0x7fb20a0b9118
C 9
R
P 0x7fb20a09bc08
C 294
R
P 0x7fb20a09bc08
I 34603016
P 0x7fb20a0b9118
C 145
= 0x7fb20a25b158
R
P 0x7fb20a09bc08
C 294
R
P 0x7fb20a09bc08
P 0x7fb20a25b158
C 208
R
P 0x7fb20a09bc08
C 294
R
P 0x7fb20a09bc08
P 0x7fb20a25b158
C 205
= 0x7fb20a0b9118
R
P 0x7fb20a09bc08
C 294
R
P 0x7fb20a09bc08
P 0x7fb20a0b9118
C 166
R
P 0x7fb20a09bc08
C 294
R
P 0x7fb20a09bc08
P 0x7fb20a25b158
C 211
R
P 0x7fb20a09bc08
C 294
R
P 0x7fb20a09bc08
P 0x7fb20a25b158
C 210
R
P 0x7fb20a09bc08
C 294
R
P 0x7fb20a09bc08
P 0x7fb20a25b158
C 9
R
P 0x7fb20a09bc08
C 294
R
P 0x7fb20a09bc08
P 0x7fb20a1ab458
P 0x7fb20a25b158
C 99
= 0x7fb20aa19450
R
P 0x7fb20a09bc08
C 294
R
P 0x7fb20a09bc08
P 0x7fb20aa19450
C 9
R
P 0x7fb20a09bc08
C 294
R
P 0x7fb20a09bc08
P 0x7fb208dad4a8
P 0x7fb20aa19450
C 423
R
P 0x7fb20a09bc08
C 294
R
P 0x7fb20a09bc08
P 0x7fb208dad4a8
C 426
R
P 0x7fb20a09bc08
C 294
R
P 0x7fb20a09bc08
P 0x7fb208dad4a8
C 428
= 0x7fb208d49508
R
P 0x7fb20a09bc08
C 294
R
P 0x7fb20a09bc08
P 0x7fb208d49508
C 248
R
P 0x7fb20a09bc08
C 294
R
P 0x7fb20a09bc08
P 0x7fb208d49508
C 279
R
P 0x7fb20a09bc08
C 294
R
P 0x7fb20a09bc08
P 0x7fb208dad4a8
C 428
= 0x7fb208d5dfd8
R
P 0x7fb20a09bc08
C 294
R
P 0x7fb20a09bc08
P 0x7fb208d5dfd8
C 248
R
P 0x7fb20a09bc08
C 294
R
P 0x7fb20a09bc08
P 0x7fb208d5dfd8
P 0x7fb20a0ba798
I 0
P 0
C 250
* 0x7fb20a0ba818 4
R
P 0x7fb20a09bc08
C 294
R
P 0x7fb20a09bc08
P 0x7fb20a0ba818
C 208
R
P 0x7fb20a09bc08
C 294
R
P 0x7fb20a09bc08
P 0x7fb20a0ba818
C 205
= 0x7fb20a0b9118
R
P 0x7fb20a09bc08
C 294
R
P 0x7fb20a09bc08
P 0x7fb20a0b9118
C 166
R
P 0x7fb20a09bc08
C 294
R
P 0x7fb20a09bc08
P 0x7fb20a0ba818
C 211
R
P 0x7fb20a09bc08
C 294
R
P 0x7fb20a09bc08
P 0x7fb20a0ba818
C 210
R
P 0x7fb20a09bc08
C 294
R
P 0x7fb20a09bc08
P 0x7fb20a0ba818
C 9
R
P 0x7fb20a09bc08
C 294
R
P 0x7fb20a09bc08
P 0x7fb20a0ba818
I 0
C 219
R
P 0x7fb20a09bc08
C 294
R
P 0x7fb20a09bc08
P 0x7fb208dad4a8
C 428
= 0x7fb208d4a2e8
R
P 0x7fb20a09bc08
C 294
R
P 0x7fb20a09bc08
P 0x7fb208d4a2e8
C 248
R
P 0x7fb20a09bc08
C 294
R
P 0x7fb20a09bc08
P 0x7fb208d4a2e8
P 0x7fb20a0ba7b8
I 0
P 0
C 250
* 0x7fb20a1abb78 4
R
P 0x7fb20a09bc08
C 294
R
P 0x7fb20a09bc08
P 0x7fb20a1abb78
C 208
R
P 0x7fb20a09bc08
C 294
R
P 0x7fb20a09bc08
P 0x7fb20a1abb78
C 205
= 0x7fb20a0b9118
R
P 0x7fb20a09bc08
C 294
R
P 0x7fb20a09bc08
P 0x7fb20a0b9118
C 166
R
P 0x7fb20a09bc08
C 294
R
P 0x7fb20a09bc08
P 0x7fb20a1abb78
C 211
R
P 0x7fb20a09bc08
C 294
R
P 0x7fb20a09bc08
P 0x7fb20a1abb78
C 210
R
P 0x7fb20a09bc08
C 294
R
P 0x7fb20a09bc08
P 0x7fb20a1abb78
C 9
R
P 0x7fb20a09bc08
C 294
R
P 0x7fb20a09bc08
P 0x7fb20a1abb78
I 0
C 219
R
P 0x7fb20a09bc08
C 294
R
P 0x7fb20a09bc08
P 0x7fb208dad4a8
C 428
= 0x7fb208d48668
R
P 0x7fb20a09bc08
C 294
R
P 0x7fb20a09bc08
P 0x7fb208d48668
C 248
R
P 0x7fb20a09bc08
C 294
R
P 0x7fb20a09bc08
P 0x7fb208d48668
P 0x7fb20a1ab458
I 0
P 0
C 250
* 0x7fb20a25b158 4
R
P 0x7fb20a09bc08
C 294
R
P 0x7fb20a09bc08
P 0x7fb20a25b158
C 208
R
P 0x7fb20a09bc08
C 294
R
P 0x7fb20a09bc08
P 0x7fb20a25b158
C 205
= 0x7fb20a0b9118
R
P 0x7fb20a09bc08
C 294
R
P 0x7fb20a09bc08
P 0x7fb20a0b9118
C 166
R
P 0x7fb20a09bc08
C 294
R
P 0x7fb20a09bc08
P 0x7fb20a25b158
C 211
R
P 0x7fb20a09bc08
C 294
R
P 0x7fb20a09bc08
P 0x7fb20a25b158
C 210
R
P 0x7fb20a09bc08
C 294
R
P 0x7fb20a09bc08
P 0x7fb20a25b158
C 9
R
P 0x7fb20a09bc08
C 294
R
P 0x7fb20a09bc08
P 0x7fb20a25b158
I 0
C 219
R
P 0x7fb20a09bc08
C 294
R
P 0x7fb20a09bc08
U 32
C 35
= 0x7fb20a0b9118
R
P 0x7fb20a09bc08
C 294
R
P 0x7fb20a09bc08
P 0x7fb20a0b9118
C 9
R
P 0x7fb20a09bc08
C 294
R
P 0x7fb20a09bc08
I 519569408
P 0x7fb20a0b9118
C 145
= 0x7fb20a25b2b8
R
P 0x7fb20a09bc08
C 294
R
P 0x7fb20a09bc08
P 0x7fb20a25b2b8
C 208
R
P 0x7fb20a09bc08
C 294
R
P 0x7fb20a09bc08
P 0x7fb20a25b2b8
C 205
= 0x7fb20a0b9118
R
P 0x7fb20a09bc08
C 294
R
P 0x7fb20a09bc08
P 0x7fb20a0b9118
C 166
R
P 0x7fb20a09bc08
C 294
R
P 0x7fb20a09bc08
P 0x7fb20a25b2b8
C 211
R
P 0x7fb20a09bc08
C 294
R
P 0x7fb20a09bc08
P 0x7fb20a25b2b8
C 210
R
P 0x7fb20a09bc08
C 294
R
P 0x7fb20a09bc08
P 0x7fb20a25b2b8
C 9
R
P 0x7fb20a09bc08
C 294
R
P 0x7fb20a09bc08
P 0x7fb20a0ba7b8
P 0x7fb20a25b2b8
C 99
= 0x7fb20a9eef78
R
P 0x7fb20a09bc08
C 294
R
P 0x7fb20a09bc08
P 0x7fb20a9eef78
C 9
R
P 0x7fb20a09bc08
C 294
R
P 0x7fb20a09bc08
P 0x7fb208dad4a8
P 0x7fb20a9eef78
C 423
R
P 0x7fb20a09bc08
C 294
R
P 0x7fb20a09bc08
U 32
C 35
= 0x7fb20a0b9118
R
P 0x7fb20a09bc08
C 294
R
P 0x7fb20a09bc08
P 0x7fb20a0b9118
C 9
R
P 0x7fb20a09bc08
C 294
R
P 0x7fb20a09bc08
I 0
P 0x7fb20a0b9118
C 145
= 0x7fb20a0ba818
R
P 0x7fb20a09bc08
C 294
R
P 0x7fb20a09bc08
P 0x7fb20a0ba818
C 208
R
P 0x7fb20a09bc08
C 294
R
P 0x7fb20a09bc08
P 0x7fb20a0ba818
C 205
= 0x7fb20a0b9118
R
P 0x7fb20a09bc08
C 294
R
P 0x7fb20a09bc08
P 0x7fb20a0b9118
C 166
R
P 0x7fb20a09bc08
C 294
R
P 0x7fb20a09bc08
P 0x7fb20a0ba818
C 211
R
P 0x7fb20a09bc08
C 294
R
P 0x7fb20a09bc08
P 0x7fb20a0ba818
C 210
R
P 0x7fb20a09bc08
C 294
R
P 0x7fb20a09bc08
P 0x7fb20a0ba818
C 9
R
P 0x7fb20a09bc08
C 294
R
P 0x7fb20a09bc08
P 0x7fb20a0ba798
P 0x7fb20a0ba818
C 99
= 0x7fb20a9ef288
R
P 0x7fb20a09bc08
C 294
R
P 0x7fb20a09bc08
P 0x7fb20a9ef288
C 9
R
P 0x7fb20a09bc08
C 294
R
P 0x7fb20a09bc08
P 0x7fb208dad4a8
P 0x7fb20a9ef288
C 423
R
P 0x7fb20a09bc08
C 294
R
P 0x7fb20a09bc08
U 32
C 35
= 0x7fb20a0b9118
R
P 0x7fb20a09bc08
C 294
R
P 0x7fb20a09bc08
P 0x7fb20a0b9118
C 9
R
P 0x7fb20a09bc08
C 294
R
P 0x7fb20a09bc08
I 1039138816
P 0x7fb20a0b9118
C 145
= 0x7fb20a1abb78
R
P 0x7fb20a09bc08
C 294
R
P 0x7fb20a09bc08
P 0x7fb20a1abb78
C 208
R
P 0x7fb20a09bc08
C 294
R
P 0x7fb20a09bc08
P 0x7fb20a1abb78
C 205
= 0x7fb20a0b9118
R
P 0x7fb20a09bc08
C 294
R
P 0x7fb20a09bc08
P 0x7fb20a0b9118
C 166
R
P 0x7fb20a09bc08
C 294
R
P 0x7fb20a09bc08
P 0x7fb20a1abb78
C 211
R
P 0x7fb20a09bc08
C 294
R
P 0x7fb20a09bc08
P 0x7fb20a1abb78
C 210
R
P 0x7fb20a09bc08
C 294
R
P 0x7fb20a09bc08
P 0x7fb20a1abb78
C 9
R
P 0x7fb20a09bc08
C 294
R
P 0x7fb20a09bc08
P 0x7fb20a0ba7b8
P 0x7fb20a1abb78
C 99
= 0x7fb20a9eef08
R
P 0x7fb20a09bc08
C 294
R
P 0x7fb20a09bc08
P 0x7fb20a9eef08
C 9
R
P 0x7fb20a09bc08
C 294
R
P 0x7fb20a09bc08
P 0x7fb208dad4a8
P 0x7fb20a9eef08
C 423
R
P 0x7fb20a09bc08
C 294
R
P 0x7fb20a09bc08
U 32
C 35
= 0x7fb20a0b9118
R
P 0x7fb20a09bc08
C 294
R
P 0x7fb20a09bc08
P 0x7fb20a0b9118
C 9
R
P 0x7fb20a09bc08
C 294
R
P 0x7fb20a09bc08
I 34603016
P 0x7fb20a0b9118
C 145
= 0x7fb20a25b158
R
P 0x7fb20a09bc08
C 294
R
P 0x7fb20a09bc08
P 0x7fb20a25b158
C 208
R
P 0x7fb20a09bc08
C 294
R
P 0x7fb20a09bc08
P 0x7fb20a25b158
C 205
= 0x7fb20a0b9118
R
P 0x7fb20a09bc08
C 294
R
P 0x7fb20a09bc08
P 0x7fb20a0b9118
C 166
R
P 0x7fb20a09bc08
C 294
R
P 0x7fb20a09bc08
P 0x7fb20a25b158
C 211
R
P 0x7fb20a09bc08
C 294
R
P 0x7fb20a09bc08
P 0x7fb20a25b158
C 210
R
P 0x7fb20a09bc08
C 294
R
P 0x7fb20a09bc08
P 0x7fb20a25b158
C 9
R
P 0x7fb20a09bc08
C 294
R
P 0x7fb20a09bc08
P 0x7fb20a1ab458
P 0x7fb20a25b158
C 99
= 0x7fb20aa19450
R
P 0x7fb20a09bc08
C 294
R
P 0x7fb20a09bc08
P 0x7fb20aa19450
C 9
R
P 0x7fb20a09bc08
C 294
R
P 0x7fb20a09bc08
P 0x7fb208dad4a8
P 0x7fb20aa19450
C 423
R
P 0x7fb20a09bc08
C 294
R
P 0x7fb20a09bc08
P 0x7fb208dad4a8
C 426
R
P 0x7fb20a09bc08
C 294
R
P 0x7fb20a09bc08
P 0x7fb208dad4a8
C 428
= 0x7fb208d46e08
R
P 0x7fb20a09bc08
C 294
R
P 0x7fb20a09bc08
P 0x7fb208d46e08
C 248
R
P 0x7fb20a09bc08
C 294
R
P 0x7fb20a09bc08
P 0x7fb208d46e08
C 279
R
P 0x7fb20a09bc08
C 294
R
P 0x7fb20a09bc08
P 0x7fb208dad4a8
C 428
= 0x7fb208d49f18
R
P 0x7fb20a09bc08
C 294
R
P 0x7fb20a09bc08
P 0x7fb208d49f18
C 248
R
P 0x7fb20a09bc08
C 294
R
P 0x7fb20a09bc08
P 0x7fb208d49f18
P 0x7fb20a0ba798
I 0
P 0
C 250
* 0x7fb20a0ba818 4
R
P 0x7fb20a09bc08
C 294
R
P 0x7fb20a09bc08
P 0x7fb20a0ba818
C 208
R
P 0x7fb20a09bc08
C 294
R
P 0x7fb20a09bc08
P 0x7fb20a0ba818
C 205
= 0x7fb20a0b9118
R
P 0x7fb20a09bc08
C 294
R
P 0x7fb20a09bc08
P 0x7fb20a0b9118
C 166
R
P 0x7fb20a09bc08
C 294
R
P 0x7fb20a09bc08
P 0x7fb20a0ba818
C 211
R
P 0x7fb20a09bc08
C 294
R
P 0x7fb20a09bc08
P 0x7fb20a0ba818
C 210
R
P 0x7fb20a09bc08
C 294
R
P 0x7fb20a09bc08
P 0x7fb20a0ba818
C 9
R
P 0x7fb20a09bc08
C 294
R
P 0x7fb20a09bc08
P 0x7fb20a0ba818
I 0
C 219
R
P 0x7fb20a09bc08
C 294
R
P 0x7fb20a09bc08
P 0x7fb208dad4a8
C 428
= 0x7fb208d56568
R
P 0x7fb20a09bc08
C 294
R
P 0x7fb20a09bc08
P 0x7fb208d56568
C 248
R
P 0x7fb20a09bc08
C 294
R
P 0x7fb20a09bc08
P 0x7fb208d56568
P 0x7fb20a0ba7b8
I 0
P 0
C 250
* 0x7fb20a25b298 4
R
P 0x7fb20a09bc08
C 294
R
P 0x7fb20a09bc08
P 0x7fb20a25b298
C 208
R
P 0x7fb20a09bc08
C 294
R
P 0x7fb20a09bc08
P 0x7fb20a25b298
C 205
= 0x7fb20a0b9118
R
P 0x7fb20a09bc08
C 294
R
P 0x7fb20a09bc08
P 0x7fb20a0b9118
C 166
R
P 0x7fb20a09bc08
C 294
R
P 0x7fb20a09bc08
P 0x7fb20a25b298
C 211
R
P 0x7fb20a09bc08
C 294
R
P 0x7fb20a09bc08
P 0x7fb20a25b298
C 210
R
P 0x7fb20a09bc08
C 294
R
P 0x7fb20a09bc08
P 0x7fb20a25b298
C 9
R
P 0x7fb20a09bc08
C 294
R
P 0x7fb20a09bc08
P 0x7fb20a25b298
I 0
C 219
R
P 0x7fb20a09bc08
C 294
R
P 0x7fb20a09bc08
P 0x7fb208dad4a8
C 428
= 0x7fb208d566a8
R
P 0x7fb20a09bc08
C 294
R
P 0x7fb20a09bc08
P 0x7fb208d566a8
C 248
R
P 0x7fb20a09bc08
C 294
R
P 0x7fb20a09bc08
P 0x7fb208d566a8
P 0x7fb20a1ab458
I 0
P 0
C 250
* 0x7fb20a25b158 4
R
P 0x7fb20a09bc08
C 294
R
P 0x7fb20a09bc08
P 0x7fb20a25b158
C 208
R
P 0x7fb20a09bc08
C 294
R
P 0x7fb20a09bc08
P 0x7fb20a25b158
C 205
= 0x7fb20a0b9118
R
P 0x7fb20a09bc08
C 294
R
P 0x7fb20a09bc08
P 0x7fb20a0b9118
C 166
R
P 0x7fb20a09bc08
C 294
R
P 0x7fb20a09bc08
P 0x7fb20a25b158
C 211
R
P 0x7fb20a09bc08
C 294
R
P 0x7fb20a09bc08
P 0x7fb20a25b158
C 210
R
P 0x7fb20a09bc08
C 294
R
P 0x7fb20a09bc08
P 0x7fb20a25b158
C 9
R
P 0x7fb20a09bc08
C 294
R
P 0x7fb20a09bc08
P 0x7fb20a25b158
I 0
C 219
R
P 0x7fb20a09bc08
C 294
R
P 0x7fb20a09bc08
U 32
C 35
= 0x7fb20a0b9118
R
P 0x7fb20a09bc08
C 294
R
P 0x7fb20a09bc08
P 0x7fb20a0b9118
C 9
R
P 0x7fb20a09bc08
C 294
R
P 0x7fb20a09bc08
I 251133952
P 0x7fb20a0b9118
C 145
= 0x7fb20a25b278
R
P 0x7fb20a09bc08
C 294
R
P 0x7fb20a09bc08
P 0x7fb20a25b278
C 208
R
P 0x7fb20a09bc08
C 294
R
P 0x7fb20a09bc08
P 0x7fb20a25b278
C 205
= 0x7fb20a0b9118
R
P 0x7fb20a09bc08
C 294
R
P 0x7fb20a09bc08
P 0x7fb20a0b9118
C 166
R
P 0x7fb20a09bc08
C 294
R
P 0x7fb20a09bc08
P 0x7fb20a25b278
C 211
R
P 0x7fb20a09bc08
C 294
R
P 0x7fb20a09bc08
P 0x7fb20a25b278
C 210
R
P 0x7fb20a09bc08
C 294
R
P 0x7fb20a09bc08
P 0x7fb20a25b278
C 9
R
P 0x7fb20a09bc08
C 294
R
P 0x7fb20a09bc08
P 0x7fb20a0ba7b8
P 0x7fb20a25b278
C 99
= 0x7fb20a9eefb0
R
P 0x7fb20a09bc08
C 294
R
P 0x7fb20a09bc08
P 0x7fb20a9eefb0
C 9
R
P 0x7fb20a09bc08
C 294
R
P 0x7fb20a09bc08
P 0x7fb208dad4a8
P 0x7fb20a9eefb0
C 423
R
P 0x7fb20a09bc08
C 294
R
P 0x7fb20a09bc08
U 32
C 35
= 0x7fb20a0b9118
R
P 0x7fb20a09bc08
C 294
R
P 0x7fb20a09bc08
P 0x7fb20a0b9118
C 9
R
P 0x7fb20a09bc08
C 294
R
P 0x7fb20a09bc08
I 0
P 0x7fb20a0b9118
C 145
= 0x7fb20a0ba818
R
P 0x7fb20a09bc08
C 294
R
P 0x7fb20a09bc08
P 0x7fb20a0ba818
C 208
R
P 0x7fb20a09bc08
C 294
R
P 0x7fb20a09bc08
P 0x7fb20a0ba818
C 205
= 0x7fb20a0b9118
R
P 0x7fb20a09bc08
C 294
R
P 0x7fb20a09bc08
P 0x7fb20a0b9118
C 166
R
P 0x7fb20a09bc08
C 294
R
P 0x7fb20a09bc08
P 0x7fb20a0ba818
C 211
R
P 0x7fb20a09bc08
C 294
R
P 0x7fb20a09bc08
P 0x7fb20a0ba818
C 210
R
P 0x7fb20a09bc08
C 294
R
P 0x7fb20a09bc08
P 0x7fb20a0ba818
C 9
R
P 0x7fb20a09bc08
C 294
R
P 0x7fb20a09bc08
P 0x7fb20a0ba798
P 0x7fb20a0ba818
C 99
= 0x7fb20a9ef288
R
P 0x7fb20a09bc08
C 294
R
P 0x7fb20a09bc08
P 0x7fb20a9ef288
C 9
R
P 0x7fb20a09bc08
C 294
R
P 0x7fb20a09bc08
P 0x7fb208dad4a8
P 0x7fb20a9ef288
C 423
R
P 0x7fb20a09bc08
C 294
R
P 0x7fb20a09bc08
U 32
C 35
= 0x7fb20a0b9118
R
P 0x7fb20a09bc08
C 294
R
P 0x7fb20a09bc08
P 0x7fb20a0b9118
C 9
R
P 0x7fb20a09bc08
C 294
R
P 0x7fb20a09bc08
I 502267904
P 0x7fb20a0b9118
C 145
= 0x7fb20a25b298
R
P 0x7fb20a09bc08
C 294
R
P 0x7fb20a09bc08
P 0x7fb20a25b298
C 208
R
P 0x7fb20a09bc08
C 294
R
P 0x7fb20a09bc08
P 0x7fb20a25b298
C 205
= 0x7fb20a0b9118
R
P 0x7fb20a09bc08
C 294
R
P 0x7fb20a09bc08
P 0x7fb20a0b9118
C 166
R
P 0x7fb20a09bc08
C 294
R
P 0x7fb20a09bc08
P 0x7fb20a25b298
C 211
R
P 0x7fb20a09bc08
C 294
R
P 0x7fb20a09bc08
P 0x7fb20a25b298
C 210
R
P 0x7fb20a09bc08
C 294
R
P 0x7fb20a09bc08
P 0x7fb20a25b298
C 9
R
P 0x7fb20a09bc08
C 294
R
P 0x7fb20a09bc08
P 0x7fb20a0ba7b8
P 0x7fb20a25b298
C 99
= 0x7fb20a9eef40
R
P 0x7fb20a09bc08
C 294
R
P 0x7fb20a09bc08
P 0x7fb20a9eef40
C 9
R
P 0x7fb20a09bc08
C 294
R
P 0x7fb20a09bc08
P 0x7fb208dad4a8
P 0x7fb20a9eef40
C 423
R
P 0x7fb20a09bc08
C 294
R
P 0x7fb20a09bc08
U 32
C 35
= 0x7fb20a0b9118
R
P 0x7fb20a09bc08
C 294
R
P 0x7fb20a09bc08
P 0x7fb20a0b9118
C 9
R
P 0x7fb20a09bc08
C 294
R
P 0x7fb20a09bc08
I 34603016
P 0x7fb20a0b9118
C 145
= 0x7fb20a25b158
R
P 0x7fb20a09bc08
C 294
R
P 0x7fb20a09bc08
P 0x7fb20a25b158
C 208
R
P 0x7fb20a09bc08
C 294
R
P 0x7fb20a09bc08
P 0x7fb20a25b158
C 205
= 0x7fb20a0b9118
R
P 0x7fb20a09bc08
C 294
R
P 0x7fb20a09bc08
P 0x7fb20a0b9118
C 166
R
P 0x7fb20a09bc08
C 294
R
P 0x7fb20a09bc08
P 0x7fb20a25b158
C 211
R
P 0x7fb20a09bc08
C 294
R
P 0x7fb20a09bc08
P 0x7fb20a25b158
C 210
R
P 0x7fb20a09bc08
C 294
R
P 0x7fb20a09bc08
P 0x7fb20a25b158
C 9
R
P 0x7fb20a09bc08
C 294
R
P 0x7fb20a09bc08
P 0x7fb20a1ab458
P 0x7fb20a25b158
C 99
= 0x7fb20aa19450
R
P 0x7fb20a09bc08
C 294
R
P 0x7fb20a09bc08
P 0x7fb20aa19450
C 9
R
P 0x7fb20a09bc08
C 294
R
P 0x7fb20a09bc08
P 0x7fb208dad4a8
P 0x7fb20aa19450
C 423
R
P 0x7fb20a09bc08
C 294
R
P 0x7fb20a09bc08
P 0x7fb208dad4a8
C 426
R
P 0x7fb20a09bc08
C 294
R
P 0x7fb20a09bc08
P 0x7fb208dad4a8
C 428
= 0x7fb208d4ac68
R
P 0x7fb20a09bc08
C 294
R
P 0x7fb20a09bc08
P 0x7fb208d4ac68
C 248
R
P 0x7fb20a09bc08
C 294
R
P 0x7fb20a09bc08
P 0x7fb208d4ac68
C 279
R
P 0x7fb20a09bc08
C 294
R
P 0x7fb20a09bc08
P 0x7fb208dad4a8
C 428
= 0x7fb208d4b298
R
P 0x7fb20a09bc08
C 294
R
P 0x7fb20a09bc08
P 0x7fb208d4b298
C 248
R
P 0x7fb20a09bc08
C 294
R
P 0x7fb20a09bc08
P 0x7fb208d4b298
P 0x7fb20a0ba798
I 0
P 0
C 250
* 0x7fb20a0ba818 4
R
P 0x7fb20a09bc08
C 294
R
P 0x7fb20a09bc08
P 0x7fb20a0ba818
C 208
R
P 0x7fb20a09bc08
C 294
R
P 0x7fb20a09bc08
P 0x7fb20a0ba818
C 205
= 0x7fb20a0b9118
R
P 0x7fb20a09bc08
C 294
R
P 0x7fb20a09bc08
P 0x7fb20a0b9118
C 166
R
P 0x7fb20a09bc08
C 294
R
P 0x7fb20a09bc08
P 0x7fb20a0ba818
C 211
R
P 0x7fb20a09bc08
C 294
R
P 0x7fb20a09bc08
P 0x7fb20a0ba818
C 210
R
P 0x7fb20a09bc08
C 294
R
P 0x7fb20a09bc08
P 0x7fb20a0ba818
C 9
R
P 0x7fb20a09bc08
C 294
R
P 0x7fb20a09bc08
P 0x7fb20a0ba818
I 0
C 219
R
P 0x7fb20a09bc08
C 294
R
P 0x7fb20a09bc08
P 0x7fb208dad4a8
C 428
= 0x7fb208d4ce98
R
P 0x7fb20a09bc08
C 294
R
P 0x7fb20a09bc08
P 0x7fb208d4ce98
C 248
R
P 0x7fb20a09bc08
C 294
R
P 0x7fb20a09bc08
P 0x7fb208d4ce98
P 0x7fb20a0ba7b8
I 0
P 0
C 250
* 0x7fb20a25b2d8 4
R
P 0x7fb20a09bc08
C 294
R
P 0x7fb20a09bc08
P 0x7fb20a25b2d8
C 208
R
P 0x7fb20a09bc08
C 294
R
P 0x7fb20a09bc08
P 0x7fb20a25b2d8
C 205
= 0x7fb20a0b9118
R
P 0x7fb20a09bc08
C 294
R
P 0x7fb20a09bc08
P 0x7fb20a0b9118
C 166
R
P 0x7fb20a09bc08
C 294
R
P 0x7fb20a09bc08
P 0x7fb20a25b2d8
C 211
R
P 0x7fb20a09bc08
C 294
R
P 0x7fb20a09bc08
P 0x7fb20a25b2d8
C 210
R
P 0x7fb20a09bc08
C 294
R
P 0x7fb20a09bc08
P 0x7fb20a25b2d8
C 9
R
P 0x7fb20a09bc08
C 294
R
P 0x7fb20a09bc08
P 0x7fb20a25b2d8
I 0
C 219
R
P 0x7fb20a09bc08
C 294
R
P 0x7fb20a09bc08
P 0x7fb208dad4a8
C 428
= 0x7fb208d4bfd8
R
P 0x7fb20a09bc08
C 294
R
P 0x7fb20a09bc08
P 0x7fb208d4bfd8
C 248
R
P 0x7fb20a09bc08
C 294
R
P 0x7fb20a09bc08
P 0x7fb208d4bfd8
P 0x7fb20a1ab458
I 0
P 0
C 250
* 0x7fb20a25b158 4
R
P 0x7fb20a09bc08
C 294
R
P 0x7fb20a09bc08
P 0x7fb20a25b158
C 208
R
P 0x7fb20a09bc08
C 294
R
P 0x7fb20a09bc08
P 0x7fb20a25b158
C 205
= 0x7fb20a0b9118
R
P 0x7fb20a09bc08
C 294
R
P 0x7fb20a09bc08
P 0x7fb20a0b9118
C 166
R
P 0x7fb20a09bc08
C 294
R
P 0x7fb20a09bc08
P 0x7fb20a25b158
C 211
R
P 0x7fb20a09bc08
C 294
R
P 0x7fb20a09bc08
P 0x7fb20a25b158
C 210
R
P 0x7fb20a09bc08
C 294
R
P 0x7fb20a09bc08
P 0x7fb20a25b158
C 9
R
P 0x7fb20a09bc08
C 294
R
P 0x7fb20a09bc08
P 0x7fb20a25b158
I 0
C 219
R
P 0x7fb20a09bc08
C 294
R
P 0x7fb20a09bc08
U 32
C 35
= 0x7fb20a0b9118
R
P 0x7fb20a09bc08
C 294
R
P 0x7fb20a09bc08
P 0x7fb20a0b9118
C 9
R
P 0x7fb20a09bc08
C 294
R
P 0x7fb20a09bc08
I 116916224
P 0x7fb20a0b9118
C 145
= 0x7fb20a25b058
R
P 0x7fb20a09bc08
C 294
R
P 0x7fb20a09bc08
P 0x7fb20a25b058
C 208
R
P 0x7fb20a09bc08
C 294
R
P 0x7fb20a09bc08
P 0x7fb20a25b058
C 205
= 0x7fb20a0b9118
R
P 0x7fb20a09bc08
C 294
R
P 0x7fb20a09bc08
P 0x7fb20a0b9118
C 166
R
P 0x7fb20a09bc08
C 294
R
P 0x7fb20a09bc08
P 0x7fb20a25b058
C 211
R
P 0x7fb20a09bc08
C 294
R
P 0x7fb20a09bc08
P 0x7fb20a25b058
C 210
R
P 0x7fb20a09bc08
C 294
R
P 0x7fb20a09bc08
P 0x7fb20a25b058
C 9
R
P 0x7fb20a09bc08
C 294
R
P 0x7fb20a09bc08
P 0x7fb20a0ba7b8
P 0x7fb20a25b058
C 99
= 0x7fb20aa19728
R
P 0x7fb20a09bc08
C 294
R
P 0x7fb20a09bc08
P 0x7fb20aa19728
C 9
R
P 0x7fb20a09bc08
C 294
R
P 0x7fb20a09bc08
P 0x7fb208dad4a8
P 0x7fb20aa19728
C 423
R
P 0x7fb20a09bc08
C 294
R
P 0x7fb20a09bc08
U 32
C 35
= 0x7fb20a0b9118
R
P 0x7fb20a09bc08
C 294
R
P 0x7fb20a09bc08
P 0x7fb20a0b9118
C 9
R
P 0x7fb20a09bc08
C 294
R
P 0x7fb20a09bc08
I 0
P 0x7fb20a0b9118
C 145
= 0x7fb20a0ba818
R
P 0x7fb20a09bc08
C 294
R
P 0x7fb20a09bc08
P 0x7fb20a0ba818
C 208
R
P 0x7fb20a09bc08
C 294
R
P 0x7fb20a09bc08
P 0x7fb20a0ba818
C 205
= 0x7fb20a0b9118
R
P 0x7fb20a09bc08
C 294
R
P 0x7fb20a09bc08
P 0x7fb20a0b9118
C 166
R
P 0x7fb20a09bc08
C 294
R
P 0x7fb20a09bc08
P 0x7fb20a0ba818
C 211
R
P 0x7fb20a09bc08
C 294
R
P 0x7fb20a09bc08
P 0x7fb20a0ba818
C 210
R
P 0x7fb20a09bc08
C 294
R
P 0x7fb20a09bc08
P 0x7fb20a0ba818
C 9
R
P 0x7fb20a09bc08
C 294
R
P 0x7fb20a09bc08
P 0x7fb20a0ba798
P 0x7fb20a0ba818
C 99
= 0x7fb20a9ef288
R
P 0x7fb20a09bc08
C 294
R
P 0x7fb20a09bc08
P 0x7fb20a9ef288
C 9
R
P 0x7fb20a09bc08
C 294
R
P 0x7fb20a09bc08
P 0x7fb208dad4a8
P 0x7fb20a9ef288
C 423
R
P 0x7fb20a09bc08
C 294
R
P 0x7fb20a09bc08
U 32
C 35
= 0x7fb20a0b9118
R
P 0x7fb20a09bc08
C 294
R
P 0x7fb20a09bc08
P 0x7fb20a0b9118
C 9
R
P 0x7fb20a09bc08
C 294
R
P 0x7fb20a09bc08
I 233832448
P 0x7fb20a0b9118
C 145
= 0x7fb20a25b2d8
R
P 0x7fb20a09bc08
C 294
R
P 0x7fb20a09bc08
P 0x7fb20a25b2d8
C 208
R
P 0x7fb20a09bc08
C 294
R
P 0x7fb20a09bc08
P 0x7fb20a25b2d8
C 205
= 0x7fb20a0b9118
R
P 0x7fb20a09bc08
C 294
R
P 0x7fb20a09bc08
P 0x7fb20a0b9118
C 166
R
P 0x7fb20a09bc08
C 294
R
P 0x7fb20a09bc08
P 0x7fb20a25b2d8
C 211
R
P 0x7fb20a09bc08
C 294
R
P 0x7fb20a09bc08
P 0x7fb20a25b2d8
C 210
R
P 0x7fb20a09bc08
C 294
R
P 0x7fb20a09bc08
P 0x7fb20a25b2d8
C 9
R
P 0x7fb20a09bc08
C 294
R
P 0x7fb20a09bc08
P 0x7fb20a0ba7b8
P 0x7fb20a25b2d8
C 99
= 0x7fb20a9eee98
R
P 0x7fb20a09bc08
C 294
R
P 0x7fb20a09bc08
P 0x7fb20a9eee98
C 9
R
P 0x7fb20a09bc08
C 294
R
P 0x7fb20a09bc08
P 0x7fb208dad4a8
P 0x7fb20a9eee98
C 423
R
P 0x7fb20a09bc08
C 294
R
P 0x7fb20a09bc08
U 32
C 35
= 0x7fb20a0b9118
R
P 0x7fb20a09bc08
C 294
R
P 0x7fb20a09bc08
P 0x7fb20a0b9118
C 9
R
P 0x7fb20a09bc08
C 294
R
P 0x7fb20a09bc08
I 34603016
P 0x7fb20a0b9118
C 145
= 0x7fb20a25b158
R
P 0x7fb20a09bc08
C 294
R
P 0x7fb20a09bc08
P 0x7fb20a25b158
C 208
R
P 0x7fb20a09bc08
C 294
R
P 0x7fb20a09bc08
P 0x7fb20a25b158
C 205
= 0x7fb20a0b9118
R
P 0x7fb20a09bc08
C 294
R
P 0x7fb20a09bc08
P 0x7fb20a0b9118
C 166
R
P 0x7fb20a09bc08
C 294
R
P 0x7fb20a09bc08
P 0x7fb20a25b158
C 211
R
P 0x7fb20a09bc08
C 294
R
P 0x7fb20a09bc08
P 0x7fb20a25b158
C 210
R
P 0x7fb20a09bc08
C 294
R
P 0x7fb20a09bc08
P 0x7fb20a25b158
C 9
R
P 0x7fb20a09bc08
C 294
R
P 0x7fb20a09bc08
P 0x7fb20a1ab458
P 0x7fb20a25b158
C 99
= 0x7fb20aa19450
R
P 0x7fb20a09bc08
C 294
R
P 0x7fb20a09bc08
P 0x7fb20aa19450
C 9
R
P 0x7fb20a09bc08
C 294
R
P 0x7fb20a09bc08
P 0x7fb208dad4a8
P 0x7fb20aa19450
C 423
R
P 0x7fb20a09bc08
C 294
R
P 0x7fb20a09bc08
P 0x7fb208dad4a8
C 426
R
P 0x7fb20a09bc08
C 294
R
P 0x7fb20a09bc08
P 0x7fb208dad4a8
C 428
= 0x7fb208d4bfb8
R
P 0x7fb20a09bc08
C 294
R
P 0x7fb20a09bc08
P 0x7fb208d4bfb8
C 248
R
P 0x7fb20a09bc08
C 294
R
P 0x7fb20a09bc08
P 0x7fb208d4bfb8
C 279
R
P 0x7fb20a09bc08
C 294
R
P 0x7fb20a09bc08
P 0x7fb208dad4a8
C 428
= 0x7fb208d4bc88
R
P 0x7fb20a09bc08
C 294
R
P 0x7fb20a09bc08
P 0x7fb208d4bc88
C 248
R
P 0x7fb20a09bc08
C 294
R
P 0x7fb20a09bc08
P 0x7fb208d4bc88
P 0x7fb20a0ba798
I 0
P 0
C 250
* 0x7fb20a0ba818 4
R
P 0x7fb20a09bc08
C 294
R
P 0x7fb20a09bc08
P 0x7fb20a0ba818
C 208
R
P 0x7fb20a09bc08
C 294
R
P 0x7fb20a09bc08
P 0x7fb20a0ba818
C 205
= 0x7fb20a0b9118
R
P 0x7fb20a09bc08
C 294
R
P 0x7fb20a09bc08
P 0x7fb20a0b9118
C 166
R
P 0x7fb20a09bc08
C 294
R
P 0x7fb20a09bc08
P 0x7fb20a0ba818
C 211
R
P 0x7fb20a09bc08
C 294
R
P 0x7fb20a09bc08
P 0x7fb20a0ba818
C 210
R
P 0x7fb20a09bc08
C 294
R
P 0x7fb20a09bc08
P 0x7fb20a0ba818
C 9
R
P 0x7fb20a09bc08
C 294
R
P 0x7fb20a09bc08
P 0x7fb20a0ba818
I 0
C 219
R
P 0x7fb20a09bc08
C 294
R
P 0x7fb20a09bc08
P 0x7fb208dad4a8
C 428
= 0x7fb208d47e98
R
P 0x7fb20a09bc08
C 294
R
P 0x7fb20a09bc08
P 0x7fb208d47e98
C 248
R
P 0x7fb20a09bc08
C 294
R
P 0x7fb20a09bc08
P 0x7fb208d47e98
P 0x7fb20a0ba7b8
I 0
P 0
C 250
* 0x7fb20a25b318 4
R
P 0x7fb20a09bc08
C 294
R
P 0x7fb20a09bc08
P 0x7fb20a25b318
C 208
R
P 0x7fb20a09bc08
C 294
R
P 0x7fb20a09bc08
P 0x7fb20a25b318
C 205
= 0x7fb20a0b9118
R
P 0x7fb20a09bc08
C 294
R
P 0x7fb20a09bc08
P 0x7fb20a0b9118
C 166
R
P 0x7fb20a09bc08
C 294
R
P 0x7fb20a09bc08
P 0x7fb20a25b318
C 211
R
P 0x7fb20a09bc08
C 294
R
P 0x7fb20a09bc08
P 0x7fb20a25b318
C 210
R
P 0x7fb20a09bc08
C 294
R
P 0x7fb20a09bc08
P 0x7fb20a25b318
C 9
R
P 0x7fb20a09bc08
C 294
R
P 0x7fb20a09bc08
P 0x7fb20a25b318
I 0
C 219
R
P 0x7fb20a09bc08
C 294
R
P 0x7fb20a09bc08
P 0x7fb208dad4a8
C 428
= 0x7fb208d61188
R
P 0x7fb20a09bc08
C 294
R
P 0x7fb20a09bc08
P 0x7fb208d61188
C 248
R
P 0x7fb20a09bc08
C 294
R
P 0x7fb20a09bc08
P 0x7fb208d61188
P 0x7fb20a1ab458
I 0
P 0
C 250
* 0x7fb20a25b158 4
R
P 0x7fb20a09bc08
C 294
R
P 0x7fb20a09bc08
P 0x7fb20a25b158
C 208
R
P 0x7fb20a09bc08
C 294
R
P 0x7fb20a09bc08
P 0x7fb20a25b158
C 205
= 0x7fb20a0b9118
R
P 0x7fb20a09bc08
C 294
R
P 0x7fb20a09bc08
P 0x7fb20a0b9118
C 166
R
P 0x7fb20a09bc08
C 294
R
P 0x7fb20a09bc08
P 0x7fb20a25b158
C 211
R
P 0x7fb20a09bc08
C 294
R
P 0x7fb20a09bc08
P 0x7fb20a25b158
C 210
R
P 0x7fb20a09bc08
C 294
R
P 0x7fb20a09bc08
P 0x7fb20a25b158
C 9
R
P 0x7fb20a09bc08
C 294
R
P 0x7fb20a09bc08
P 0x7fb20a25b158
I 0
C 219
R
P 0x7fb20a09bc08
C 294
R
P 0x7fb20a09bc08
U 32
C 35
= 0x7fb20a0b9118
R
P 0x7fb20a09bc08
C 294
R
P 0x7fb20a09bc08
P 0x7fb20a0b9118
C 9
R
P 0x7fb20a09bc08
C 294
R
P 0x7fb20a09bc08
I 49807360
P 0x7fb20a0b9118
C 145
= 0x7fb20a25aff8
R
P 0x7fb20a09bc08
C 294
R
P 0x7fb20a09bc08
P 0x7fb20a25aff8
C 208
R
P 0x7fb20a09bc08
C 294
R
P 0x7fb20a09bc08
P 0x7fb20a25aff8
C 205
= 0x7fb20a0b9118
R
P 0x7fb20a09bc08
C 294
R
P 0x7fb20a09bc08
P 0x7fb20a0b9118
C 166
R
P 0x7fb20a09bc08
C 294
R
P 0x7fb20a09bc08
P 0x7fb20a25aff8
C 211
R
P 0x7fb20a09bc08
C 294
R
P 0x7fb20a09bc08
P 0x7fb20a25aff8
C 210
R
P 0x7fb20a09bc08
C 294
R
P 0x7fb20a09bc08
P 0x7fb20a25aff8
C 9
R
P 0x7fb20a09bc08
C 294
R
P 0x7fb20a09bc08
P 0x7fb20a0ba7b8
P 0x7fb20a25aff8
C 99
= 0x7fb20a9eeed0
R
P 0x7fb20a09bc08
C 294
R
P 0x7fb20a09bc08
P 0x7fb20a9eeed0
C 9
R
P 0x7fb20a09bc08
C 294
R
P 0x7fb20a09bc08
P 0x7fb208dad4a8
P 0x7fb20a9eeed0
C 423
R
P 0x7fb20a09bc08
C 294
R
P 0x7fb20a09bc08
U 32
C 35
= 0x7fb20a0b9118
R
P 0x7fb20a09bc08
C 294
R
P 0x7fb20a09bc08
P 0x7fb20a0b9118
C 9
R
P 0x7fb20a09bc08
C 294
R
P 0x7fb20a09bc08
I 0
P 0x7fb20a0b9118
C 145
= 0x7fb20a0ba818
R
P 0x7fb20a09bc08
C 294
R
P 0x7fb20a09bc08
P 0x7fb20a0ba818
C 208
R
P 0x7fb20a09bc08
C 294
R
P 0x7fb20a09bc08
P 0x7fb20a0ba818
C 205
= 0x7fb20a0b9118
R
P 0x7fb20a09bc08
C 294
R
P 0x7fb20a09bc08
P 0x7fb20a0b9118
C 166
R
P 0x7fb20a09bc08
C 294
R
P 0x7fb20a09bc08
P 0x7fb20a0ba818
C 211
R
P 0x7fb20a09bc08
C 294
R
P 0x7fb20a09bc08
P 0x7fb20a0ba818
C 210
R
P 0x7fb20a09bc08
C 294
R
P 0x7fb20a09bc08
P 0x7fb20a0ba818
C 9
R
P 0x7fb20a09bc08
C 294
R
P 0x7fb20a09bc08
P 0x7fb20a0ba798
P 0x7fb20a0ba818
C 99
= 0x7fb20a9ef288
R
P 0x7fb20a09bc08
C 294
R
P 0x7fb20a09bc08
P 0x7fb20a9ef288
C 9
R
P 0x7fb20a09bc08
C 294
R
P 0x7fb20a09bc08
P 0x7fb208dad4a8
P 0x7fb20a9ef288
C 423
R
P 0x7fb20a09bc08
C 294
R
P 0x7fb20a09bc08
U 32
C 35
= 0x7fb20a0b9118
R
P 0x7fb20a09bc08
C 294
R
P 0x7fb20a09bc08
P 0x7fb20a0b9118
C 9
R
P 0x7fb20a09bc08
C 294
R
P 0x7fb20a09bc08
I 99614720
P 0x7fb20a0b9118
C 145
= 0x7fb20a25b318
R
P 0x7fb20a09bc08
C 294
R
P 0x7fb20a09bc08
P 0x7fb20a25b318
C 208
R
P 0x7fb20a09bc08
C 294
R
P 0x7fb20a09bc08
P 0x7fb20a25b318
C 205
= 0x7fb20a0b9118
R
P 0x7fb20a09bc08
C 294
R
P 0x7fb20a09bc08
P 0x7fb20a0b9118
C 166
R
P 0x7fb20a09bc08
C 294
R
P 0x7fb20a09bc08
P 0x7fb20a25b318
C 211
R
P 0x7fb20a09bc08
C 294
R
P 0x7fb20a09bc08
P 0x7fb20a25b318
C 210
R
P 0x7fb20a09bc08
C 294
R
P 0x7fb20a09bc08
P 0x7fb20a25b318
C 9
R
P 0x7fb20a09bc08
C 294
R
P 0x7fb20a09bc08
P 0x7fb20a0ba7b8
P 0x7fb20a25b318
C 99
= 0x7fb20a9eee28
R
P 0x7fb20a09bc08
C 294
R
P 0x7fb20a09bc08
P 0x7fb20a9eee28
C 9
R
P 0x7fb20a09bc08
C 294
R
P 0x7fb20a09bc08
P 0x7fb208dad4a8
P 0x7fb20a9eee28
C 423
R
P 0x7fb20a09bc08
C 294
R
P 0x7fb20a09bc08
U 32
C 35
= 0x7fb20a0b9118
R
P 0x7fb20a09bc08
C 294
R
P 0x7fb20a09bc08
P 0x7fb20a0b9118
C 9
R
P 0x7fb20a09bc08
C 294
R
P 0x7fb20a09bc08
I 34603016
P 0x7fb20a0b9118
C 145
= 0x7fb20a25b158
R
P 0x7fb20a09bc08
C 294
R
P 0x7fb20a09bc08
P 0x7fb20a25b158
C 208
R
P 0x7fb20a09bc08
C 294
R
P 0x7fb20a09bc08
P 0x7fb20a25b158
C 205
= 0x7fb20a0b9118
R
P 0x7fb20a09bc08
C 294
R
P 0x7fb20a09bc08
P 0x7fb20a0b9118
C 166
R
P 0x7fb20a09bc08
C 294
R
P 0x7fb20a09bc08
P 0x7fb20a25b158
C 211
R
P 0x7fb20a09bc08
C 294
R
P 0x7fb20a09bc08
P 0x7fb20a25b158
C 210
R
P 0x7fb20a09bc08
C 294
R
P 0x7fb20a09bc08
P 0x7fb20a25b158
C 9
R
P 0x7fb20a09bc08
C 294
R
P 0x7fb20a09bc08
P 0x7fb20a1ab458
P 0x7fb20a25b158
C 99
= 0x7fb20aa19450
R
P 0x7fb20a09bc08
C 294
R
P 0x7fb20a09bc08
P 0x7fb20aa19450
C 9
R
P 0x7fb20a09bc08
C 294
R
P 0x7fb20a09bc08
P 0x7fb208dad4a8
P 0x7fb20aa19450
C 423
R
P 0x7fb20a09bc08
C 294
R
P 0x7fb20a09bc08
P 0x7fb208dad4a8
C 426
R
P 0x7fb20a09bc08
C 294
R
P 0x7fb20a09bc08
P 0x7fb208dad4a8
C 428
= 0x7fb208d4be98
R
P 0x7fb20a09bc08
C 294
R
P 0x7fb20a09bc08
P 0x7fb208d4be98
C 248
R
P 0x7fb20a09bc08
C 294
R
P 0x7fb20a09bc08
P 0x7fb208d4be98
C 279
R
P 0x7fb20a09bc08
C 294
R
P 0x7fb20a09bc08
P 0x7fb208dad4a8
C 428
= 0x7fb208d4cb98
R
P 0x7fb20a09bc08
C 294
R
P 0x7fb20a09bc08
P 0x7fb208d4cb98
C 248
R
P 0x7fb20a09bc08
C 294
R
P 0x7fb20a09bc08
P 0x7fb208d4cb98
P 0x7fb20a0ba798
I 0
P 0
C 250
* 0x7fb20a0ba818 4
R
P 0x7fb20a09bc08
C 294
R
P 0x7fb20a09bc08
P 0x7fb20a0ba818
C 208
R
P 0x7fb20a09bc08
C 294
R
P 0x7fb20a09bc08
P 0x7fb20a0ba818
C 205
= 0x7fb20a0b9118
R
P 0x7fb20a09bc08
C 294
R
P 0x7fb20a09bc08
P 0x7fb20a0b9118
C 166
R
P 0x7fb20a09bc08
C 294
R
P 0x7fb20a09bc08
P 0x7fb20a0ba818
C 211
R
P 0x7fb20a09bc08
C 294
R
P 0x7fb20a09bc08
P 0x7fb20a0ba818
C 210
R
P 0x7fb20a09bc08
C 294
R
P 0x7fb20a09bc08
P 0x7fb20a0ba818
C 9
R
P 0x7fb20a09bc08
C 294
R
P 0x7fb20a09bc08
P 0x7fb20a0ba818
I 0
C 219
R
P 0x7fb20a09bc08
C 294
R
P 0x7fb20a09bc08
P 0x7fb208dad4a8
C 428
= 0x7fb208d5afa8
R
P 0x7fb20a09bc08
C 294
R
P 0x7fb20a09bc08
P 0x7fb208d5afa8
C 248
R
P 0x7fb20a09bc08
C 294
R
P 0x7fb20a09bc08
P 0x7fb208d5afa8
P 0x7fb20a0ba7b8
I 0
P 0
C 250
* 0x7fb20a25b018 4
R
P 0x7fb20a09bc08
C 294
R
P 0x7fb20a09bc08
P 0x7fb20a25b018
C 208
R
P 0x7fb20a09bc08
C 294
R
P 0x7fb20a09bc08
P 0x7fb20a25b018
C 205
= 0x7fb20a0b9118
R
P 0x7fb20a09bc08
C 294
R
P 0x7fb20a09bc08
P 0x7fb20a0b9118
C 166
R
P 0x7fb20a09bc08
C 294
R
P 0x7fb20a09bc08
P 0x7fb20a25b018
C 211
R
P 0x7fb20a09bc08
C 294
R
P 0x7fb20a09bc08
P 0x7fb20a25b018
C 210
R
P 0x7fb20a09bc08
C 294
R
P 0x7fb20a09bc08
P 0x7fb20a25b018
C 9
R
P 0x7fb20a09bc08
C 294
R
P 0x7fb20a09bc08
P 0x7fb20a25b018
I 0
C 219
R
P 0x7fb20a09bc08
C 294
R
P 0x7fb20a09bc08
P 0x7fb208dad4a8
C 428
= 0x7fb208c8b618
R
P 0x7fb20a09bc08
C 294
R
P 0x7fb20a09bc08
P 0x7fb208c8b618
C 248
R
P 0x7fb20a09bc08
C 294
R
P 0x7fb20a09bc08
P 0x7fb208c8b618
P 0x7fb20a1ab458
I 0
P 0
C 250
* 0x7fb20a25b158 4
R
P 0x7fb20a09bc08
C 294
R
P 0x7fb20a09bc08
P 0x7fb20a25b158
C 208
R
P 0x7fb20a09bc08
C 294
R
P 0x7fb20a09bc08
P 0x7fb20a25b158
C 205
= 0x7fb20a0b9118
R
P 0x7fb20a09bc08
C 294
R
P 0x7fb20a09bc08
P 0x7fb20a0b9118
C 166
R
P 0x7fb20a09bc08
C 294
R
P 0x7fb20a09bc08
P 0x7fb20a25b158
C 211
R
P 0x7fb20a09bc08
C 294
R
P 0x7fb20a09bc08
P 0x7fb20a25b158
C 210
R
P 0x7fb20a09bc08
C 294
R
P 0x7fb20a09bc08
P 0x7fb20a25b158
C 9
R
P 0x7fb20a09bc08
C 294
R
P 0x7fb20a09bc08
P 0x7fb20a25b158
I 0
C 219
R
P 0x7fb20a09bc08
C 294
R
P 0x7fb20a09bc08
U 32
C 35
= 0x7fb20a0b9118
R
P 0x7fb20a09bc08
C 294
R
P 0x7fb20a09bc08
P 0x7fb20a0b9118
C 9
R
P 0x7fb20a09bc08
C 294
R
P 0x7fb20a09bc08
I 16318464
P 0x7fb20a0b9118
C 145
= 0x7fb20a25af98
R
P 0x7fb20a09bc08
C 294
R
P 0x7fb20a09bc08
P 0x7fb20a25af98
C 208
R
P 0x7fb20a09bc08
C 294
R
P 0x7fb20a09bc08
P 0x7fb20a25af98
C 205
= 0x7fb20a0b9118
R
P 0x7fb20a09bc08
C 294
R
P 0x7fb20a09bc08
P 0x7fb20a0b9118
C 166
R
P 0x7fb20a09bc08
C 294
R
P 0x7fb20a09bc08
P 0x7fb20a25af98
C 211
R
P 0x7fb20a09bc08
C 294
R
P 0x7fb20a09bc08
P 0x7fb20a25af98
C 210
R
P 0x7fb20a09bc08
C 294
R
P 0x7fb20a09bc08
P 0x7fb20a25af98
C 9
R
P 0x7fb20a09bc08
C 294
R
P 0x7fb20a09bc08
P 0x7fb20a0ba7b8
P 0x7fb20a25af98
C 99
= 0x7fb20a9eee60
R
P 0x7fb20a09bc08
C 294
R
P 0x7fb20a09bc08
P 0x7fb20a9eee60
C 9
R
P 0x7fb20a09bc08
C 294
R
P 0x7fb20a09bc08
P 0x7fb208dad4a8
P 0x7fb20a9eee60
C 423
R
P 0x7fb20a09bc08
C 294
R
P 0x7fb20a09bc08
U 32
C 35
= 0x7fb20a0b9118
R
P 0x7fb20a09bc08
C 294
R
P 0x7fb20a09bc08
P 0x7fb20a0b9118
C 9
R
P 0x7fb20a09bc08
C 294
R
P 0x7fb20a09bc08
I 0
P 0x7fb20a0b9118
C 145
= 0x7fb20a0ba818
R
P 0x7fb20a09bc08
C 294
R
P 0x7fb20a09bc08
P 0x7fb20a0ba818
C 208
R
P 0x7fb20a09bc08
C 294
R
P 0x7fb20a09bc08
P 0x7fb20a0ba818
C 205
= 0x7fb20a0b9118
R
P 0x7fb20a09bc08
C 294
R
P 0x7fb20a09bc08
P 0x7fb20a0b9118
C 166
R
P 0x7fb20a09bc08
C 294
R
P 0x7fb20a09bc08
P 0x7fb20a0ba818
C 211
R
P 0x7fb20a09bc08
C 294
R
P 0x7fb20a09bc08
P 0x7fb20a0ba818
C 210
R
P 0x7fb20a09bc08
C 294
R
P 0x7fb20a09bc08
P 0x7fb20a0ba818
C 9
R
P 0x7fb20a09bc08
C 294
R
P 0x7fb20a09bc08
P 0x7fb20a0ba798
P 0x7fb20a0ba818
C 99
= 0x7fb20a9ef288
R
P 0x7fb20a09bc08
C 294
R
P 0x7fb20a09bc08
P 0x7fb20a9ef288
C 9
R
P 0x7fb20a09bc08
C 294
R
P 0x7fb20a09bc08
P 0x7fb208dad4a8
P 0x7fb20a9ef288
C 423
R
P 0x7fb20a09bc08
C 294
R
P 0x7fb20a09bc08
U 32
C 35
= 0x7fb20a0b9118
R
P 0x7fb20a09bc08
C 294
R
P 0x7fb20a09bc08
P 0x7fb20a0b9118
C 9
R
P 0x7fb20a09bc08
C 294
R
P 0x7fb20a09bc08
I 32636928
P 0x7fb20a0b9118
C 145
= 0x7fb20a25b018
R
P 0x7fb20a09bc08
C 294
R
P 0x7fb20a09bc08
P 0x7fb20a25b018
C 208
R
P 0x7fb20a09bc08
C 294
R
P 0x7fb20a09bc08
P 0x7fb20a25b018
C 205
= 0x7fb20a0b9118
R
P 0x7fb20a09bc08
C 294
R
P 0x7fb20a09bc08
P 0x7fb20a0b9118
C 166
R
P 0x7fb20a09bc08
C 294
R
P 0x7fb20a09bc08
P 0x7fb20a25b018
C 211
R
P 0x7fb20a09bc08
C 294
R
P 0x7fb20a09bc08
P 0x7fb20a25b018
C 210
R
P 0x7fb20a09bc08
C 294
R
P 0x7fb20a09bc08
P 0x7fb20a25b018
C 9
R
P 0x7fb20a09bc08
C 294
R
P 0x7fb20a09bc08
P 0x7fb20a0ba7b8
P 0x7fb20a25b018
C 99
= 0x7fb20a9eedb8
R
P 0x7fb20a09bc08
C 294
R
P 0x7fb20a09bc08
P 0x7fb20a9eedb8
C 9
R
P 0x7fb20a09bc08
C 294
R
P 0x7fb20a09bc08
P 0x7fb208dad4a8
P 0x7fb20a9eedb8
C 423
R
P 0x7fb20a09bc08
C 294
R
P 0x7fb20a09bc08
U 32
C 35
= 0x7fb20a0b9118
R
P 0x7fb20a09bc08
C 294
R
P 0x7fb20a09bc08
P 0x7fb20a0b9118
C 9
R
P 0x7fb20a09bc08
C 294
R
P 0x7fb20a09bc08
I 34603016
P 0x7fb20a0b9118
C 145
= 0x7fb20a25b158
R
P 0x7fb20a09bc08
C 294
R
P 0x7fb20a09bc08
P 0x7fb20a25b158
C 208
R
P 0x7fb20a09bc08
C 294
R
P 0x7fb20a09bc08
P 0x7fb20a25b158
C 205
= 0x7fb20a0b9118
R
P 0x7fb20a09bc08
C 294
R
P 0x7fb20a09bc08
P 0x7fb20a0b9118
C 166
R
P 0x7fb20a09bc08
C 294
R
P 0x7fb20a09bc08
P 0x7fb20a25b158
C 211
R
P 0x7fb20a09bc08
C 294
R
P 0x7fb20a09bc08
P 0x7fb20a25b158
C 210
R
P 0x7fb20a09bc08
C 294
R
P 0x7fb20a09bc08
P 0x7fb20a25b158
C 9
R
P 0x7fb20a09bc08
C 294
R
P 0x7fb20a09bc08
P 0x7fb20a1ab458
P 0x7fb20a25b158
C 99
= 0x7fb20aa19450
R
P 0x7fb20a09bc08
C 294
R
P 0x7fb20a09bc08
P 0x7fb20aa19450
C 9
R
P 0x7fb20a09bc08
C 294
R
P 0x7fb20a09bc08
P 0x7fb208dad4a8
P 0x7fb20aa19450
C 423
R
P 0x7fb20a09bc08
C 294
R
P 0x7fb20a09bc08
P 0x7fb208dad4a8
C 426
R
P 0x7fb20a09bc08
C 294
R
P 0x7fb20a09bc08
P 0x7fb208dad4a8
C 428
= 0x7fb208c8b358
R
P 0x7fb20a09bc08
C 294
R
P 0x7fb20a09bc08
P 0x7fb208c8b358
C 248
R
P 0x7fb20a09bc08
C 294
R
P 0x7fb20a09bc08
P 0x7fb208c8b358
C 279
R
P 0x7fb20a09bc08
C 294
R
P 0x7fb20a09bc08
P 0x7fb208dad4a8
C 428
= 0x7fb208c8c308
R
P 0x7fb20a09bc08
C 294
R
P 0x7fb20a09bc08
P 0x7fb208c8c308
C 248
R
P 0x7fb20a09bc08
C 294
R
P 0x7fb20a09bc08
P 0x7fb208c8c308
P 0x7fb20a0ba798
I 0
P 0
C 250
* 0x7fb20a0ba818 4
R
P 0x7fb20a09bc08
C 294
R
P 0x7fb20a09bc08
P 0x7fb20a0ba818
C 208
R
P 0x7fb20a09bc08
C 294
R
P 0x7fb20a09bc08
P 0x7fb20a0ba818
C 205
= 0x7fb20a0b9118
R
P 0x7fb20a09bc08
C 294
R
P 0x7fb20a09bc08
P 0x7fb20a0b9118
C 166
R
P 0x7fb20a09bc08
C 294
R
P 0x7fb20a09bc08
P 0x7fb20a0ba818
C 211
R
P 0x7fb20a09bc08
C 294
R
P 0x7fb20a09bc08
P 0x7fb20a0ba818
C 210
R
P 0x7fb20a09bc08
C 294
R
P 0x7fb20a09bc08
P 0x7fb20a0ba818
C 9
R
P 0x7fb20a09bc08
C 294
R
P 0x7fb20a09bc08
P 0x7fb20a0ba818
I 0
C 219
R
P 0x7fb20a09bc08
C 294
R
P 0x7fb20a09bc08
P 0x7fb208dad4a8
C 428
= 0x7fb208c87a88
R
P 0x7fb20a09bc08
C 294
R
P 0x7fb20a09bc08
P 0x7fb208c87a88
C 248
R
P 0x7fb20a09bc08
C 294
R
P 0x7fb20a09bc08
P 0x7fb208c87a88
P 0x7fb20a0ba7b8
I 0
P 0
C 250
* 0x7fb20a25afb8 4
R
P 0x7fb20a09bc08
C 294
R
P 0x7fb20a09bc08
P 0x7fb20a25afb8
C 208
R
P 0x7fb20a09bc08
C 294
R
P 0x7fb20a09bc08
P 0x7fb20a25afb8
C 205
= 0x7fb20a0b9118
R
P 0x7fb20a09bc08
C 294
R
P 0x7fb20a09bc08
P 0x7fb20a0b9118
C 166
R
P 0x7fb20a09bc08
C 294
R
P 0x7fb20a09bc08
P 0x7fb20a25afb8
C 211
R
P 0x7fb20a09bc08
C 294
R
P 0x7fb20a09bc08
P 0x7fb20a25afb8
C 210
R
P 0x7fb20a09bc08
C 294
R
P 0x7fb20a09bc08
P 0x7fb20a25afb8
C 9
R
P 0x7fb20a09bc08
C 294
R
P 0x7fb20a09bc08
P 0x7fb20a25afb8
I 0
C 219
R
P 0x7fb20a09bc08
C 294
R
P 0x7fb20a09bc08
P 0x7fb208dad4a8
C 428
= 0x7fb208c87c58
R
P 0x7fb20a09bc08
C 294
R
P 0x7fb20a09bc08
P 0x7fb208c87c58
C 248
R
P 0x7fb20a09bc08
C 294
R
P 0x7fb20a09bc08
P 0x7fb208c87c58
P 0x7fb20a1ab458
I 0
P 0
C 250
* 0x7fb20a25ae98 4
R
P 0x7fb20a09bc08
C 294
R
P 0x7fb20a09bc08
P 0x7fb20a25ae98
C 208
R
P 0x7fb20a09bc08
C 294
R
P 0x7fb20a09bc08
P 0x7fb20a25ae98
C 205
= 0x7fb20a0b9118
R
P 0x7fb20a09bc08
C 294
R
P 0x7fb20a09bc08
P 0x7fb20a0b9118
C 166
R
P 0x7fb20a09bc08
C 294
R
P 0x7fb20a09bc08
P 0x7fb20a25ae98
C 211
R
P 0x7fb20a09bc08
C 294
R
P 0x7fb20a09bc08
P 0x7fb20a25ae98
C 210
R
P 0x7fb20a09bc08
C 294
R
P 0x7fb20a09bc08
P 0x7fb20a25ae98
C 9
R
P 0x7fb20a09bc08
C 294
R
P 0x7fb20a09bc08
P 0x7fb20a25ae98
I 0
C 219
R
P 0x7fb20a09bc08
C 294
R
P 0x7fb20a09bc08
U 32
C 35
= 0x7fb20a0b9118
R
P 0x7fb20a09bc08
C 294
R
P 0x7fb20a09bc08
P 0x7fb20a0b9118
C 9
R
P 0x7fb20a09bc08
C 294
R
P 0x7fb20a09bc08
I 7929888
P 0x7fb20a0b9118
C 145
= 0x7fb20a25afd8
R
P 0x7fb20a09bc08
C 294
R
P 0x7fb20a09bc08
P 0x7fb20a25afd8
C 208
R
P 0x7fb20a09bc08
C 294
R
P 0x7fb20a09bc08
P 0x7fb20a25afd8
C 205
= 0x7fb20a0b9118
R
P 0x7fb20a09bc08
C 294
R
P 0x7fb20a09bc08
P 0x7fb20a0b9118
C 166
R
P 0x7fb20a09bc08
C 294
R
P 0x7fb20a09bc08
P 0x7fb20a25afd8
C 211
R
P 0x7fb20a09bc08
C 294
R
P 0x7fb20a09bc08
P 0x7fb20a25afd8
C 210
R
P 0x7fb20a09bc08
C 294
R
P 0x7fb20a09bc08
P 0x7fb20a25afd8
C 9
R
P 0x7fb20a09bc08
C 294
R
P 0x7fb20a09bc08
P 0x7fb20a0ba7b8
P 0x7fb20a25afd8
C 99
= 0x7fb20a9eebc0
R
P 0x7fb20a09bc08
C 294
R
P 0x7fb20a09bc08
P 0x7fb20a9eebc0
C 9
R
P 0x7fb20a09bc08
C 294
R
P 0x7fb20a09bc08
P 0x7fb208dad4a8
P 0x7fb20a9eebc0
C 423
R
P 0x7fb20a09bc08
C 294
R
P 0x7fb20a09bc08
U 32
C 35
= 0x7fb20a0b9118
R
P 0x7fb20a09bc08
C 294
R
P 0x7fb20a09bc08
P 0x7fb20a0b9118
C 9
R
P 0x7fb20a09bc08
C 294
R
P 0x7fb20a09bc08
I 0
P 0x7fb20a0b9118
C 145
= 0x7fb20a0ba818
R
P 0x7fb20a09bc08
C 294
R
P 0x7fb20a09bc08
P 0x7fb20a0ba818
C 208
R
P 0x7fb20a09bc08
C 294
R
P 0x7fb20a09bc08
P 0x7fb20a0ba818
C 205
= 0x7fb20a0b9118
R
P 0x7fb20a09bc08
C 294
R
P 0x7fb20a09bc08
P 0x7fb20a0b9118
C 166
R
P 0x7fb20a09bc08
C 294
R
P 0x7fb20a09bc08
P 0x7fb20a0ba818
C 211
R
P 0x7fb20a09bc08
C 294
R
P 0x7fb20a09bc08
P 0x7fb20a0ba818
C 210
R
P 0x7fb20a09bc08
C 294
R
P 0x7fb20a09bc08
P 0x7fb20a0ba818
C 9
R
P 0x7fb20a09bc08
C 294
R
P 0x7fb20a09bc08
P 0x7fb20a0ba798
P 0x7fb20a0ba818
C 99
= 0x7fb20a9ef288
R
P 0x7fb20a09bc08
C 294
R
P 0x7fb20a09bc08
P 0x7fb20a9ef288
C 9
R
P 0x7fb20a09bc08
C 294
R
P 0x7fb20a09bc08
P 0x7fb208dad4a8
P 0x7fb20a9ef288
C 423
R
P 0x7fb20a09bc08
C 294
R
P 0x7fb20a09bc08
U 32
C 35
= 0x7fb20a0b9118
R
P 0x7fb20a09bc08
C 294
R
P 0x7fb20a09bc08
P 0x7fb20a0b9118
C 9
R
P 0x7fb20a09bc08
C 294
R
P 0x7fb20a09bc08
I 15859776
P 0x7fb20a0b9118
C 145
= 0x7fb20a25afb8
R
P 0x7fb20a09bc08
C 294
R
P 0x7fb20a09bc08
P 0x7fb20a25afb8
C 208
R
P 0x7fb20a09bc08
C 294
R
P 0x7fb20a09bc08
P 0x7fb20a25afb8
C 205
= 0x7fb20a0b9118
R
P 0x7fb20a09bc08
C 294
R
P 0x7fb20a09bc08
P 0x7fb20a0b9118
C 166
R
P 0x7fb20a09bc08
C 294
R
P 0x7fb20a09bc08
P 0x7fb20a25afb8
C 211
R
P 0x7fb20a09bc08
C 294
R
P 0x7fb20a09bc08
P 0x7fb20a25afb8
C 210
R
P 0x7fb20a09bc08
C 294
R
P 0x7fb20a09bc08
P 0x7fb20a25afb8
C 9
R
P 0x7fb20a09bc08
C 294
R
P 0x7fb20a09bc08
P 0x7fb20a0ba7b8
P 0x7fb20a25afb8
C 99
= 0x7fb20a9eeb88
R
P 0x7fb20a09bc08
C 294
R
P 0x7fb20a09bc08
P 0x7fb20a9eeb88
C 9
R
P 0x7fb20a09bc08
C 294
R
P 0x7fb20a09bc08
P 0x7fb208dad4a8
P 0x7fb20a9eeb88
C 423
R
P 0x7fb20a09bc08
C 294
R
P 0x7fb20a09bc08
U 32
C 35
= 0x7fb20a0b9118
R
P 0x7fb20a09bc08
C 294
R
P 0x7fb20a09bc08
P 0x7fb20a0b9118
C 9
R
P 0x7fb20a09bc08
C 294
R
P 0x7fb20a09bc08
I 9437192
P 0x7fb20a0b9118
C 145
= 0x7fb20a25ae98
R
P 0x7fb20a09bc08
C 294
R
P 0x7fb20a09bc08
P 0x7fb20a25ae98
C 208
R
P 0x7fb20a09bc08
C 294
R
P 0x7fb20a09bc08
P 0x7fb20a25ae98
C 205
= 0x7fb20a0b9118
R
P 0x7fb20a09bc08
C 294
R
P 0x7fb20a09bc08
P 0x7fb20a0b9118
C 166
R
P 0x7fb20a09bc08
C 294
R
P 0x7fb20a09bc08
P 0x7fb20a25ae98
C 211
R
P 0x7fb20a09bc08
C 294
R
P 0x7fb20a09bc08
P 0x7fb20a25ae98
C 210
R
P 0x7fb20a09bc08
C 294
R
P 0x7fb20a09bc08
P 0x7fb20a25ae98
C 9
R
P 0x7fb20a09bc08
C 294
R
P 0x7fb20a09bc08
P 0x7fb20a1ab458
P 0x7fb20a25ae98
C 99
= 0x7fb20a9eeb50
R
P 0x7fb20a09bc08
C 294
R
P 0x7fb20a09bc08
P 0x7fb20a9eeb50
C 9
R
P 0x7fb20a09bc08
C 294
R
P 0x7fb20a09bc08
P 0x7fb208dad4a8
P 0x7fb20a9eeb50
C 423
R
P 0x7fb20a09bc08
C 294
R
P 0x7fb20a09bc08
P 0x7fb208dad4a8
C 426
R
P 0x7fb20a09bc08
C 294
R
P 0x7fb20a09bc08
P 0x7fb208dad4a8
C 428
= 0x7fb208c88248
R
P 0x7fb20a09bc08
C 294
R
P 0x7fb20a09bc08
P 0x7fb208c88248
C 248
R
P 0x7fb20a09bc08
C 294
R
P 0x7fb20a09bc08
P 0x7fb208c88248
C 279
R
P 0x7fb20a09bc08
C 294
R
P 0x7fb20a09bc08
P 0x7fb208dad4a8
C 428
= 0x7fb208c890f8
R
P 0x7fb20a09bc08
C 294
R
P 0x7fb20a09bc08
P 0x7fb208c890f8
C 248
R
P 0x7fb20a09bc08
C 294
R
P 0x7fb20a09bc08
P 0x7fb208c890f8
P 0x7fb20a0ba798
I 0
P 0
C 250
* 0x7fb20a0ba818 4
R
P 0x7fb20a09bc08
C 294
R
P 0x7fb20a09bc08
P 0x7fb20a0ba818
C 208
R
P 0x7fb20a09bc08
C 294
R
P 0x7fb20a09bc08
P 0x7fb20a0ba818
C 205
= 0x7fb20a0b9118
R
P 0x7fb20a09bc08
C 294
R
P 0x7fb20a09bc08
P 0x7fb20a0b9118
C 166
R
P 0x7fb20a09bc08
C 294
R
P 0x7fb20a09bc08
P 0x7fb20a0ba818
C 211
R
P 0x7fb20a09bc08
C 294
R
P 0x7fb20a09bc08
P 0x7fb20a0ba818
C 210
R
P 0x7fb20a09bc08
C 294
R
P 0x7fb20a09bc08
P 0x7fb20a0ba818
C 9
R
P 0x7fb20a09bc08
C 294
R
P 0x7fb20a09bc08
P 0x7fb20a0ba818
I 0
C 219
R
P 0x7fb20a09bc08
C 294
R
P 0x7fb20a09bc08
P 0x7fb208dad4a8
C 428
= 0x7fb208c85fa8
R
P 0x7fb20a09bc08
C 294
R
P 0x7fb20a09bc08
P 0x7fb208c85fa8
C 248
R
P 0x7fb20a09bc08
C 294
R
P 0x7fb20a09bc08
P 0x7fb208c85fa8
P 0x7fb20a0ba7b8
I 0
P 0
C 250
* 0x7fb20a25af38 4
R
P 0x7fb20a09bc08
C 294
R
P 0x7fb20a09bc08
P 0x7fb20a25af38
C 208
R
P 0x7fb20a09bc08
C 294
R
P 0x7fb20a09bc08
P 0x7fb20a25af38
C 205
= 0x7fb20a0b9118
R
P 0x7fb20a09bc08
C 294
R
P 0x7fb20a09bc08
P 0x7fb20a0b9118
C 166
R
P 0x7fb20a09bc08
C 294
R
P 0x7fb20a09bc08
P 0x7fb20a25af38
C 211
R
P 0x7fb20a09bc08
C 294
R
P 0x7fb20a09bc08
P 0x7fb20a25af38
C 210
R
P 0x7fb20a09bc08
C 294
R
P 0x7fb20a09bc08
P 0x7fb20a25af38
C 9
R
P 0x7fb20a09bc08
C 294
R
P 0x7fb20a09bc08
P 0x7fb20a25af38
I 0
C 219
R
P 0x7fb20a09bc08
C 294
R
P 0x7fb20a09bc08
P 0x7fb208dad4a8
C 428
= 0x7fb208c85e38
R
P 0x7fb20a09bc08
C 294
R
P 0x7fb20a09bc08
P 0x7fb208c85e38
C 248
R
P 0x7fb20a09bc08
C 294
R
P 0x7fb20a09bc08
P 0x7fb208c85e38
P 0x7fb20a1ab458
I 0
P 0
C 250
* 0x7fb20a25ae98 4
R
P 0x7fb20a09bc08
C 294
R
P 0x7fb20a09bc08
P 0x7fb20a25ae98
C 208
R
P 0x7fb20a09bc08
C 294
R
P 0x7fb20a09bc08
P 0x7fb20a25ae98
C 205
= 0x7fb20a0b9118
R
P 0x7fb20a09bc08
C 294
R
P 0x7fb20a09bc08
P 0x7fb20a0b9118
C 166
R
P 0x7fb20a09bc08
C 294
R
P 0x7fb20a09bc08
P 0x7fb20a25ae98
C 211
R
P 0x7fb20a09bc08
C 294
R
P 0x7fb20a09bc08
P 0x7fb20a25ae98
C 210
R
P 0x7fb20a09bc08
C 294
R
P 0x7fb20a09bc08
P 0x7fb20a25ae98
C 9
R
P 0x7fb20a09bc08
C 294
R
P 0x7fb20a09bc08
P 0x7fb20a25ae98
I 0
C 219
R
P 0x7fb20a09bc08
C 294
R
P 0x7fb20a09bc08
U 32
C 35
= 0x7fb20a0b9118
R
P 0x7fb20a09bc08
C 294
R
P 0x7fb20a09bc08
P 0x7fb20a0b9118
C 9
R
P 0x7fb20a09bc08
C 294
R
P 0x7fb20a09bc08
I 3735584
P 0x7fb20a0b9118
C 145
= 0x7fb20a25ad18
R
P 0x7fb20a09bc08
C 294
R
P 0x7fb20a09bc08
P 0x7fb20a25ad18
C 208
R
P 0x7fb20a09bc08
C 294
R
P 0x7fb20a09bc08
P 0x7fb20a25ad18
C 205
= 0x7fb20a0b9118
R
P 0x7fb20a09bc08
C 294
R
P 0x7fb20a09bc08
P 0x7fb20a0b9118
C 166
R
P 0x7fb20a09bc08
C 294
R
P 0x7fb20a09bc08
P 0x7fb20a25ad18
C 211
R
P 0x7fb20a09bc08
C 294
R
P 0x7fb20a09bc08
P 0x7fb20a25ad18
C 210
R
P 0x7fb20a09bc08
C 294
R
P 0x7fb20a09bc08
P 0x7fb20a25ad18
C 9
R
P 0x7fb20a09bc08
C 294
R
P 0x7fb20a09bc08
P 0x7fb20a0ba7b8
P 0x7fb20a25ad18
C 99
= 0x7fb20a9ee990
R
P 0x7fb20a09bc08
C 294
R
P 0x7fb20a09bc08
P 0x7fb20a9ee990
C 9
R
P 0x7fb20a09bc08
C 294
R
P 0x7fb20a09bc08
P 0x7fb208dad4a8
P 0x7fb20a9ee990
C 423
R
P 0x7fb20a09bc08
C 294
R
P 0x7fb20a09bc08
U 32
C 35
= 0x7fb20a0b9118
R
P 0x7fb20a09bc08
C 294
R
P 0x7fb20a09bc08
P 0x7fb20a0b9118
C 9
R
P 0x7fb20a09bc08
C 294
R
P 0x7fb20a09bc08
I 0
P 0x7fb20a0b9118
C 145
= 0x7fb20a0ba818
R
P 0x7fb20a09bc08
C 294
R
P 0x7fb20a09bc08
P 0x7fb20a0ba818
C 208
R
P 0x7fb20a09bc08
C 294
R
P 0x7fb20a09bc08
P 0x7fb20a0ba818
C 205
= 0x7fb20a0b9118
R
P 0x7fb20a09bc08
C 294
R
P 0x7fb20a09bc08
P 0x7fb20a0b9118
C 166
R
P 0x7fb20a09bc08
C 294
R
P 0x7fb20a09bc08
P 0x7fb20a0ba818
C 211
R
P 0x7fb20a09bc08
C 294
R
P 0x7fb20a09bc08
P 0x7fb20a0ba818
C 210
R
P 0x7fb20a09bc08
C 294
R
P 0x7fb20a09bc08
P 0x7fb20a0ba818
C 9
R
P 0x7fb20a09bc08
C 294
R
P 0x7fb20a09bc08
P 0x7fb20a0ba798
P 0x7fb20a0ba818
C 99
= 0x7fb20a9ef288
R
P 0x7fb20a09bc08
C 294
R
P 0x7fb20a09bc08
P 0x7fb20a9ef288
C 9
R
P 0x7fb20a09bc08
C 294
R
P 0x7fb20a09bc08
P 0x7fb208dad4a8
P 0x7fb20a9ef288
C 423
R
P 0x7fb20a09bc08
C 294
R
P 0x7fb20a09bc08
U 32
C 35
= 0x7fb20a0b9118
R
P 0x7fb20a09bc08
C 294
R
P 0x7fb20a09bc08
P 0x7fb20a0b9118
C 9
R
P 0x7fb20a09bc08
C 294
R
P 0x7fb20a09bc08
I 7471169
P 0x7fb20a0b9118
C 145
= 0x7fb20a25af38
R
P 0x7fb20a09bc08
C 294
R
P 0x7fb20a09bc08
P 0x7fb20a25af38
C 208
R
P 0x7fb20a09bc08
C 294
R
P 0x7fb20a09bc08
P 0x7fb20a25af38
C 205
= 0x7fb20a0b9118
R
P 0x7fb20a09bc08
C 294
R
P 0x7fb20a09bc08
P 0x7fb20a0b9118
C 166
R
P 0x7fb20a09bc08
C 294
R
P 0x7fb20a09bc08
P 0x7fb20a25af38
C 211
R
P 0x7fb20a09bc08
C 294
R
P 0x7fb20a09bc08
P 0x7fb20a25af38
C 210
R
P 0x7fb20a09bc08
C 294
R
P 0x7fb20a09bc08
P 0x7fb20a25af38
C 9
R
P 0x7fb20a09bc08
C 294
R
P 0x7fb20a09bc08
P 0x7fb20a0ba7b8
P 0x7fb20a25af38
C 99
= 0x7fb20a9ee920
R
P 0x7fb20a09bc08
C 294
R
P 0x7fb20a09bc08
P 0x7fb20a9ee920
C 9
R
P 0x7fb20a09bc08
C 294
R
P 0x7fb20a09bc08
P 0x7fb208dad4a8
P 0x7fb20a9ee920
C 423
R
P 0x7fb20a09bc08
C 294
R
P 0x7fb20a09bc08
U 32
C 35
= 0x7fb20a0b9118
R
P 0x7fb20a09bc08
C 294
R
P 0x7fb20a09bc08
P 0x7fb20a0b9118
C 9
R
P 0x7fb20a09bc08
C 294
R
P 0x7fb20a09bc08
I 9437192
P 0x7fb20a0b9118
C 145
= 0x7fb20a25ae98
R
P 0x7fb20a09bc08
C 294
R
P 0x7fb20a09bc08
P 0x7fb20a25ae98
C 208
R
P 0x7fb20a09bc08
C 294
R
P 0x7fb20a09bc08
P 0x7fb20a25ae98
C 205
= 0x7fb20a0b9118
R
P 0x7fb20a09bc08
C 294
R
P 0x7fb20a09bc08
P 0x7fb20a0b9118
C 166
R
P 0x7fb20a09bc08
C 294
R
P 0x7fb20a09bc08
P 0x7fb20a25ae98
C 211
R
P 0x7fb20a09bc08
C 294
R
P 0x7fb20a09bc08
P 0x7fb20a25ae98
C 210
R
P 0x7fb20a09bc08
C 294
R
P 0x7fb20a09bc08
P 0x7fb20a25ae98
C 9
R
P 0x7fb20a09bc08
C 294
R
P 0x7fb20a09bc08
P 0x7fb20a1ab458
P 0x7fb20a25ae98
C 99
= 0x7fb20a9eeb50
R
P 0x7fb20a09bc08
C 294
R
P 0x7fb20a09bc08
P 0x7fb20a9eeb50
C 9
R
P 0x7fb20a09bc08
C 294
R
P 0x7fb20a09bc08
P 0x7fb208dad4a8
P 0x7fb20a9eeb50
C 423
R
P 0x7fb20a09bc08
C 294
R
P 0x7fb20a09bc08
P 0x7fb208dad4a8
C 426
R
P 0x7fb20a09bc08
C 294
R
P 0x7fb20a09bc08
P 0x7fb208dad4a8
C 428
= 0x7fb208c5d258
R
P 0x7fb20a09bc08
C 294
R
P 0x7fb20a09bc08
P 0x7fb208c5d258
C 248
R
P 0x7fb20a09bc08
C 294
R
P 0x7fb20a09bc08
P 0x7fb208c5d258
C 279
R
P 0x7fb20a09bc08
C 294
R
P 0x7fb20a09bc08
P 0x7fb208dad4a8
C 428
= 0x7fb208c851a8
R
P 0x7fb20a09bc08
C 294
R
P 0x7fb20a09bc08
P 0x7fb208c851a8
C 248
R
P 0x7fb20a09bc08
C 294
R
P 0x7fb20a09bc08
P 0x7fb208c851a8
P 0x7fb20a0ba798
I 0
P 0
C 250
* 0x7fb20a0ba818 4
R
P 0x7fb20a09bc08
C 294
R
P 0x7fb20a09bc08
P 0x7fb20a0ba818
C 208
R
P 0x7fb20a09bc08
C 294
R
P 0x7fb20a09bc08
P 0x7fb20a0ba818
C 205
= 0x7fb20a0b9118
R
P 0x7fb20a09bc08
C 294
R
P 0x7fb20a09bc08
P 0x7fb20a0b9118
C 166
R
P 0x7fb20a09bc08
C 294
R
P 0x7fb20a09bc08
P 0x7fb20a0ba818
C 211
R
P 0x7fb20a09bc08
C 294
R
P 0x7fb20a09bc08
P 0x7fb20a0ba818
C 210
R
P 0x7fb20a09bc08
C 294
R
P 0x7fb20a09bc08
P 0x7fb20a0ba818
C 9
R
P 0x7fb20a09bc08
C 294
R
P 0x7fb20a09bc08
P 0x7fb20a0ba818
I 0
C 219
R
P 0x7fb20a09bc08
C 294
R
P 0x7fb20a09bc08
P 0x7fb208dad4a8
C 428
= 0x7fb208c880e8
R
P 0x7fb20a09bc08
C 294
R
P 0x7fb20a09bc08
P 0x7fb208c880e8
C 248
R
P 0x7fb20a09bc08
C 294
R
P 0x7fb20a09bc08
P 0x7fb208c880e8
P 0x7fb20a0ba7b8
I 0
P 0
C 250
* 0x7fb20a25ad38 4
R
P 0x7fb20a09bc08
C 294
R
P 0x7fb20a09bc08
P 0x7fb20a25ad38
C 208
R
P 0x7fb20a09bc08
C 294
R
P 0x7fb20a09bc08
P 0x7fb20a25ad38
C 205
= 0x7fb20a0b9118
R
P 0x7fb20a09bc08
C 294
R
P 0x7fb20a09bc08
P 0x7fb20a0b9118
C 166
R
P 0x7fb20a09bc08
C 294
R
P 0x7fb20a09bc08
P 0x7fb20a25ad38
C 211
R
P 0x7fb20a09bc08
C 294
R
P 0x7fb20a09bc08
P 0x7fb20a25ad38
C 210
R
P 0x7fb20a09bc08
C 294
R
P 0x7fb20a09bc08
P 0x7fb20a25ad38
C 9
R
P 0x7fb20a09bc08
C 294
R
P 0x7fb20a09bc08
P 0x7fb20a25ad38
I 0
C 219
R
P 0x7fb20a09bc08
C 294
R
P 0x7fb20a09bc08
P 0x7fb208dad4a8
C 428
= 0x7fb208c54908
R
P 0x7fb20a09bc08
C 294
R
P 0x7fb20a09bc08
P 0x7fb208c54908
C 248
R
P 0x7fb20a09bc08
C 294
R
P 0x7fb20a09bc08
P 0x7fb208c54908
P 0x7fb20a1ab458
I 0
P 0
C 250
* 0x7fb20a25ac78 4
R
P 0x7fb20a09bc08
C 294
R
P 0x7fb20a09bc08
P 0x7fb20a25ac78
C 208
R
P 0x7fb20a09bc08
C 294
R
P 0x7fb20a09bc08
P 0x7fb20a25ac78
C 205
= 0x7fb20a0b9118
R
P 0x7fb20a09bc08
C 294
R
P 0x7fb20a09bc08
P 0x7fb20a0b9118
C 166
R
P 0x7fb20a09bc08
C 294
R
P 0x7fb20a09bc08
P 0x7fb20a25ac78
C 211
R
P 0x7fb20a09bc08
C 294
R
P 0x7fb20a09bc08
P 0x7fb20a25ac78
C 210
R
P 0x7fb20a09bc08
C 294
R
P 0x7fb20a09bc08
P 0x7fb20a25ac78
C 9
R
P 0x7fb20a09bc08
C 294
R
P 0x7fb20a09bc08
P 0x7fb20a25ac78
I 0
C 219
R
P 0x7fb20a09bc08
C 294
R
P 0x7fb20a09bc08
U 32
C 35
= 0x7fb20a0b9118
R
P 0x7fb20a09bc08
C 294
R
P 0x7fb20a09bc08
P 0x7fb20a0b9118
C 9
R
P 0x7fb20a09bc08
C 294
R
P 0x7fb20a09bc08
I 1048624
P 0x7fb20a0b9118
C 145
= 0x7fb20a25ac38
R
P 0x7fb20a09bc08
C 294
R
P 0x7fb20a09bc08
P 0x7fb20a25ac38
C 208
R
P 0x7fb20a09bc08
C 294
R
P 0x7fb20a09bc08
P 0x7fb20a25ac38
C 205
= 0x7fb20a0b9118
R
P 0x7fb20a09bc08
C 294
R
P 0x7fb20a09bc08
P 0x7fb20a0b9118
C 166
R
P 0x7fb20a09bc08
C 294
R
P 0x7fb20a09bc08
P 0x7fb20a25ac38
C 211
R
P 0x7fb20a09bc08
C 294
R
P 0x7fb20a09bc08
P 0x7fb20a25ac38
C 210
R
P 0x7fb20a09bc08
C 294
R
P 0x7fb20a09bc08
P 0x7fb20a25ac38
C 9
R
P 0x7fb20a09bc08
C 294
R
P 0x7fb20a09bc08
P 0x7fb20a0ba7b8
P 0x7fb20a25ac38
C 99
= 0x7fb20a9ee878
R
P 0x7fb20a09bc08
C 294
R
P 0x7fb20a09bc08
P 0x7fb20a9ee878
C 9
R
P 0x7fb20a09bc08
C 294
R
P 0x7fb20a09bc08
P 0x7fb208dad4a8
P 0x7fb20a9ee878
C 423
R
P 0x7fb20a09bc08
C 294
R
P 0x7fb20a09bc08
U 32
C 35
= 0x7fb20a0b9118
R
P 0x7fb20a09bc08
C 294
R
P 0x7fb20a09bc08
P 0x7fb20a0b9118
C 9
R
P 0x7fb20a09bc08
C 294
R
P 0x7fb20a09bc08
I 0
P 0x7fb20a0b9118
C 145
= 0x7fb20a0ba818
R
P 0x7fb20a09bc08
C 294
R
P 0x7fb20a09bc08
P 0x7fb20a0ba818
C 208
R
P 0x7fb20a09bc08
C 294
R
P 0x7fb20a09bc08
P 0x7fb20a0ba818
C 205
= 0x7fb20a0b9118
R
P 0x7fb20a09bc08
C 294
R
P 0x7fb20a09bc08
P 0x7fb20a0b9118
C 166
R
P 0x7fb20a09bc08
C 294
R
P 0x7fb20a09bc08
P 0x7fb20a0ba818
C 211
R
P 0x7fb20a09bc08
C 294
R
P 0x7fb20a09bc08
P 0x7fb20a0ba818
C 210
R
P 0x7fb20a09bc08
C 294
R
P 0x7fb20a09bc08
P 0x7fb20a0ba818
C 9
R
P 0x7fb20a09bc08
C 294
R
P 0x7fb20a09bc08
P 0x7fb20a0ba798
P 0x7fb20a0ba818
C 99
= 0x7fb20a9ef288
R
P 0x7fb20a09bc08
C 294
R
P 0x7fb20a09bc08
P 0x7fb20a9ef288
C 9
R
P 0x7fb20a09bc08
C 294
R
P 0x7fb20a09bc08
P 0x7fb208dad4a8
P 0x7fb20a9ef288
C 423
R
P 0x7fb20a09bc08
C 294
R
P 0x7fb20a09bc08
U 32
C 35
= 0x7fb20a0b9118
R
P 0x7fb20a09bc08
C 294
R
P 0x7fb20a09bc08
P 0x7fb20a0b9118
C 9
R
P 0x7fb20a09bc08
C 294
R
P 0x7fb20a09bc08
I 2097249
P 0x7fb20a0b9118
C 145
= 0x7fb20a25ad38
R
P 0x7fb20a09bc08
C 294
R
P 0x7fb20a09bc08
P 0x7fb20a25ad38
C 208
R
P 0x7fb20a09bc08
C 294
R
P 0x7fb20a09bc08
P 0x7fb20a25ad38
C 205
= 0x7fb20a0b9118
R
P 0x7fb20a09bc08
C 294
R
P 0x7fb20a09bc08
P 0x7fb20a0b9118
C 166
R
P 0x7fb20a09bc08
C 294
R
P 0x7fb20a09bc08
P 0x7fb20a25ad38
C 211
R
P 0x7fb20a09bc08
C 294
R
P 0x7fb20a09bc08
P 0x7fb20a25ad38
C 210
R
P 0x7fb20a09bc08
C 294
R
P 0x7fb20a09bc08
P 0x7fb20a25ad38
C 9
R
P 0x7fb20a09bc08
C 294
R
P 0x7fb20a09bc08
P 0x7fb20a0ba7b8
P 0x7fb20a25ad38
C 99
= 0x7fb20a9ee808
R
P 0x7fb20a09bc08
C 294
R
P 0x7fb20a09bc08
P 0x7fb20a9ee808
C 9
R
P 0x7fb20a09bc08
C 294
R
P 0x7fb20a09bc08
P 0x7fb208dad4a8
P 0x7fb20a9ee808
C 423
R
P 0x7fb20a09bc08
C 294
R
P 0x7fb20a09bc08
U 32
C 35
= 0x7fb20a0b9118
R
P 0x7fb20a09bc08
C 294
R
P 0x7fb20a09bc08
P 0x7fb20a0b9118
C 9
R
P 0x7fb20a09bc08
C 294
R
P 0x7fb20a09bc08
I 1198088
P 0x7fb20a0b9118
C 145
= 0x7fb20a25ac78
R
P 0x7fb20a09bc08
C 294
R
P 0x7fb20a09bc08
P 0x7fb20a25ac78
C 208
R
P 0x7fb20a09bc08
C 294
R
P 0x7fb20a09bc08
P 0x7fb20a25ac78
C 205
= 0x7fb20a0b9118
R
P 0x7fb20a09bc08
C 294
R
P 0x7fb20a09bc08
P 0x7fb20a0b9118
C 166
R
P 0x7fb20a09bc08
C 294
R
P 0x7fb20a09bc08
P 0x7fb20a25ac78
C 211
R
P 0x7fb20a09bc08
C 294
R
P 0x7fb20a09bc08
P 0x7fb20a25ac78
C 210
R
P 0x7fb20a09bc08
C 294
R
P 0x7fb20a09bc08
P 0x7fb20a25ac78
C 9
R
P 0x7fb20a09bc08
C 294
R
P 0x7fb20a09bc08
P 0x7fb20a1ab458
P 0x7fb20a25ac78
C 99
= 0x7fb20a9ee7d0
R
P 0x7fb20a09bc08
C 294
R
P 0x7fb20a09bc08
P 0x7fb20a9ee7d0
C 9
R
P 0x7fb20a09bc08
C 294
R
P 0x7fb20a09bc08
P 0x7fb208dad4a8
P 0x7fb20a9ee7d0
C 423
R
P 0x7fb20a09bc08
C 294
R
P 0x7fb20a09bc08
P 0x7fb208dad4a8
C 426
R
P 0x7fb20a09bc08
C 294
R
P 0x7fb20a09bc08
P 0x7fb208dad4a8
C 428
= 0x7fb208c5ee68
R
P 0x7fb20a09bc08
C 294
R
P 0x7fb20a09bc08
P 0x7fb208c5ee68
C 248
R
P 0x7fb20a09bc08
C 294
R
P 0x7fb20a09bc08
P 0x7fb208c5ee68
C 279
R
P 0x7fb20a09bc08
C 294
R
P 0x7fb20a09bc08
P 0x7fb208dad4a8
C 428
= 0x7fb208d5b098
R
P 0x7fb20a09bc08
C 294
R
P 0x7fb20a09bc08
P 0x7fb208d5b098
C 248
R
P 0x7fb20a09bc08
C 294
R
P 0x7fb20a09bc08
P 0x7fb208d5b098
P 0x7fb20a0ba798
I 0
P 0
C 250
* 0x7fb20a0ba818 4
R
P 0x7fb20a09bc08
C 294
R
P 0x7fb20a09bc08
P 0x7fb20a0ba818
C 208
R
P 0x7fb20a09bc08
C 294
R
P 0x7fb20a09bc08
P 0x7fb20a0ba818
C 205
= 0x7fb20a0b9118
R
P 0x7fb20a09bc08
C 294
R
P 0x7fb20a09bc08
P 0x7fb20a0b9118
C 166
R
P 0x7fb20a09bc08
C 294
R
P 0x7fb20a09bc08
P 0x7fb20a0ba818
C 211
R
P 0x7fb20a09bc08
C 294
R
P 0x7fb20a09bc08
P 0x7fb20a0ba818
C 210
R
P 0x7fb20a09bc08
C 294
R
P 0x7fb20a09bc08
P 0x7fb20a0ba818
C 9
R
P 0x7fb20a09bc08
C 294
R
P 0x7fb20a09bc08
P 0x7fb20a0ba818
I 0
C 219
R
P 0x7fb20a09bc08
C 294
R
P 0x7fb20a09bc08
P 0x7fb208dad4a8
C 428
= 0x7fb208d5bfe8
R
P 0x7fb20a09bc08
C 294
R
P 0x7fb20a09bc08
P 0x7fb208d5bfe8
C 248
R
P 0x7fb20a09bc08
C 294
R
P 0x7fb20a09bc08
P 0x7fb208d5bfe8
P 0x7fb20a0ba7b8
I 0
P 0
C 250
* 0x7fb20a25ac58 4
R
P 0x7fb20a09bc08
C 294
R
P 0x7fb20a09bc08
P 0x7fb20a25ac58
C 208
R
P 0x7fb20a09bc08
C 294
R
P 0x7fb20a09bc08
P 0x7fb20a25ac58
C 205
= 0x7fb20a0b9118
R
P 0x7fb20a09bc08
C 294
R
P 0x7fb20a09bc08
P 0x7fb20a0b9118
C 166
R
P 0x7fb20a09bc08
C 294
R
P 0x7fb20a09bc08
P 0x7fb20a25ac58
C 211
R
P 0x7fb20a09bc08
C 294
R
P 0x7fb20a09bc08
P 0x7fb20a25ac58
C 210
R
P 0x7fb20a09bc08
C 294
R
P 0x7fb20a09bc08
P 0x7fb20a25ac58
C 9
R
P 0x7fb20a09bc08
C 294
R
P 0x7fb20a09bc08
P 0x7fb20a25ac58
I 0
C 219
R
P 0x7fb20a09bc08
C 294
R
P 0x7fb20a09bc08
P 0x7fb208dad4a8
C 428
= 0x7fb208d5aeb8
R
P 0x7fb20a09bc08
C 294
R
P 0x7fb20a09bc08
P 0x7fb208d5aeb8
C 248
R
P 0x7fb20a09bc08
C 294
R
P 0x7fb20a09bc08
P 0x7fb208d5aeb8
P 0x7fb20a1ab458
I 0
P 0
C 250
* 0x7fb20a25ac78 4
R
P 0x7fb20a09bc08
C 294
R
P 0x7fb20a09bc08
P 0x7fb20a25ac78
C 208
R
P 0x7fb20a09bc08
C 294
R
P 0x7fb20a09bc08
P 0x7fb20a25ac78
C 205
= 0x7fb20a0b9118
R
P 0x7fb20a09bc08
C 294
R
P 0x7fb20a09bc08
P 0x7fb20a0b9118
C 166
R
P 0x7fb20a09bc08
C 294
R
P 0x7fb20a09bc08
P 0x7fb20a25ac78
C 211
R
P 0x7fb20a09bc08
C 294
R
P 0x7fb20a09bc08
P 0x7fb20a25ac78
C 210
R
P 0x7fb20a09bc08
C 294
R
P 0x7fb20a09bc08
P 0x7fb20a25ac78
C 9
R
P 0x7fb20a09bc08
C 294
R
P 0x7fb20a09bc08
P 0x7fb20a25ac78
I 0
C 219
R
P 0x7fb20a09bc08
C 294
R
P 0x7fb20a09bc08
U 32
C 35
= 0x7fb20a0b9118
R
P 0x7fb20a09bc08
C 294
R
P 0x7fb20a09bc08
P 0x7fb20a0b9118
C 9
R
P 0x7fb20a09bc08
C 294
R
P 0x7fb20a09bc08
I 48
P 0x7fb20a0b9118
C 145
= 0x7fb20a25aaf8
R
P 0x7fb20a09bc08
C 294
R
P 0x7fb20a09bc08
P 0x7fb20a25aaf8
C 208
R
P 0x7fb20a09bc08
C 294
R
P 0x7fb20a09bc08
P 0x7fb20a25aaf8
C 205
= 0x7fb20a0b9118
R
P 0x7fb20a09bc08
C 294
R
P 0x7fb20a09bc08
P 0x7fb20a0b9118
C 166
R
P 0x7fb20a09bc08
C 294
R
P 0x7fb20a09bc08
P 0x7fb20a25aaf8
C 211
R
P 0x7fb20a09bc08
C 294
R
P 0x7fb20a09bc08
P 0x7fb20a25aaf8
C 210
R
P 0x7fb20a09bc08
C 294
R
P 0x7fb20a09bc08
P 0x7fb20a25aaf8
C 9
R
P 0x7fb20a09bc08
C 294
R
P 0x7fb20a09bc08
P 0x7fb20a0ba7b8
P 0x7fb20a25aaf8
C 99
= 0x7fb20a9ee760
R
P 0x7fb20a09bc08
C 294
R
P 0x7fb20a09bc08
P 0x7fb20a9ee760
C 9
R
P 0x7fb20a09bc08
C 294
R
P 0x7fb20a09bc08
P 0x7fb208dad4a8
P 0x7fb20a9ee760
C 423
R
P 0x7fb20a09bc08
C 294
R
P 0x7fb20a09bc08
U 32
C 35
= 0x7fb20a0b9118
R
P 0x7fb20a09bc08
C 294
R
P 0x7fb20a09bc08
P 0x7fb20a0b9118
C 9
R
P 0x7fb20a09bc08
C 294
R
P 0x7fb20a09bc08
I 0
P 0x7fb20a0b9118
C 145
= 0x7fb20a0ba818
R
P 0x7fb20a09bc08
C 294
R
P 0x7fb20a09bc08
P 0x7fb20a0ba818
C 208
R
P 0x7fb20a09bc08
C 294
R
P 0x7fb20a09bc08
P 0x7fb20a0ba818
C 205
= 0x7fb20a0b9118
R
P 0x7fb20a09bc08
C 294
R
P 0x7fb20a09bc08
P 0x7fb20a0b9118
C 166
R
P 0x7fb20a09bc08
C 294
R
P 0x7fb20a09bc08
P 0x7fb20a0ba818
C 211
R
P 0x7fb20a09bc08
C 294
R
P 0x7fb20a09bc08
P 0x7fb20a0ba818
C 210
R
P 0x7fb20a09bc08
C 294
R
P 0x7fb20a09bc08
P 0x7fb20a0ba818
C 9
R
P 0x7fb20a09bc08
C 294
R
P 0x7fb20a09bc08
P 0x7fb20a0ba798
P 0x7fb20a0ba818
C 99
= 0x7fb20a9ef288
R
P 0x7fb20a09bc08
C 294
R
P 0x7fb20a09bc08
P 0x7fb20a9ef288
C 9
R
P 0x7fb20a09bc08
C 294
R
P 0x7fb20a09bc08
P 0x7fb208dad4a8
P 0x7fb20a9ef288
C 423
R
P 0x7fb20a09bc08
C 294
R
P 0x7fb20a09bc08
U 32
C 35
= 0x7fb20a0b9118
R
P 0x7fb20a09bc08
C 294
R
P 0x7fb20a09bc08
P 0x7fb20a0b9118
C 9
R
P 0x7fb20a09bc08
C 294
R
P 0x7fb20a09bc08
I 97
P 0x7fb20a0b9118
C 145
= 0x7fb20a25ac58
R
P 0x7fb20a09bc08
C 294
R
P 0x7fb20a09bc08
P 0x7fb20a25ac58
C 208
R
P 0x7fb20a09bc08
C 294
R
P 0x7fb20a09bc08
P 0x7fb20a25ac58
C 205
= 0x7fb20a0b9118
R
P 0x7fb20a09bc08
C 294
R
P 0x7fb20a09bc08
P 0x7fb20a0b9118
C 166
R
P 0x7fb20a09bc08
C 294
R
P 0x7fb20a09bc08
P 0x7fb20a25ac58
C 211
R
P 0x7fb20a09bc08
C 294
R
P 0x7fb20a09bc08
P 0x7fb20a25ac58
C 210
R
P 0x7fb20a09bc08
C 294
R
P 0x7fb20a09bc08
P 0x7fb20a25ac58
C 9
R
P 0x7fb20a09bc08
C 294
R
P 0x7fb20a09bc08
P 0x7fb20a0ba7b8
P 0x7fb20a25ac58
C 99
= 0x7fb20a9ee6f0
R
P 0x7fb20a09bc08
C 294
R
P 0x7fb20a09bc08
P 0x7fb20a9ee6f0
C 9
R
P 0x7fb20a09bc08
C 294
R
P 0x7fb20a09bc08
P 0x7fb208dad4a8
P 0x7fb20a9ee6f0
C 423
R
P 0x7fb20a09bc08
C 294
R
P 0x7fb20a09bc08
U 32
C 35
= 0x7fb20a0b9118
R
P 0x7fb20a09bc08
C 294
R
P 0x7fb20a09bc08
P 0x7fb20a0b9118
C 9
R
P 0x7fb20a09bc08
C 294
R
P 0x7fb20a09bc08
I 1198088
P 0x7fb20a0b9118
C 145
= 0x7fb20a25ac78
R
P 0x7fb20a09bc08
C 294
R
P 0x7fb20a09bc08
P 0x7fb20a25ac78
C 208
R
P 0x7fb20a09bc08
C 294
R
P 0x7fb20a09bc08
P 0x7fb20a25ac78
C 205
= 0x7fb20a0b9118
R
P 0x7fb20a09bc08
C 294
R
P 0x7fb20a09bc08
P 0x7fb20a0b9118
C 166
R
P 0x7fb20a09bc08
C 294
R
P 0x7fb20a09bc08
P 0x7fb20a25ac78
C 211
R
P 0x7fb20a09bc08
C 294
R
P 0x7fb20a09bc08
P 0x7fb20a25ac78
C 210
R
P 0x7fb20a09bc08
C 294
R
P 0x7fb20a09bc08
P 0x7fb20a25ac78
C 9
R
P 0x7fb20a09bc08
C 294
R
P 0x7fb20a09bc08
P 0x7fb20a1ab458
P 0x7fb20a25ac78
C 99
= 0x7fb20a9ee7d0
R
P 0x7fb20a09bc08
C 294
R
P 0x7fb20a09bc08
P 0x7fb20a9ee7d0
C 9
R
P 0x7fb20a09bc08
C 294
R
P 0x7fb20a09bc08
P 0x7fb208dad4a8
P 0x7fb20a9ee7d0
C 423
R
P 0x7fb20a09bc08
C 294
R
P 0x7fb20a09bc08
P 0x7fb208dad4a8
C 426
R
P 0x7fb20a09bc08
C 294
R
P 0x7fb20a09bc08
P 0x7fb208dad4a8
C 428
= 0x7fb208d4cad8
R
P 0x7fb20a09bc08
C 294
R
P 0x7fb20a09bc08
P 0x7fb208d4cad8
C 248
R
P 0x7fb20a09bc08
C 294
R
P 0x7fb20a09bc08
P 0x7fb208d4cad8
C 279
R
P 0x7fb20a09bc08
C 294
R
P 0x7fb20a09bc08
P 0x7fb208dad4a8
C 428
= 0x7fb208d69198
R
P 0x7fb20a09bc08
C 294
R
P 0x7fb20a09bc08
P 0x7fb208d69198
C 248
R
P 0x7fb20a09bc08
C 294
R
P 0x7fb20a09bc08
P 0x7fb208d69198
P 0x7fb20a0ba798
I 0
P 0
C 250
* 0x7fb20a0ba818 4
R
P 0x7fb20a09bc08
C 294
R
P 0x7fb20a09bc08
P 0x7fb20a0ba818
C 208
R
P 0x7fb20a09bc08
C 294
R
P 0x7fb20a09bc08
P 0x7fb20a0ba818
C 205
= 0x7fb20a0b9118
R
P 0x7fb20a09bc08
C 294
R
P 0x7fb20a09bc08
P 0x7fb20a0b9118
C 166
R
P 0x7fb20a09bc08
C 294
R
P 0x7fb20a09bc08
P 0x7fb20a0ba818
C 211
R
P 0x7fb20a09bc08
C 294
R
P 0x7fb20a09bc08
P 0x7fb20a0ba818
C 210
R
P 0x7fb20a09bc08
C 294
R
P 0x7fb20a09bc08
P 0x7fb20a0ba818
C 9
R
P 0x7fb20a09bc08
C 294
R
P 0x7fb20a09bc08
P 0x7fb20a0ba818
I 0
C 219
R
P 0x7fb20a09bc08
C 294
R
P 0x7fb20a09bc08
P 0x7fb208dad4a8
C 428
= 0x7fb208d48058
R
P 0x7fb20a09bc08
C 294
R
P 0x7fb20a09bc08
P 0x7fb208d48058
C 248
R
P 0x7fb20a09bc08
C 294
R
P 0x7fb20a09bc08
P 0x7fb208d48058
P 0x7fb20a0ba7b8
I 0
P 0
C 250
* 0x7fb20a25ab18 4
R
P 0x7fb20a09bc08
C 294
R
P 0x7fb20a09bc08
P 0x7fb20a25ab18
C 208
R
P 0x7fb20a09bc08
C 294
R
P 0x7fb20a09bc08
P 0x7fb20a25ab18
C 205
= 0x7fb20a0b9118
R
P 0x7fb20a09bc08
C 294
R
P 0x7fb20a09bc08
P 0x7fb20a0b9118
C 166
R
P 0x7fb20a09bc08
C 294
R
P 0x7fb20a09bc08
P 0x7fb20a25ab18
C 211
R
P 0x7fb20a09bc08
C 294
R
P 0x7fb20a09bc08
P 0x7fb20a25ab18
C 210
R
P 0x7fb20a09bc08
C 294
R
P 0x7fb20a09bc08
P 0x7fb20a25ab18
C 9
R
P 0x7fb20a09bc08
C 294
R
P 0x7fb20a09bc08
P 0x7fb20a25ab18
I 0
C 219
R
P 0x7fb20a09bc08
C 294
R
P 0x7fb20a09bc08
P 0x7fb208dad4a8
C 428
= 0x7fb208d60a88
R
P 0x7fb20a09bc08
C 294
R
P 0x7fb20a09bc08
P 0x7fb208d60a88
C 248
R
P 0x7fb20a09bc08
C 294
R
P 0x7fb20a09bc08
P 0x7fb208d60a88
P 0x7fb20a1ab458
I 0
P 0
C 250
* 0x7fb20a25ac78 4
R
P 0x7fb20a09bc08
C 294
R
P 0x7fb20a09bc08
P 0x7fb20a25ac78
C 208
R
P 0x7fb20a09bc08
C 294
R
P 0x7fb20a09bc08
P 0x7fb20a25ac78
C 205
= 0x7fb20a0b9118
R
P 0x7fb20a09bc08
C 294
R
P 0x7fb20a09bc08
P 0x7fb20a0b9118
C 166
R
P 0x7fb20a09bc08
C 294
R
P 0x7fb20a09bc08
P 0x7fb20a25ac78
C 211
R
P 0x7fb20a09bc08
C 294
R
P 0x7fb20a09bc08
P 0x7fb20a25ac78
C 210
R
P 0x7fb20a09bc08
C 294
R
P 0x7fb20a09bc08
P 0x7fb20a25ac78
C 9
R
P 0x7fb20a09bc08
C 294
R
P 0x7fb20a09bc08
P 0x7fb20a25ac78
I 0
C 219
R
P 0x7fb20a09bc08
C 294
R
P 0x7fb20a09bc08
U 32
C 35
= 0x7fb20a0b9118
R
P 0x7fb20a09bc08
C 294
R
P 0x7fb20a09bc08
P 0x7fb20a0b9118
C 9
R
P 0x7fb20a09bc08
C 294
R
P 0x7fb20a09bc08
I 16
P 0x7fb20a0b9118
C 145
= 0x7fb20a25abd8
R
P 0x7fb20a09bc08
C 294
R
P 0x7fb20a09bc08
P 0x7fb20a25abd8
C 208
R
P 0x7fb20a09bc08
C 294
R
P 0x7fb20a09bc08
P 0x7fb20a25abd8
C 205
= 0x7fb20a0b9118
R
P 0x7fb20a09bc08
C 294
R
P 0x7fb20a09bc08
P 0x7fb20a0b9118
C 166
R
P 0x7fb20a09bc08
C 294
R
P 0x7fb20a09bc08
P 0x7fb20a25abd8
C 211
R
P 0x7fb20a09bc08
C 294
R
P 0x7fb20a09bc08
P 0x7fb20a25abd8
C 210
R
P 0x7fb20a09bc08
C 294
R
P 0x7fb20a09bc08
P 0x7fb20a25abd8
C 9
R
P 0x7fb20a09bc08
C 294
R
P 0x7fb20a09bc08
P 0x7fb20a0ba7b8
P 0x7fb20a25abd8
C 99
= 0x7fb20a9ee8b0
R
P 0x7fb20a09bc08
C 294
R
P 0x7fb20a09bc08
P 0x7fb20a9ee8b0
C 9
R
P 0x7fb20a09bc08
C 294
R
P 0x7fb20a09bc08
P 0x7fb208dad4a8
P 0x7fb20a9ee8b0
C 423
R
P 0x7fb20a09bc08
C 294
R
P 0x7fb20a09bc08
U 32
C 35
= 0x7fb20a0b9118
R
P 0x7fb20a09bc08
C 294
R
P 0x7fb20a09bc08
P 0x7fb20a0b9118
C 9
R
P 0x7fb20a09bc08
C 294
R
P 0x7fb20a09bc08
I 0
P 0x7fb20a0b9118
C 145
= 0x7fb20a0ba818
R
P 0x7fb20a09bc08
C 294
R
P 0x7fb20a09bc08
P 0x7fb20a0ba818
C 208
R
P 0x7fb20a09bc08
C 294
R
P 0x7fb20a09bc08
P 0x7fb20a0ba818
C 205
= 0x7fb20a0b9118
R
P 0x7fb20a09bc08
C 294
R
P 0x7fb20a09bc08
P 0x7fb20a0b9118
C 166
R
P 0x7fb20a09bc08
C 294
R
P 0x7fb20a09bc08
P 0x7fb20a0ba818
C 211
R
P 0x7fb20a09bc08
C 294
R
P 0x7fb20a09bc08
P 0x7fb20a0ba818
C 210
R
P 0x7fb20a09bc08
C 294
R
P 0x7fb20a09bc08
P 0x7fb20a0ba818
C 9
R
P 0x7fb20a09bc08
C 294
R
P 0x7fb20a09bc08
P 0x7fb20a0ba798
P 0x7fb20a0ba818
C 99
= 0x7fb20a9ef288
R
P 0x7fb20a09bc08
C 294
R
P 0x7fb20a09bc08
P 0x7fb20a9ef288
C 9
R
P 0x7fb20a09bc08
C 294
R
P 0x7fb20a09bc08
P 0x7fb208dad4a8
P 0x7fb20a9ef288
C 423
R
P 0x7fb20a09bc08
C 294
R
P 0x7fb20a09bc08
U 32
C 35
= 0x7fb20a0b9118
R
P 0x7fb20a09bc08
C 294
R
P 0x7fb20a09bc08
P 0x7fb20a0b9118
C 9
R
P 0x7fb20a09bc08
C 294
R
P 0x7fb20a09bc08
I 33
P 0x7fb20a0b9118
C 145
= 0x7fb20a25ab18
R
P 0x7fb20a09bc08
C 294
R
P 0x7fb20a09bc08
P 0x7fb20a25ab18
C 208
R
P 0x7fb20a09bc08
C 294
R
P 0x7fb20a09bc08
P 0x7fb20a25ab18
C 205
= 0x7fb20a0b9118
R
P 0x7fb20a09bc08
C 294
R
P 0x7fb20a09bc08
P 0x7fb20a0b9118
C 166
R
P 0x7fb20a09bc08
C 294
R
P 0x7fb20a09bc08
P 0x7fb20a25ab18
C 211
R
P 0x7fb20a09bc08
C 294
R
P 0x7fb20a09bc08
P 0x7fb20a25ab18
C 210
R
P 0x7fb20a09bc08
C 294
R
P 0x7fb20a09bc08
P 0x7fb20a25ab18
C 9
R
P 0x7fb20a09bc08
C 294
R
P 0x7fb20a09bc08
P 0x7fb20a0ba7b8
P 0x7fb20a25ab18
C 99
= 0x7fb20a9eecd8
R
P 0x7fb20a09bc08
C 294
R
P 0x7fb20a09bc08
P 0x7fb20a9eecd8
C 9
R
P 0x7fb20a09bc08
C 294
R
P 0x7fb20a09bc08
P 0x7fb208dad4a8
P 0x7fb20a9eecd8
C 423
R
P 0x7fb20a09bc08
C 294
R
P 0x7fb20a09bc08
U 32
C 35
= 0x7fb20a0b9118
R
P 0x7fb20a09bc08
C 294
R
P 0x7fb20a09bc08
P 0x7fb20a0b9118
C 9
R
P 0x7fb20a09bc08
C 294
R
P 0x7fb20a09bc08
I 1198088
P 0x7fb20a0b9118
C 145
= 0x7fb20a25ac78
R
P 0x7fb20a09bc08
C 294
R
P 0x7fb20a09bc08
P 0x7fb20a25ac78
C 208
R
P 0x7fb20a09bc08
C 294
R
P 0x7fb20a09bc08
P 0x7fb20a25ac78
C 205
= 0x7fb20a0b9118
R
P 0x7fb20a09bc08
C 294
R
P 0x7fb20a09bc08
P 0x7fb20a0b9118
C 166
R
P 0x7fb20a09bc08
C 294
R
P 0x7fb20a09bc08
P 0x7fb20a25ac78
C 211
R
P 0x7fb20a09bc08
C 294
R
P 0x7fb20a09bc08
P 0x7fb20a25ac78
C 210
R
P 0x7fb20a09bc08
C 294
R
P 0x7fb20a09bc08
P 0x7fb20a25ac78
C 9
R
P 0x7fb20a09bc08
C 294
R
P 0x7fb20a09bc08
P 0x7fb20a1ab458
P 0x7fb20a25ac78
C 99
= 0x7fb20a9ee7d0
R
P 0x7fb20a09bc08
C 294
R
P 0x7fb20a09bc08
P 0x7fb20a9ee7d0
C 9
R
P 0x7fb20a09bc08
C 294
R
P 0x7fb20a09bc08
P 0x7fb208dad4a8
P 0x7fb20a9ee7d0
C 423
R
P 0x7fb20a09bc08
C 294
R
P 0x7fb20a09bc08
P 0x7fb208dad4a8
C 426
R
P 0x7fb20a09bc08
C 294
R
P 0x7fb20a09bc08
P 0x7fb208dad4a8
C 428
= 0x7fb208d4d828
R
P 0x7fb20a09bc08
C 294
R
P 0x7fb20a09bc08
P 0x7fb208d4d828
C 248
R
P 0x7fb20a09bc08
C 294
R
P 0x7fb20a09bc08
P 0x7fb208d4d828
C 279
R
P 0x7fb20a09bc08
C 294
R
P 0x7fb20a09bc08
P 0x7fb208dad4a8
C 428
= 0x7fb208d62ee8
R
P 0x7fb20a09bc08
C 294
R
P 0x7fb20a09bc08
P 0x7fb208d62ee8
C 248
R
P 0x7fb20a09bc08
C 294
R
P 0x7fb20a09bc08
P 0x7fb208d62ee8
P 0x7fb20a0ba798
I 0
P 0
C 250
* 0x7fb20a0ba818 4
R
P 0x7fb20a09bc08
C 294
R
P 0x7fb20a09bc08
P 0x7fb20a0ba818
C 208
R
P 0x7fb20a09bc08
C 294
R
P 0x7fb20a09bc08
P 0x7fb20a0ba818
C 205
= 0x7fb20a0b9118
R
P 0x7fb20a09bc08
C 294
R
P 0x7fb20a09bc08
P 0x7fb20a0b9118
C 166
R
P 0x7fb20a09bc08
C 294
R
P 0x7fb20a09bc08
P 0x7fb20a0ba818
C 211
R
P 0x7fb20a09bc08
C 294
R
P 0x7fb20a09bc08
P 0x7fb20a0ba818
C 210
R
P 0x7fb20a09bc08
C 294
R
P 0x7fb20a09bc08
P 0x7fb20a0ba818
C 9
R
P 0x7fb20a09bc08
C 294
R
P 0x7fb20a09bc08
P 0x7fb20a0ba818
I 0
C 219
R
P 0x7fb20a09bc08
C 294
R
P 0x7fb20a09bc08
P 0x7fb208dad4a8
C 428
= 0x7fb208d47e18
R
P 0x7fb20a09bc08
C 294
R
P 0x7fb20a09bc08
P 0x7fb208d47e18
C 248
R
P 0x7fb20a09bc08
C 294
R
P 0x7fb20a09bc08
P 0x7fb208d47e18
P 0x7fb20a0ba7b8
I 0
P 0
C 250
* 0x7fb20a0b9598 4
R
P 0x7fb20a09bc08
C 294
R
P 0x7fb20a09bc08
P 0x7fb20a0b9598
C 208
R
P 0x7fb20a09bc08
C 294
R
P 0x7fb20a09bc08
P 0x7fb20a0b9598
C 205
= 0x7fb20a0b9118
R
P 0x7fb20a09bc08
C 294
R
P 0x7fb20a09bc08
P 0x7fb20a0b9118
C 166
R
P 0x7fb20a09bc08
C 294
R
P 0x7fb20a09bc08
P 0x7fb20a0b9598
C 211
R
P 0x7fb20a09bc08
C 294
R
P 0x7fb20a09bc08
P 0x7fb20a0b9598
C 210
R
P 0x7fb20a09bc08
C 294
R
P 0x7fb20a09bc08
P 0x7fb20a0b9598
C 9
R
P 0x7fb20a09bc08
C 294
R
P 0x7fb20a09bc08
P 0x7fb20a0b9598
I 0
C 219
R
P 0x7fb20a09bc08
C 294
R
P 0x7fb20a09bc08
P 0x7fb208dad4a8
C 428
= 0x7fb208d7c618
R
P 0x7fb20a09bc08
C 294
R
P 0x7fb20a09bc08
P 0x7fb208d7c618
C 248
R
P 0x7fb20a09bc08
C 294
R
P 0x7fb20a09bc08
P 0x7fb208d7c618
P 0x7fb20a1ab458
I 0
P 0
C 250
* 0x7fb20a25ac78 4
R
P 0x7fb20a09bc08
C 294
R
P 0x7fb20a09bc08
P 0x7fb20a25ac78
C 208
R
P 0x7fb20a09bc08
C 294
R
P 0x7fb20a09bc08
P 0x7fb20a25ac78
C 205
= 0x7fb20a0b9118
R
P 0x7fb20a09bc08
C 294
R
P 0x7fb20a09bc08
P 0x7fb20a0b9118
C 166
R
P 0x7fb20a09bc08
C 294
R
P 0x7fb20a09bc08
P 0x7fb20a25ac78
C 211
R
P 0x7fb20a09bc08
C 294
R
P 0x7fb20a09bc08
P 0x7fb20a25ac78
C 210
R
P 0x7fb20a09bc08
C 294
R
P 0x7fb20a09bc08
P 0x7fb20a25ac78
C 9
R
P 0x7fb20a09bc08
C 294
R
P 0x7fb20a09bc08
P 0x7fb20a25ac78
I 0
C 219
R
P 0x7fb20a09bc08
C 294
R
P 0x7fb20a09bc08
U 32
C 35
= 0x7fb20a0b9118
R
P 0x7fb20a09bc08
C 294
R
P 0x7fb20a09bc08
P 0x7fb20a0b9118
C 9
R
P 0x7fb20a09bc08
C 294
R
P 0x7fb20a09bc08
I 0
P 0x7fb20a0b9118
C 145
= 0x7fb20a0ba818
R
P 0x7fb20a09bc08
C 294
R
P 0x7fb20a09bc08
P 0x7fb20a0ba818
C 208
R
P 0x7fb20a09bc08
C 294
R
P 0x7fb20a09bc08
P 0x7fb20a0ba818
C 205
= 0x7fb20a0b9118
R
P 0x7fb20a09bc08
C 294
R
P 0x7fb20a09bc08
P 0x7fb20a0b9118
C 166
R
P 0x7fb20a09bc08
C 294
R
P 0x7fb20a09bc08
P 0x7fb20a0ba818
C 211
R
P 0x7fb20a09bc08
C 294
R
P 0x7fb20a09bc08
P 0x7fb20a0ba818
C 210
R
P 0x7fb20a09bc08
C 294
R
P 0x7fb20a09bc08
P 0x7fb20a0ba818
C 9
R
P 0x7fb20a09bc08
C 294
R
P 0x7fb20a09bc08
P 0x7fb20a0ba7b8
P 0x7fb20a0ba818
C 99
= 0x7fb20a9ee9c8
R
P 0x7fb20a09bc08
C 294
R
P 0x7fb20a09bc08
P 0x7fb20a9ee9c8
C 9
R
P 0x7fb20a09bc08
C 294
R
P 0x7fb20a09bc08
P 0x7fb208dad4a8
P 0x7fb20a9ee9c8
C 423
R
P 0x7fb20a09bc08
C 294
R
P 0x7fb20a09bc08
U 32
C 35
= 0x7fb20a0b9118
R
P 0x7fb20a09bc08
C 294
R
P 0x7fb20a09bc08
P 0x7fb20a0b9118
C 9
R
P 0x7fb20a09bc08
C 294
R
P 0x7fb20a09bc08
I 0
P 0x7fb20a0b9118
C 145
= 0x7fb20a0ba818
R
P 0x7fb20a09bc08
C 294
R
P 0x7fb20a09bc08
P 0x7fb20a0ba818
C 208
R
P 0x7fb20a09bc08
C 294
R
P 0x7fb20a09bc08
P 0x7fb20a0ba818
C 205
= 0x7fb20a0b9118
R
P 0x7fb20a09bc08
C 294
R
P 0x7fb20a09bc08
P 0x7fb20a0b9118
C 166
R
P 0x7fb20a09bc08
C 294
R
P 0x7fb20a09bc08
P 0x7fb20a0ba818
C 211
R
P 0x7fb20a09bc08
C 294
R
P 0x7fb20a09bc08
P 0x7fb20a0ba818
C 210
R
P 0x7fb20a09bc08
C 294
R
P 0x7fb20a09bc08
P 0x7fb20a0ba818
C 9
R
P 0x7fb20a09bc08
C 294
R
P 0x7fb20a09bc08
P 0x7fb20a0ba798
P 0x7fb20a0ba818
C 99
= 0x7fb20a9ef288
R
P 0x7fb20a09bc08
C 294
R
P 0x7fb20a09bc08
P 0x7fb20a9ef288
C 9
R
P 0x7fb20a09bc08
C 294
R
P 0x7fb20a09bc08
P 0x7fb208dad4a8
P 0x7fb20a9ef288
C 423
R
P 0x7fb20a09bc08
C 294
R
P 0x7fb20a09bc08
U 32
C 35
= 0x7fb20a0b9118
R
P 0x7fb20a09bc08
C 294
R
P 0x7fb20a09bc08
P 0x7fb20a0b9118
C 9
R
P 0x7fb20a09bc08
C 294
R
P 0x7fb20a09bc08
I 1
P 0x7fb20a0b9118
C 145
= 0x7fb20a0b9598
R
P 0x7fb20a09bc08
C 294
R
P 0x7fb20a09bc08
P 0x7fb20a0b9598
C 208
R
P 0x7fb20a09bc08
C 294
R
P 0x7fb20a09bc08
P 0x7fb20a0b9598
C 205
= 0x7fb20a0b9118
R
P 0x7fb20a09bc08
C 294
R
P 0x7fb20a09bc08
P 0x7fb20a0b9118
C 166
R
P 0x7fb20a09bc08
C 294
R
P 0x7fb20a09bc08
P 0x7fb20a0b9598
C 211
R
P 0x7fb20a09bc08
C 294
R
P 0x7fb20a09bc08
P 0x7fb20a0b9598
C 210
R
P 0x7fb20a09bc08
C 294
R
P 0x7fb20a09bc08
P 0x7fb20a0b9598
C 9
R
P 0x7fb20a09bc08
C 294
R
P 0x7fb20a09bc08
P 0x7fb20a0ba7b8
P 0x7fb20a0b9598
C 99
= 0x7fb20a9ee6b8
R
P 0x7fb20a09bc08
C 294
R
P 0x7fb20a09bc08
P 0x7fb20a9ee6b8
C 9
R
P 0x7fb20a09bc08
C 294
R
P 0x7fb20a09bc08
P 0x7fb208dad4a8
P 0x7fb20a9ee6b8
C 423
R
P 0x7fb20a09bc08
C 294
R
P 0x7fb20a09bc08
U 32
C 35
= 0x7fb20a0b9118
R
P 0x7fb20a09bc08
C 294
R
P 0x7fb20a09bc08
P 0x7fb20a0b9118
C 9
R
P 0x7fb20a09bc08
C 294
R
P 0x7fb20a09bc08
I 1198088
P 0x7fb20a0b9118
C 145
= 0x7fb20a25ac78
R
P 0x7fb20a09bc08
C 294
R
P 0x7fb20a09bc08
P 0x7fb20a25ac78
C 208
R
P 0x7fb20a09bc08
C 294
R
P 0x7fb20a09bc08
P 0x7fb20a25ac78
C 205
= 0x7fb20a0b9118
R
P 0x7fb20a09bc08
C 294
R
P 0x7fb20a09bc08
P 0x7fb20a0b9118
C 166
R
P 0x7fb20a09bc08
C 294
R
P 0x7fb20a09bc08
P 0x7fb20a25ac78
C 211
R
P 0x7fb20a09bc08
C 294
R
P 0x7fb20a09bc08
P 0x7fb20a25ac78
C 210
R
P 0x7fb20a09bc08
C 294
R
P 0x7fb20a09bc08
P 0x7fb20a25ac78
C 9
R
P 0x7fb20a09bc08
C 294
R
P 0x7fb20a09bc08
P 0x7fb20a1ab458
P 0x7fb20a25ac78
C 99
= 0x7fb20a9ee7d0
R
P 0x7fb20a09bc08
C 294
R
P 0x7fb20a09bc08
P 0x7fb20a9ee7d0
C 9
R
P 0x7fb20a09bc08
C 294
R
P 0x7fb20a09bc08
P 0x7fb208dad4a8
P 0x7fb20a9ee7d0
C 423
R
P 0x7fb20a09bc08
C 294
R
P 0x7fb20a09bc08
P 0x7fb208dad4a8
C 426
R
P 0x7fb20a09bc08
C 294
R
P 0x7fb20a09bc08
P 0x7fb208dad4a8
C 428
= 0x7fb208d47e78
R
P 0x7fb20a09bc08
C 294
R
P 0x7fb20a09bc08
P 0x7fb208d47e78
C 248
R
P 0x7fb20a09bc08
C 294
R
P 0x7fb20a09bc08
P 0x7fb208d47e78
C 279
R
P 0x7fb20a09bc08
C 294
R
P 0x7fb20a09bc08
P 0x7fb208dad4a8
C 428
= 0x7fb208d4d848
R
P 0x7fb20a09bc08
C 294
R
P 0x7fb20a09bc08
P 0x7fb208d4d848
C 248
R
P 0x7fb20a09bc08
C 294
R
P 0x7fb20a09bc08
P 0x7fb208d4d848
P 0x7fb20a0ba798
I 0
P 0
C 250
* 0x7fb20a0ba818 4
R
P 0x7fb20a09bc08
C 294
R
P 0x7fb20a09bc08
P 0x7fb20a0ba818
C 208
R
P 0x7fb20a09bc08
C 294
R
P 0x7fb20a09bc08
P 0x7fb20a0ba818
C 205
= 0x7fb20a0b9118
R
P 0x7fb20a09bc08
C 294
R
P 0x7fb20a09bc08
P 0x7fb20a0b9118
C 166
R
P 0x7fb20a09bc08
C 294
R
P 0x7fb20a09bc08
P 0x7fb20a0ba818
C 211
R
P 0x7fb20a09bc08
C 294
R
P 0x7fb20a09bc08
P 0x7fb20a0ba818
C 210
R
P 0x7fb20a09bc08
C 294
R
P 0x7fb20a09bc08
P 0x7fb20a0ba818
C 9
R
P 0x7fb20a09bc08
C 294
R
P 0x7fb20a09bc08
P 0x7fb20a0ba818
I 0
C 219
R
P 0x7fb20a09bc08
C 294
R
P 0x7fb20a09bc08
P 0x7fb208dad4a8
C 428
= 0x7fb208d49768
R
P 0x7fb20a09bc08
C 294
R
P 0x7fb20a09bc08
P 0x7fb208d49768
C 248
R
P 0x7fb20a09bc08
C 294
R
P 0x7fb20a09bc08
P 0x7fb208d49768
P 0x7fb20a0ba7b8
I 0
P 0
C 250
* 0x7fb20a0ba818 4
R
P 0x7fb20a09bc08
C 294
R
P 0x7fb20a09bc08
P 0x7fb20a0ba818
C 208
R
P 0x7fb20a09bc08
C 294
R
P 0x7fb20a09bc08
P 0x7fb20a0ba818
C 205
= 0x7fb20a0b9118
R
P 0x7fb20a09bc08
C 294
R
P 0x7fb20a09bc08
P 0x7fb20a0b9118
C 166
R
P 0x7fb20a09bc08
C 294
R
P 0x7fb20a09bc08
P 0x7fb20a0ba818
C 211
R
P 0x7fb20a09bc08
C 294
R
P 0x7fb20a09bc08
P 0x7fb20a0ba818
C 210
R
P 0x7fb20a09bc08
C 294
R
P 0x7fb20a09bc08
P 0x7fb20a0ba818
C 9
R
P 0x7fb20a09bc08
C 294
R
P 0x7fb20a09bc08
P 0x7fb20a0ba818
I 0
C 219
R
P 0x7fb20a09bc08
C 294
R
P 0x7fb20a09bc08
P 0x7fb208dad4a8
C 428
= 0x7fb208d7af88
R
P 0x7fb20a09bc08
C 294
R
P 0x7fb20a09bc08
P 0x7fb208d7af88
C 248
R
P 0x7fb20a09bc08
C 294
R
P 0x7fb20a09bc08
P 0x7fb208d7af88
P 0x7fb20a1ab458
I 0
P 0
C 250
* 0x7fb20a25ac78 4
R
P 0x7fb20a09bc08
C 294
R
P 0x7fb20a09bc08
P 0x7fb20a25ac78
C 208
R
P 0x7fb20a09bc08
C 294
R
P 0x7fb20a09bc08
P 0x7fb20a25ac78
C 205
= 0x7fb20a0b9118
R
P 0x7fb20a09bc08
C 294
R
P 0x7fb20a09bc08
P 0x7fb20a0b9118
C 166
R
P 0x7fb20a09bc08
C 294
R
P 0x7fb20a09bc08
P 0x7fb20a25ac78
C 211
R
P 0x7fb20a09bc08
C 294
R
P 0x7fb20a09bc08
P 0x7fb20a25ac78
C 210
R
P 0x7fb20a09bc08
C 294
R
P 0x7fb20a09bc08
P 0x7fb20a25ac78
C 9
R
P 0x7fb20a09bc08
C 294
R
P 0x7fb20a09bc08
P 0x7fb20a25ac78
I 0
C 219
R
P 0x7fb20a09bc08
C 294
R
P 0x7fb20a09bc08
U 32
C 35
= 0x7fb20a0b9118
R
P 0x7fb20a09bc08
C 294
R
P 0x7fb20a09bc08
P 0x7fb20a0b9118
C 9
R
P 0x7fb20a09bc08
C 294
R
P 0x7fb20a09bc08
I 599044
P 0x7fb20a0b9118
C 145
= 0x7fb20a25ab98
R
P 0x7fb20a09bc08
C 294
R
P 0x7fb20a09bc08
P 0x7fb20a25ab98
C 208
R
P 0x7fb20a09bc08
C 294
R
P 0x7fb20a09bc08
P 0x7fb20a25ab98
C 205
= 0x7fb20a0b9118
R
P 0x7fb20a09bc08
C 294
R
P 0x7fb20a09bc08
P 0x7fb20a0b9118
C 166
R
P 0x7fb20a09bc08
C 294
R
P 0x7fb20a09bc08
P 0x7fb20a25ab98
C 211
R
P 0x7fb20a09bc08
C 294
R
P 0x7fb20a09bc08
P 0x7fb20a25ab98
C 210
R
P 0x7fb20a09bc08
C 294
R
P 0x7fb20a09bc08
P 0x7fb20a25ab98
C 9
R
P 0x7fb20a09bc08
C 294
R
P 0x7fb20a09bc08
P 0x7fb20a1ab458
P 0x7fb20a25ab98
C 99
= 0x7fb20a9ee728
R
P 0x7fb20a09bc08
C 294
R
P 0x7fb20a09bc08
P 0x7fb20a9ee728
C 9
R
P 0x7fb20a09bc08
C 294
R
P 0x7fb20a09bc08
P 0x7fb208dad4a8
P 0x7fb20a9ee728
C 423
R
P 0x7fb20a09bc08
C 294
R
P 0x7fb20a09bc08
U 32
C 35
= 0x7fb20a0b9118
R
P 0x7fb20a09bc08
C 294
R
P 0x7fb20a09bc08
P 0x7fb20a0b9118
C 9
R
P 0x7fb20a09bc08
C 294
R
P 0x7fb20a09bc08
I 0
P 0x7fb20a0b9118
C 145
= 0x7fb20a0ba818
R
P 0x7fb20a09bc08
C 294
R
P 0x7fb20a09bc08
P 0x7fb20a0ba818
C 208
R
P 0x7fb20a09bc08
C 294
R
P 0x7fb20a09bc08
P 0x7fb20a0ba818
C 205
= 0x7fb20a0b9118
R
P 0x7fb20a09bc08
C 294
R
P 0x7fb20a09bc08
P 0x7fb20a0b9118
C 166
R
P 0x7fb20a09bc08
C 294
R
P 0x7fb20a09bc08
P 0x7fb20a0ba818
C 211
R
P 0x7fb20a09bc08
C 294
R
P 0x7fb20a09bc08
P 0x7fb20a0ba818
C 210
R
P 0x7fb20a09bc08
C 294
R
P 0x7fb20a09bc08
P 0x7fb20a0ba818
C 9
R
P 0x7fb20a09bc08
C 294
R
P 0x7fb20a09bc08
P 0x7fb20a0ba798
P 0x7fb20a0ba818
C 99
= 0x7fb20a9ef288
R
P 0x7fb20a09bc08
C 294
R
P 0x7fb20a09bc08
P 0x7fb20a9ef288
C 9
R
P 0x7fb20a09bc08
C 294
R
P 0x7fb20a09bc08
P 0x7fb208dad4a8
P 0x7fb20a9ef288
C 423
R
P 0x7fb20a09bc08
C 294
R
P 0x7fb20a09bc08
U 32
C 35
= 0x7fb20a0b9118
R
P 0x7fb20a09bc08
C 294
R
P 0x7fb20a09bc08
P 0x7fb20a0b9118
C 9
R
P 0x7fb20a09bc08
C 294
R
P 0x7fb20a09bc08
I 0
P 0x7fb20a0b9118
C 145
= 0x7fb20a0ba818
R
P 0x7fb20a09bc08
C 294
R
P 0x7fb20a09bc08
P 0x7fb20a0ba818
C 208
R
P 0x7fb20a09bc08
C 294
R
P 0x7fb20a09bc08
P 0x7fb20a0ba818
C 205
= 0x7fb20a0b9118
R
P 0x7fb20a09bc08
C 294
R
P 0x7fb20a09bc08
P 0x7fb20a0b9118
C 166
R
P 0x7fb20a09bc08
C 294
R
P 0x7fb20a09bc08
P 0x7fb20a0ba818
C 211
R
P 0x7fb20a09bc08
C 294
R
P 0x7fb20a09bc08
P 0x7fb20a0ba818
C 210
R
P 0x7fb20a09bc08
C 294
R
P 0x7fb20a09bc08
P 0x7fb20a0ba818
C 9
R
P 0x7fb20a09bc08
C 294
R
P 0x7fb20a09bc08
P 0x7fb20a0ba7b8
P 0x7fb20a0ba818
C 99
= 0x7fb20a9ee9c8
R
P 0x7fb20a09bc08
C 294
R
P 0x7fb20a09bc08
P 0x7fb20a9ee9c8
C 9
R
P 0x7fb20a09bc08
C 294
R
P 0x7fb20a09bc08
P 0x7fb208dad4a8
P 0x7fb20a9ee9c8
C 423
R
P 0x7fb20a09bc08
C 294
R
P 0x7fb20a09bc08
U 32
C 35
= 0x7fb20a0b9118
R
P 0x7fb20a09bc08
C 294
R
P 0x7fb20a09bc08
P 0x7fb20a0b9118
C 9
R
P 0x7fb20a09bc08
C 294
R
P 0x7fb20a09bc08
I 1198088
P 0x7fb20a0b9118
C 145
= 0x7fb20a25ac78
R
P 0x7fb20a09bc08
C 294
R
P 0x7fb20a09bc08
P 0x7fb20a25ac78
C 208
R
P 0x7fb20a09bc08
C 294
R
P 0x7fb20a09bc08
P 0x7fb20a25ac78
C 205
= 0x7fb20a0b9118
R
P 0x7fb20a09bc08
C 294
R
P 0x7fb20a09bc08
P 0x7fb20a0b9118
C 166
R
P 0x7fb20a09bc08
C 294
R
P 0x7fb20a09bc08
P 0x7fb20a25ac78
C 211
R
P 0x7fb20a09bc08
C 294
R
P 0x7fb20a09bc08
P 0x7fb20a25ac78
C 210
R
P 0x7fb20a09bc08
C 294
R
P 0x7fb20a09bc08
P 0x7fb20a25ac78
C 9
R
P 0x7fb20a09bc08
C 294
R
P 0x7fb20a09bc08
P 0x7fb20a1ab458
P 0x7fb20a25ac78
C 99
= 0x7fb20a9ee7d0
R
P 0x7fb20a09bc08
C 294
R
P 0x7fb20a09bc08
P 0x7fb20a9ee7d0
C 9
R
P 0x7fb20a09bc08
C 294
R
P 0x7fb20a09bc08
P 0x7fb208dad4a8
P 0x7fb20a9ee7d0
C 423
R
P 0x7fb20a09bc08
C 294
R
P 0x7fb20a09bc08
P 0x7fb208dad4a8
C 426
R
P 0x7fb20a09bc08
C 294
R
P 0x7fb20a09bc08
P 0x7fb208dad4a8
C 428
= 0x7fb208d4e538
R
P 0x7fb20a09bc08
C 294
R
P 0x7fb20a09bc08
P 0x7fb208d4e538
C 248
R
P 0x7fb20a09bc08
C 294
R
P 0x7fb20a09bc08
P 0x7fb208d4e538
C 279
R
P 0x7fb20a09bc08
C 294
R
P 0x7fb20a09bc08
P 0x7fb208dad4a8
C 428
= 0x7fb208e6c808
R
P 0x7fb20a09bc08
C 294
R
P 0x7fb20a09bc08
P 0x7fb208e6c808
C 248
R
P 0x7fb20a09bc08
C 294
R
P 0x7fb20a09bc08
P 0x7fb208e6c808
P 0x7fb20a0ba798
I 0
P 0
C 250
* 0x7fb20a0ba818 4
R
P 0x7fb20a09bc08
C 294
R
P 0x7fb20a09bc08
P 0x7fb20a0ba818
C 208
R
P 0x7fb20a09bc08
C 294
R
P 0x7fb20a09bc08
P 0x7fb20a0ba818
C 205
= 0x7fb20a0b9118
R
P 0x7fb20a09bc08
C 294
R
P 0x7fb20a09bc08
P 0x7fb20a0b9118
C 166
R
P 0x7fb20a09bc08
C 294
R
P 0x7fb20a09bc08
P 0x7fb20a0ba818
C 211
R
P 0x7fb20a09bc08
C 294
R
P 0x7fb20a09bc08
P 0x7fb20a0ba818
C 210
R
P 0x7fb20a09bc08
C 294
R
P 0x7fb20a09bc08
P 0x7fb20a0ba818
C 9
R
P 0x7fb20a09bc08
C 294
R
P 0x7fb20a09bc08
P 0x7fb20a0ba818
I 0
C 219
R
P 0x7fb20a09bc08
C 294
R
P 0x7fb20a09bc08
P 0x7fb208dad4a8
C 428
= 0x7fb208e6bcd8
R
P 0x7fb20a09bc08
C 294
R
P 0x7fb20a09bc08
P 0x7fb208e6bcd8
C 248
R
P 0x7fb20a09bc08
C 294
R
P 0x7fb20a09bc08
P 0x7fb208e6bcd8
P 0x7fb20a0ba7b8
I 0
P 0
C 250
* 0x7fb20a0ba818 4
R
P 0x7fb20a09bc08
C 294
R
P 0x7fb20a09bc08
P 0x7fb20a0ba818
C 208
R
P 0x7fb20a09bc08
C 294
R
P 0x7fb20a09bc08
P 0x7fb20a0ba818
C 205
= 0x7fb20a0b9118
R
P 0x7fb20a09bc08
C 294
R
P 0x7fb20a09bc08
P 0x7fb20a0b9118
C 166
R
P 0x7fb20a09bc08
C 294
R
P 0x7fb20a09bc08
P 0x7fb20a0ba818
C 211
R
P 0x7fb20a09bc08
C 294
R
P 0x7fb20a09bc08
P 0x7fb20a0ba818
C 210
R
P 0x7fb20a09bc08
C 294
R
P 0x7fb20a09bc08
P 0x7fb20a0ba818
C 9
R
P 0x7fb20a09bc08
C 294
R
P 0x7fb20a09bc08
P 0x7fb20a0ba818
I 0
C 219
R
P 0x7fb20a09bc08
C 294
R
P 0x7fb20a09bc08
P 0x7fb208dad4a8
C 428
= 0x7fb208e8c0b8
R
P 0x7fb20a09bc08
C 294
R
P 0x7fb20a09bc08
P 0x7fb208e8c0b8
C 248
R
P 0x7fb20a09bc08
C 294
R
P 0x7fb20a09bc08
P 0x7fb208e8c0b8
P 0x7fb20a1ab458
I 0
P 0
C 250
* 0x7fb20a25ae78 4
R
P 0x7fb20a09bc08
C 294
R
P 0x7fb20a09bc08
P 0x7fb20a25ae78
C 208
R
P 0x7fb20a09bc08
C 294
R
P 0x7fb20a09bc08
P 0x7fb20a25ae78
C 205
= 0x7fb20a0b9118
R
P 0x7fb20a09bc08
C 294
R
P 0x7fb20a09bc08
P 0x7fb20a0b9118
C 166
R
P 0x7fb20a09bc08
C 294
R
P 0x7fb20a09bc08
P 0x7fb20a25ae78
C 211
R
P 0x7fb20a09bc08
C 294
R
P 0x7fb20a09bc08
P 0x7fb20a25ae78
C 210
R
P 0x7fb20a09bc08
C 294
R
P 0x7fb20a09bc08
P 0x7fb20a25ae78
C 9
R
P 0x7fb20a09bc08
C 294
R
P 0x7fb20a09bc08
P 0x7fb20a25ae78
I 0
C 219
R
P 0x7fb20a09bc08
C 294
R
P 0x7fb20a09bc08
U 32
C 35
= 0x7fb20a0b9118
R
P 0x7fb20a09bc08
C 294
R
P 0x7fb20a09bc08
P 0x7fb20a0b9118
C 9
R
P 0x7fb20a09bc08
C 294
R
P 0x7fb20a09bc08
I 78852
P 0x7fb20a0b9118
C 145
= 0x7fb20a1abc18
R
P 0x7fb20a09bc08
C 294
R
P 0x7fb20a09bc08
P 0x7fb20a1abc18
C 208
R
P 0x7fb20a09bc08
C 294
R
P 0x7fb20a09bc08
P 0x7fb20a1abc18
C 205
= 0x7fb20a0b9118
R
P 0x7fb20a09bc08
C 294
R
P 0x7fb20a09bc08
P 0x7fb20a0b9118
C 166
R
P 0x7fb20a09bc08
C 294
R
P 0x7fb20a09bc08
P 0x7fb20a1abc18
C 211
R
P 0x7fb20a09bc08
C 294
R
P 0x7fb20a09bc08
P 0x7fb20a1abc18
C 210
R
P 0x7fb20a09bc08
C 294
R
P 0x7fb20a09bc08
P 0x7fb20a1abc18
C 9
R
P 0x7fb20a09bc08
C 294
R
P 0x7fb20a09bc08
P 0x7fb20a1ab458
P 0x7fb20a1abc18
C 99
= 0x7fb20a9ee648
R
P 0x7fb20a09bc08
C 294
R
P 0x7fb20a09bc08
P 0x7fb20a9ee648
C 9
R
P 0x7fb20a09bc08
C 294
R
P 0x7fb20a09bc08
P 0x7fb208dad4a8
P 0x7fb20a9ee648
C 423
R
P 0x7fb20a09bc08
C 294
R
P 0x7fb20a09bc08
U 32
C 35
= 0x7fb20a0b9118
R
P 0x7fb20a09bc08
C 294
R
P 0x7fb20a09bc08
P 0x7fb20a0b9118
C 9
R
P 0x7fb20a09bc08
C 294
R
P 0x7fb20a09bc08
I 0
P 0x7fb20a0b9118
C 145
= 0x7fb20a0ba818
R
P 0x7fb20a09bc08
C 294
R
P 0x7fb20a09bc08
P 0x7fb20a0ba818
C 208
R
P 0x7fb20a09bc08
C 294
R
P 0x7fb20a09bc08
P 0x7fb20a0ba818
C 205
= 0x7fb20a0b9118
R
P 0x7fb20a09bc08
C 294
R
P 0x7fb20a09bc08
P 0x7fb20a0b9118
C 166
R
P 0x7fb20a09bc08
C 294
R
P 0x7fb20a09bc08
P 0x7fb20a0ba818
C 211
R
P 0x7fb20a09bc08
C 294
R
P 0x7fb20a09bc08
P 0x7fb20a0ba818
C 210
R
P 0x7fb20a09bc08
C 294
R
P 0x7fb20a09bc08
P 0x7fb20a0ba818
C 9
R
P 0x7fb20a09bc08
C 294
R
P 0x7fb20a09bc08
P 0x7fb20a0ba798
P 0x7fb20a0ba818
C 99
= 0x7fb20a9ef288
R
P 0x7fb20a09bc08
C 294
R
P 0x7fb20a09bc08
P 0x7fb20a9ef288
C 9
R
P 0x7fb20a09bc08
C 294
R
P 0x7fb20a09bc08
P 0x7fb208dad4a8
P 0x7fb20a9ef288
C 423
R
P 0x7fb20a09bc08
C 294
R
P 0x7fb20a09bc08
U 32
C 35
= 0x7fb20a0b9118
R
P 0x7fb20a09bc08
C 294
R
P 0x7fb20a09bc08
P 0x7fb20a0b9118
C 9
R
P 0x7fb20a09bc08
C 294
R
P 0x7fb20a09bc08
I 0
P 0x7fb20a0b9118
C 145
= 0x7fb20a0ba818
R
P 0x7fb20a09bc08
C 294
R
P 0x7fb20a09bc08
P 0x7fb20a0ba818
C 208
R
P 0x7fb20a09bc08
C 294
R
P 0x7fb20a09bc08
P 0x7fb20a0ba818
C 205
= 0x7fb20a0b9118
R
P 0x7fb20a09bc08
C 294
R
P 0x7fb20a09bc08
P 0x7fb20a0b9118
C 166
R
P 0x7fb20a09bc08
C 294
R
P 0x7fb20a09bc08
P 0x7fb20a0ba818
C 211
R
P 0x7fb20a09bc08
C 294
R
P 0x7fb20a09bc08
P 0x7fb20a0ba818
C 210
R
P 0x7fb20a09bc08
C 294
R
P 0x7fb20a09bc08
P 0x7fb20a0ba818
C 9
R
P 0x7fb20a09bc08
C 294
R
P 0x7fb20a09bc08
P 0x7fb20a0ba7b8
P 0x7fb20a0ba818
C 99
= 0x7fb20a9ee9c8
R
P 0x7fb20a09bc08
C 294
R
P 0x7fb20a09bc08
P 0x7fb20a9ee9c8
C 9
R
P 0x7fb20a09bc08
C 294
R
P 0x7fb20a09bc08
P 0x7fb208dad4a8
P 0x7fb20a9ee9c8
C 423
R
P 0x7fb20a09bc08
C 294
R
P 0x7fb20a09bc08
U 32
C 35
= 0x7fb20a0b9118
R
P 0x7fb20a09bc08
C 294
R
P 0x7fb20a09bc08
P 0x7fb20a0b9118
C 9
R
P 0x7fb20a09bc08
C 294
R
P 0x7fb20a09bc08
I 157704
P 0x7fb20a0b9118
C 145
= 0x7fb20a25ae78
R
P 0x7fb20a09bc08
C 294
R
P 0x7fb20a09bc08
P 0x7fb20a25ae78
C 208
R
P 0x7fb20a09bc08
C 294
R
P 0x7fb20a09bc08
P 0x7fb20a25ae78
C 205
= 0x7fb20a0b9118
R
P 0x7fb20a09bc08
C 294
R
P 0x7fb20a09bc08
P 0x7fb20a0b9118
C 166
R
P 0x7fb20a09bc08
C 294
R
P 0x7fb20a09bc08
P 0x7fb20a25ae78
C 211
R
P 0x7fb20a09bc08
C 294
R
P 0x7fb20a09bc08
P 0x7fb20a25ae78
C 210
R
P 0x7fb20a09bc08
C 294
R
P 0x7fb20a09bc08
P 0x7fb20a25ae78
C 9
R
P 0x7fb20a09bc08
C 294
R
P 0x7fb20a09bc08
P 0x7fb20a1ab458
P 0x7fb20a25ae78
C 99
= 0x7fb20a9ee5a0
R
P 0x7fb20a09bc08
C 294
R
P 0x7fb20a09bc08
P 0x7fb20a9ee5a0
C 9
R
P 0x7fb20a09bc08
C 294
R
P 0x7fb20a09bc08
P 0x7fb208dad4a8
P 0x7fb20a9ee5a0
C 423
R
P 0x7fb20a09bc08
C 294
R
P 0x7fb20a09bc08
P 0x7fb208dad4a8
C 426
R
P 0x7fb20a09bc08
C 294
R
P 0x7fb20a09bc08
P 0x7fb208dad4a8
C 428
= 0x7fb208e8bd88
R
P 0x7fb20a09bc08
C 294
R
P 0x7fb20a09bc08
P 0x7fb208e8bd88
C 248
R
P 0x7fb20a09bc08
C 294
R
P 0x7fb20a09bc08
P 0x7fb208e8bd88
C 279
R
P 0x7fb20a09bc08
C 294
R
P 0x7fb20a09bc08
P 0x7fb208dad4a8
C 428
= 0x7fb208e8bdf8
R
P 0x7fb20a09bc08
C 294
R
P 0x7fb20a09bc08
P 0x7fb208e8bdf8
C 248
R
P 0x7fb20a09bc08
C 294
R
P 0x7fb20a09bc08
P 0x7fb208e8bdf8
P 0x7fb20a0ba798
I 0
P 0
C 250
* 0x7fb20a0ba818 4
R
P 0x7fb20a09bc08
C 294
R
P 0x7fb20a09bc08
P 0x7fb20a0ba818
C 208
R
P 0x7fb20a09bc08
C 294
R
P 0x7fb20a09bc08
P 0x7fb20a0ba818
C 205
= 0x7fb20a0b9118
R
P 0x7fb20a09bc08
C 294
R
P 0x7fb20a09bc08
P 0x7fb20a0b9118
C 166
R
P 0x7fb20a09bc08
C 294
R
P 0x7fb20a09bc08
P 0x7fb20a0ba818
C 211
R
P 0x7fb20a09bc08
C 294
R
P 0x7fb20a09bc08
P 0x7fb20a0ba818
C 210
R
P 0x7fb20a09bc08
C 294
R
P 0x7fb20a09bc08
P 0x7fb20a0ba818
C 9
R
P 0x7fb20a09bc08
C 294
R
P 0x7fb20a09bc08
P 0x7fb20a0ba818
I 0
C 219
R
P 0x7fb20a09bc08
C 294
R
P 0x7fb20a09bc08
P 0x7fb208dad4a8
C 428
= 0x7fb208e637f8
R
P 0x7fb20a09bc08
C 294
R
P 0x7fb20a09bc08
P 0x7fb208e637f8
C 248
R
P 0x7fb20a09bc08
C 294
R
P 0x7fb20a09bc08
P 0x7fb208e637f8
P 0x7fb20a0ba7b8
I 0
P 0
C 250
* 0x7fb20a0ba818 4
R
P 0x7fb20a09bc08
C 294
R
P 0x7fb20a09bc08
P 0x7fb20a0ba818
C 208
R
P 0x7fb20a09bc08
C 294
R
P 0x7fb20a09bc08
P 0x7fb20a0ba818
C 205
= 0x7fb20a0b9118
R
P 0x7fb20a09bc08
C 294
R
P 0x7fb20a09bc08
P 0x7fb20a0b9118
C 166
R
P 0x7fb20a09bc08
C 294
R
P 0x7fb20a09bc08
P 0x7fb20a0ba818
C 211
R
P 0x7fb20a09bc08
C 294
R
P 0x7fb20a09bc08
P 0x7fb20a0ba818
C 210
R
P 0x7fb20a09bc08
C 294
R
P 0x7fb20a09bc08
P 0x7fb20a0ba818
C 9
R
P 0x7fb20a09bc08
C 294
R
P 0x7fb20a09bc08
P 0x7fb20a0ba818
I 0
C 219
R
P 0x7fb20a09bc08
C 294
R
P 0x7fb20a09bc08
P 0x7fb208dad4a8
C 428
= 0x7fb208ea6d48
R
P 0x7fb20a09bc08
C 294
R
P 0x7fb20a09bc08
P 0x7fb208ea6d48
C 248
R
P 0x7fb20a09bc08
C 294
R
P 0x7fb20a09bc08
P 0x7fb208ea6d48
P 0x7fb20a1ab458
I 0
P 0
C 250
* 0x7fb20a25af78 4
R
P 0x7fb20a09bc08
C 294
R
P 0x7fb20a09bc08
P 0x7fb20a25af78
C 208
R
P 0x7fb20a09bc08
C 294
R
P 0x7fb20a09bc08
P 0x7fb20a25af78
C 205
= 0x7fb20a0b9118
R
P 0x7fb20a09bc08
C 294
R
P 0x7fb20a09bc08
P 0x7fb20a0b9118
C 166
R
P 0x7fb20a09bc08
C 294
R
P 0x7fb20a09bc08
P 0x7fb20a25af78
C 211
R
P 0x7fb20a09bc08
C 294
R
P 0x7fb20a09bc08
P 0x7fb20a25af78
C 210
R
P 0x7fb20a09bc08
C 294
R
P 0x7fb20a09bc08
P 0x7fb20a25af78
C 9
R
P 0x7fb20a09bc08
C 294
R
P 0x7fb20a09bc08
P 0x7fb20a25af78
I 0
C 219
R
P 0x7fb20a09bc08
C 294
R
P 0x7fb20a09bc08
U 32
C 35
= 0x7fb20a0b9118
R
P 0x7fb20a09bc08
C 294
R
P 0x7fb20a09bc08
P 0x7fb20a0b9118
C 9
R
P 0x7fb20a09bc08
C 294
R
P 0x7fb20a09bc08
I 13316
P 0x7fb20a0b9118
C 145
= 0x7fb20a25b258
R
P 0x7fb20a09bc08
C 294
R
P 0x7fb20a09bc08
P 0x7fb20a25b258
C 208
R
P 0x7fb20a09bc08
C 294
R
P 0x7fb20a09bc08
P 0x7fb20a25b258
C 205
= 0x7fb20a0b9118
R
P 0x7fb20a09bc08
C 294
R
P 0x7fb20a09bc08
P 0x7fb20a0b9118
C 166
R
P 0x7fb20a09bc08
C 294
R
P 0x7fb20a09bc08
P 0x7fb20a25b258
C 211
R
P 0x7fb20a09bc08
C 294
R
P 0x7fb20a09bc08
P 0x7fb20a25b258
C 210
R
P 0x7fb20a09bc08
C 294
R
P 0x7fb20a09bc08
P 0x7fb20a25b258
C 9
R
P 0x7fb20a09bc08
C 294
R
P 0x7fb20a09bc08
P 0x7fb20a1ab458
P 0x7fb20a25b258
C 99
= 0x7fb20a9ee4f8
R
P 0x7fb20a09bc08
C 294
R
P 0x7fb20a09bc08
P 0x7fb20a9ee4f8
C 9
R
P 0x7fb20a09bc08
C 294
R
P 0x7fb20a09bc08
P 0x7fb208dad4a8
P 0x7fb20a9ee4f8
C 423
R
P 0x7fb20a09bc08
C 294
R
P 0x7fb20a09bc08
U 32
C 35
= 0x7fb20a0b9118
R
P 0x7fb20a09bc08
C 294
R
P 0x7fb20a09bc08
P 0x7fb20a0b9118
C 9
R
P 0x7fb20a09bc08
C 294
R
P 0x7fb20a09bc08
I 0
P 0x7fb20a0b9118
C 145
= 0x7fb20a0ba818
R
P 0x7fb20a09bc08
C 294
R
P 0x7fb20a09bc08
P 0x7fb20a0ba818
C 208
R
P 0x7fb20a09bc08
C 294
R
P 0x7fb20a09bc08
P 0x7fb20a0ba818
C 205
= 0x7fb20a0b9118
R
P 0x7fb20a09bc08
C 294
R
P 0x7fb20a09bc08
P 0x7fb20a0b9118
C 166
R
P 0x7fb20a09bc08
C 294
R
P 0x7fb20a09bc08
P 0x7fb20a0ba818
C 211
R
P 0x7fb20a09bc08
C 294
R
P 0x7fb20a09bc08
P 0x7fb20a0ba818
C 210
R
P 0x7fb20a09bc08
C 294
R
P 0x7fb20a09bc08
P 0x7fb20a0ba818
C 9
R
P 0x7fb20a09bc08
C 294
R
P 0x7fb20a09bc08
P 0x7fb20a0ba798
P 0x7fb20a0ba818
C 99
= 0x7fb20a9ef288
R
P 0x7fb20a09bc08
C 294
R
P 0x7fb20a09bc08
P 0x7fb20a9ef288
C 9
R
P 0x7fb20a09bc08
C 294
R
P 0x7fb20a09bc08
P 0x7fb208dad4a8
P 0x7fb20a9ef288
C 423
R
P 0x7fb20a09bc08
C 294
R
P 0x7fb20a09bc08
U 32
C 35
= 0x7fb20a0b9118
R
P 0x7fb20a09bc08
C 294
R
P 0x7fb20a09bc08
P 0x7fb20a0b9118
C 9
R
P 0x7fb20a09bc08
C 294
R
P 0x7fb20a09bc08
I 0
P 0x7fb20a0b9118
C 145
= 0x7fb20a0ba818
R
P 0x7fb20a09bc08
C 294
R
P 0x7fb20a09bc08
P 0x7fb20a0ba818
C 208
R
P 0x7fb20a09bc08
C 294
R
P 0x7fb20a09bc08
P 0x7fb20a0ba818
C 205
= 0x7fb20a0b9118
R
P 0x7fb20a09bc08
C 294
R
P 0x7fb20a09bc08
P 0x7fb20a0b9118
C 166
R
P 0x7fb20a09bc08
C 294
R
P 0x7fb20a09bc08
P 0x7fb20a0ba818
C 211
R
P 0x7fb20a09bc08
C 294
R
P 0x7fb20a09bc08
P 0x7fb20a0ba818
C 210
R
P 0x7fb20a09bc08
C 294
R
P 0x7fb20a09bc08
P 0x7fb20a0ba818
C 9
R
P 0x7fb20a09bc08
C 294
R
P 0x7fb20a09bc08
P 0x7fb20a0ba7b8
P 0x7fb20a0ba818
C 99
= 0x7fb20a9ee9c8
R
P 0x7fb20a09bc08
C 294
R
P 0x7fb20a09bc08
P 0x7fb20a9ee9c8
C 9
R
P 0x7fb20a09bc08
C 294
R
P 0x7fb20a09bc08
P 0x7fb208dad4a8
P 0x7fb20a9ee9c8
C 423
R
P 0x7fb20a09bc08
C 294
R
P 0x7fb20a09bc08
U 32
C 35
= 0x7fb20a0b9118
R
P 0x7fb20a09bc08
C 294
R
P 0x7fb20a09bc08
P 0x7fb20a0b9118
C 9
R
P 0x7fb20a09bc08
C 294
R
P 0x7fb20a09bc08
I 26632
P 0x7fb20a0b9118
C 145
= 0x7fb20a25af78
R
P 0x7fb20a09bc08
C 294
R
P 0x7fb20a09bc08
P 0x7fb20a25af78
C 208
R
P 0x7fb20a09bc08
C 294
R
P 0x7fb20a09bc08
P 0x7fb20a25af78
C 205
= 0x7fb20a0b9118
R
P 0x7fb20a09bc08
C 294
R
P 0x7fb20a09bc08
P 0x7fb20a0b9118
C 166
R
P 0x7fb20a09bc08
C 294
R
P 0x7fb20a09bc08
P 0x7fb20a25af78
C 211
R
P 0x7fb20a09bc08
C 294
R
P 0x7fb20a09bc08
P 0x7fb20a25af78
C 210
R
P 0x7fb20a09bc08
C 294
R
P 0x7fb20a09bc08
P 0x7fb20a25af78
C 9
R
P 0x7fb20a09bc08
C 294
R
P 0x7fb20a09bc08
P 0x7fb20a1ab458
P 0x7fb20a25af78
C 99
= 0x7fb20a9ee450
R
P 0x7fb20a09bc08
C 294
R
P 0x7fb20a09bc08
P 0x7fb20a9ee450
C 9
R
P 0x7fb20a09bc08
C 294
R
P 0x7fb20a09bc08
P 0x7fb208dad4a8
P 0x7fb20a9ee450
C 423
R
P 0x7fb20a09bc08
C 294
R
P 0x7fb20a09bc08
P 0x7fb208dad4a8
C 426
R
P 0x7fb20a09bc08
C 294
R
P 0x7fb20a09bc08
P 0x7fb208dad4a8
C 428
= 0x7fb208e621c8
R
P 0x7fb20a09bc08
C 294
R
P 0x7fb20a09bc08
P 0x7fb208e621c8
C 248
R
P 0x7fb20a09bc08
C 294
R
P 0x7fb20a09bc08
P 0x7fb208e621c8
C 279
R
P 0x7fb20a09bc08
C 294
R
P 0x7fb20a09bc08
P 0x7fb208dad4a8
C 428
= 0x7fb208ea6da8
R
P 0x7fb20a09bc08
C 294
R
P 0x7fb20a09bc08
P 0x7fb208ea6da8
C 248
R
P 0x7fb20a09bc08
C 294
R
P 0x7fb20a09bc08
P 0x7fb208ea6da8
P 0x7fb20a0ba798
I 0
P 0
C 250
* 0x7fb20a0ba818 4
R
P 0x7fb20a09bc08
C 294
R
P 0x7fb20a09bc08
P 0x7fb20a0ba818
C 208
R
P 0x7fb20a09bc08
C 294
R
P 0x7fb20a09bc08
P 0x7fb20a0ba818
C 205
= 0x7fb20a0b9118
R
P 0x7fb20a09bc08
C 294
R
P 0x7fb20a09bc08
P 0x7fb20a0b9118
C 166
R
P 0x7fb20a09bc08
C 294
R
P 0x7fb20a09bc08
P 0x7fb20a0ba818
C 211
R
P 0x7fb20a09bc08
C 294
R
P 0x7fb20a09bc08
P 0x7fb20a0ba818
C 210
R
P 0x7fb20a09bc08
C 294
R
P 0x7fb20a09bc08
P 0x7fb20a0ba818
C 9
R
P 0x7fb20a09bc08
C 294
R
P 0x7fb20a09bc08
P 0x7fb20a0ba818
I 0
C 219
R
P 0x7fb20a09bc08
C 294
R
P 0x7fb20a09bc08
P 0x7fb208dad4a8
C 428
= 0x7fb208ea7728
R
P 0x7fb20a09bc08
C 294
R
P 0x7fb20a09bc08
P 0x7fb208ea7728
C 248
R
P 0x7fb20a09bc08
C 294
R
P 0x7fb20a09bc08
P 0x7fb208ea7728
P 0x7fb20a0ba7b8
I 0
P 0
C 250
* 0x7fb20a0ba818 4
R
P 0x7fb20a09bc08
C 294
R
P 0x7fb20a09bc08
P 0x7fb20a0ba818
C 208
R
P 0x7fb20a09bc08
C 294
R
P 0x7fb20a09bc08
P 0x7fb20a0ba818
C 205
= 0x7fb20a0b9118
R
P 0x7fb20a09bc08
C 294
R
P 0x7fb20a09bc08
P 0x7fb20a0b9118
C 166
R
P 0x7fb20a09bc08
C 294
R
P 0x7fb20a09bc08
P 0x7fb20a0ba818
C 211
R
P 0x7fb20a09bc08
C 294
R
P 0x7fb20a09bc08
P 0x7fb20a0ba818
C 210
R
P 0x7fb20a09bc08
C 294
R
P 0x7fb20a09bc08
P 0x7fb20a0ba818
C 9
R
P 0x7fb20a09bc08
C 294
R
P 0x7fb20a09bc08
P 0x7fb20a0ba818
I 0
C 219
R
P 0x7fb20a09bc08
C 294
R
P 0x7fb20a09bc08
P 0x7fb208dad4a8
C 428
= 0x7fb208ea64e8
R
P 0x7fb20a09bc08
C 294
R
P 0x7fb20a09bc08
P 0x7fb208ea64e8
C 248
R
P 0x7fb20a09bc08
C 294
R
P 0x7fb20a09bc08
P 0x7fb208ea64e8
P 0x7fb20a1ab458
I 0
P 0
C 250
* 0x7fb20a1ab8f8 4
R
P 0x7fb20a09bc08
C 294
R
P 0x7fb20a09bc08
P 0x7fb20a1ab8f8
C 208
R
P 0x7fb20a09bc08
C 294
R
P 0x7fb20a09bc08
P 0x7fb20a1ab8f8
C 205
= 0x7fb20a0b9118
R
P 0x7fb20a09bc08
C 294
R
P 0x7fb20a09bc08
P 0x7fb20a0b9118
C 166
R
P 0x7fb20a09bc08
C 294
R
P 0x7fb20a09bc08
P 0x7fb20a1ab8f8
C 211
R
P 0x7fb20a09bc08
C 294
R
P 0x7fb20a09bc08
P 0x7fb20a1ab8f8
C 210
R
P 0x7fb20a09bc08
C 294
R
P 0x7fb20a09bc08
P 0x7fb20a1ab8f8
C 9
R
P 0x7fb20a09bc08
C 294
R
P 0x7fb20a09bc08
P 0x7fb20a1ab8f8
I 0
C 219
R
P 0x7fb20a09bc08
C 294
R
P 0x7fb20a09bc08
U 32
C 35
= 0x7fb20a0b9118
R
P 0x7fb20a09bc08
C 294
R
P 0x7fb20a09bc08
P 0x7fb20a0b9118
C 9
R
P 0x7fb20a09bc08
C 294
R
P 0x7fb20a09bc08
I 5124
P 0x7fb20a0b9118
C 145
= 0x7fb20a1ab778
R
P 0x7fb20a09bc08
C 294
R
P 0x7fb20a09bc08
P 0x7fb20a1ab778
C 208
R
P 0x7fb20a09bc08
C 294
R
P 0x7fb20a09bc08
P 0x7fb20a1ab778
C 205
= 0x7fb20a0b9118
R
P 0x7fb20a09bc08
C 294
R
P 0x7fb20a09bc08
P 0x7fb20a0b9118
C 166
R
P 0x7fb20a09bc08
C 294
R
P 0x7fb20a09bc08
P 0x7fb20a1ab778
C 211
R
P 0x7fb20a09bc08
C 294
R
P 0x7fb20a09bc08
P 0x7fb20a1ab778
C 210
R
P 0x7fb20a09bc08
C 294
R
P 0x7fb20a09bc08
P 0x7fb20a1ab778
C 9
R
P 0x7fb20a09bc08
C 294
R
P 0x7fb20a09bc08
P 0x7fb20a1ab458
P 0x7fb20a1ab778
C 99
= 0x7fb20a9eeaa8
R
P 0x7fb20a09bc08
C 294
R
P 0x7fb20a09bc08
P 0x7fb20a9eeaa8
C 9
R
P 0x7fb20a09bc08
C 294
R
P 0x7fb20a09bc08
P 0x7fb208dad4a8
P 0x7fb20a9eeaa8
C 423
R
P 0x7fb20a09bc08
C 294
R
P 0x7fb20a09bc08
U 32
C 35
= 0x7fb20a0b9118
R
P 0x7fb20a09bc08
C 294
R
P 0x7fb20a09bc08
P 0x7fb20a0b9118
C 9
R
P 0x7fb20a09bc08
C 294
R
P 0x7fb20a09bc08
I 0
P 0x7fb20a0b9118
C 145
= 0x7fb20a0ba818
R
P 0x7fb20a09bc08
C 294
R
P 0x7fb20a09bc08
P 0x7fb20a0ba818
C 208
R
P 0x7fb20a09bc08
C 294
R
P 0x7fb20a09bc08
P 0x7fb20a0ba818
C 205
= 0x7fb20a0b9118
R
P 0x7fb20a09bc08
C 294
R
P 0x7fb20a09bc08
P 0x7fb20a0b9118
C 166
R
P 0x7fb20a09bc08
C 294
R
P 0x7fb20a09bc08
P 0x7fb20a0ba818
C 211
R
P 0x7fb20a09bc08
C 294
R
P 0x7fb20a09bc08
P 0x7fb20a0ba818
C 210
R
P 0x7fb20a09bc08
C 294
R
P 0x7fb20a09bc08
P 0x7fb20a0ba818
C 9
R
P 0x7fb20a09bc08
C 294
R
P 0x7fb20a09bc08
P 0x7fb20a0ba798
P 0x7fb20a0ba818
C 99
= 0x7fb20a9ef288
R
P 0x7fb20a09bc08
C 294
R
P 0x7fb20a09bc08
P 0x7fb20a9ef288
C 9
R
P 0x7fb20a09bc08
C 294
R
P 0x7fb20a09bc08
P 0x7fb208dad4a8
P 0x7fb20a9ef288
C 423
R
P 0x7fb20a09bc08
C 294
R
P 0x7fb20a09bc08
U 32
C 35
= 0x7fb20a0b9118
R
P 0x7fb20a09bc08
C 294
R
P 0x7fb20a09bc08
P 0x7fb20a0b9118
C 9
R
P 0x7fb20a09bc08
C 294
R
P 0x7fb20a09bc08
I 0
P 0x7fb20a0b9118
C 145
= 0x7fb20a0ba818
R
P 0x7fb20a09bc08
C 294
R
P 0x7fb20a09bc08
P 0x7fb20a0ba818
C 208
R
P 0x7fb20a09bc08
C 294
R
P 0x7fb20a09bc08
P 0x7fb20a0ba818
C 205
= 0x7fb20a0b9118
R
P 0x7fb20a09bc08
C 294
R
P 0x7fb20a09bc08
P 0x7fb20a0b9118
C 166
R
P 0x7fb20a09bc08
C 294
R
P 0x7fb20a09bc08
P 0x7fb20a0ba818
C 211
R
P 0x7fb20a09bc08
C 294
R
P 0x7fb20a09bc08
P 0x7fb20a0ba818
C 210
R
P 0x7fb20a09bc08
C 294
R
P 0x7fb20a09bc08
P 0x7fb20a0ba818
C 9
R
P 0x7fb20a09bc08
C 294
R
P 0x7fb20a09bc08
P 0x7fb20a0ba7b8
P 0x7fb20a0ba818
C 99
= 0x7fb20a9ee9c8
R
P 0x7fb20a09bc08
C 294
R
P 0x7fb20a09bc08
P 0x7fb20a9ee9c8
C 9
R
P 0x7fb20a09bc08
C 294
R
P 0x7fb20a09bc08
P 0x7fb208dad4a8
P 0x7fb20a9ee9c8
C 423
R
P 0x7fb20a09bc08
C 294
R
P 0x7fb20a09bc08
U 32
C 35
= 0x7fb20a0b9118
R
P 0x7fb20a09bc08
C 294
R
P 0x7fb20a09bc08
P 0x7fb20a0b9118
C 9
R
P 0x7fb20a09bc08
C 294
R
P 0x7fb20a09bc08
I 10248
P 0x7fb20a0b9118
C 145
= 0x7fb20a1ab8f8
R
P 0x7fb20a09bc08
C 294
R
P 0x7fb20a09bc08
P 0x7fb20a1ab8f8
C 208
R
P 0x7fb20a09bc08
C 294
R
P 0x7fb20a09bc08
P 0x7fb20a1ab8f8
C 205
= 0x7fb20a0b9118
R
P 0x7fb20a09bc08
C 294
R
P 0x7fb20a09bc08
P 0x7fb20a0b9118
C 166
R
P 0x7fb20a09bc08
C 294
R
P 0x7fb20a09bc08
P 0x7fb20a1ab8f8
C 211
R
P 0x7fb20a09bc08
C 294
R
P 0x7fb20a09bc08
P 0x7fb20a1ab8f8
C 210
R
P 0x7fb20a09bc08
C 294
R
P 0x7fb20a09bc08
P 0x7fb20a1ab8f8
C 9
R
P 0x7fb20a09bc08
C 294
R
P 0x7fb20a09bc08
P 0x7fb20a1ab458
P 0x7fb20a1ab8f8
C 99
= 0x7fb20a9ee418
R
P 0x7fb20a09bc08
C 294
R
P 0x7fb20a09bc08
P 0x7fb20a9ee418
C 9
R
P 0x7fb20a09bc08
C 294
R
P 0x7fb20a09bc08
P 0x7fb208dad4a8
P 0x7fb20a9ee418
C 423
R
P 0x7fb20a09bc08
C 294
R
P 0x7fb20a09bc08
P 0x7fb208dad4a8
C 426
R
P 0x7fb20a09bc08
C 294
R
P 0x7fb20a09bc08
P 0x7fb208dad4a8
C 428
= 0x7fb208e6ca48
R
P 0x7fb20a09bc08
C 294
R
P 0x7fb20a09bc08
P 0x7fb208e6ca48
C 248
R
P 0x7fb20a09bc08
C 294
R
P 0x7fb20a09bc08
P 0x7fb208e6ca48
C 279
R
P 0x7fb20a09bc08
C 294
R
P 0x7fb20a09bc08
P 0x7fb208dad4a8
C 428
= 0x7fb208ea7078
R
P 0x7fb20a09bc08
C 294
R
P 0x7fb20a09bc08
P 0x7fb208ea7078
C 248
R
P 0x7fb20a09bc08
C 294
R
P 0x7fb20a09bc08
P 0x7fb208ea7078
P 0x7fb20a0ba798
I 0
P 0
C 250
* 0x7fb20a0ba818 4
R
P 0x7fb20a09bc08
C 294
R
P 0x7fb20a09bc08
P 0x7fb20a0ba818
C 208
R
P 0x7fb20a09bc08
C 294
R
P 0x7fb20a09bc08
P 0x7fb20a0ba818
C 205
= 0x7fb20a0b9118
R
P 0x7fb20a09bc08
C 294
R
P 0x7fb20a09bc08
P 0x7fb20a0b9118
C 166
R
P 0x7fb20a09bc08
C 294
R
P 0x7fb20a09bc08
P 0x7fb20a0ba818
C 211
R
P 0x7fb20a09bc08
C 294
R
P 0x7fb20a09bc08
P 0x7fb20a0ba818
C 210
R
P 0x7fb20a09bc08
C 294
R
P 0x7fb20a09bc08
P 0x7fb20a0ba818
C 9
R
P 0x7fb20a09bc08
C 294
R
P 0x7fb20a09bc08
P 0x7fb20a0ba818
I 0
C 219
R
P 0x7fb20a09bc08
C 294
R
P 0x7fb20a09bc08
P 0x7fb208dad4a8
C 428
= 0x7fb208ea8478
R
P 0x7fb20a09bc08
C 294
R
P 0x7fb20a09bc08
P 0x7fb208ea8478
C 248
R
P 0x7fb20a09bc08
C 294
R
P 0x7fb20a09bc08
P 0x7fb208ea8478
P 0x7fb20a0ba7b8
I 0
P 0
C 250
* 0x7fb20a0ba818 4
R
P 0x7fb20a09bc08
C 294
R
P 0x7fb20a09bc08
P 0x7fb20a0ba818
C 208
R
P 0x7fb20a09bc08
C 294
R
P 0x7fb20a09bc08
P 0x7fb20a0ba818
C 205
= 0x7fb20a0b9118
R
P 0x7fb20a09bc08
C 294
R
P 0x7fb20a09bc08
P 0x7fb20a0b9118
C 166
R
P 0x7fb20a09bc08
C 294
R
P 0x7fb20a09bc08
P 0x7fb20a0ba818
C 211
R
P 0x7fb20a09bc08
C 294
R
P 0x7fb20a09bc08
P 0x7fb20a0ba818
C 210
R
P 0x7fb20a09bc08
C 294
R
P 0x7fb20a09bc08
P 0x7fb20a0ba818
C 9
R
P 0x7fb20a09bc08
C 294
R
P 0x7fb20a09bc08
P 0x7fb20a0ba818
I 0
C 219
R
P 0x7fb20a09bc08
C 294
R
P 0x7fb20a09bc08
P 0x7fb208dad4a8
C 428
= 0x7fb208e84608
R
P 0x7fb20a09bc08
C 294
R
P 0x7fb20a09bc08
P 0x7fb208e84608
C 248
R
P 0x7fb20a09bc08
C 294
R
P 0x7fb20a09bc08
P 0x7fb208e84608
P 0x7fb20a1ab458
I 0
P 0
C 250
* 0x7fb20a1ab738 4
R
P 0x7fb20a09bc08
C 294
R
P 0x7fb20a09bc08
P 0x7fb20a1ab738
C 208
R
P 0x7fb20a09bc08
C 294
R
P 0x7fb20a09bc08
P 0x7fb20a1ab738
C 205
= 0x7fb20a0b9118
R
P 0x7fb20a09bc08
C 294
R
P 0x7fb20a09bc08
P 0x7fb20a0b9118
C 166
R
P 0x7fb20a09bc08
C 294
R
P 0x7fb20a09bc08
P 0x7fb20a1ab738
C 211
R
P 0x7fb20a09bc08
C 294
R
P 0x7fb20a09bc08
P 0x7fb20a1ab738
C 210
R
P 0x7fb20a09bc08
C 294
R
P 0x7fb20a09bc08
P 0x7fb20a1ab738
C 9
R
P 0x7fb20a09bc08
C 294
R
P 0x7fb20a09bc08
P 0x7fb20a1ab738
I 0
C 219
R
P 0x7fb20a09bc08
C 294
R
P 0x7fb20a09bc08
U 32
C 35
= 0x7fb20a0b9118
R
P 0x7fb20a09bc08
C 294
R
P 0x7fb20a09bc08
P 0x7fb20a0b9118
C 9
R
P 0x7fb20a09bc08
C 294
R
P 0x7fb20a09bc08
I 1028
P 0x7fb20a0b9118
C 145
= 0x7fb20a1ab718
R
P 0x7fb20a09bc08
C 294
R
P 0x7fb20a09bc08
P 0x7fb20a1ab718
C 208
R
P 0x7fb20a09bc08
C 294
R
P 0x7fb20a09bc08
P 0x7fb20a1ab718
C 205
= 0x7fb20a0b9118
R
P 0x7fb20a09bc08
C 294
R
P 0x7fb20a09bc08
P 0x7fb20a0b9118
C 166
R
P 0x7fb20a09bc08
C 294
R
P 0x7fb20a09bc08
P 0x7fb20a1ab718
C 211
R
P 0x7fb20a09bc08
C 294
R
P 0x7fb20a09bc08
P 0x7fb20a1ab718
C 210
R
P 0x7fb20a09bc08
C 294
R
P 0x7fb20a09bc08
P 0x7fb20a1ab718
C 9
R
P 0x7fb20a09bc08
C 294
R
P 0x7fb20a09bc08
P 0x7fb20a1ab458
P 0x7fb20a1ab718
C 99
= 0x7fb20a9ee4c0
R
P 0x7fb20a09bc08
C 294
R
P 0x7fb20a09bc08
P 0x7fb20a9ee4c0
C 9
R
P 0x7fb20a09bc08
C 294
R
P 0x7fb20a09bc08
P 0x7fb208dad4a8
P 0x7fb20a9ee4c0
C 423
R
P 0x7fb20a09bc08
C 294
R
P 0x7fb20a09bc08
U 32
C 35
= 0x7fb20a0b9118
R
P 0x7fb20a09bc08
C 294
R
P 0x7fb20a09bc08
P 0x7fb20a0b9118
C 9
R
P 0x7fb20a09bc08
C 294
R
P 0x7fb20a09bc08
I 0
P 0x7fb20a0b9118
C 145
= 0x7fb20a0ba818
R
P 0x7fb20a09bc08
C 294
R
P 0x7fb20a09bc08
P 0x7fb20a0ba818
C 208
R
P 0x7fb20a09bc08
C 294
R
P 0x7fb20a09bc08
P 0x7fb20a0ba818
C 205
= 0x7fb20a0b9118
R
P 0x7fb20a09bc08
C 294
R
P 0x7fb20a09bc08
P 0x7fb20a0b9118
C 166
R
P 0x7fb20a09bc08
C 294
R
P 0x7fb20a09bc08
P 0x7fb20a0ba818
C 211
R
P 0x7fb20a09bc08
C 294
R
P 0x7fb20a09bc08
P 0x7fb20a0ba818
C 210
R
P 0x7fb20a09bc08
C 294
R
P 0x7fb20a09bc08
P 0x7fb20a0ba818
C 9
R
P 0x7fb20a09bc08
C 294
R
P 0x7fb20a09bc08
P 0x7fb20a0ba798
P 0x7fb20a0ba818
C 99
= 0x7fb20a9ef288
R
P 0x7fb20a09bc08
C 294
R
P 0x7fb20a09bc08
P 0x7fb20a9ef288
C 9
R
P 0x7fb20a09bc08
C 294
R
P 0x7fb20a09bc08
P 0x7fb208dad4a8
P 0x7fb20a9ef288
C 423
R
P 0x7fb20a09bc08
C 294
R
P 0x7fb20a09bc08
U 32
C 35
= 0x7fb20a0b9118
R
P 0x7fb20a09bc08
C 294
R
P 0x7fb20a09bc08
P 0x7fb20a0b9118
C 9
R
P 0x7fb20a09bc08
C 294
R
P 0x7fb20a09bc08
I 0
P 0x7fb20a0b9118
C 145
= 0x7fb20a0ba818
R
P 0x7fb20a09bc08
C 294
R
P 0x7fb20a09bc08
P 0x7fb20a0ba818
C 208
R
P 0x7fb20a09bc08
C 294
R
P 0x7fb20a09bc08
P 0x7fb20a0ba818
C 205
= 0x7fb20a0b9118
R
P 0x7fb20a09bc08
C 294
R
P 0x7fb20a09bc08
P 0x7fb20a0b9118
C 166
R
P 0x7fb20a09bc08
C 294
R
P 0x7fb20a09bc08
P 0x7fb20a0ba818
C 211
R
P 0x7fb20a09bc08
C 294
R
P 0x7fb20a09bc08
P 0x7fb20a0ba818
C 210
R
P 0x7fb20a09bc08
C 294
R
P 0x7fb20a09bc08
P 0x7fb20a0ba818
C 9
R
P 0x7fb20a09bc08
C 294
R
P 0x7fb20a09bc08
P 0x7fb20a0ba7b8
P 0x7fb20a0ba818
C 99
= 0x7fb20a9ee9c8
R
P 0x7fb20a09bc08
C 294
R
P 0x7fb20a09bc08
P 0x7fb20a9ee9c8
C 9
R
P 0x7fb20a09bc08
C 294
R
P 0x7fb20a09bc08
P 0x7fb208dad4a8
P 0x7fb20a9ee9c8
C 423
R
P 0x7fb20a09bc08
C 294
R
P 0x7fb20a09bc08
U 32
C 35
= 0x7fb20a0b9118
R
P 0x7fb20a09bc08
C 294
R
P 0x7fb20a09bc08
P 0x7fb20a0b9118
C 9
R
P 0x7fb20a09bc08
C 294
R
P 0x7fb20a09bc08
I 2056
P 0x7fb20a0b9118
C 145
= 0x7fb20a1ab738
R
P 0x7fb20a09bc08
C 294
R
P 0x7fb20a09bc08
P 0x7fb20a1ab738
C 208
R
P 0x7fb20a09bc08
C 294
R
P 0x7fb20a09bc08
P 0x7fb20a1ab738
C 205
= 0x7fb20a0b9118
R
P 0x7fb20a09bc08
C 294
R
P 0x7fb20a09bc08
P 0x7fb20a0b9118
C 166
R
P 0x7fb20a09bc08
C 294
R
P 0x7fb20a09bc08
P 0x7fb20a1ab738
C 211
R
P 0x7fb20a09bc08
C 294
R
P 0x7fb20a09bc08
P 0x7fb20a1ab738
C 210
R
P 0x7fb20a09bc08
C 294
R
P 0x7fb20a09bc08
P 0x7fb20a1ab738
C 9
R
P 0x7fb20a09bc08
C 294
R
P 0x7fb20a09bc08
P 0x7fb20a1ab458
P 0x7fb20a1ab738
C 99
= 0x7fb20a9ee3a8
R
P 0x7fb20a09bc08
C 294
R
P 0x7fb20a09bc08
P 0x7fb20a9ee3a8
C 9
R
P 0x7fb20a09bc08
C 294
R
P 0x7fb20a09bc08
P 0x7fb208dad4a8
P 0x7fb20a9ee3a8
C 423
R
P 0x7fb20a09bc08
C 294
R
P 0x7fb20a09bc08
P 0x7fb208dad4a8
C 426
R
P 0x7fb20a09bc08
C 294
R
P 0x7fb20a09bc08
P 0x7fb208dad4a8
C 428
= 0x7fb208ea7568
R
P 0x7fb20a09bc08
C 294
R
P 0x7fb20a09bc08
P 0x7fb208ea7568
C 248
R
P 0x7fb20a09bc08
C 294
R
P 0x7fb20a09bc08
P 0x7fb208ea7568
C 279
R
P 0x7fb20a09bc08
C 294
R
P 0x7fb20a09bc08
P 0x7fb208dad4a8
C 428
= 0x7fb208ea8498
R
P 0x7fb20a09bc08
C 294
R
P 0x7fb20a09bc08
P 0x7fb208ea8498
C 248
R
P 0x7fb20a09bc08
C 294
R
P 0x7fb20a09bc08
P 0x7fb208ea8498
P 0x7fb20a0ba798
I 0
P 0
C 250
* 0x7fb20a0ba818 4
R
P 0x7fb20a09bc08
C 294
R
P 0x7fb20a09bc08
P 0x7fb20a0ba818
C 208
R
P 0x7fb20a09bc08
C 294
R
P 0x7fb20a09bc08
P 0x7fb20a0ba818
C 205
= 0x7fb20a0b9118
R
P 0x7fb20a09bc08
C 294
R
P 0x7fb20a09bc08
P 0x7fb20a0b9118
C 166
R
P 0x7fb20a09bc08
C 294
R
P 0x7fb20a09bc08
P 0x7fb20a0ba818
C 211
R
P 0x7fb20a09bc08
C 294
R
P 0x7fb20a09bc08
P 0x7fb20a0ba818
C 210
R
P 0x7fb20a09bc08
C 294
R
P 0x7fb20a09bc08
P 0x7fb20a0ba818
C 9
R
P 0x7fb20a09bc08
C 294
R
P 0x7fb20a09bc08
P 0x7fb20a0ba818
I 0
C 219
R
P 0x7fb20a09bc08
C 294
R
P 0x7fb20a09bc08
P 0x7fb208dad4a8
C 428
= 0x7fb208ea90a8
R
P 0x7fb20a09bc08
C 294
R
P 0x7fb20a09bc08
P 0x7fb208ea90a8
C 248
R
P 0x7fb20a09bc08
C 294
R
P 0x7fb20a09bc08
P 0x7fb208ea90a8
P 0x7fb20a0ba7b8
I 0
P 0
C 250
* 0x7fb20a0ba818 4
R
P 0x7fb20a09bc08
C 294
R
P 0x7fb20a09bc08
P 0x7fb20a0ba818
C 208
R
P 0x7fb20a09bc08
C 294
R
P 0x7fb20a09bc08
P 0x7fb20a0ba818
C 205
= 0x7fb20a0b9118
R
P 0x7fb20a09bc08
C 294
R
P 0x7fb20a09bc08
P 0x7fb20a0b9118
C 166
R
P 0x7fb20a09bc08
C 294
R
P 0x7fb20a09bc08
P 0x7fb20a0ba818
C 211
R
P 0x7fb20a09bc08
C 294
R
P 0x7fb20a09bc08
P 0x7fb20a0ba818
C 210
R
P 0x7fb20a09bc08
C 294
R
P 0x7fb20a09bc08
P 0x7fb20a0ba818
C 9
R
P 0x7fb20a09bc08
C 294
R
P 0x7fb20a09bc08
P 0x7fb20a0ba818
I 0
C 219
R
P 0x7fb20a09bc08
C 294
R
P 0x7fb20a09bc08
P 0x7fb208dad4a8
C 428
= 0x7fb208ea66a8
R
P 0x7fb20a09bc08
C 294
R
P 0x7fb20a09bc08
P 0x7fb208ea66a8
C 248
R
P 0x7fb20a09bc08
C 294
R
P 0x7fb20a09bc08
P 0x7fb208ea66a8
P 0x7fb20a1ab458
I 0
P 0
C 250
* 0x7fb20a1ab638 4
R
P 0x7fb20a09bc08
C 294
R
P 0x7fb20a09bc08
P 0x7fb20a1ab638
C 208
R
P 0x7fb20a09bc08
C 294
R
P 0x7fb20a09bc08
P 0x7fb20a1ab638
C 205
= 0x7fb20a0b9118
R
P 0x7fb20a09bc08
C 294
R
P 0x7fb20a09bc08
P 0x7fb20a0b9118
C 166
R
P 0x7fb20a09bc08
C 294
R
P 0x7fb20a09bc08
P 0x7fb20a1ab638
C 211
R
P 0x7fb20a09bc08
C 294
R
P 0x7fb20a09bc08
P 0x7fb20a1ab638
C 210
R
P 0x7fb20a09bc08
C 294
R
P 0x7fb20a09bc08
P 0x7fb20a1ab638
C 9
R
P 0x7fb20a09bc08
C 294
R
P 0x7fb20a09bc08
P 0x7fb20a1ab638
I 0
C 219
R
P 0x7fb20a09bc08
C 294
R
P 0x7fb20a09bc08
U 32
C 35
= 0x7fb20a0b9118
R
P 0x7fb20a09bc08
C 294
R
P 0x7fb20a09bc08
P 0x7fb20a0b9118
C 9
R
P 0x7fb20a09bc08
C 294
R
P 0x7fb20a09bc08
I 4
P 0x7fb20a0b9118
C 145
= 0x7fb20a1ab5b8
R
P 0x7fb20a09bc08
C 294
R
P 0x7fb20a09bc08
P 0x7fb20a1ab5b8
C 208
R
P 0x7fb20a09bc08
C 294
R
P 0x7fb20a09bc08
P 0x7fb20a1ab5b8
C 205
= 0x7fb20a0b9118
R
P 0x7fb20a09bc08
C 294
R
P 0x7fb20a09bc08
P 0x7fb20a0b9118
C 166
R
P 0x7fb20a09bc08
C 294
R
P 0x7fb20a09bc08
P 0x7fb20a1ab5b8
C 211
R
P 0x7fb20a09bc08
C 294
R
P 0x7fb20a09bc08
P 0x7fb20a1ab5b8
C 210
R
P 0x7fb20a09bc08
C 294
R
P 0x7fb20a09bc08
P 0x7fb20a1ab5b8
C 9
R
P 0x7fb20a09bc08
C 294
R
P 0x7fb20a09bc08
P 0x7fb20a1ab458
P 0x7fb20a1ab5b8
C 99
= 0x7fb20a9ee488
R
P 0x7fb20a09bc08
C 294
R
P 0x7fb20a09bc08
P 0x7fb20a9ee488
C 9
R
P 0x7fb20a09bc08
C 294
R
P 0x7fb20a09bc08
P 0x7fb208dad4a8
P 0x7fb20a9ee488
C 423
R
P 0x7fb20a09bc08
C 294
R
P 0x7fb20a09bc08
U 32
C 35
= 0x7fb20a0b9118
R
P 0x7fb20a09bc08
C 294
R
P 0x7fb20a09bc08
P 0x7fb20a0b9118
C 9
R
P 0x7fb20a09bc08
C 294
R
P 0x7fb20a09bc08
I 0
P 0x7fb20a0b9118
C 145
= 0x7fb20a0ba818
R
P 0x7fb20a09bc08
C 294
R
P 0x7fb20a09bc08
P 0x7fb20a0ba818
C 208
R
P 0x7fb20a09bc08
C 294
R
P 0x7fb20a09bc08
P 0x7fb20a0ba818
C 205
= 0x7fb20a0b9118
R
P 0x7fb20a09bc08
C 294
R
P 0x7fb20a09bc08
P 0x7fb20a0b9118
C 166
R
P 0x7fb20a09bc08
C 294
R
P 0x7fb20a09bc08
P 0x7fb20a0ba818
C 211
R
P 0x7fb20a09bc08
C 294
R
P 0x7fb20a09bc08
P 0x7fb20a0ba818
C 210
R
P 0x7fb20a09bc08
C 294
R
P 0x7fb20a09bc08
P 0x7fb20a0ba818
C 9
R
P 0x7fb20a09bc08
C 294
R
P 0x7fb20a09bc08
P 0x7fb20a0ba798
P 0x7fb20a0ba818
C 99
= 0x7fb20a9ef288
R
P 0x7fb20a09bc08
C 294
R
P 0x7fb20a09bc08
P 0x7fb20a9ef288
C 9
R
P 0x7fb20a09bc08
C 294
R
P 0x7fb20a09bc08
P 0x7fb208dad4a8
P 0x7fb20a9ef288
C 423
R
P 0x7fb20a09bc08
C 294
R
P 0x7fb20a09bc08
U 32
C 35
= 0x7fb20a0b9118
R
P 0x7fb20a09bc08
C 294
R
P 0x7fb20a09bc08
P 0x7fb20a0b9118
C 9
R
P 0x7fb20a09bc08
C 294
R
P 0x7fb20a09bc08
I 0
P 0x7fb20a0b9118
C 145
= 0x7fb20a0ba818
R
P 0x7fb20a09bc08
C 294
R
P 0x7fb20a09bc08
P 0x7fb20a0ba818
C 208
R
P 0x7fb20a09bc08
C 294
R
P 0x7fb20a09bc08
P 0x7fb20a0ba818
C 205
= 0x7fb20a0b9118
R
P 0x7fb20a09bc08
C 294
R
P 0x7fb20a09bc08
P 0x7fb20a0b9118
C 166
R
P 0x7fb20a09bc08
C 294
R
P 0x7fb20a09bc08
P 0x7fb20a0ba818
C 211
R
P 0x7fb20a09bc08
C 294
R
P 0x7fb20a09bc08
P 0x7fb20a0ba818
C 210
R
P 0x7fb20a09bc08
C 294
R
P 0x7fb20a09bc08
P 0x7fb20a0ba818
C 9
R
P 0x7fb20a09bc08
C 294
R
P 0x7fb20a09bc08
P 0x7fb20a0ba7b8
P 0x7fb20a0ba818
C 99
= 0x7fb20a9ee9c8
R
P 0x7fb20a09bc08
C 294
R
P 0x7fb20a09bc08
P 0x7fb20a9ee9c8
C 9
R
P 0x7fb20a09bc08
C 294
R
P 0x7fb20a09bc08
P 0x7fb208dad4a8
P 0x7fb20a9ee9c8
C 423
R
P 0x7fb20a09bc08
C 294
R
P 0x7fb20a09bc08
U 32
C 35
= 0x7fb20a0b9118
R
P 0x7fb20a09bc08
C 294
R
P 0x7fb20a09bc08
P 0x7fb20a0b9118
C 9
R
P 0x7fb20a09bc08
C 294
R
P 0x7fb20a09bc08
I 8
P 0x7fb20a0b9118
C 145
= 0x7fb20a1ab638
R
P 0x7fb20a09bc08
C 294
R
P 0x7fb20a09bc08
P 0x7fb20a1ab638
C 208
R
P 0x7fb20a09bc08
C 294
R
P 0x7fb20a09bc08
P 0x7fb20a1ab638
C 205
= 0x7fb20a0b9118
R
P 0x7fb20a09bc08
C 294
R
P 0x7fb20a09bc08
P 0x7fb20a0b9118
C 166
R
P 0x7fb20a09bc08
C 294
R
P 0x7fb20a09bc08
P 0x7fb20a1ab638
C 211
R
P 0x7fb20a09bc08
C 294
R
P 0x7fb20a09bc08
P 0x7fb20a1ab638
C 210
R
P 0x7fb20a09bc08
C 294
R
P 0x7fb20a09bc08
P 0x7fb20a1ab638
C 9
R
P 0x7fb20a09bc08
C 294
R
P 0x7fb20a09bc08
P 0x7fb20a1ab458
P 0x7fb20a1ab638
C 99
= 0x7fb20a9ee338
R
P 0x7fb20a09bc08
C 294
R
P 0x7fb20a09bc08
P 0x7fb20a9ee338
C 9
R
P 0x7fb20a09bc08
C 294
R
P 0x7fb20a09bc08
P 0x7fb208dad4a8
P 0x7fb20a9ee338
C 423
R
P 0x7fb20a09bc08
C 294
R
P 0x7fb20a09bc08
P 0x7fb208dad4a8
C 426
R
P 0x7fb20a09bc08
C 294
R
P 0x7fb20a09bc08
P 0x7fb208dad4a8
C 428
= 0x7fb208ea7548
R
P 0x7fb20a09bc08
C 294
R
P 0x7fb20a09bc08
P 0x7fb208ea7548
C 248
R
P 0x7fb20a09bc08
C 294
R
P 0x7fb20a09bc08
P 0x7fb208ea7548
C 279
R
P 0x7fb20a09bc08
C 294
R
P 0x7fb20a09bc08
P 0x7fb208dad4a8
C 428
= 0x7fb208ea6688
R
P 0x7fb20a09bc08
C 294
R
P 0x7fb20a09bc08
P 0x7fb208ea6688
C 248
R
P 0x7fb20a09bc08
C 294
R
P 0x7fb20a09bc08
P 0x7fb208ea6688
P 0x7fb20a0ba798
I 0
P 0
C 250
* 0x7fb20a0ba818 4
R
P 0x7fb20a09bc08
C 294
R
P 0x7fb20a09bc08
P 0x7fb20a0ba818
C 208
R
P 0x7fb20a09bc08
C 294
R
P 0x7fb20a09bc08
P 0x7fb20a0ba818
C 205
= 0x7fb20a0b9118
R
P 0x7fb20a09bc08
C 294
R
P 0x7fb20a09bc08
P 0x7fb20a0b9118
C 166
R
P 0x7fb20a09bc08
C 294
R
P 0x7fb20a09bc08
P 0x7fb20a0ba818
C 211
R
P 0x7fb20a09bc08
C 294
R
P 0x7fb20a09bc08
P 0x7fb20a0ba818
C 210
R
P 0x7fb20a09bc08
C 294
R
P 0x7fb20a09bc08
P 0x7fb20a0ba818
C 9
R
P 0x7fb20a09bc08
C 294
R
P 0x7fb20a09bc08
P 0x7fb20a0ba818
I 0
C 219
R
P 0x7fb20a09bc08
C 294
R
P 0x7fb20a09bc08
P 0x7fb208dad4a8
C 428
= 0x7fb208ea6998
R
P 0x7fb20a09bc08
C 294
R
P 0x7fb20a09bc08
P 0x7fb208ea6998
C 248
R
P 0x7fb20a09bc08
C 294
R
P 0x7fb20a09bc08
P 0x7fb208ea6998
P 0x7fb20a0ba7b8
I 0
P 0
C 250
* 0x7fb20a0ba818 4
R
P 0x7fb20a09bc08
C 294
R
P 0x7fb20a09bc08
P 0x7fb20a0ba818
C 208
R
P 0x7fb20a09bc08
C 294
R
P 0x7fb20a09bc08
P 0x7fb20a0ba818
C 205
= 0x7fb20a0b9118
R
P 0x7fb20a09bc08
C 294
R
P 0x7fb20a09bc08
P 0x7fb20a0b9118
C 166
R
P 0x7fb20a09bc08
C 294
R
P 0x7fb20a09bc08
P 0x7fb20a0ba818
C 211
R
P 0x7fb20a09bc08
C 294
R
P 0x7fb20a09bc08
P 0x7fb20a0ba818
C 210
R
P 0x7fb20a09bc08
C 294
R
P 0x7fb20a09bc08
P 0x7fb20a0ba818
C 9
R
P 0x7fb20a09bc08
C 294
R
P 0x7fb20a09bc08
P 0x7fb20a0ba818
I 0
C 219
R
P 0x7fb20a09bc08
C 294
R
P 0x7fb20a09bc08
P 0x7fb208dad4a8
C 428
= 0x7fb208ea8f08
R
P 0x7fb20a09bc08
C 294
R
P 0x7fb20a09bc08
P 0x7fb208ea8f08
C 248
R
P 0x7fb20a09bc08
C 294
R
P 0x7fb20a09bc08
P 0x7fb208ea8f08
P 0x7fb20a1ab458
I 0
P 0
C 250
* 0x7fb20a0b9598 4
R
P 0x7fb20a09bc08
C 294
R
P 0x7fb20a09bc08
P 0x7fb20a0b9598
C 208
R
P 0x7fb20a09bc08
C 294
R
P 0x7fb20a09bc08
P 0x7fb20a0b9598
C 205
= 0x7fb20a0b9118
R
P 0x7fb20a09bc08
C 294
R
P 0x7fb20a09bc08
P 0x7fb20a0b9118
C 166
R
P 0x7fb20a09bc08
C 294
R
P 0x7fb20a09bc08
P 0x7fb20a0b9598
C 211
R
P 0x7fb20a09bc08
C 294
R
P 0x7fb20a09bc08
P 0x7fb20a0b9598
C 210
R
P 0x7fb20a09bc08
C 294
R
P 0x7fb20a09bc08
P 0x7fb20a0b9598
C 9
R
P 0x7fb20a09bc08
C 294
R
P 0x7fb20a09bc08
P 0x7fb20a0b9598
I 0
C 219
R
P 0x7fb20a09bc08
C 294
R
P 0x7fb20a09bc08
U 32
C 35
= 0x7fb20a0b9118
R
P 0x7fb20a09bc08
C 294
R
P 0x7fb20a09bc08
P 0x7fb20a0b9118
C 9
R
P 0x7fb20a09bc08
C 294
R
P 0x7fb20a09bc08
I 0
P 0x7fb20a0b9118
C 145
= 0x7fb20a0ba818
R
P 0x7fb20a09bc08
C 294
R
P 0x7fb20a09bc08
P 0x7fb20a0ba818
C 208
R
P 0x7fb20a09bc08
C 294
R
P 0x7fb20a09bc08
P 0x7fb20a0ba818
C 205
= 0x7fb20a0b9118
R
P 0x7fb20a09bc08
C 294
R
P 0x7fb20a09bc08
P 0x7fb20a0b9118
C 166
R
P 0x7fb20a09bc08
C 294
R
P 0x7fb20a09bc08
P 0x7fb20a0ba818
C 211
R
P 0x7fb20a09bc08
C 294
R
P 0x7fb20a09bc08
P 0x7fb20a0ba818
C 210
R
P 0x7fb20a09bc08
C 294
R
P 0x7fb20a09bc08
P 0x7fb20a0ba818
C 9
R
P 0x7fb20a09bc08
C 294
R
P 0x7fb20a09bc08
P 0x7fb20a1ab458
P 0x7fb20a0ba818
C 99
= 0x7fb20a9ee300
R
P 0x7fb20a09bc08
C 294
R
P 0x7fb20a09bc08
P 0x7fb20a9ee300
C 9
R
P 0x7fb20a09bc08
C 294
R
P 0x7fb20a09bc08
P 0x7fb208dad4a8
P 0x7fb20a9ee300
C 423
R
P 0x7fb20a09bc08
C 294
R
P 0x7fb20a09bc08
U 32
C 35
= 0x7fb20a0b9118
R
P 0x7fb20a09bc08
C 294
R
P 0x7fb20a09bc08
P 0x7fb20a0b9118
C 9
R
P 0x7fb20a09bc08
C 294
R
P 0x7fb20a09bc08
I 0
P 0x7fb20a0b9118
C 145
= 0x7fb20a0ba818
R
P 0x7fb20a09bc08
C 294
R
P 0x7fb20a09bc08
P 0x7fb20a0ba818
C 208
R
P 0x7fb20a09bc08
C 294
R
P 0x7fb20a09bc08
P 0x7fb20a0ba818
C 205
= 0x7fb20a0b9118
R
P 0x7fb20a09bc08
C 294
R
P 0x7fb20a09bc08
P 0x7fb20a0b9118
C 166
R
P 0x7fb20a09bc08
C 294
R
P 0x7fb20a09bc08
P 0x7fb20a0ba818
C 211
R
P 0x7fb20a09bc08
C 294
R
P 0x7fb20a09bc08
P 0x7fb20a0ba818
C 210
R
P 0x7fb20a09bc08
C 294
R
P 0x7fb20a09bc08
P 0x7fb20a0ba818
C 9
R
P 0x7fb20a09bc08
C 294
R
P 0x7fb20a09bc08
P 0x7fb20a0ba798
P 0x7fb20a0ba818
C 99
= 0x7fb20a9ef288
R
P 0x7fb20a09bc08
C 294
R
P 0x7fb20a09bc08
P 0x7fb20a9ef288
C 9
R
P 0x7fb20a09bc08
C 294
R
P 0x7fb20a09bc08
P 0x7fb208dad4a8
P 0x7fb20a9ef288
C 423
R
P 0x7fb20a09bc08
C 294
R
P 0x7fb20a09bc08
U 32
C 35
= 0x7fb20a0b9118
R
P 0x7fb20a09bc08
C 294
R
P 0x7fb20a09bc08
P 0x7fb20a0b9118
C 9
R
P 0x7fb20a09bc08
C 294
R
P 0x7fb20a09bc08
I 0
P 0x7fb20a0b9118
C 145
= 0x7fb20a0ba818
R
P 0x7fb20a09bc08
C 294
R
P 0x7fb20a09bc08
P 0x7fb20a0ba818
C 208
R
P 0x7fb20a09bc08
C 294
R
P 0x7fb20a09bc08
P 0x7fb20a0ba818
C 205
= 0x7fb20a0b9118
R
P 0x7fb20a09bc08
C 294
R
P 0x7fb20a09bc08
P 0x7fb20a0b9118
C 166
R
P 0x7fb20a09bc08
C 294
R
P 0x7fb20a09bc08
P 0x7fb20a0ba818
C 211
R
P 0x7fb20a09bc08
C 294
R
P 0x7fb20a09bc08
P 0x7fb20a0ba818
C 210
R
P 0x7fb20a09bc08
C 294
R
P 0x7fb20a09bc08
P 0x7fb20a0ba818
C 9
R
P 0x7fb20a09bc08
C 294
R
P 0x7fb20a09bc08
P 0x7fb20a0ba7b8
P 0x7fb20a0ba818
C 99
= 0x7fb20a9ee9c8
R
P 0x7fb20a09bc08
C 294
R
P 0x7fb20a09bc08
P 0x7fb20a9ee9c8
C 9
R
P 0x7fb20a09bc08
C 294
R
P 0x7fb20a09bc08
P 0x7fb208dad4a8
P 0x7fb20a9ee9c8
C 423
R
P 0x7fb20a09bc08
C 294
R
P 0x7fb20a09bc08
U 32
C 35
= 0x7fb20a0b9118
R
P 0x7fb20a09bc08
C 294
R
P 0x7fb20a09bc08
P 0x7fb20a0b9118
C 9
R
P 0x7fb20a09bc08
C 294
R
P 0x7fb20a09bc08
I 1
P 0x7fb20a0b9118
C 145
= 0x7fb20a0b9598
R
P 0x7fb20a09bc08
C 294
R
P 0x7fb20a09bc08
P 0x7fb20a0b9598
C 208
R
P 0x7fb20a09bc08
C 294
R
P 0x7fb20a09bc08
P 0x7fb20a0b9598
C 205
= 0x7fb20a0b9118
R
P 0x7fb20a09bc08
C 294
R
P 0x7fb20a09bc08
P 0x7fb20a0b9118
C 166
R
P 0x7fb20a09bc08
C 294
R
P 0x7fb20a09bc08
P 0x7fb20a0b9598
C 211
R
P 0x7fb20a09bc08
C 294
R
P 0x7fb20a09bc08
P 0x7fb20a0b9598
C 210
R
P 0x7fb20a09bc08
C 294
R
P 0x7fb20a09bc08
P 0x7fb20a0b9598
C 9
R
P 0x7fb20a09bc08
C 294
R
P 0x7fb20a09bc08
P 0x7fb20a1ab458
P 0x7fb20a0b9598
C 99
= 0x7fb20a9ee220
R
P 0x7fb20a09bc08
C 294
R
P 0x7fb20a09bc08
P 0x7fb20a9ee220
C 9
R
P 0x7fb20a09bc08
C 294
R
P 0x7fb20a09bc08
P 0x7fb208dad4a8
P 0x7fb20a9ee220
C 423
R
P 0x7fb20a09bc08
C 294
R
P 0x7fb20a09bc08
P 0x7fb208dad4a8
C 426
R
P 0x7fb20a09bc08
C 294
R
P 0x7fb20a09bc08
P 0x7fb208dad4a8
C 428
= 0x7fb208eaa6a8
R
P 0x7fb20a09bc08
C 294
R
P 0x7fb20a09bc08
P 0x7fb208eaa6a8
C 248
R
P 0x7fb20a09bc08
C 294
R
P 0x7fb20a09bc08
P 0x7fb208eaa6a8
C 279
R
P 0x7fb20a09bc08
C 294
R
P 0x7fb20a09bc08
P 0x7fb208dad4a8
C 428
= 0x7fb208ea7d78
R
P 0x7fb20a09bc08
C 294
R
P 0x7fb20a09bc08
P 0x7fb208ea7d78
C 248
R
P 0x7fb20a09bc08
C 294
R
P 0x7fb20a09bc08
P 0x7fb208ea7d78
P 0x7fb20a0ba798
I 0
P 0
C 250
* 0x7fb20a0ba818 4
R
P 0x7fb20a09bc08
C 294
R
P 0x7fb20a09bc08
P 0x7fb20a0ba818
C 208
R
P 0x7fb20a09bc08
C 294
R
P 0x7fb20a09bc08
P 0x7fb20a0ba818
C 205
= 0x7fb20a0b9118
R
P 0x7fb20a09bc08
C 294
R
P 0x7fb20a09bc08
P 0x7fb20a0b9118
C 166
R
P 0x7fb20a09bc08
C 294
R
P 0x7fb20a09bc08
P 0x7fb20a0ba818
C 211
R
P 0x7fb20a09bc08
C 294
R
P 0x7fb20a09bc08
P 0x7fb20a0ba818
C 210
R
P 0x7fb20a09bc08
C 294
R
P 0x7fb20a09bc08
P 0x7fb20a0ba818
C 9
R
P 0x7fb20a09bc08
C 294
R
P 0x7fb20a09bc08
P 0x7fb20a0ba818
I 0
C 219
R
P 0x7fb20a09bc08
C 294
R
P 0x7fb20a09bc08
P 0x7fb208dad4a8
C 428
= 0x7fb208ea83a8
R
P 0x7fb20a09bc08
C 294
R
P 0x7fb20a09bc08
P 0x7fb208ea83a8
C 248
R
P 0x7fb20a09bc08
C 294
R
P 0x7fb20a09bc08
P 0x7fb208ea83a8
P 0x7fb20a0ba7b8
I 0
P 0
C 250
* 0x7fb20a0ba818 4
R
P 0x7fb20a09bc08
C 294
R
P 0x7fb20a09bc08
P 0x7fb20a0ba818
C 208
R
P 0x7fb20a09bc08
C 294
R
P 0x7fb20a09bc08
P 0x7fb20a0ba818
C 205
= 0x7fb20a0b9118
R
P 0x7fb20a09bc08
C 294
R
P 0x7fb20a09bc08
P 0x7fb20a0b9118
C 166
R
P 0x7fb20a09bc08
C 294
R
P 0x7fb20a09bc08
P 0x7fb20a0ba818
C 211
R
P 0x7fb20a09bc08
C 294
R
P 0x7fb20a09bc08
P 0x7fb20a0ba818
C 210
R
P 0x7fb20a09bc08
C 294
R
P 0x7fb20a09bc08
P 0x7fb20a0ba818
C 9
R
P 0x7fb20a09bc08
C 294
R
P 0x7fb20a09bc08
P 0x7fb20a0ba818
I 0
C 219
R
P 0x7fb20a09bc08
C 294
R
P 0x7fb20a09bc08
P 0x7fb208dad4a8
C 428
= 0x7fb208ea83c8
R
P 0x7fb20a09bc08
C 294
R
P 0x7fb20a09bc08
P 0x7fb208ea83c8
C 248
R
P 0x7fb20a09bc08
C 294
R
P 0x7fb20a09bc08
P 0x7fb208ea83c8
P 0x7fb20a1ab458
I 0
P 0
C 250
* 0x7fb20a0ba818 4
R
P 0x7fb20a09bc08
C 294
R
P 0x7fb20a09bc08
P 0x7fb20a0ba818
C 208
R
P 0x7fb20a09bc08
C 294
R
P 0x7fb20a09bc08
P 0x7fb20a0ba818
C 205
= 0x7fb20a0b9118
R
P 0x7fb20a09bc08
C 294
R
P 0x7fb20a09bc08
P 0x7fb20a0b9118
C 166
R
P 0x7fb20a09bc08
C 294
R
P 0x7fb20a09bc08
P 0x7fb20a0ba818
C 211
R
P 0x7fb20a09bc08
C 294
R
P 0x7fb20a09bc08
P 0x7fb20a0ba818
C 210
R
P 0x7fb20a09bc08
C 294
R
P 0x7fb20a09bc08
P 0x7fb20a0ba818
C 9
R
P 0x7fb20a09bc08
C 294
R
P 0x7fb20a09bc08
P 0x7fb20a0ba818
I 0
C 219
R
P 0x7fb20a09bc08
C 294
R
P 0x7fb20a09bc08
P 0x7fb208dad4a8
U 1
C 420
R
P 0x7fb20a09bc08
C 294
M "SimplifierExample"
R
P 0x7fb20a09bc08
S "x"
C 30
R
P 0x7fb20a09bc08
C 294
R
P 0x7fb20a09bc08
$ |x|
P 0x7fb20a0b8cd8
C 50
= 0x7fb20a0b9798
R
P 0x7fb20a09bc08
C 294
R
P 0x7fb20a09bc08
P 0x7fb20a0b9798
C 208
R
P 0x7fb20a09bc08
C 294
R
P 0x7fb20a09bc08
P 0x7fb20a0b9798
C 205
= 0x7fb20a0b8cd8
R
P 0x7fb20a09bc08
C 294
R
P 0x7fb20a09bc08
P 0x7fb20a0b8cd8
C 166
R
P 0x7fb20a09bc08
C 294
R
P 0x7fb20a09bc08
P 0x7fb20a0b9798
C 211
R
P 0x7fb20a09bc08
C 294
R
P 0x7fb20a09bc08
P 0x7fb20a0b9798
C 210
R
P 0x7fb20a09bc08
C 294
R
P 0x7fb20a09bc08
P 0x7fb20a0b9798
C 9
R
P 0x7fb20a09bc08
C 294
R
P 0x7fb20a09bc08
S "y"
C 30
R
P 0x7fb20a09bc08
C 294
R
P 0x7fb20a09bc08
$ |y|
P 0x7fb20a0b8cd8
C 50
= 0x7fb20a0b9778
R
P 0x7fb20a09bc08
C 294
R
P 0x7fb20a09bc08
P 0x7fb20a0b9778
C 208
R
P 0x7fb20a09bc08
C 294
R
P 0x7fb20a09bc08
P 0x7fb20a0b9778
C 205
= 0x7fb20a0b8cd8
R
P 0x7fb20a09bc08
C 294
R
P 0x7fb20a09bc08
P 0x7fb20a0b8cd8
C 166
R
P 0x7fb20a09bc08
C 294
R
P 0x7fb20a09bc08
P 0x7fb20a0b9778
C 211
R
P 0x7fb20a09bc08
C 294
R
P 0x7fb20a09bc08
P 0x7fb20a0b9778
C 210
R
P 0x7fb20a09bc08
C 294
R
P 0x7fb20a09bc08
P 0x7fb20a0b9778
C 9
R
P 0x7fb20a09bc08
C 294
R
P 0x7fb20a09bc08
S "z"
C 30
R
P 0x7fb20a09bc08
C 294
R
P 0x7fb20a09bc08
$ |z|
P 0x7fb20a0b8cd8
C 50
= 0x7fb20a25b0d8
R
P 0x7fb20a09bc08
C 294
R
P 0x7fb20a09bc08
P 0x7fb20a25b0d8
C 208
R
P 0x7fb20a09bc08
C 294
R
P 0x7fb20a09bc08
P 0x7fb20a25b0d8
C 205
= 0x7fb20a0b8cd8
R
P 0x7fb20a09bc08
C 294
R
P 0x7fb20a09bc08
P 0x7fb20a0b8cd8
C 166
R
P 0x7fb20a09bc08
C 294
R
P 0x7fb20a09bc08
P 0x7fb20a25b0d8
C 211
R
P 0x7fb20a09bc08
C 294
R
P 0x7fb20a09bc08
P 0x7fb20a25b0d8
C 210
R
P 0x7fb20a09bc08
C 294
R
P 0x7fb20a09bc08
P 0x7fb20a25b0d8
C 9
R
P 0x7fb20a09bc08
C 294
R
P 0x7fb20a09bc08
S "u"
C 30
R
P 0x7fb20a09bc08
C 294
R
P 0x7fb20a09bc08
$ |u|
P 0x7fb20a0b8cd8
C 50
= 0x7fb20a25ab78
R
P 0x7fb20a09bc08
C 294
R
P 0x7fb20a09bc08
P 0x7fb20a25ab78
C 208
R
P 0x7fb20a09bc08
C 294
R
P 0x7fb20a09bc08
P 0x7fb20a25ab78
C 205
= 0x7fb20a0b8cd8
R
P 0x7fb20a09bc08
C 294
R
P 0x7fb20a09bc08
P 0x7fb20a0b8cd8
C 166
R
P 0x7fb20a09bc08
C 294
R
P 0x7fb20a09bc08
P 0x7fb20a25ab78
C 211
R
P 0x7fb20a09bc08
C 294
R
P 0x7fb20a09bc08
P 0x7fb20a25ab78
C 210
R
P 0x7fb20a09bc08
C 294
R
P 0x7fb20a09bc08
P 0x7fb20a25ab78
C 9
R
P 0x7fb20a09bc08
C 294
R
P 0x7fb20a09bc08
U 2
P 0x7fb20a0b9798
P 0x7fb20a25b0d8
p 2
C 64
= 0x7fb20aa19990
R
P 0x7fb20a09bc08
C 294
R
P 0x7fb20a09bc08
P 0x7fb20aa19990
C 208
R
P 0x7fb20a09bc08
C 294
R
P 0x7fb20a09bc08
P 0x7fb20aa19990
C 205
= 0x7fb20a0b8cd8
R
P 0x7fb20a09bc08
C 294
R
P 0x7fb20a09bc08
P 0x7fb20a0b8cd8
C 166
R
P 0x7fb20a09bc08
C 294
R
P 0x7fb20a09bc08
P 0x7fb20aa19990
C 211
R
P 0x7fb20a09bc08
C 294
R
P 0x7fb20a09bc08
P 0x7fb20aa19990
C 210
R
P 0x7fb20a09bc08
C 294
R
P 0x7fb20a09bc08
P 0x7fb20aa19990
C 9
R
P 0x7fb20a09bc08
C 294
R
P 0x7fb20a09bc08
U 2
P 0x7fb20a0b9778
P 0x7fb20aa19990
p 2
C 66
= 0x7fb20aa19958
R
P 0x7fb20a09bc08
C 294
R
P 0x7fb20a09bc08
P 0x7fb20aa19958
C 208
R
P 0x7fb20a09bc08
C 294
R
P 0x7fb20a09bc08
P 0x7fb20aa19958
C 205
= 0x7fb20a0b8cd8
R
P 0x7fb20a09bc08
C 294
R
P 0x7fb20a09bc08
P 0x7fb20a0b8cd8
C 166
R
P 0x7fb20a09bc08
C 294
R
P 0x7fb20a09bc08
P 0x7fb20aa19958
C 211
R
P 0x7fb20a09bc08
C 294
R
P 0x7fb20a09bc08
P 0x7fb20aa19958
C 210
R
P 0x7fb20a09bc08
C 294
R
P 0x7fb20a09bc08
P 0x7fb20aa19958
C 9
R
P 0x7fb20a09bc08
C 294
R
P 0x7fb20a09bc08
U 2
P 0x7fb20a0b9798
P 0x7fb20aa19958
p 2
C 64
= 0x7fb20aa19920
R
P 0x7fb20a09bc08
C 294
R
P 0x7fb20a09bc08
P 0x7fb20aa19920
C 208
R
P 0x7fb20a09bc08
C 294
R
P 0x7fb20a09bc08
P 0x7fb20aa19920
C 205
= 0x7fb20a0b8cd8
R
P 0x7fb20a09bc08
C 294
R
P 0x7fb20a09bc08
P 0x7fb20a0b8cd8
C 166
R
P 0x7fb20a09bc08
C 294
R
P 0x7fb20a09bc08
P 0x7fb20aa19920
C 211
R
P 0x7fb20a09bc08
C 294
R
P 0x7fb20a09bc08
P 0x7fb20aa19920
C 210
R
P 0x7fb20a09bc08
C 294
R
P 0x7fb20a09bc08
P 0x7fb20aa19920
C 9
R
P 0x7fb20a09bc08
C 294
R
P 0x7fb20a09bc08
P 0x7fb20aa19920
C 240
= 0x7fb20aa19808
R
P 0x7fb20a09bc08
C 294
R
P 0x7fb20a09bc08
P 0x7fb20aa19808
C 208
R
P 0x7fb20a09bc08
C 294
R
P 0x7fb20a09bc08
P 0x7fb20aa19808
C 205
= 0x7fb20a0b8cd8
R
P 0x7fb20a09bc08
C 294
R
P 0x7fb20a09bc08
P 0x7fb20a0b8cd8
C 166
R
P 0x7fb20a09bc08
C 294
R
P 0x7fb20a09bc08
P 0x7fb20aa19808
C 211
R
P 0x7fb20a09bc08
C 294
R
P 0x7fb20a09bc08
P 0x7fb20aa19808
C 210
R
P 0x7fb20a09bc08
C 294
R
P 0x7fb20a09bc08
P 0x7fb20aa19808
C 9
R
P 0x7fb20a09bc08
C 294
R
P 0x7fb20a09bc08
P 0x7fb20aa19920
C 275
R
P 0x7fb20a09bc08
C 294
R
P 0x7fb20a09bc08
P 0x7fb20aa19808
C 275
R
P 0x7fb20a09bc08
C 294
M "FiniteDomainExample"
R
P 0x7fb20a09bc08
S "S"
C 30
R
P 0x7fb20a09bc08
C 294
R
P 0x7fb20a09bc08
$ |S|
U 10
C 36
= 0x7fb20a25acb8
R
P 0x7fb20a09bc08
C 294
R
P 0x7fb20a09bc08
P 0x7fb20a25acb8
C 9
R
P 0x7fb20a09bc08
C 294
R
P 0x7fb20a09bc08
S "T"
C 30
R
P 0x7fb20a09bc08
C 294
R
P 0x7fb20a09bc08
$ |T|
U 10
C 36
= 0x7fb20a25acf8
R
P 0x7fb20a09bc08
C 294
R
P 0x7fb20a09bc08
P 0x7fb20a25acf8
C 9
R
P 0x7fb20a09bc08
C 294
R
P 0x7fb20a09bc08
I 1
P 0x7fb20a25acb8
C 145
= 0x7fb20a25b1b8
R
P 0x7fb20a09bc08
C 294
R
P 0x7fb20a09bc08
P 0x7fb20a25b1b8
C 208
R
P 0x7fb20a09bc08
C 294
R
P 0x7fb20a09bc08
P 0x7fb20a25b1b8
C 205
= 0x7fb20a25acb8
R
P 0x7fb20a09bc08
C 294
R
P 0x7fb20a09bc08
P 0x7fb20a25acb8
C 166
R
P 0x7fb20a09bc08
C 294
R
P 0x7fb20a09bc08
P 0x7fb20a25b1b8
C 211
R
P 0x7fb20a09bc08
C 294
R
P 0x7fb20a09bc08
P 0x7fb20a25b1b8
C 210
R
P 0x7fb20a09bc08
C 294
R
P 0x7fb20a09bc08
P 0x7fb20a25b1b8
C 9
R
P 0x7fb20a09bc08
C 294
R
P 0x7fb20a09bc08
I 1
P 0x7fb20a25acf8
C 145
= 0x7fb20a1ab758
R
P 0x7fb20a09bc08
C 294
R
P 0x7fb20a09bc08
P 0x7fb20a1ab758
C 208
R
P 0x7fb20a09bc08
C 294
R
P 0x7fb20a09bc08
P 0x7fb20a1ab758
C 205
= 0x7fb20a25acf8
R
P 0x7fb20a09bc08
C 294
R
P 0x7fb20a09bc08
P 0x7fb20a25acf8
C 166
R
P 0x7fb20a09bc08
C 294
R
P 0x7fb20a09bc08
P 0x7fb20a1ab758
C 211
R
P 0x7fb20a09bc08
C 294
R
P 0x7fb20a09bc08
P 0x7fb20a1ab758
C 210
R
P 0x7fb20a09bc08
C 294
R
P 0x7fb20a09bc08
P 0x7fb20a1ab758
C 9
R
P 0x7fb20a09bc08
C 294
R
P 0x7fb20a09bc08
P 0x7fb20a25acb8
C 275
R
P 0x7fb20a09bc08
C 294
R
P 0x7fb20a09bc08
P 0x7fb20a25acf8
C 275
R
P 0x7fb20a09bc08
C 294
R
P 0x7fb20a09bc08
P 0x7fb20a25b1b8
C 275
R
P 0x7fb20a09bc08
C 294
R
P 0x7fb20a09bc08
I 2
P 0x7fb20a25acb8
C 145
= 0x7fb20a1ab678
R
P 0x7fb20a09bc08
C 294
R
P 0x7fb20a09bc08
P 0x7fb20a1ab678
C 208
R
P 0x7fb20a09bc08
C 294
R
P 0x7fb20a09bc08
P 0x7fb20a1ab678
C 205
= 0x7fb20a25acb8
R
P 0x7fb20a09bc08
C 294
R
P 0x7fb20a09bc08
P 0x7fb20a25acb8
C 166
R
P 0x7fb20a09bc08
C 294
R
P 0x7fb20a09bc08
P 0x7fb20a1ab678
C 211
R
P 0x7fb20a09bc08
C 294
R
P 0x7fb20a09bc08
P 0x7fb20a1ab678
C 210
R
P 0x7fb20a09bc08
C 294
R
P 0x7fb20a09bc08
P 0x7fb20a1ab678
C 9
R
P 0x7fb20a09bc08
C 294
R
P 0x7fb20a09bc08
P 0x7fb20a1ab678
C 275
R
P 0x7fb20a09bc08
C 294
R
P 0x7fb20a09bc08
P 0x7fb20a1ab758
C 275
R
P 0x7fb20a09bc08
C 294
R
C 3
= 0x7fb208ea5fb8
R
P 0x7fb208ea5fb8
S "proof"
S "true"
C 5
R
P 0x7fb208ea5fb8
C 7
= 0x7fb20a0c1c08
R
P 0x7fb208ea5fb8
C 4
R
P 0x7fb20a0c1c08
U 3
C 274
R
P 0x7fb20a0c1c08
C 294
M "ProveExample1"
R
P 0x7fb20a0c1c08
S "U"
C 30
R
P 0x7fb20a0c1c08
C 294
R
P 0x7fb20a0c1c08
$ |U|
C 31
= 0x7fb20a24fb38
R
P 0x7fb20a0c1c08
C 294
R
P 0x7fb20a0c1c08
P 0x7fb20a24fb38
C 9
R
P 0x7fb20a0c1c08
C 294
R
P 0x7fb20a0c1c08
S "g"
C 30
R
P 0x7fb20a0c1c08
C 294
R
P 0x7fb20a0c1c08
$ |g|
U 1
P 0x7fb20a24fb38
p 1
P 0x7fb20a24fb38
C 48
= 0x7fb20a255c08
R
P 0x7fb20a0c1c08
C 294
R
P 0x7fb20a0c1c08
P 0x7fb20a255c08
C 9
R
P 0x7fb20a0c1c08
C 294
R
P 0x7fb20a0c1c08
S "x"
C 30
R
P 0x7fb20a0c1c08
C 294
R
P 0x7fb20a0c1c08
$ |x|
P 0x7fb20a24fb38
C 50
= 0x7fb20a24fb58
R
P 0x7fb20a0c1c08
C 294
R
P 0x7fb20a0c1c08
P 0x7fb20a24fb58
C 208
R
P 0x7fb20a0c1c08
C 294
R
P 0x7fb20a0c1c08
P 0x7fb20a24fb58
C 205
= 0x7fb20a24fb38
R
P 0x7fb20a0c1c08
C 294
R
P 0x7fb20a0c1c08
P 0x7fb20a24fb38
C 166
R
P 0x7fb20a0c1c08
C 294
R
P 0x7fb20a0c1c08
P 0x7fb20a24fb58
C 211
R
P 0x7fb20a0c1c08
C 294
R
P 0x7fb20a0c1c08
P 0x7fb20a24fb58
C 210
R
P 0x7fb20a0c1c08
C 294
R
P 0x7fb20a0c1c08
P 0x7fb20a24fb58
C 9
R
P 0x7fb20a0c1c08
C 294
R
P 0x7fb20a0c1c08
S "y"
C 30
R
P 0x7fb20a0c1c08
C 294
R
P 0x7fb20a0c1c08
$ |y|
P 0x7fb20a24fb38
C 50
= 0x7fb20a24fb78
R
P 0x7fb20a0c1c08
C 294
R
P 0x7fb20a0c1c08
P 0x7fb20a24fb78
C 208
R
P 0x7fb20a0c1c08
C 294
R
P 0x7fb20a0c1c08
P 0x7fb20a24fb78
C 205
= 0x7fb20a24fb38
R
P 0x7fb20a0c1c08
C 294
R
P 0x7fb20a0c1c08
P 0x7fb20a24fb38
C 166
R
P 0x7fb20a0c1c08
C 294
R
P 0x7fb20a0c1c08
P 0x7fb20a24fb78
C 211
R
P 0x7fb20a0c1c08
C 294
R
P 0x7fb20a0c1c08
P 0x7fb20a24fb78
C 210
R
P 0x7fb20a0c1c08
C 294
R
P 0x7fb20a0c1c08
P 0x7fb20a24fb78
C 9
R
P 0x7fb20a0c1c08
C 294
R
P 0x7fb20a0c1c08
P 0x7fb20a255c08
U 1
P 0x7fb20a24fb58
p 1
C 49
= 0x7fb20a2515c8
R
P 0x7fb20a0c1c08
C 294
R
P 0x7fb20a0c1c08
P 0x7fb20a2515c8
C 208
R
P 0x7fb20a0c1c08
C 294
R
P 0x7fb20a0c1c08
P 0x7fb20a2515c8
C 205
= 0x7fb20a24fb38
R
P 0x7fb20a0c1c08
C 294
R
P 0x7fb20a0c1c08
P 0x7fb20a24fb38
C 166
R
P 0x7fb20a0c1c08
C 294
R
P 0x7fb20a0c1c08
P 0x7fb20a2515c8
C 211
R
P 0x7fb20a0c1c08
C 294
R
P 0x7fb20a0c1c08
P 0x7fb20a2515c8
C 210
R
P 0x7fb20a0c1c08
C 294
R
P 0x7fb20a0c1c08
P 0x7fb20a2515c8
C 9
R
P 0x7fb20a0c1c08
C 294
R
P 0x7fb20a0c1c08
P 0x7fb20a255c08
U 1
P 0x7fb20a24fb78
p 1
C 49
= 0x7fb20a2515f8
R
P 0x7fb20a0c1c08
C 294
R
P 0x7fb20a0c1c08
P 0x7fb20a2515f8
C 208
R
P 0x7fb20a0c1c08
C 294
R
P 0x7fb20a0c1c08
P 0x7fb20a2515f8
C 205
= 0x7fb20a24fb38
R
P 0x7fb20a0c1c08
C 294
R
P 0x7fb20a0c1c08
P 0x7fb20a24fb38
C 166
R
P 0x7fb20a0c1c08
C 294
R
P 0x7fb20a0c1c08
P 0x7fb20a2515f8
C 211
R
P 0x7fb20a0c1c08
C 294
R
P 0x7fb20a0c1c08
P 0x7fb20a2515f8
C 210
R
P 0x7fb20a0c1c08
C 294
R
P 0x7fb20a0c1c08
P 0x7fb20a2515f8
C 9
R
P 0x7fb20a0c1c08
C 294
R
P 0x7fb20a0c1c08
P 0x7fb20a24fb58
P 0x7fb20a24fb78
C 55
= 0x7fb20a255c40
R
P 0x7fb20a0c1c08
C 294
R
P 0x7fb20a0c1c08
P 0x7fb20a255c40
C 9
R
P 0x7fb20a0c1c08
C 294
R
P 0x7fb20a0c1c08
P 0x7fb20a2515c8
P 0x7fb20a2515f8
C 55
= 0x7fb20a255c78
R
P 0x7fb20a0c1c08
C 294
R
P 0x7fb20a0c1c08
P 0x7fb20a255c78
C 9
R
P 0x7fb20a0c1c08
C 294
R
P 0x7fb20a0c1c08
P 0x7fb20a255c40
P 0x7fb20a255c78
C 60
= 0x7fb20a255cb0
R
P 0x7fb20a0c1c08
C 294
R
P 0x7fb20a0c1c08
P 0x7fb20a255cb0
C 9
R
P 0x7fb20a0c1c08
C 294
R
P 0x7fb20a0c1c08
P 0x7fb20a255cb0
C 275
R
P 0x7fb20a0c1c08
C 294
R
P 0x7fb20a0c1c08
C 410
= 0x7fb208d46c18
R
P 0x7fb20a0c1c08
C 294
R
P 0x7fb20a0c1c08
P 0x7fb208d46c18
C 417
R
P 0x7fb20a0c1c08
C 294
R
P 0x7fb20a0c1c08
C 14
= 0x7fb208d46568
R
P 0x7fb20a0c1c08
C 294
R
P 0x7fb20a0c1c08
P 0x7fb208d46568
C 15
R
P 0x7fb20a0c1c08
C 294
R
P 0x7fb20a0c1c08
S "mbqi"
C 30
R
P 0x7fb20a0c1c08
C 294
R
P 0x7fb20a0c1c08
P 0x7fb208d46568
$ |mbqi|
I 0
C 17
R
P 0x7fb20a0c1c08
C 294
R
P 0x7fb20a0c1c08
P 0x7fb208d46c18
P 0x7fb208d46568
C 416
R
P 0x7fb20a0c1c08
C 294
R
P 0x7fb20a0c1c08
P 0x7fb20a255cb0
C 57
= 0x7fb20a251628
R
P 0x7fb20a0c1c08
C 294
R
P 0x7fb20a0c1c08
P 0x7fb20a251628
C 9
R
P 0x7fb20a0c1c08
C 294
R
P 0x7fb20a0c1c08
P 0x7fb208d46c18
P 0x7fb20a251628
C 423
R
P 0x7fb20a0c1c08
C 294
R
P 0x7fb20a0c1c08
P 0x7fb208d46c18
C 426
R
P 0x7fb20a0c1c08
C 294
R
P 0x7fb20a0c1c08
P 0x7fb208d46c18
C 429
= 0x7fb20a253d98
R
P 0x7fb20a0c1c08
C 294
R
P 0x7fb20a0c1c08
P 0x7fb20a253d98
C 208
R
P 0x7fb20a0c1c08
C 294
R
P 0x7fb20a0c1c08
P 0x7fb20a253d98
C 205
= 0x7fb20a24f238
R
P 0x7fb20a0c1c08
C 294
R
P 0x7fb20a0c1c08
P 0x7fb20a24f238
C 166
R
P 0x7fb20a0c1c08
C 294
R
P 0x7fb20a0c1c08
P 0x7fb20a253d98
C 211
R
P 0x7fb20a0c1c08
C 294
R
P 0x7fb20a0c1c08
P 0x7fb20a253d98
C 210
R
P 0x7fb20a0c1c08
C 294
R
P 0x7fb20a0c1c08
P 0x7fb20a253d98
C 9
R
P 0x7fb20a0c1c08
C 294
R
P 0x7fb20a0c1c08
P 0x7fb20a253d98
C 275
R
P 0x7fb20a0c1c08
C 294
R
P 0x7fb20a0c1c08
P 0x7fb20a255c08
U 1
P 0x7fb20a2515c8
p 1
C 49
= 0x7fb20a2516b8
R
P 0x7fb20a0c1c08
C 294
R
P 0x7fb20a0c1c08
P 0x7fb20a2516b8
C 208
R
P 0x7fb20a0c1c08
C 294
R
P 0x7fb20a0c1c08
P 0x7fb20a2516b8
C 205
= 0x7fb20a24fb38
R
P 0x7fb20a0c1c08
C 294
R
P 0x7fb20a0c1c08
P 0x7fb20a24fb38
C 166
R
P 0x7fb20a0c1c08
C 294
R
P 0x7fb20a0c1c08
P 0x7fb20a2516b8
C 211
R
P 0x7fb20a0c1c08
C 294
R
P 0x7fb20a0c1c08
P 0x7fb20a2516b8
C 210
R
P 0x7fb20a0c1c08
C 294
R
P 0x7fb20a0c1c08
P 0x7fb20a2516b8
C 9
R
P 0x7fb20a0c1c08
C 294
R
P 0x7fb20a0c1c08
P 0x7fb20a2516b8
P 0x7fb20a2515f8
C 55
= 0x7fb20a255e00
R
P 0x7fb20a0c1c08
C 294
R
P 0x7fb20a0c1c08
P 0x7fb20a255e00
C 9
R
P 0x7fb20a0c1c08
C 294
R
P 0x7fb20a0c1c08
P 0x7fb20a255c40
P 0x7fb20a255e00
C 60
= 0x7fb20a255dc8
R
P 0x7fb20a0c1c08
C 294
R
P 0x7fb20a0c1c08
P 0x7fb20a255dc8
C 9
R
P 0x7fb20a0c1c08
C 294
R
P 0x7fb20a0c1c08
P 0x7fb20a255dc8
C 275
R
P 0x7fb20a0c1c08
C 294
R
P 0x7fb20a0c1c08
C 410
= 0x7fb208c5fc88
R
P 0x7fb20a0c1c08
C 294
R
P 0x7fb20a0c1c08
P 0x7fb208c5fc88
C 417
R
P 0x7fb20a0c1c08
C 294
R
P 0x7fb20a0c1c08
C 14
= 0x7fb208c5ea98
R
P 0x7fb20a0c1c08
C 294
R
P 0x7fb20a0c1c08
P 0x7fb208c5ea98
C 15
R
P 0x7fb20a0c1c08
C 294
R
P 0x7fb20a0c1c08
S "mbqi"
C 30
R
P 0x7fb20a0c1c08
C 294
R
P 0x7fb20a0c1c08
P 0x7fb208c5ea98
$ |mbqi|
I 0
C 17
R
P 0x7fb20a0c1c08
C 294
R
P 0x7fb20a0c1c08
P 0x7fb208c5fc88
P 0x7fb208c5ea98
C 416
R
P 0x7fb20a0c1c08
C 294
R
P 0x7fb20a0c1c08
P 0x7fb20a255dc8
C 57
= 0x7fb20a251688
R
P 0x7fb20a0c1c08
C 294
R
P 0x7fb20a0c1c08
P 0x7fb20a251688
C 9
R
P 0x7fb20a0c1c08
C 294
R
P 0x7fb20a0c1c08
P 0x7fb208c5fc88
P 0x7fb20a251688
C 423
R
P 0x7fb20a0c1c08
C 294
R
P 0x7fb20a0c1c08
P 0x7fb208c5fc88
C 426
R
P 0x7fb20a0c1c08
C 294
R
P 0x7fb20a0c1c08
P 0x7fb208c5fc88
C 428
= 0x7fb208c60c58
R
P 0x7fb20a0c1c08
C 294
R
P 0x7fb20a0c1c08
P 0x7fb208c60c58
C 248
R
P 0x7fb20a0c1c08
C 294
R
P 0x7fb20a0c1c08
P 0x7fb208c60c58
C 279
R
P 0x7fb20a0c1c08
C 294
R
P 0x7fb20a0c1c08
P 0x7fb20a255e00
C 57
= 0x7fb20a251868
R
P 0x7fb20a0c1c08
C 294
R
P 0x7fb20a0c1c08
P 0x7fb20a251868
C 9
R
P 0x7fb20a0c1c08
C 294
R
P 0x7fb20a0c1c08
C 410
= 0x7fb208c62098
R
P 0x7fb20a0c1c08
C 294
R
P 0x7fb20a0c1c08
P 0x7fb208c62098
C 417
R
P 0x7fb20a0c1c08
C 294
R
P 0x7fb20a0c1c08
P 0x7fb208c62098
P 0x7fb20a251868
C 423
R
P 0x7fb20a0c1c08
C 294
R
P 0x7fb20a0c1c08
P 0x7fb208c62098
C 426
R
P 0x7fb20a0c1c08
C 294
R
P 0x7fb20a0c1c08
P 0x7fb208c62098
C 428
= 0x7fb208c84dd8
R
P 0x7fb20a0c1c08
C 294
R
P 0x7fb20a0c1c08
P 0x7fb208c84dd8
C 248
R
P 0x7fb20a0c1c08
C 294
R
P 0x7fb20a0c1c08
P 0x7fb208c84dd8
C 279
R
P 0x7fb20a0c1c08
C 294
M "ProveExample2"
R
P 0x7fb20a0c1c08
C 33
= 0x7fb20a24f2d8
R
P 0x7fb20a0c1c08
C 294
R
P 0x7fb20a0c1c08
P 0x7fb20a24f2d8
C 9
R
P 0x7fb20a0c1c08
C 294
R
P 0x7fb20a0c1c08
S "g"
C 30
R
P 0x7fb20a0c1c08
C 294
R
P 0x7fb20a0c1c08
$ |g|
U 1
P 0x7fb20a24f2d8
p 1
P 0x7fb20a24f2d8
C 48
= 0x7fb20a255d90
R
P 0x7fb20a0c1c08
C 294
R
P 0x7fb20a0c1c08
P 0x7fb20a255d90
C 9
R
P 0x7fb20a0c1c08
C 294
R
P 0x7fb20a0c1c08
S "x"
C 30
R
P 0x7fb20a0c1c08
C 294
R
P 0x7fb20a0c1c08
$ |x|
P 0x7fb20a24f2d8
C 50
= 0x7fb20a24fb98
R
P 0x7fb20a0c1c08
C 294
R
P 0x7fb20a0c1c08
P 0x7fb20a24fb98
C 208
R
P 0x7fb20a0c1c08
C 294
R
P 0x7fb20a0c1c08
P 0x7fb20a24fb98
C 205
= 0x7fb20a24f2d8
R
P 0x7fb20a0c1c08
C 294
R
P 0x7fb20a0c1c08
P 0x7fb20a24f2d8
C 166
R
P 0x7fb20a0c1c08
C 294
R
P 0x7fb20a0c1c08
P 0x7fb20a24fb98
C 211
R
P 0x7fb20a0c1c08
C 294
R
P 0x7fb20a0c1c08
P 0x7fb20a24fb98
C 210
R
P 0x7fb20a0c1c08
C 294
R
P 0x7fb20a0c1c08
P 0x7fb20a24fb98
C 9
R
P 0x7fb20a0c1c08
C 294
R
P 0x7fb20a0c1c08
S "y"
C 30
R
P 0x7fb20a0c1c08
C 294
R
P 0x7fb20a0c1c08
$ |y|
P 0x7fb20a24f2d8
C 50
= 0x7fb20a24fbb8
R
P 0x7fb20a0c1c08
C 294
R
P 0x7fb20a0c1c08
P 0x7fb20a24fbb8
C 208
R
P 0x7fb20a0c1c08
C 294
R
P 0x7fb20a0c1c08
P 0x7fb20a24fbb8
C 205
= 0x7fb20a24f2d8
R
P 0x7fb20a0c1c08
C 294
R
P 0x7fb20a0c1c08
P 0x7fb20a24f2d8
C 166
R
P 0x7fb20a0c1c08
C 294
R
P 0x7fb20a0c1c08
P 0x7fb20a24fbb8
C 211
R
P 0x7fb20a0c1c08
C 294
R
P 0x7fb20a0c1c08
P 0x7fb20a24fbb8
C 210
R
P 0x7fb20a0c1c08
C 294
R
P 0x7fb20a0c1c08
P 0x7fb20a24fbb8
C 9
R
P 0x7fb20a0c1c08
C 294
R
P 0x7fb20a0c1c08
S "z"
C 30
R
P 0x7fb20a0c1c08
C 294
R
P 0x7fb20a0c1c08
$ |z|
P 0x7fb20a24f2d8
C 50
= 0x7fb20a24fcf8
R
P 0x7fb20a0c1c08
C 294
R
P 0x7fb20a0c1c08
P 0x7fb20a24fcf8
C 208
R
P 0x7fb20a0c1c08
C 294
R
P 0x7fb20a0c1c08
P 0x7fb20a24fcf8
C 205
= 0x7fb20a24f2d8
R
P 0x7fb20a0c1c08
C 294
R
P 0x7fb20a0c1c08
P 0x7fb20a24f2d8
C 166
R
P 0x7fb20a0c1c08
C 294
R
P 0x7fb20a0c1c08
P 0x7fb20a24fcf8
C 211
R
P 0x7fb20a0c1c08
C 294
R
P 0x7fb20a0c1c08
P 0x7fb20a24fcf8
C 210
R
P 0x7fb20a0c1c08
C 294
R
P 0x7fb20a0c1c08
P 0x7fb20a24fcf8
C 9
R
P 0x7fb20a0c1c08
C 294
R
P 0x7fb20a0c1c08
P 0x7fb20a255d90
U 1
P 0x7fb20a24fb98
p 1
C 49
= 0x7fb20a2516e8
R
P 0x7fb20a0c1c08
C 294
R
P 0x7fb20a0c1c08
P 0x7fb20a2516e8
C 208
R
P 0x7fb20a0c1c08
C 294
R
P 0x7fb20a0c1c08
P 0x7fb20a2516e8
C 205
= 0x7fb20a24f2d8
R
P 0x7fb20a0c1c08
C 294
R
P 0x7fb20a0c1c08
P 0x7fb20a24f2d8
C 166
R
P 0x7fb20a0c1c08
C 294
R
P 0x7fb20a0c1c08
P 0x7fb20a2516e8
C 211
R
P 0x7fb20a0c1c08
C 294
R
P 0x7fb20a0c1c08
P 0x7fb20a2516e8
C 210
R
P 0x7fb20a0c1c08
C 294
R
P 0x7fb20a0c1c08
P 0x7fb20a2516e8
C 9
R
P 0x7fb20a0c1c08
C 294
R
P 0x7fb20a0c1c08
P 0x7fb20a255d90
U 1
P 0x7fb20a24fbb8
p 1
C 49
= 0x7fb20a251718
R
P 0x7fb20a0c1c08
C 294
R
P 0x7fb20a0c1c08
P 0x7fb20a251718
C 208
R
P 0x7fb20a0c1c08
C 294
R
P 0x7fb20a0c1c08
P 0x7fb20a251718
C 205
= 0x7fb20a24f2d8
R
P 0x7fb20a0c1c08
C 294
R
P 0x7fb20a0c1c08
P 0x7fb20a24f2d8
C 166
R
P 0x7fb20a0c1c08
C 294
R
P 0x7fb20a0c1c08
P 0x7fb20a251718
C 211
R
P 0x7fb20a0c1c08
C 294
R
P 0x7fb20a0c1c08
P 0x7fb20a251718
C 210
R
P 0x7fb20a0c1c08
C 294
R
P 0x7fb20a0c1c08
P 0x7fb20a251718
C 9
R
P 0x7fb20a0c1c08
C 294
R
P 0x7fb20a0c1c08
P 0x7fb20a255d90
U 1
P 0x7fb20a24fcf8
p 1
C 49
= 0x7fb20a2518f8
R
P 0x7fb20a0c1c08
C 294
R
P 0x7fb20a0c1c08
P 0x7fb20a2518f8
C 208
R
P 0x7fb20a0c1c08
C 294
R
P 0x7fb20a0c1c08
P 0x7fb20a2518f8
C 205
= 0x7fb20a24f2d8
R
P 0x7fb20a0c1c08
C 294
R
P 0x7fb20a0c1c08
P 0x7fb20a24f2d8
C 166
R
P 0x7fb20a0c1c08
C 294
R
P 0x7fb20a0c1c08
P 0x7fb20a2518f8
C 211
R
P 0x7fb20a0c1c08
C 294
R
P 0x7fb20a0c1c08
P 0x7fb20a2518f8
C 210
R
P 0x7fb20a0c1c08
C 294
R
P 0x7fb20a0c1c08
P 0x7fb20a2518f8
C 9
R
P 0x7fb20a0c1c08
C 294
R
P 0x7fb20a0c1c08
I 0
P 0x7fb20a24f2d8
C 145
= 0x7fb20a24fbd8
R
P 0x7fb20a0c1c08
C 294
R
P 0x7fb20a0c1c08
P 0x7fb20a24fbd8
C 9
R
P 0x7fb20a0c1c08
C 294
R
P 0x7fb20a0c1c08
U 2
P 0x7fb20a2516e8
P 0x7fb20a251718
p 2
C 66
= 0x7fb20a255d58
R
P 0x7fb20a0c1c08
C 294
R
P 0x7fb20a0c1c08
P 0x7fb20a255d58
C 208
R
P 0x7fb20a0c1c08
C 294
R
P 0x7fb20a0c1c08
P 0x7fb20a255d58
C 205
= 0x7fb20a24f2d8
R
P 0x7fb20a0c1c08
C 294
R
P 0x7fb20a0c1c08
P 0x7fb20a24f2d8
C 166
R
P 0x7fb20a0c1c08
C 294
R
P 0x7fb20a0c1c08
P 0x7fb20a255d58
C 211
R
P 0x7fb20a0c1c08
C 294
R
P 0x7fb20a0c1c08
P 0x7fb20a255d58
C 210
R
P 0x7fb20a0c1c08
C 294
R
P 0x7fb20a0c1c08
P 0x7fb20a255d58
C 9
R
P 0x7fb20a0c1c08
C 294
R
P 0x7fb20a0c1c08
P 0x7fb20a255d90
U 1
P 0x7fb20a255d58
p 1
C 49
= 0x7fb20a251a48
R
P 0x7fb20a0c1c08
C 294
R
P 0x7fb20a0c1c08
P 0x7fb20a251a48
C 208
R
P 0x7fb20a0c1c08
C 294
R
P 0x7fb20a0c1c08
P 0x7fb20a251a48
C 205
= 0x7fb20a24f2d8
R
P 0x7fb20a0c1c08
C 294
R
P 0x7fb20a0c1c08
P 0x7fb20a24f2d8
C 166
R
P 0x7fb20a0c1c08
C 294
R
P 0x7fb20a0c1c08
P 0x7fb20a251a48
C 211
R
P 0x7fb20a0c1c08
C 294
R
P 0x7fb20a0c1c08
P 0x7fb20a251a48
C 210
R
P 0x7fb20a0c1c08
C 294
R
P 0x7fb20a0c1c08
P 0x7fb20a251a48
C 9
R
P 0x7fb20a0c1c08
C 294
R
P 0x7fb20a0c1c08
P 0x7fb20a251a48
P 0x7fb20a2518f8
C 55
= 0x7fb20a255d20
R
P 0x7fb20a0c1c08
C 294
R
P 0x7fb20a0c1c08
P 0x7fb20a255d20
C 9
R
P 0x7fb20a0c1c08
C 294
R
P 0x7fb20a0c1c08
P 0x7fb20a255d20
C 57
= 0x7fb20a251a78
R
P 0x7fb20a0c1c08
C 294
R
P 0x7fb20a0c1c08
P 0x7fb20a251a78
C 9
R
P 0x7fb20a0c1c08
C 294
R
P 0x7fb20a0c1c08
U 2
P 0x7fb20a24fb98
P 0x7fb20a24fcf8
p 2
C 64
= 0x7fb20a255fc0
R
P 0x7fb20a0c1c08
C 294
R
P 0x7fb20a0c1c08
P 0x7fb20a255fc0
C 208
R
P 0x7fb20a0c1c08
C 294
R
P 0x7fb20a0c1c08
P 0x7fb20a255fc0
C 205
= 0x7fb20a24f2d8
R
P 0x7fb20a0c1c08
C 294
R
P 0x7fb20a0c1c08
P 0x7fb20a24f2d8
C 166
R
P 0x7fb20a0c1c08
C 294
R
P 0x7fb20a0c1c08
P 0x7fb20a255fc0
C 211
R
P 0x7fb20a0c1c08
C 294
R
P 0x7fb20a0c1c08
P 0x7fb20a255fc0
C 210
R
P 0x7fb20a0c1c08
C 294
R
P 0x7fb20a0c1c08
P 0x7fb20a255fc0
C 9
R
P 0x7fb20a0c1c08
C 294
R
P 0x7fb20a0c1c08
P 0x7fb20a255fc0
P 0x7fb20a24fbb8
C 73
= 0x7fb20a2560a0
R
P 0x7fb20a0c1c08
C 294
R
P 0x7fb20a0c1c08
P 0x7fb20a2560a0
C 9
R
P 0x7fb20a0c1c08
C 294
R
P 0x7fb20a0c1c08
P 0x7fb20a24fbb8
P 0x7fb20a24fb98
C 73
= 0x7fb20a2560d8
R
P 0x7fb20a0c1c08
C 294
R
P 0x7fb20a0c1c08
P 0x7fb20a2560d8
C 9
R
P 0x7fb20a0c1c08
C 294
R
P 0x7fb20a0c1c08
P 0x7fb20a24fcf8
P 0x7fb20a24fbd8
C 72
= 0x7fb20a256110
R
P 0x7fb20a0c1c08
C 294
R
P 0x7fb20a0c1c08
P 0x7fb20a256110
C 9
R
P 0x7fb20a0c1c08
C 294
R
P 0x7fb20a0c1c08
P 0x7fb20a256110
C 275
R
P 0x7fb20a0c1c08
C 294
R
P 0x7fb20a0c1c08
C 410
= 0x7fb208ea69f8
R
P 0x7fb20a0c1c08
C 294
R
P 0x7fb20a0c1c08
P 0x7fb208ea69f8
C 417
R
P 0x7fb20a0c1c08
C 294
R
P 0x7fb20a0c1c08
C 14
= 0x7fb208ea6c08
R
P 0x7fb20a0c1c08
C 294
R
P 0x7fb20a0c1c08
P 0x7fb208ea6c08
C 15
R
P 0x7fb20a0c1c08
C 294
R
P 0x7fb20a0c1c08
S "mbqi"
C 30
R
P 0x7fb20a0c1c08
C 294
R
P 0x7fb20a0c1c08
P 0x7fb208ea6c08
$ |mbqi|
I 0
C 17
R
P 0x7fb20a0c1c08
C 294
R
P 0x7fb20a0c1c08
P 0x7fb208ea69f8
P 0x7fb208ea6c08
C 416
R
P 0x7fb20a0c1c08
C 294
R
P 0x7fb20a0c1c08
P 0x7fb208ea69f8
P 0x7fb20a251a78
C 423
R
P 0x7fb20a0c1c08
C 294
R
P 0x7fb20a0c1c08
P 0x7fb208ea69f8
P 0x7fb20a2560a0
C 423
R
P 0x7fb20a0c1c08
C 294
R
P 0x7fb20a0c1c08
P 0x7fb208ea69f8
P 0x7fb20a2560d8
C 423
R
P 0x7fb20a0c1c08
C 294
R
P 0x7fb20a0c1c08
P 0x7fb20a256110
C 57
= 0x7fb20a251aa8
R
P 0x7fb20a0c1c08
C 294
R
P 0x7fb20a0c1c08
P 0x7fb20a251aa8
C 9
R
P 0x7fb20a0c1c08
C 294
R
P 0x7fb20a0c1c08
P 0x7fb208ea69f8
P 0x7fb20a251aa8
C 423
R
P 0x7fb20a0c1c08
C 294
R
P 0x7fb20a0c1c08
P 0x7fb208ea69f8
C 426
R
P 0x7fb20a0c1c08
C 294
R
P 0x7fb20a0c1c08
P 0x7fb208ea69f8
C 429
= 0x7fb20a206d58
R
P 0x7fb20a0c1c08
C 294
R
P 0x7fb20a0c1c08
P 0x7fb20a206d58
C 208
R
P 0x7fb20a0c1c08
C 294
R
P 0x7fb20a0c1c08
P 0x7fb20a206d58
C 205
= 0x7fb20a24f238
R
P 0x7fb20a0c1c08
C 294
R
P 0x7fb20a0c1c08
P 0x7fb20a24f238
C 166
R
P 0x7fb20a0c1c08
C 294
R
P 0x7fb20a0c1c08
P 0x7fb20a206d58
C 211
R
P 0x7fb20a0c1c08
C 294
R
P 0x7fb20a0c1c08
P 0x7fb20a206d58
C 210
R
P 0x7fb20a0c1c08
C 294
R
P 0x7fb20a0c1c08
P 0x7fb20a206d58
C 9
R
P 0x7fb20a0c1c08
C 294
R
P 0x7fb20a0c1c08
P 0x7fb20a206d58
C 275
R
P 0x7fb20a0c1c08
C 294
R
P 0x7fb20a0c1c08
I -1
P 0x7fb20a24f2d8
C 145
= 0x7fb20a24fcd8
R
P 0x7fb20a0c1c08
C 294
R
P 0x7fb20a0c1c08
P 0x7fb20a24fcd8
C 9
R
P 0x7fb20a0c1c08
C 294
R
P 0x7fb20a0c1c08
P 0x7fb20a24fcf8
P 0x7fb20a24fcd8
C 72
= 0x7fb20a256228
R
P 0x7fb20a0c1c08
C 294
R
P 0x7fb20a0c1c08
P 0x7fb20a256228
C 9
R
P 0x7fb20a0c1c08
C 294
R
P 0x7fb20a0c1c08
P 0x7fb20a256228
C 275
R
P 0x7fb20a0c1c08
C 294
R
P 0x7fb20a0c1c08
C 410
= 0x7fb208ed5e28
R
P 0x7fb20a0c1c08
C 294
R
P 0x7fb20a0c1c08
P 0x7fb208ed5e28
C 417
R
P 0x7fb20a0c1c08
C 294
R
P 0x7fb20a0c1c08
C 14
= 0x7fb208ed8eb8
R
P 0x7fb20a0c1c08
C 294
R
P 0x7fb20a0c1c08
P 0x7fb208ed8eb8
C 15
R
P 0x7fb20a0c1c08
C 294
R
P 0x7fb20a0c1c08
S "mbqi"
C 30
R
P 0x7fb20a0c1c08
C 294
R
P 0x7fb20a0c1c08
P 0x7fb208ed8eb8
$ |mbqi|
I 0
C 17
R
P 0x7fb20a0c1c08
C 294
R
P 0x7fb20a0c1c08
P 0x7fb208ed5e28
P 0x7fb208ed8eb8
C 416
R
P 0x7fb20a0c1c08
C 294
R
P 0x7fb20a0c1c08
P 0x7fb208ed5e28
P 0x7fb20a251a78
C 423
R
P 0x7fb20a0c1c08
C 294
R
P 0x7fb20a0c1c08
P 0x7fb208ed5e28
P 0x7fb20a2560a0
C 423
R
P 0x7fb20a0c1c08
C 294
R
P 0x7fb20a0c1c08
P 0x7fb208ed5e28
P 0x7fb20a2560d8
C 423
R
P 0x7fb20a0c1c08
C 294
R
P 0x7fb20a0c1c08
P 0x7fb20a256228
C 57
= 0x7fb20a251c28
R
P 0x7fb20a0c1c08
C 294
R
P 0x7fb20a0c1c08
P 0x7fb20a251c28
C 9
R
P 0x7fb20a0c1c08
C 294
R
P 0x7fb20a0c1c08
P 0x7fb208ed5e28
P 0x7fb20a251c28
C 423
R
P 0x7fb20a0c1c08
C 294
R
P 0x7fb20a0c1c08
P 0x7fb208ed5e28
C 426
R
P 0x7fb20a0c1c08
C 294
R
P 0x7fb20a0c1c08
P 0x7fb208ed5e28
C 428
= 0x7fb208ed8f08
R
P 0x7fb20a0c1c08
C 294
R
P 0x7fb20a0c1c08
P 0x7fb208ed8f08
C 248
R
P 0x7fb20a0c1c08
C 294
R
P 0x7fb20a0c1c08
P 0x7fb208ed8f08
C 279
R
P 0x7fb20a0c1c08
C 294
M "ArrayExample2"
R
P 0x7fb20a0c1c08
P 0x7fb20a24f2d8
P 0x7fb20a24f2d8
C 37
= 0x7fb20a24fc98
R
P 0x7fb20a0c1c08
C 294
R
P 0x7fb20a0c1c08
P 0x7fb20a24fc98
C 9
R
P 0x7fb20a0c1c08
C 294
R
P 0x7fb20a0c1c08
S "a1"
C 30
R
P 0x7fb20a0c1c08
C 294
R
P 0x7fb20a0c1c08
$ |a1|
P 0x7fb20a24fc98
C 50
= 0x7fb20a24fd38
R
P 0x7fb20a0c1c08
C 294
R
P 0x7fb20a0c1c08
P 0x7fb20a24fd38
C 208
R
P 0x7fb20a0c1c08
C 294
R
P 0x7fb20a0c1c08
P 0x7fb20a24fd38
C 205
= 0x7fb20a24fc98
R
P 0x7fb20a0c1c08
C 294
R
P 0x7fb20a0c1c08
P 0x7fb20a24fc98
C 166
R
P 0x7fb20a0c1c08
C 294
R
P 0x7fb20a0c1c08
P 0x7fb20a24fd38
C 211
R
P 0x7fb20a0c1c08
C 294
R
P 0x7fb20a0c1c08
P 0x7fb20a24fd38
C 210
R
P 0x7fb20a0c1c08
C 294
R
P 0x7fb20a0c1c08
P 0x7fb20a24fd38
C 9
R
P 0x7fb20a0c1c08
C 294
R
P 0x7fb20a0c1c08
S "a2"
C 30
R
P 0x7fb20a0c1c08
C 294
R
P 0x7fb20a0c1c08
P 0x7fb20a24f2d8
P 0x7fb20a24f2d8
C 37
= 0x7fb20a24fc98
R
P 0x7fb20a0c1c08
C 294
R
P 0x7fb20a0c1c08
P 0x7fb20a24fc98
C 9
R
P 0x7fb20a0c1c08
C 294
R
P 0x7fb20a0c1c08
$ |a2|
P 0x7fb20a24fc98
C 50
= 0x7fb20a24fd58
R
P 0x7fb20a0c1c08
C 294
R
P 0x7fb20a0c1c08
P 0x7fb20a24fd58
C 208
R
P 0x7fb20a0c1c08
C 294
R
P 0x7fb20a0c1c08
P 0x7fb20a24fd58
C 205
= 0x7fb20a24fc98
R
P 0x7fb20a0c1c08
C 294
R
P 0x7fb20a0c1c08
P 0x7fb20a24fc98
C 166
R
P 0x7fb20a0c1c08
C 294
R
P 0x7fb20a0c1c08
P 0x7fb20a24fd58
C 211
R
P 0x7fb20a0c1c08
C 294
R
P 0x7fb20a0c1c08
P 0x7fb20a24fd58
C 210
R
P 0x7fb20a0c1c08
C 294
R
P 0x7fb20a0c1c08
P 0x7fb20a24fd58
C 9
R
P 0x7fb20a0c1c08
C 294
R
P 0x7fb20a0c1c08
S "i1"
C 30
R
P 0x7fb20a0c1c08
C 294
R
P 0x7fb20a0c1c08
$ |i1|
P 0x7fb20a24f2d8
C 50
= 0x7fb20a24fed8
R
P 0x7fb20a0c1c08
C 294
R
P 0x7fb20a0c1c08
P 0x7fb20a24fed8
C 208
R
P 0x7fb20a0c1c08
C 294
R
P 0x7fb20a0c1c08
P 0x7fb20a24fed8
C 205
= 0x7fb20a24f2d8
R
P 0x7fb20a0c1c08
C 294
R
P 0x7fb20a0c1c08
P 0x7fb20a24f2d8
C 166
R
P 0x7fb20a0c1c08
C 294
R
P 0x7fb20a0c1c08
P 0x7fb20a24fed8
C 211
R
P 0x7fb20a0c1c08
C 294
R
P 0x7fb20a0c1c08
P 0x7fb20a24fed8
C 210
R
P 0x7fb20a0c1c08
C 294
R
P 0x7fb20a0c1c08
P 0x7fb20a24fed8
C 9
R
P 0x7fb20a0c1c08
C 294
R
P 0x7fb20a0c1c08
S "i2"
C 30
R
P 0x7fb20a0c1c08
C 294
R
P 0x7fb20a0c1c08
$ |i2|
P 0x7fb20a24f2d8
C 50
= 0x7fb20a24fc18
R
P 0x7fb20a0c1c08
C 294
R
P 0x7fb20a0c1c08
P 0x7fb20a24fc18
C 208
R
P 0x7fb20a0c1c08
C 294
R
P 0x7fb20a0c1c08
P 0x7fb20a24fc18
C 205
= 0x7fb20a24f2d8
R
P 0x7fb20a0c1c08
C 294
R
P 0x7fb20a0c1c08
P 0x7fb20a24f2d8
C 166
R
P 0x7fb20a0c1c08
C 294
R
P 0x7fb20a0c1c08
P 0x7fb20a24fc18
C 211
R
P 0x7fb20a0c1c08
C 294
R
P 0x7fb20a0c1c08
P 0x7fb20a24fc18
C 210
R
P 0x7fb20a0c1c08
C 294
R
P 0x7fb20a0c1c08
P 0x7fb20a24fc18
C 9
R
P 0x7fb20a0c1c08
C 294
R
P 0x7fb20a0c1c08
S "i3"
C 30
R
P 0x7fb20a0c1c08
C 294
R
P 0x7fb20a0c1c08
$ |i3|
P 0x7fb20a24f2d8
C 50
= 0x7fb20a24ff18
R
P 0x7fb20a0c1c08
C 294
R
P 0x7fb20a0c1c08
P 0x7fb20a24ff18
C 208
R
P 0x7fb20a0c1c08
C 294
R
P 0x7fb20a0c1c08
P 0x7fb20a24ff18
C 205
= 0x7fb20a24f2d8
R
P 0x7fb20a0c1c08
C 294
R
P 0x7fb20a0c1c08
P 0x7fb20a24f2d8
C 166
R
P 0x7fb20a0c1c08
C 294
R
P 0x7fb20a0c1c08
P 0x7fb20a24ff18
C 211
R
P 0x7fb20a0c1c08
C 294
R
P 0x7fb20a0c1c08
P 0x7fb20a24ff18
C 210
R
P 0x7fb20a0c1c08
C 294
R
P 0x7fb20a0c1c08
P 0x7fb20a24ff18
C 9
R
P 0x7fb20a0c1c08
C 294
R
P 0x7fb20a0c1c08
S "v1"
C 30
R
P 0x7fb20a0c1c08
C 294
R
P 0x7fb20a0c1c08
$ |v1|
P 0x7fb20a24f2d8
C 50
= 0x7fb20a24fcb8
R
P 0x7fb20a0c1c08
C 294
R
P 0x7fb20a0c1c08
P 0x7fb20a24fcb8
C 208
R
P 0x7fb20a0c1c08
C 294
R
P 0x7fb20a0c1c08
P 0x7fb20a24fcb8
C 205
= 0x7fb20a24f2d8
R
P 0x7fb20a0c1c08
C 294
R
P 0x7fb20a0c1c08
P 0x7fb20a24f2d8
C 166
R
P 0x7fb20a0c1c08
C 294
R
P 0x7fb20a0c1c08
P 0x7fb20a24fcb8
C 211
R
P 0x7fb20a0c1c08
C 294
R
P 0x7fb20a0c1c08
P 0x7fb20a24fcb8
C 210
R
P 0x7fb20a0c1c08
C 294
R
P 0x7fb20a0c1c08
P 0x7fb20a24fcb8
C 9
R
P 0x7fb20a0c1c08
C 294
R
P 0x7fb20a0c1c08
S "v2"
C 30
R
P 0x7fb20a0c1c08
C 294
R
P 0x7fb20a0c1c08
$ |v2|
P 0x7fb20a24f2d8
C 50
= 0x7fb20a24fc58
R
P 0x7fb20a0c1c08
C 294
R
P 0x7fb20a0c1c08
P 0x7fb20a24fc58
C 208
R
P 0x7fb20a0c1c08
C 294
R
P 0x7fb20a0c1c08
P 0x7fb20a24fc58
C 205
= 0x7fb20a24f2d8
R
P 0x7fb20a0c1c08
C 294
R
P 0x7fb20a0c1c08
P 0x7fb20a24f2d8
C 166
R
P 0x7fb20a0c1c08
C 294
R
P 0x7fb20a0c1c08
P 0x7fb20a24fc58
C 211
R
P 0x7fb20a0c1c08
C 294
R
P 0x7fb20a0c1c08
P 0x7fb20a24fc58
C 210
R
P 0x7fb20a0c1c08
C 294
R
P 0x7fb20a0c1c08
P 0x7fb20a24fc58
C 9
R
P 0x7fb20a0c1c08
C 294
R
P 0x7fb20a0c1c08
P 0x7fb20a24fd38
P 0x7fb20a24fed8
P 0x7fb20a24fcb8
C 128
= 0x7fb20a253dd8
R
P 0x7fb20a0c1c08
C 294
R
P 0x7fb20a0c1c08
P 0x7fb20a253dd8
C 9
R
P 0x7fb20a0c1c08
C 294
R
P 0x7fb20a0c1c08
P 0x7fb20a24fd58
P 0x7fb20a24fc18
P 0x7fb20a24fc58
C 128
= 0x7fb20a254158
R
P 0x7fb20a0c1c08
C 294
R
P 0x7fb20a0c1c08
P 0x7fb20a254158
C 9
R
P 0x7fb20a0c1c08
C 294
R
P 0x7fb20a0c1c08
P 0x7fb20a24fd38
P 0x7fb20a24ff18
C 127
= 0x7fb20a2571e8
R
P 0x7fb20a0c1c08
C 294
R
P 0x7fb20a0c1c08
P 0x7fb20a2571e8
C 208
R
P 0x7fb20a0c1c08
C 294
R
P 0x7fb20a0c1c08
P 0x7fb20a2571e8
C 205
= 0x7fb20a24f2d8
R
P 0x7fb20a0c1c08
C 294
R
P 0x7fb20a0c1c08
P 0x7fb20a24f2d8
C 166
R
P 0x7fb20a0c1c08
C 294
R
P 0x7fb20a0c1c08
P 0x7fb20a2571e8
C 211
R
P 0x7fb20a0c1c08
C 294
R
P 0x7fb20a0c1c08
P 0x7fb20a2571e8
C 210
R
P 0x7fb20a0c1c08
C 294
R
P 0x7fb20a0c1c08
P 0x7fb20a2571e8
C 9
R
P 0x7fb20a0c1c08
C 294
R
P 0x7fb20a0c1c08
P 0x7fb20a24fd58
P 0x7fb20a24ff18
C 127
= 0x7fb20a256148
R
P 0x7fb20a0c1c08
C 294
R
P 0x7fb20a0c1c08
P 0x7fb20a256148
C 208
R
P 0x7fb20a0c1c08
C 294
R
P 0x7fb20a0c1c08
P 0x7fb20a256148
C 205
= 0x7fb20a24f2d8
R
P 0x7fb20a0c1c08
C 294
R
P 0x7fb20a0c1c08
P 0x7fb20a24f2d8
C 166
R
P 0x7fb20a0c1c08
C 294
R
P 0x7fb20a0c1c08
P 0x7fb20a256148
C 211
R
P 0x7fb20a0c1c08
C 294
R
P 0x7fb20a0c1c08
P 0x7fb20a256148
C 210
R
P 0x7fb20a0c1c08
C 294
R
P 0x7fb20a0c1c08
P 0x7fb20a256148
C 9
R
P 0x7fb20a0c1c08
C 294
R
P 0x7fb20a0c1c08
P 0x7fb20a253dd8
P 0x7fb20a254158
C 55
= 0x7fb20a256180
R
P 0x7fb20a0c1c08
C 294
R
P 0x7fb20a0c1c08
P 0x7fb20a256180
C 9
R
P 0x7fb20a0c1c08
C 294
R
P 0x7fb20a0c1c08
P 0x7fb20a24fed8
P 0x7fb20a24ff18
C 55
= 0x7fb20a2561f0
R
P 0x7fb20a0c1c08
C 294
R
P 0x7fb20a0c1c08
P 0x7fb20a2561f0
C 9
R
P 0x7fb20a0c1c08
C 294
R
P 0x7fb20a0c1c08
P 0x7fb20a24fc18
P 0x7fb20a24ff18
C 55
= 0x7fb20a2561b8
R
P 0x7fb20a0c1c08
C 294
R
P 0x7fb20a0c1c08
P 0x7fb20a2561b8
C 9
R
P 0x7fb20a0c1c08
C 294
R
P 0x7fb20a0c1c08
P 0x7fb20a2571e8
P 0x7fb20a256148
C 55
= 0x7fb20a256e68
R
P 0x7fb20a0c1c08
C 294
R
P 0x7fb20a0c1c08
P 0x7fb20a256e68
C 9
R
P 0x7fb20a0c1c08
C 294
R
P 0x7fb20a0c1c08
U 3
P 0x7fb20a2561f0
P 0x7fb20a2561b8
P 0x7fb20a256e68
p 3
C 63
= 0x7fb20a2542d8
R
P 0x7fb20a0c1c08
C 294
R
P 0x7fb20a0c1c08
P 0x7fb20a2542d8
C 9
R
P 0x7fb20a0c1c08
C 294
R
P 0x7fb20a0c1c08
P 0x7fb20a256180
P 0x7fb20a2542d8
C 60
= 0x7fb20a257338
R
P 0x7fb20a0c1c08
C 294
R
P 0x7fb20a0c1c08
P 0x7fb20a257338
C 9
R
P 0x7fb20a0c1c08
C 294
R
P 0x7fb20a0c1c08
P 0x7fb20a257338
C 275
R
P 0x7fb20a0c1c08
C 294
R
P 0x7fb20a0c1c08
P 0x7fb20a257338
C 275
R
P 0x7fb20a0c1c08
C 294
R
P 0x7fb20a0c1c08
C 410
= 0x7fb208ed7378
R
P 0x7fb20a0c1c08
C 294
R
P 0x7fb20a0c1c08
P 0x7fb208ed7378
C 417
R
P 0x7fb20a0c1c08
C 294
R
P 0x7fb20a0c1c08
C 14
= 0x7fb208ed7f08
R
P 0x7fb20a0c1c08
C 294
R
P 0x7fb20a0c1c08
P 0x7fb208ed7f08
C 15
R
P 0x7fb20a0c1c08
C 294
R
P 0x7fb20a0c1c08
S "mbqi"
C 30
R
P 0x7fb20a0c1c08
C 294
R
P 0x7fb20a0c1c08
P 0x7fb208ed7f08
$ |mbqi|
I 0
C 17
R
P 0x7fb20a0c1c08
C 294
R
P 0x7fb20a0c1c08
P 0x7fb208ed7378
P 0x7fb208ed7f08
C 416
R
P 0x7fb20a0c1c08
C 294
R
P 0x7fb20a0c1c08
P 0x7fb20a257338
C 57
= 0x7fb20a252258
R
P 0x7fb20a0c1c08
C 294
R
P 0x7fb20a0c1c08
P 0x7fb20a252258
C 9
R
P 0x7fb20a0c1c08
C 294
R
P 0x7fb20a0c1c08
P 0x7fb208ed7378
P 0x7fb20a252258
C 423
R
P 0x7fb20a0c1c08
C 294
R
P 0x7fb20a0c1c08
P 0x7fb208ed7378
C 426
R
P 0x7fb20a0c1c08
C 294
R
P 0x7fb20a0c1c08
P 0x7fb208ed7378
C 429
= 0x7fb20a2152a0
R
P 0x7fb20a0c1c08
C 294
R
P 0x7fb20a0c1c08
P 0x7fb20a2152a0
C 208
R
P 0x7fb20a0c1c08
C 294
R
P 0x7fb20a0c1c08
P 0x7fb20a2152a0
C 205
= 0x7fb20a24f238
R
P 0x7fb20a0c1c08
C 294
R
P 0x7fb20a0c1c08
P 0x7fb20a24f238
C 166
R
P 0x7fb20a0c1c08
C 294
R
P 0x7fb20a0c1c08
P 0x7fb20a2152a0
C 211
R
P 0x7fb20a0c1c08
C 294
R
P 0x7fb20a0c1c08
P 0x7fb20a2152a0
C 210
R
P 0x7fb20a0c1c08
C 294
R
P 0x7fb20a0c1c08
P 0x7fb20a2152a0
C 9
R
P 0x7fb20a0c1c08
C 294
R
P 0x7fb20a0c1c08
P 0x7fb20a2152a0
C 275
R
P 0x7fb20a0c1c08
C 294
M "TupleExample"
R
P 0x7fb20a0c1c08
S "mk_tuple"
C 30
R
P 0x7fb20a0c1c08
C 294
R
P 0x7fb20a0c1c08
S "first"
C 30
R
P 0x7fb20a0c1c08
C 294
R
P 0x7fb20a0c1c08
S "second"
C 30
R
P 0x7fb20a0c1c08
C 294
R
P 0x7fb20a0c1c08
$ |mk_tuple|
U 2
$ |first|
$ |second|
s 2
P 0x7fb20a24f2d8
P 0x7fb20a24f2d8
p 2
P 0
P 0
P 0
p 2
C 38
= 0x7fb20a24fd18
* 0x7fb20a254298 5
@ 0x7fb20a257290 6 0
@ 0x7fb20a256df8 6 1
R
P 0x7fb20a0c1c08
C 294
R
P 0x7fb20a0c1c08
P 0x7fb20a24fd18
C 208
R
P 0x7fb20a0c1c08
C 294
R
P 0x7fb20a0c1c08
P 0x7fb20a24fd18
C 9
R
P 0x7fb20a0c1c08
C 294
R
P 0x7fb20a0c1c08
P 0x7fb20a24fd18
C 172
R
P 0x7fb20a0c1c08
C 294
R
P 0x7fb20a0c1c08
P 0x7fb20a24fd18
U 0
C 173
= 0x7fb20a257290
R
P 0x7fb20a0c1c08
C 294
R
P 0x7fb20a0c1c08
P 0x7fb20a257290
C 9
R
P 0x7fb20a0c1c08
C 294
R
P 0x7fb20a0c1c08
P 0x7fb20a24fd18
U 1
C 173
= 0x7fb20a256df8
R
P 0x7fb20a0c1c08
C 294
R
P 0x7fb20a0c1c08
P 0x7fb20a256df8
C 9
R
P 0x7fb20a0c1c08
C 294
R
P 0x7fb20a0c1c08
P 0x7fb20a24fd18
C 172
R
P 0x7fb20a0c1c08
C 294
R
P 0x7fb20a0c1c08
P 0x7fb20a24fd18
U 0
C 173
= 0x7fb20a257290
R
P 0x7fb20a0c1c08
C 294
R
P 0x7fb20a0c1c08
P 0x7fb20a257290
C 9
R
P 0x7fb20a0c1c08
C 294
R
P 0x7fb20a0c1c08
P 0x7fb20a24fd18
U 1
C 173
= 0x7fb20a256df8
R
P 0x7fb20a0c1c08
C 294
R
P 0x7fb20a0c1c08
P 0x7fb20a256df8
C 9
R
P 0x7fb20a0c1c08
C 294
R
P 0x7fb20a0c1c08
S "x"
C 30
R
P 0x7fb20a0c1c08
C 294
R
P 0x7fb20a0c1c08
$ |x|
P 0x7fb20a24f2d8
C 50
= 0x7fb20a24fb98
R
P 0x7fb20a0c1c08
C 294
R
P 0x7fb20a0c1c08
P 0x7fb20a24fb98
C 208
R
P 0x7fb20a0c1c08
C 294
R
P 0x7fb20a0c1c08
P 0x7fb20a24fb98
C 205
= 0x7fb20a24f2d8
R
P 0x7fb20a0c1c08
C 294
R
P 0x7fb20a0c1c08
P 0x7fb20a24f2d8
C 166
R
P 0x7fb20a0c1c08
C 294
R
P 0x7fb20a0c1c08
P 0x7fb20a24fb98
C 211
R
P 0x7fb20a0c1c08
C 294
R
P 0x7fb20a0c1c08
P 0x7fb20a24fb98
C 210
R
P 0x7fb20a0c1c08
C 294
R
P 0x7fb20a0c1c08
P 0x7fb20a24fb98
C 9
R
P 0x7fb20a0c1c08
C 294
R
P 0x7fb20a0c1c08
S "y"
C 30
R
P 0x7fb20a0c1c08
C 294
R
P 0x7fb20a0c1c08
$ |y|
P 0x7fb20a24f2d8
C 50
= 0x7fb20a24fbb8
R
P 0x7fb20a0c1c08
C 294
R
P 0x7fb20a0c1c08
P 0x7fb20a24fbb8
C 208
R
P 0x7fb20a0c1c08
C 294
R
P 0x7fb20a0c1c08
P 0x7fb20a24fbb8
C 205
= 0x7fb20a24f2d8
R
P 0x7fb20a0c1c08
C 294
R
P 0x7fb20a0c1c08
P 0x7fb20a24f2d8
C 166
R
P 0x7fb20a0c1c08
C 294
R
P 0x7fb20a0c1c08
P 0x7fb20a24fbb8
C 211
R
P 0x7fb20a0c1c08
C 294
R
P 0x7fb20a0c1c08
P 0x7fb20a24fbb8
C 210
R
P 0x7fb20a0c1c08
C 294
R
P 0x7fb20a0c1c08
P 0x7fb20a24fbb8
C 9
R
P 0x7fb20a0c1c08
C 294
R
P 0x7fb20a0c1c08
P 0x7fb20a24fd18
C 171
= 0x7fb20a254298
R
P 0x7fb20a0c1c08
C 294
R
P 0x7fb20a0c1c08
P 0x7fb20a254298
C 9
R
P 0x7fb20a0c1c08
C 294
R
P 0x7fb20a0c1c08
P 0x7fb20a254298
U 2
P 0x7fb20a24fb98
P 0x7fb20a24fbb8
p 2
C 49
= 0x7fb20a257258
R
P 0x7fb20a0c1c08
C 294
R
P 0x7fb20a0c1c08
P 0x7fb20a257258
C 208
R
P 0x7fb20a0c1c08
C 294
R
P 0x7fb20a0c1c08
P 0x7fb20a257258
C 205
= 0x7fb20a24fd18
R
P 0x7fb20a0c1c08
C 294
R
P 0x7fb20a0c1c08
P 0x7fb20a24fd18
C 166
R
P 0x7fb20a0c1c08
C 294
R
P 0x7fb20a0c1c08
P 0x7fb20a257258
C 211
R
P 0x7fb20a0c1c08
C 294
R
P 0x7fb20a0c1c08
P 0x7fb20a257258
C 210
R
P 0x7fb20a0c1c08
C 294
R
P 0x7fb20a0c1c08
P 0x7fb20a257258
C 9
R
P 0x7fb20a0c1c08
C 294
R
P 0x7fb20a0c1c08
P 0x7fb20a257290
U 1
P 0x7fb20a257258
p 1
C 49
= 0x7fb20a252378
R
P 0x7fb20a0c1c08
C 294
R
P 0x7fb20a0c1c08
P 0x7fb20a252378
C 208
R
P 0x7fb20a0c1c08
C 294
R
P 0x7fb20a0c1c08
P 0x7fb20a252378
C 205
= 0x7fb20a24f2d8
R
P 0x7fb20a0c1c08
C 294
R
P 0x7fb20a0c1c08
P 0x7fb20a24f2d8
C 166
R
P 0x7fb20a0c1c08
C 294
R
P 0x7fb20a0c1c08
P 0x7fb20a252378
C 211
R
P 0x7fb20a0c1c08
C 294
R
P 0x7fb20a0c1c08
P 0x7fb20a252378
C 210
R
P 0x7fb20a0c1c08
C 294
R
P 0x7fb20a0c1c08
P 0x7fb20a252378
C 9
R
P 0x7fb20a0c1c08
C 294
R
P 0x7fb20a0c1c08
P 0x7fb20a24fb98
P 0x7fb20a252378
C 55
= 0x7fb20a257220
R
P 0x7fb20a0c1c08
C 294
R
P 0x7fb20a0c1c08
P 0x7fb20a257220
C 9
R
P 0x7fb20a0c1c08
C 294
R
P 0x7fb20a0c1c08
P 0x7fb20a257220
C 275
R
P 0x7fb20a0c1c08
C 294
R
P 0x7fb20a0c1c08
P 0x7fb20a257220
C 275
R
P 0x7fb20a0c1c08
C 294
R
P 0x7fb20a0c1c08
C 410
= 0x7fb208c84d18
R
P 0x7fb20a0c1c08
C 294
R
P 0x7fb20a0c1c08
P 0x7fb208c84d18
C 417
R
P 0x7fb20a0c1c08
C 294
R
P 0x7fb20a0c1c08
C 14
= 0x7fb208c5ecb8
R
P 0x7fb20a0c1c08
C 294
R
P 0x7fb20a0c1c08
P 0x7fb208c5ecb8
C 15
R
P 0x7fb20a0c1c08
C 294
R
P 0x7fb20a0c1c08
S "mbqi"
C 30
R
P 0x7fb20a0c1c08
C 294
R
P 0x7fb20a0c1c08
P 0x7fb208c5ecb8
$ |mbqi|
I 0
C 17
R
P 0x7fb20a0c1c08
C 294
R
P 0x7fb20a0c1c08
P 0x7fb208c84d18
P 0x7fb208c5ecb8
C 416
R
P 0x7fb20a0c1c08
C 294
R
P 0x7fb20a0c1c08
P 0x7fb20a257220
C 57
= 0x7fb20a2522e8
R
P 0x7fb20a0c1c08
C 294
R
P 0x7fb20a0c1c08
P 0x7fb20a2522e8
C 9
R
P 0x7fb20a0c1c08
C 294
R
P 0x7fb20a0c1c08
P 0x7fb208c84d18
P 0x7fb20a2522e8
C 423
R
P 0x7fb20a0c1c08
C 294
R
P 0x7fb20a0c1c08
P 0x7fb208c84d18
C 426
R
P 0x7fb20a0c1c08
C 294
R
P 0x7fb20a0c1c08
P 0x7fb208c84d18
C 429
= 0x7fb20a2546d8
R
P 0x7fb20a0c1c08
C 294
R
P 0x7fb20a0c1c08
P 0x7fb20a2546d8
C 208
R
P 0x7fb20a0c1c08
C 294
R
P 0x7fb20a0c1c08
P 0x7fb20a2546d8
C 205
= 0x7fb20a24f238
R
P 0x7fb20a0c1c08
C 294
R
P 0x7fb20a0c1c08
P 0x7fb20a24f238
C 166
R
P 0x7fb20a0c1c08
C 294
R
P 0x7fb20a0c1c08
P 0x7fb20a2546d8
C 211
R
P 0x7fb20a0c1c08
C 294
R
P 0x7fb20a0c1c08
P 0x7fb20a2546d8
C 210
R
P 0x7fb20a0c1c08
C 294
R
P 0x7fb20a0c1c08
P 0x7fb20a2546d8
C 9
R
P 0x7fb20a0c1c08
C 294
R
P 0x7fb20a0c1c08
P 0x7fb20a2546d8
C 275
R
P 0x7fb20a0c1c08
C 294
M "ParserExample3"
R
P 0x7fb20a0c1c08
C 33
= 0x7fb20a24f2d8
R
P 0x7fb20a0c1c08
C 294
R
P 0x7fb20a0c1c08
P 0x7fb20a24f2d8
C 9
R
P 0x7fb20a0c1c08
C 294
R
P 0x7fb20a0c1c08
S "g"
C 30
R
P 0x7fb20a0c1c08
C 294
R
P 0x7fb20a0c1c08
$ |g|
U 2
P 0x7fb20a24f2d8
P 0x7fb20a24f2d8
p 2
P 0x7fb20a24f2d8
C 48
= 0x7fb20a254558
R
P 0x7fb20a0c1c08
C 294
R
P 0x7fb20a0c1c08
P 0x7fb20a254558
C 9
R
P 0x7fb20a0c1c08
C 294
R
P 0x7fb20a0c1c08
P 0x7fb20a254558
C 188
= 0x7fb20a24f2d8
R
P 0x7fb20a0c1c08
C 294
R
P 0x7fb20a0c1c08
P 0x7fb20a24f2d8
C 166
R
P 0x7fb20a0c1c08
C 294
R
P 0x7fb20a0c1c08
P 0x7fb20a24f2d8
C 9
R
P 0x7fb20a0c1c08
C 294
R
P 0x7fb20a0c1c08
P 0x7fb20a254558
C 185
R
P 0x7fb20a0c1c08
C 294
R
P 0x7fb20a0c1c08
P 0x7fb20a254558
U 0
C 187
= 0x7fb20a24f2d8
R
P 0x7fb20a0c1c08
C 294
R
P 0x7fb20a0c1c08
P 0x7fb20a24f2d8
C 166
R
P 0x7fb20a0c1c08
C 294
R
P 0x7fb20a0c1c08
P 0x7fb20a24f2d8
C 9
R
P 0x7fb20a0c1c08
C 294
R
P 0x7fb20a0c1c08
P 0x7fb20a254558
U 1
C 187
= 0x7fb20a24f2d8
R
P 0x7fb20a0c1c08
C 294
R
P 0x7fb20a0c1c08
P 0x7fb20a24f2d8
C 166
R
P 0x7fb20a0c1c08
C 294
R
P 0x7fb20a0c1c08
P 0x7fb20a24f2d8
C 9
R
P 0x7fb20a0c1c08
C 294
R
P 0x7fb20a0c1c08
P 0x7fb20a24f2d8
C 162
R
P 0x7fb20a0c1c08
C 294
R
P 0x7fb20a0c1c08
$ |Int|
C 159
R
P 0x7fb20a0c1c08
C 294
R
P 0x7fb20a0c1c08
$ |Int|
C 159
R
P 0x7fb20a0c1c08
C 294
R
P 0x7fb20a0c1c08
$ |Int|
C 159
R
P 0x7fb20a0c1c08
C 294
R
P 0x7fb20a0c1c08
$ |Int|
C 161
R
P 0x7fb20a0c1c08
C 294
R
P 0x7fb20a0c1c08
P 0x7fb20a24f2d8
C 162
R
P 0x7fb20a0c1c08
C 294
R
P 0x7fb20a0c1c08
$ |Int|
C 159
R
P 0x7fb20a0c1c08
C 294
R
P 0x7fb20a0c1c08
$ |Int|
C 159
R
P 0x7fb20a0c1c08
C 294
R
P 0x7fb20a0c1c08
$ |Int|
C 159
R
P 0x7fb20a0c1c08
C 294
R
P 0x7fb20a0c1c08
$ |Int|
C 161
R
P 0x7fb20a0c1c08
C 294
R
P 0x7fb20a0c1c08
P 0x7fb20a254558
C 183
R
P 0x7fb20a0c1c08
C 294
R
P 0x7fb20a0c1c08
$ |g|
C 159
R
P 0x7fb20a0c1c08
C 294
R
P 0x7fb20a0c1c08
$ |g|
C 159
R
P 0x7fb20a0c1c08
C 294
R
P 0x7fb20a0c1c08
$ |g|
C 159
R
P 0x7fb20a0c1c08
C 294
R
P 0x7fb20a0c1c08
$ |g|
C 161
R
P 0x7fb20a0c1c08
C 294
R
P 0x7fb20a0c1c08
P 0x7fb20a254558
C 183
R
P 0x7fb20a0c1c08
C 294
R
P 0x7fb20a0c1c08
$ |g|
C 159
R
P 0x7fb20a0c1c08
C 294
R
P 0x7fb20a0c1c08
$ |g|
C 159
R
P 0x7fb20a0c1c08
C 294
R
P 0x7fb20a0c1c08
$ |g|
C 159
R
P 0x7fb20a0c1c08
C 294
R
P 0x7fb20a0c1c08
$ |g|
C 161
R
P 0x7fb20a0c1c08
C 294
R
P 0x7fb20a0c1c08
P 0x7fb20a24f2d8
C 162
R
P 0x7fb20a0c1c08
C 294
R
P 0x7fb20a0c1c08
$ |Int|
C 159
R
P 0x7fb20a0c1c08
C 294
R
P 0x7fb20a0c1c08
P 0x7fb20a254558
C 183
R
P 0x7fb20a0c1c08
C 294
R
P 0x7fb20a0c1c08
$ |g|
C 159
R
P 0x7fb20a0c1c08
C 294
R
P 0x7fb20a0c1c08
S "\040benchmark comm \058formula \040forall \040x Int\041 \040y Int\041 \040\061 \040g x y\041 \040g y x\041\041\041\041"
U 1
$ |Int|
s 1
P 0x7fb20a24f2d8
p 1
U 1
$ |g|
s 1
P 0x7fb20a254558
p 1
C 283
R
P 0x7fb20a0c1c08
C 294
R
P 0x7fb20a0c1c08
C 285
R
P 0x7fb20a0c1c08
C 294
R
P 0x7fb20a0c1c08
U 0
C 286
= 0x7fb209177c18
R
P 0x7fb20a0c1c08
C 294
R
P 0x7fb20a0c1c08
P 0x7fb209177c18
C 208
R
P 0x7fb20a0c1c08
C 294
R
P 0x7fb20a0c1c08
P 0x7fb209177c18
C 9
R
P 0x7fb20a0c1c08
C 294
R
P 0x7fb20a0c1c08
S "gg"
C 30
R
P 0x7fb20a0c1c08
C 294
R
P 0x7fb20a0c1c08
S "\040benchmark tst \058formula \040forall \040x Int\041 \040y Int\041 \040implies \040\061 x y\041 \040\061 \040gg x 0\041 \040gg 0 y\041\041\041\041\041"
U 0
s 0
p 0
U 1
$ |gg|
s 1
P 0x7fb20a254558
p 1
C 283
R
P 0x7fb20a0c1c08
C 294
R
P 0x7fb20a0c1c08
C 285
R
P 0x7fb20a0c1c08
C 294
R
P 0x7fb20a0c1c08
U 0
C 286
= 0x7fb209177c80
R
P 0x7fb20a0c1c08
C 294
R
P 0x7fb20a0c1c08
P 0x7fb209177c80
C 208
R
P 0x7fb20a0c1c08
C 294
R
P 0x7fb20a0c1c08
P 0x7fb209177c80
C 9
R
P 0x7fb20a0c1c08
C 294
R
P 0x7fb20a0c1c08
P 0x7fb209177c80
C 275
R
P 0x7fb20a0c1c08
C 294
R
P 0x7fb20a0c1c08
P 0x7fb209177c80
C 275
R
P 0x7fb20a0c1c08
C 294
R
P 0x7fb20a0c1c08
C 410
= 0x7fb208c86a98
R
P 0x7fb20a0c1c08
C 294
R
P 0x7fb20a0c1c08
P 0x7fb208c86a98
C 417
R
P 0x7fb20a0c1c08
C 294
R
P 0x7fb20a0c1c08
C 14
= 0x7fb208c60548
R
P 0x7fb20a0c1c08
C 294
R
P 0x7fb20a0c1c08
P 0x7fb208c60548
C 15
R
P 0x7fb20a0c1c08
C 294
R
P 0x7fb20a0c1c08
S "mbqi"
C 30
R
P 0x7fb20a0c1c08
C 294
R
P 0x7fb20a0c1c08
P 0x7fb208c60548
$ |mbqi|
I 0
C 17
R
P 0x7fb20a0c1c08
C 294
R
P 0x7fb20a0c1c08
P 0x7fb208c86a98
P 0x7fb208c60548
C 416
R
P 0x7fb20a0c1c08
C 294
R
P 0x7fb20a0c1c08
P 0x7fb208c86a98
P 0x7fb209177c18
C 423
R
P 0x7fb20a0c1c08
C 294
R
P 0x7fb20a0c1c08
P 0x7fb209177c80
C 57
= 0x7fb20a251bc8
R
P 0x7fb20a0c1c08
C 294
R
P 0x7fb20a0c1c08
P 0x7fb20a251bc8
C 9
R
P 0x7fb20a0c1c08
C 294
R
P 0x7fb20a0c1c08
P 0x7fb208c86a98
P 0x7fb20a251bc8
C 423
R
P 0x7fb20a0c1c08
C 294
R
P 0x7fb20a0c1c08
P 0x7fb208c86a98
C 426
R
P 0x7fb20a0c1c08
C 294
R
P 0x7fb20a0c1c08
P 0x7fb208c86a98
C 429
= 0x7fb20a254b58
R
P 0x7fb20a0c1c08
C 294
R
P 0x7fb20a0c1c08
P 0x7fb20a254b58
C 208
R
P 0x7fb20a0c1c08
C 294
R
P 0x7fb20a0c1c08
P 0x7fb20a254b58
C 205
= 0x7fb20a24f238
R
P 0x7fb20a0c1c08
C 294
R
P 0x7fb20a0c1c08
P 0x7fb20a24f238
C 166
R
P 0x7fb20a0c1c08
C 294
R
P 0x7fb20a0c1c08
P 0x7fb20a254b58
C 211
R
P 0x7fb20a0c1c08
C 294
R
P 0x7fb20a0c1c08
P 0x7fb20a254b58
C 210
R
P 0x7fb20a0c1c08
C 294
R
P 0x7fb20a0c1c08
P 0x7fb20a254b58
C 9
R
P 0x7fb20a0c1c08
C 294
R
P 0x7fb20a0c1c08
P 0x7fb20a254b58
C 275
R
P 0x7fb20a0c1c08
C 294
M "EnumExample"
R
P 0x7fb20a0c1c08
S "fruit"
C 30
R
P 0x7fb20a0c1c08
C 294
R
P 0x7fb20a0c1c08
S "apple"
C 30
R
P 0x7fb20a0c1c08
C 294
R
P 0x7fb20a0c1c08
S "banana"
C 30
R
P 0x7fb20a0c1c08
C 294
R
P 0x7fb20a0c1c08
S "orange"
C 30
R
P 0x7fb20a0c1c08
C 294
R
P 0x7fb20a0c1c08
$ |fruit|
U 3
$ |apple|
$ |banana|
$ |orange|
s 3
P 0
P 0
P 0
p 3
P 0
P 0
P 0
p 3
C 39
= 0x7fb20a250038
@ 0x7fb20a2528b8 4 0
@ 0x7fb20a252408 4 1
@ 0x7fb20a2528e8 4 2
@ 0x7fb2091761f8 5 0
@ 0x7fb2091761c0 5 1
@ 0x7fb209176188 5 2
R
P 0x7fb20a0c1c08
C 294
R
P 0x7fb20a0c1c08
P 0x7fb20a250038
C 208
R
P 0x7fb20a0c1c08
C 294
R
P 0x7fb20a0c1c08
P 0x7fb20a250038
C 9
R
P 0x7fb20a0c1c08
C 294
R
P 0x7fb20a0c1c08
P 0x7fb20a2528b8
C 9
R
P 0x7fb20a0c1c08
C 294
R
P 0x7fb20a0c1c08
P 0x7fb20a252408
C 9
R
P 0x7fb20a0c1c08
C 294
R
P 0x7fb20a0c1c08
P 0x7fb20a2528e8
C 9
R
P 0x7fb20a0c1c08
C 294
R
P 0x7fb20a0c1c08
P 0x7fb2091761f8
C 9
R
P 0x7fb20a0c1c08
C 294
R
P 0x7fb20a0c1c08
P 0x7fb2091761c0
C 9
R
P 0x7fb20a0c1c08
C 294
R
P 0x7fb20a0c1c08
P 0x7fb209176188
C 9
R
P 0x7fb20a0c1c08
C 294
R
P 0x7fb20a0c1c08
P 0x7fb20a2528b8
U 0
p 0
C 49
= 0x7fb20a250018
R
P 0x7fb20a0c1c08
C 294
R
P 0x7fb20a0c1c08
P 0x7fb20a250018
C 208
R
P 0x7fb20a0c1c08
C 294
R
P 0x7fb20a0c1c08
P 0x7fb20a250018
C 205
= 0x7fb20a250038
R
P 0x7fb20a0c1c08
C 294
R
P 0x7fb20a0c1c08
P 0x7fb20a250038
C 166
R
P 0x7fb20a0c1c08
C 294
R
P 0x7fb20a0c1c08
P 0x7fb20a250018
C 211
R
P 0x7fb20a0c1c08
C 294
R
P 0x7fb20a0c1c08
P 0x7fb20a250018
C 210
R
P 0x7fb20a0c1c08
C 294
R
P 0x7fb20a0c1c08
P 0x7fb20a250018
C 9
R
P 0x7fb20a0c1c08
C 294
R
P 0x7fb20a0c1c08
P 0x7fb20a252408
U 0
p 0
C 49
= 0x7fb20a24fef8
R
P 0x7fb20a0c1c08
C 294
R
P 0x7fb20a0c1c08
P 0x7fb20a24fef8
C 208
R
P 0x7fb20a0c1c08
C 294
R
P 0x7fb20a0c1c08
P 0x7fb20a24fef8
C 205
= 0x7fb20a250038
R
P 0x7fb20a0c1c08
C 294
R
P 0x7fb20a0c1c08
P 0x7fb20a250038
C 166
R
P 0x7fb20a0c1c08
C 294
R
P 0x7fb20a0c1c08
P 0x7fb20a24fef8
C 211
R
P 0x7fb20a0c1c08
C 294
R
P 0x7fb20a0c1c08
P 0x7fb20a24fef8
C 210
R
P 0x7fb20a0c1c08
C 294
R
P 0x7fb20a0c1c08
P 0x7fb20a24fef8
C 9
R
P 0x7fb20a0c1c08
C 294
R
P 0x7fb20a0c1c08
P 0x7fb20a2528e8
U 0
p 0
C 49
= 0x7fb20a24fc38
R
P 0x7fb20a0c1c08
C 294
R
P 0x7fb20a0c1c08
P 0x7fb20a24fc38
C 208
R
P 0x7fb20a0c1c08
C 294
R
P 0x7fb20a0c1c08
P 0x7fb20a24fc38
C 205
= 0x7fb20a250038
R
P 0x7fb20a0c1c08
C 294
R
P 0x7fb20a0c1c08
P 0x7fb20a250038
C 166
R
P 0x7fb20a0c1c08
C 294
R
P 0x7fb20a0c1c08
P 0x7fb20a24fc38
C 211
R
P 0x7fb20a0c1c08
C 294
R
P 0x7fb20a0c1c08
P 0x7fb20a24fc38
C 210
R
P 0x7fb20a0c1c08
C 294
R
P 0x7fb20a0c1c08
P 0x7fb20a24fc38
C 9
R
P 0x7fb20a0c1c08
C 294
R
P 0x7fb20a0c1c08
P 0x7fb20a250018
C 275
R
P 0x7fb20a0c1c08
C 294
R
P 0x7fb20a0c1c08
P 0x7fb20a24fef8
C 275
R
P 0x7fb20a0c1c08
C 294
R
P 0x7fb20a0c1c08
P 0x7fb20a24fc38
C 275
R
P 0x7fb20a0c1c08
C 294
R
P 0x7fb20a0c1c08
P 0x7fb2091761f8
C 275
R
P 0x7fb20a0c1c08
C 294
R
P 0x7fb20a0c1c08
P 0x7fb2091761c0
C 275
R
P 0x7fb20a0c1c08
C 294
R
P 0x7fb20a0c1c08
P 0x7fb209176188
C 275
R
P 0x7fb20a0c1c08
C 294
R
P 0x7fb20a0c1c08
P 0x7fb20a250018
P 0x7fb20a24fc38
C 55
= 0x7fb209176150
R
P 0x7fb20a0c1c08
C 294
R
P 0x7fb20a0c1c08
P 0x7fb209176150
C 9
R
P 0x7fb20a0c1c08
C 294
R
P 0x7fb20a0c1c08
P 0x7fb209176150
C 57
= 0x7fb20a252918
R
P 0x7fb20a0c1c08
C 294
R
P 0x7fb20a0c1c08
P 0x7fb20a252918
C 9
R
P 0x7fb20a0c1c08
C 294
R
P 0x7fb20a0c1c08
P 0x7fb20a252918
C 275
R
P 0x7fb20a0c1c08
C 294
R
P 0x7fb20a0c1c08
C 410
= 0x7fb208c9d8a8
R
P 0x7fb20a0c1c08
C 294
R
P 0x7fb20a0c1c08
P 0x7fb208c9d8a8
C 417
R
P 0x7fb20a0c1c08
C 294
R
P 0x7fb20a0c1c08
C 14
= 0x7fb208c86a58
R
P 0x7fb20a0c1c08
C 294
R
P 0x7fb20a0c1c08
P 0x7fb208c86a58
C 15
R
P 0x7fb20a0c1c08
C 294
R
P 0x7fb20a0c1c08
S "mbqi"
C 30
R
P 0x7fb20a0c1c08
C 294
R
P 0x7fb20a0c1c08
P 0x7fb208c86a58
$ |mbqi|
I 0
C 17
R
P 0x7fb20a0c1c08
C 294
R
P 0x7fb20a0c1c08
P 0x7fb208c9d8a8
P 0x7fb208c86a58
C 416
R
P 0x7fb20a0c1c08
C 294
R
P 0x7fb20a0c1c08
P 0x7fb20a252918
C 57
= 0x7fb20a2529d8
R
P 0x7fb20a0c1c08
C 294
R
P 0x7fb20a0c1c08
P 0x7fb20a2529d8
C 9
R
P 0x7fb20a0c1c08
C 294
R
P 0x7fb20a0c1c08
P 0x7fb208c9d8a8
P 0x7fb20a2529d8
C 423
R
P 0x7fb20a0c1c08
C 294
R
P 0x7fb20a0c1c08
P 0x7fb208c9d8a8
C 426
R
P 0x7fb20a0c1c08
C 294
R
P 0x7fb20a0c1c08
P 0x7fb208c9d8a8
C 429
= 0x7fb20a254a58
R
P 0x7fb20a0c1c08
C 294
R
P 0x7fb20a0c1c08
P 0x7fb20a254a58
C 208
R
P 0x7fb20a0c1c08
C 294
R
P 0x7fb20a0c1c08
P 0x7fb20a254a58
C 205
= 0x7fb20a24f238
R
P 0x7fb20a0c1c08
C 294
R
P 0x7fb20a0c1c08
P 0x7fb20a24f238
C 166
R
P 0x7fb20a0c1c08
C 294
R
P 0x7fb20a0c1c08
P 0x7fb20a254a58
C 211
R
P 0x7fb20a0c1c08
C 294
R
P 0x7fb20a0c1c08
P 0x7fb20a254a58
C 210
R
P 0x7fb20a0c1c08
C 294
R
P 0x7fb20a0c1c08
P 0x7fb20a254a58
C 9
R
P 0x7fb20a0c1c08
C 294
R
P 0x7fb20a0c1c08
P 0x7fb20a254a58
C 275
R
P 0x7fb20a0c1c08
C 294
R
P 0x7fb20a0c1c08
P 0x7fb2091761f8
U 1
P 0x7fb20a250018
p 1
C 49
= 0x7fb20a252dc8
R
P 0x7fb20a0c1c08
C 294
R
P 0x7fb20a0c1c08
P 0x7fb20a252dc8
C 208
R
P 0x7fb20a0c1c08
C 294
R
P 0x7fb20a0c1c08
P 0x7fb20a252dc8
C 205
= 0x7fb20a24f218
R
P 0x7fb20a0c1c08
C 294
R
P 0x7fb20a0c1c08
P 0x7fb20a24f218
C 166
R
P 0x7fb20a0c1c08
C 294
R
P 0x7fb20a0c1c08
P 0x7fb20a252dc8
C 211
R
P 0x7fb20a0c1c08
C 294
R
P 0x7fb20a0c1c08
P 0x7fb20a252dc8
C 210
R
P 0x7fb20a0c1c08
C 294
R
P 0x7fb20a0c1c08
P 0x7fb20a252dc8
C 9
R
P 0x7fb20a0c1c08
C 294
R
P 0x7fb20a0c1c08
P 0x7fb20a252dc8
C 275
R
P 0x7fb20a0c1c08
C 294
R
P 0x7fb20a0c1c08
C 410
= 0x7fb208d32ca8
R
P 0x7fb20a0c1c08
C 294
R
P 0x7fb20a0c1c08
P 0x7fb208d32ca8
C 417
R
P 0x7fb20a0c1c08
C 294
R
P 0x7fb20a0c1c08
C 14
= 0x7fb208ddb078
R
P 0x7fb20a0c1c08
C 294
R
P 0x7fb20a0c1c08
P 0x7fb208ddb078
C 15
R
P 0x7fb20a0c1c08
C 294
R
P 0x7fb20a0c1c08
S "mbqi"
C 30
R
P 0x7fb20a0c1c08
C 294
R
P 0x7fb20a0c1c08
P 0x7fb208ddb078
$ |mbqi|
I 0
C 17
R
P 0x7fb20a0c1c08
C 294
R
P 0x7fb20a0c1c08
P 0x7fb208d32ca8
P 0x7fb208ddb078
C 416
R
P 0x7fb20a0c1c08
C 294
R
P 0x7fb20a0c1c08
P 0x7fb20a252dc8
C 57
= 0x7fb2092d1b08
R
P 0x7fb20a0c1c08
C 294
R
P 0x7fb20a0c1c08
P 0x7fb2092d1b08
C 9
R
P 0x7fb20a0c1c08
C 294
R
P 0x7fb20a0c1c08
P 0x7fb208d32ca8
P 0x7fb2092d1b08
C 423
R
P 0x7fb20a0c1c08
C 294
R
P 0x7fb20a0c1c08
P 0x7fb208d32ca8
C 426
R
P 0x7fb20a0c1c08
C 294
R
P 0x7fb20a0c1c08
P 0x7fb208d32ca8
C 429
= 0x7fb2092e25d8
R
P 0x7fb20a0c1c08
C 294
R
P 0x7fb20a0c1c08
P 0x7fb2092e25d8
C 208
R
P 0x7fb20a0c1c08
C 294
R
P 0x7fb20a0c1c08
P 0x7fb2092e25d8
C 205
= 0x7fb20a24f238
R
P 0x7fb20a0c1c08
C 294
R
P 0x7fb20a0c1c08
P 0x7fb20a24f238
C 166
R
P 0x7fb20a0c1c08
C 294
R
P 0x7fb20a0c1c08
P 0x7fb2092e25d8
C 211
R
P 0x7fb20a0c1c08
C 294
R
P 0x7fb20a0c1c08
P 0x7fb2092e25d8
C 210
R
P 0x7fb20a0c1c08
C 294
R
P 0x7fb20a0c1c08
P 0x7fb2092e25d8
C 9
R
P 0x7fb20a0c1c08
C 294
R
P 0x7fb20a0c1c08
P 0x7fb2092e25d8
C 275
R
P 0x7fb20a0c1c08
C 294
R
P 0x7fb20a0c1c08
P 0x7fb2091761f8
U 1
P 0x7fb20a24fc38
p 1
C 49
= 0x7fb20a2532d8
R
P 0x7fb20a0c1c08
C 294
R
P 0x7fb20a0c1c08
P 0x7fb20a2532d8
C 208
R
P 0x7fb20a0c1c08
C 294
R
P 0x7fb20a0c1c08
P 0x7fb20a2532d8
C 205
= 0x7fb20a24f218
R
P 0x7fb20a0c1c08
C 294
R
P 0x7fb20a0c1c08
P 0x7fb20a24f218
C 166
R
P 0x7fb20a0c1c08
C 294
R
P 0x7fb20a0c1c08
P 0x7fb20a2532d8
C 211
R
P 0x7fb20a0c1c08
C 294
R
P 0x7fb20a0c1c08
P 0x7fb20a2532d8
C 210
R
P 0x7fb20a0c1c08
C 294
R
P 0x7fb20a0c1c08
P 0x7fb20a2532d8
C 9
R
P 0x7fb20a0c1c08
C 294
R
P 0x7fb20a0c1c08
P 0x7fb20a2532d8
C 275
R
P 0x7fb20a0c1c08
C 294
R
P 0x7fb20a0c1c08
C 410
= 0x7fb208ed7eb8
R
P 0x7fb20a0c1c08
C 294
R
P 0x7fb20a0c1c08
P 0x7fb208ed7eb8
C 417
R
P 0x7fb20a0c1c08
C 294
R
P 0x7fb20a0c1c08
C 14
= 0x7fb208ed71c8
R
P 0x7fb20a0c1c08
C 294
R
P 0x7fb20a0c1c08
P 0x7fb208ed71c8
C 15
R
P 0x7fb20a0c1c08
C 294
R
P 0x7fb20a0c1c08
S "mbqi"
C 30
R
P 0x7fb20a0c1c08
C 294
R
P 0x7fb20a0c1c08
P 0x7fb208ed71c8
$ |mbqi|
I 0
C 17
R
P 0x7fb20a0c1c08
C 294
R
P 0x7fb20a0c1c08
P 0x7fb208ed7eb8
P 0x7fb208ed71c8
C 416
R
P 0x7fb20a0c1c08
C 294
R
P 0x7fb20a0c1c08
P 0x7fb20a2532d8
C 57
= 0x7fb20a252ee8
R
P 0x7fb20a0c1c08
C 294
R
P 0x7fb20a0c1c08
P 0x7fb20a252ee8
C 9
R
P 0x7fb20a0c1c08
C 294
R
P 0x7fb20a0c1c08
P 0x7fb208ed7eb8
P 0x7fb20a252ee8
C 423
R
P 0x7fb20a0c1c08
C 294
R
P 0x7fb20a0c1c08
P 0x7fb208ed7eb8
C 426
R
P 0x7fb20a0c1c08
C 294
R
P 0x7fb20a0c1c08
P 0x7fb208ed7eb8
C 428
= 0x7fb208ed7358
R
P 0x7fb20a0c1c08
C 294
R
P 0x7fb20a0c1c08
P 0x7fb208ed7358
C 248
R
P 0x7fb20a0c1c08
C 294
R
P 0x7fb20a0c1c08
P 0x7fb208ed7358
C 279
R
P 0x7fb20a0c1c08
C 294
R
P 0x7fb20a0c1c08
P 0x7fb2091761f8
U 1
P 0x7fb20a24fc38
p 1
C 49
= 0x7fb20a2532d8
R
P 0x7fb20a0c1c08
C 294
R
P 0x7fb20a0c1c08
P 0x7fb20a2532d8
C 208
R
P 0x7fb20a0c1c08
C 294
R
P 0x7fb20a0c1c08
P 0x7fb20a2532d8
C 205
= 0x7fb20a24f218
R
P 0x7fb20a0c1c08
C 294
R
P 0x7fb20a0c1c08
P 0x7fb20a24f218
C 166
R
P 0x7fb20a0c1c08
C 294
R
P 0x7fb20a0c1c08
P 0x7fb20a2532d8
C 211
R
P 0x7fb20a0c1c08
C 294
R
P 0x7fb20a0c1c08
P 0x7fb20a2532d8
C 210
R
P 0x7fb20a0c1c08
C 294
R
P 0x7fb20a0c1c08
P 0x7fb20a2532d8
C 9
R
P 0x7fb20a0c1c08
C 294
R
P 0x7fb20a0c1c08
P 0x7fb20a2532d8
C 57
= 0x7fb20a252ee8
R
P 0x7fb20a0c1c08
C 294
R
P 0x7fb20a0c1c08
P 0x7fb20a252ee8
C 9
R
P 0x7fb20a0c1c08
C 294
R
P 0x7fb20a0c1c08
P 0x7fb20a252ee8
C 275
R
P 0x7fb20a0c1c08
C 294
R
P 0x7fb20a0c1c08
C 410
= 0x7fb208e6c5b8
R
P 0x7fb20a0c1c08
C 294
R
P 0x7fb20a0c1c08
P 0x7fb208e6c5b8
C 417
R
P 0x7fb20a0c1c08
C 294
R
P 0x7fb20a0c1c08
C 14
= 0x7fb208e97818
R
P 0x7fb20a0c1c08
C 294
R
P 0x7fb20a0c1c08
P 0x7fb208e97818
C 15
R
P 0x7fb20a0c1c08
C 294
R
P 0x7fb20a0c1c08
S "mbqi"
C 30
R
P 0x7fb20a0c1c08
C 294
R
P 0x7fb20a0c1c08
P 0x7fb208e97818
$ |mbqi|
I 0
C 17
R
P 0x7fb20a0c1c08
C 294
R
P 0x7fb20a0c1c08
P 0x7fb208e6c5b8
P 0x7fb208e97818
C 416
R
P 0x7fb20a0c1c08
C 294
R
P 0x7fb20a0c1c08
P 0x7fb20a252ee8
C 57
= 0x7fb2092d2bb8
R
P 0x7fb20a0c1c08
C 294
R
P 0x7fb20a0c1c08
P 0x7fb2092d2bb8
C 9
R
P 0x7fb20a0c1c08
C 294
R
P 0x7fb20a0c1c08
P 0x7fb208e6c5b8
P 0x7fb2092d2bb8
C 423
R
P 0x7fb20a0c1c08
C 294
R
P 0x7fb20a0c1c08
P 0x7fb208e6c5b8
C 426
R
P 0x7fb20a0c1c08
C 294
R
P 0x7fb20a0c1c08
P 0x7fb208e6c5b8
C 429
= 0x7fb20a254d98
R
P 0x7fb20a0c1c08
C 294
R
P 0x7fb20a0c1c08
P 0x7fb20a254d98
C 208
R
P 0x7fb20a0c1c08
C 294
R
P 0x7fb20a0c1c08
P 0x7fb20a254d98
C 205
= 0x7fb20a24f238
R
P 0x7fb20a0c1c08
C 294
R
P 0x7fb20a0c1c08
P 0x7fb20a24f238
C 166
R
P 0x7fb20a0c1c08
C 294
R
P 0x7fb20a0c1c08
P 0x7fb20a254d98
C 211
R
P 0x7fb20a0c1c08
C 294
R
P 0x7fb20a0c1c08
P 0x7fb20a254d98
C 210
R
P 0x7fb20a0c1c08
C 294
R
P 0x7fb20a0c1c08
P 0x7fb20a254d98
C 9
R
P 0x7fb20a0c1c08
C 294
R
P 0x7fb20a0c1c08
P 0x7fb20a254d98
C 275
R
P 0x7fb20a0c1c08
C 294
R
P 0x7fb20a0c1c08
S "fruity"
C 30
R
P 0x7fb20a0c1c08
C 294
R
P 0x7fb20a0c1c08
$ |fruity|
P 0x7fb20a250038
C 50
= 0x7fb20a24fff8
R
P 0x7fb20a0c1c08
C 294
R
P 0x7fb20a0c1c08
P 0x7fb20a24fff8
C 208
R
P 0x7fb20a0c1c08
C 294
R
P 0x7fb20a0c1c08
P 0x7fb20a24fff8
C 205
= 0x7fb20a250038
R
P 0x7fb20a0c1c08
C 294
R
P 0x7fb20a0c1c08
P 0x7fb20a250038
C 166
R
P 0x7fb20a0c1c08
C 294
R
P 0x7fb20a0c1c08
P 0x7fb20a24fff8
C 211
R
P 0x7fb20a0c1c08
C 294
R
P 0x7fb20a0c1c08
P 0x7fb20a24fff8
C 210
R
P 0x7fb20a0c1c08
C 294
R
P 0x7fb20a0c1c08
P 0x7fb20a24fff8
C 9
R
P 0x7fb20a0c1c08
C 294
R
P 0x7fb20a0c1c08
P 0x7fb20a24fff8
P 0x7fb20a250018
C 55
= 0x7fb209176118
R
P 0x7fb20a0c1c08
C 294
R
P 0x7fb20a0c1c08
P 0x7fb209176118
C 9
R
P 0x7fb20a0c1c08
C 294
R
P 0x7fb20a0c1c08
P 0x7fb20a24fff8
P 0x7fb20a24fef8
C 55
= 0x7fb209177618
R
P 0x7fb20a0c1c08
C 294
R
P 0x7fb20a0c1c08
P 0x7fb209177618
C 9
R
P 0x7fb20a0c1c08
C 294
R
P 0x7fb20a0c1c08
P 0x7fb20a24fff8
P 0x7fb20a24fc38
C 55
= 0x7fb2092d5620
R
P 0x7fb20a0c1c08
C 294
R
P 0x7fb20a0c1c08
P 0x7fb2092d5620
C 9
R
P 0x7fb20a0c1c08
C 294
R
P 0x7fb20a0c1c08
U 3
P 0x7fb209176118
P 0x7fb209177618
P 0x7fb2092d5620
p 3
C 63
= 0x7fb2092e2418
R
P 0x7fb20a0c1c08
C 294
R
P 0x7fb20a0c1c08
P 0x7fb2092e2418
C 9
R
P 0x7fb20a0c1c08
C 294
R
P 0x7fb20a0c1c08
P 0x7fb2092e2418
C 275
R
P 0x7fb20a0c1c08
C 294
R
P 0x7fb20a0c1c08
C 410
= 0x7fb208e5bcd8
R
P 0x7fb20a0c1c08
C 294
R
P 0x7fb20a0c1c08
P 0x7fb208e5bcd8
C 417
R
P 0x7fb20a0c1c08
C 294
R
P 0x7fb20a0c1c08
C 14
= 0x7fb208e98358
R
P 0x7fb20a0c1c08
C 294
R
P 0x7fb20a0c1c08
P 0x7fb208e98358
C 15
R
P 0x7fb20a0c1c08
C 294
R
P 0x7fb20a0c1c08
S "mbqi"
C 30
R
P 0x7fb20a0c1c08
C 294
R
P 0x7fb20a0c1c08
P 0x7fb208e98358
$ |mbqi|
I 0
C 17
R
P 0x7fb20a0c1c08
C 294
R
P 0x7fb20a0c1c08
P 0x7fb208e5bcd8
P 0x7fb208e98358
C 416
R
P 0x7fb20a0c1c08
C 294
R
P 0x7fb20a0c1c08
P 0x7fb2092e2418
C 57
= 0x7fb2092d2be8
R
P 0x7fb20a0c1c08
C 294
R
P 0x7fb20a0c1c08
P 0x7fb2092d2be8
C 9
R
P 0x7fb20a0c1c08
C 294
R
P 0x7fb20a0c1c08
P 0x7fb208e5bcd8
P 0x7fb2092d2be8
C 423
R
P 0x7fb20a0c1c08
C 294
R
P 0x7fb20a0c1c08
P 0x7fb208e5bcd8
C 426
R
P 0x7fb20a0c1c08
C 294
R
P 0x7fb20a0c1c08
P 0x7fb208e5bcd8
C 429
= 0x7fb2092e2498
R
P 0x7fb20a0c1c08
C 294
R
P 0x7fb20a0c1c08
P 0x7fb2092e2498
C 208
R
P 0x7fb20a0c1c08
C 294
R
P 0x7fb20a0c1c08
P 0x7fb2092e2498
C 205
= 0x7fb20a24f238
R
P 0x7fb20a0c1c08
C 294
R
P 0x7fb20a0c1c08
P 0x7fb20a24f238
C 166
R
P 0x7fb20a0c1c08
C 294
R
P 0x7fb20a0c1c08
P 0x7fb2092e2498
C 211
R
P 0x7fb20a0c1c08
C 294
R
P 0x7fb20a0c1c08
P 0x7fb2092e2498
C 210
R
P 0x7fb20a0c1c08
C 294
R
P 0x7fb20a0c1c08
P 0x7fb2092e2498
C 9
R
P 0x7fb20a0c1c08
C 294
R
P 0x7fb20a0c1c08
P 0x7fb2092e2498
C 275
R
P 0x7fb20a0c1c08
C 294
M "ListExample"
R
P 0x7fb20a0c1c08
C 33
= 0x7fb20a24f2d8
R
P 0x7fb20a0c1c08
C 294
R
P 0x7fb20a0c1c08
P 0x7fb20a24f2d8
C 9
R
P 0x7fb20a0c1c08
C 294
R
P 0x7fb20a0c1c08
S "int_list"
C 30
R
P 0x7fb20a0c1c08
C 294
R
P 0x7fb20a0c1c08
$ |int_list|
P 0x7fb20a24f2d8
P 0
P 0
P 0
P 0
P 0
P 0
C 40
= 0x7fb20a250098
* 0x7fb2092d1b98 3
* 0x7fb209177880 4
* 0x7fb2092e24d8 5
* 0x7fb209176818 6
* 0x7fb2092d5428 7
* 0x7fb2092d5578 8
R
P 0x7fb20a0c1c08
C 294
R
P 0x7fb20a0c1c08
P 0x7fb20a250098
C 208
R
P 0x7fb20a0c1c08
C 294
R
P 0x7fb20a0c1c08
P 0x7fb20a250098
C 9
R
P 0x7fb20a0c1c08
C 294
R
P 0x7fb20a0c1c08
P 0x7fb2092d1b98
C 9
R
P 0x7fb20a0c1c08
C 294
R
P 0x7fb20a0c1c08
P 0x7fb209177880
C 9
R
P 0x7fb20a0c1c08
C 294
R
P 0x7fb20a0c1c08
P 0x7fb2092e24d8
C 9
R
P 0x7fb20a0c1c08
C 294
R
P 0x7fb20a0c1c08
P 0x7fb209176818
C 9
R
P 0x7fb20a0c1c08
C 294
R
P 0x7fb20a0c1c08
P 0x7fb2092d5428
C 9
R
P 0x7fb20a0c1c08
C 294
R
P 0x7fb20a0c1c08
P 0x7fb2092d5578
C 9
R
P 0x7fb20a0c1c08
C 294
R
P 0x7fb20a0c1c08
P 0x7fb2092d1b98
U 0
p 0
C 49
= 0x7fb20a250078
R
P 0x7fb20a0c1c08
C 294
R
P 0x7fb20a0c1c08
P 0x7fb20a250078
C 208
R
P 0x7fb20a0c1c08
C 294
R
P 0x7fb20a0c1c08
P 0x7fb20a250078
C 205
= 0x7fb20a250098
R
P 0x7fb20a0c1c08
C 294
R
P 0x7fb20a0c1c08
P 0x7fb20a250098
C 166
R
P 0x7fb20a0c1c08
C 294
R
P 0x7fb20a0c1c08
P 0x7fb20a250078
C 211
R
P 0x7fb20a0c1c08
C 294
R
P 0x7fb20a0c1c08
P 0x7fb20a250078
C 210
R
P 0x7fb20a0c1c08
C 294
R
P 0x7fb20a0c1c08
P 0x7fb20a250078
C 9
R
P 0x7fb20a0c1c08
C 294
R
P 0x7fb20a0c1c08
P 0x7fb2092d1b98
U 0
p 0
C 49
= 0x7fb20a250078
R
P 0x7fb20a0c1c08
C 294
R
P 0x7fb20a0c1c08
P 0x7fb20a250078
C 208
R
P 0x7fb20a0c1c08
C 294
R
P 0x7fb20a0c1c08
P 0x7fb20a250078
C 205
= 0x7fb20a250098
R
P 0x7fb20a0c1c08
C 294
R
P 0x7fb20a0c1c08
P 0x7fb20a250098
C 166
R
P 0x7fb20a0c1c08
C 294
R
P 0x7fb20a0c1c08
P 0x7fb20a250078
C 211
R
P 0x7fb20a0c1c08
C 294
R
P 0x7fb20a0c1c08
P 0x7fb20a250078
C 210
R
P 0x7fb20a0c1c08
C 294
R
P 0x7fb20a0c1c08
P 0x7fb20a250078
C 9
R
P 0x7fb20a0c1c08
C 294
R
P 0x7fb20a0c1c08
I 1
P 0x7fb20a24f2d8
C 145
= 0x7fb20a24fd98
R
P 0x7fb20a0c1c08
C 294
R
P 0x7fb20a0c1c08
P 0x7fb20a24fd98
C 9
R
P 0x7fb20a0c1c08
C 294
R
P 0x7fb20a0c1c08
P 0x7fb2092e24d8
U 2
P 0x7fb20a24fd98
P 0x7fb20a250078
p 2
C 49
= 0x7fb2091770a0
R
P 0x7fb20a0c1c08
C 294
R
P 0x7fb20a0c1c08
P 0x7fb2091770a0
C 208
R
P 0x7fb20a0c1c08
C 294
R
P 0x7fb20a0c1c08
P 0x7fb2091770a0
C 205
= 0x7fb20a250098
R
P 0x7fb20a0c1c08
C 294
R
P 0x7fb20a0c1c08
P 0x7fb20a250098
C 166
R
P 0x7fb20a0c1c08
C 294
R
P 0x7fb20a0c1c08
P 0x7fb2091770a0
C 211
R
P 0x7fb20a0c1c08
C 294
R
P 0x7fb20a0c1c08
P 0x7fb2091770a0
C 210
R
P 0x7fb20a0c1c08
C 294
R
P 0x7fb20a0c1c08
P 0x7fb2091770a0
C 9
R
P 0x7fb20a0c1c08
C 294
R
P 0x7fb20a0c1c08
I 2
P 0x7fb20a24f2d8
C 145
= 0x7fb20a24fdb8
R
P 0x7fb20a0c1c08
C 294
R
P 0x7fb20a0c1c08
P 0x7fb20a24fdb8
C 9
R
P 0x7fb20a0c1c08
C 294
R
P 0x7fb20a0c1c08
P 0x7fb2092e24d8
U 2
P 0x7fb20a24fdb8
P 0x7fb20a250078
p 2
C 49
= 0x7fb2091778b8
R
P 0x7fb20a0c1c08
C 294
R
P 0x7fb20a0c1c08
P 0x7fb2091778b8
C 208
R
P 0x7fb20a0c1c08
C 294
R
P 0x7fb20a0c1c08
P 0x7fb2091778b8
C 205
= 0x7fb20a250098
R
P 0x7fb20a0c1c08
C 294
R
P 0x7fb20a0c1c08
P 0x7fb20a250098
C 166
R
P 0x7fb20a0c1c08
C 294
R
P 0x7fb20a0c1c08
P 0x7fb2091778b8
C 211
R
P 0x7fb20a0c1c08
C 294
R
P 0x7fb20a0c1c08
P 0x7fb2091778b8
C 210
R
P 0x7fb20a0c1c08
C 294
R
P 0x7fb20a0c1c08
P 0x7fb2091778b8
C 9
R
P 0x7fb20a0c1c08
C 294
R
P 0x7fb20a0c1c08
P 0x7fb20a250078
P 0x7fb2091770a0
C 55
= 0x7fb2092d5268
R
P 0x7fb20a0c1c08
C 294
R
P 0x7fb20a0c1c08
P 0x7fb2092d5268
C 9
R
P 0x7fb20a0c1c08
C 294
R
P 0x7fb20a0c1c08
P 0x7fb2092d5268
C 57
= 0x7fb2092d2b88
R
P 0x7fb20a0c1c08
C 294
R
P 0x7fb20a0c1c08
P 0x7fb2092d2b88
C 9
R
P 0x7fb20a0c1c08
C 294
R
P 0x7fb20a0c1c08
P 0x7fb2092d2b88
C 275
R
P 0x7fb20a0c1c08
C 294
R
P 0x7fb20a0c1c08
C 410
= 0x7fb208f619e8
R
P 0x7fb20a0c1c08
C 294
R
P 0x7fb20a0c1c08
P 0x7fb208f619e8
C 417
R
P 0x7fb20a0c1c08
C 294
R
P 0x7fb20a0c1c08
C 14
= 0x7fb208f61c68
R
P 0x7fb20a0c1c08
C 294
R
P 0x7fb20a0c1c08
P 0x7fb208f61c68
C 15
R
P 0x7fb20a0c1c08
C 294
R
P 0x7fb20a0c1c08
S "mbqi"
C 30
R
P 0x7fb20a0c1c08
C 294
R
P 0x7fb20a0c1c08
P 0x7fb208f61c68
$ |mbqi|
I 0
C 17
R
P 0x7fb20a0c1c08
C 294
R
P 0x7fb20a0c1c08
P 0x7fb208f619e8
P 0x7fb208f61c68
C 416
R
P 0x7fb20a0c1c08
C 294
R
P 0x7fb20a0c1c08
P 0x7fb2092d2b88
C 57
= 0x7fb2092d2af8
R
P 0x7fb20a0c1c08
C 294
R
P 0x7fb20a0c1c08
P 0x7fb2092d2af8
C 9
R
P 0x7fb20a0c1c08
C 294
R
P 0x7fb20a0c1c08
P 0x7fb208f619e8
P 0x7fb2092d2af8
C 423
R
P 0x7fb20a0c1c08
C 294
R
P 0x7fb20a0c1c08
P 0x7fb208f619e8
C 426
R
P 0x7fb20a0c1c08
C 294
R
P 0x7fb20a0c1c08
P 0x7fb208f619e8
C 429
= 0x7fb20a254ed8
R
P 0x7fb20a0c1c08
C 294
R
P 0x7fb20a0c1c08
P 0x7fb20a254ed8
C 208
R
P 0x7fb20a0c1c08
C 294
R
P 0x7fb20a0c1c08
P 0x7fb20a254ed8
C 205
= 0x7fb20a24f238
R
P 0x7fb20a0c1c08
C 294
R
P 0x7fb20a0c1c08
P 0x7fb20a24f238
C 166
R
P 0x7fb20a0c1c08
C 294
R
P 0x7fb20a0c1c08
P 0x7fb20a254ed8
C 211
R
P 0x7fb20a0c1c08
C 294
R
P 0x7fb20a0c1c08
P 0x7fb20a254ed8
C 210
R
P 0x7fb20a0c1c08
C 294
R
P 0x7fb20a0c1c08
P 0x7fb20a254ed8
C 9
R
P 0x7fb20a0c1c08
C 294
R
P 0x7fb20a0c1c08
P 0x7fb20a254ed8
C 275
R
P 0x7fb20a0c1c08
C 294
R
P 0x7fb20a0c1c08
P 0x7fb2091770a0
P 0x7fb2091778b8
C 55
= 0x7fb2092d43f8
R
P 0x7fb20a0c1c08
C 294
R
P 0x7fb20a0c1c08
P 0x7fb2092d43f8
C 9
R
P 0x7fb20a0c1c08
C 294
R
P 0x7fb20a0c1c08
P 0x7fb2092d43f8
C 57
= 0x7fb20a252fd8
R
P 0x7fb20a0c1c08
C 294
R
P 0x7fb20a0c1c08
P 0x7fb20a252fd8
C 9
R
P 0x7fb20a0c1c08
C 294
R
P 0x7fb20a0c1c08
P 0x7fb20a252fd8
C 275
R
P 0x7fb20a0c1c08
C 294
R
P 0x7fb20a0c1c08
C 410
= 0x7fb208d634c8
R
P 0x7fb20a0c1c08
C 294
R
P 0x7fb20a0c1c08
P 0x7fb208d634c8
C 417
R
P 0x7fb20a0c1c08
C 294
R
P 0x7fb20a0c1c08
C 14
= 0x7fb208d48638
R
P 0x7fb20a0c1c08
C 294
R
P 0x7fb20a0c1c08
P 0x7fb208d48638
C 15
R
P 0x7fb20a0c1c08
C 294
R
P 0x7fb20a0c1c08
S "mbqi"
C 30
R
P 0x7fb20a0c1c08
C 294
R
P 0x7fb20a0c1c08
P 0x7fb208d48638
$ |mbqi|
I 0
C 17
R
P 0x7fb20a0c1c08
C 294
R
P 0x7fb20a0c1c08
P 0x7fb208d634c8
P 0x7fb208d48638
C 416
R
P 0x7fb20a0c1c08
C 294
R
P 0x7fb20a0c1c08
P 0x7fb20a252fd8
C 57
= 0x7fb2092d2a98
R
P 0x7fb20a0c1c08
C 294
R
P 0x7fb20a0c1c08
P 0x7fb2092d2a98
C 9
R
P 0x7fb20a0c1c08
C 294
R
P 0x7fb20a0c1c08
P 0x7fb208d634c8
P 0x7fb2092d2a98
C 423
R
P 0x7fb20a0c1c08
C 294
R
P 0x7fb20a0c1c08
P 0x7fb208d634c8
C 426
R
P 0x7fb20a0c1c08
C 294
R
P 0x7fb20a0c1c08
P 0x7fb208d634c8
C 429
= 0x7fb2092e23d8
R
P 0x7fb20a0c1c08
C 294
R
P 0x7fb20a0c1c08
P 0x7fb2092e23d8
C 208
R
P 0x7fb20a0c1c08
C 294
R
P 0x7fb20a0c1c08
P 0x7fb2092e23d8
C 205
= 0x7fb20a24f238
R
P 0x7fb20a0c1c08
C 294
R
P 0x7fb20a0c1c08
P 0x7fb20a24f238
C 166
R
P 0x7fb20a0c1c08
C 294
R
P 0x7fb20a0c1c08
P 0x7fb2092e23d8
C 211
R
P 0x7fb20a0c1c08
C 294
R
P 0x7fb20a0c1c08
P 0x7fb2092e23d8
C 210
R
P 0x7fb20a0c1c08
C 294
R
P 0x7fb20a0c1c08
P 0x7fb2092e23d8
C 9
R
P 0x7fb20a0c1c08
C 294
R
P 0x7fb20a0c1c08
P 0x7fb2092e23d8
C 275
R
P 0x7fb20a0c1c08
C 294
R
P 0x7fb20a0c1c08
S "x"
C 30
R
P 0x7fb20a0c1c08
C 294
R
P 0x7fb20a0c1c08
$ |x|
P 0x7fb20a24f2d8
C 50
= 0x7fb20a24fb98
R
P 0x7fb20a0c1c08
C 294
R
P 0x7fb20a0c1c08
P 0x7fb20a24fb98
C 208
R
P 0x7fb20a0c1c08
C 294
R
P 0x7fb20a0c1c08
P 0x7fb20a24fb98
C 205
= 0x7fb20a24f2d8
R
P 0x7fb20a0c1c08
C 294
R
P 0x7fb20a0c1c08
P 0x7fb20a24f2d8
C 166
R
P 0x7fb20a0c1c08
C 294
R
P 0x7fb20a0c1c08
P 0x7fb20a24fb98
C 211
R
P 0x7fb20a0c1c08
C 294
R
P 0x7fb20a0c1c08
P 0x7fb20a24fb98
C 210
R
P 0x7fb20a0c1c08
C 294
R
P 0x7fb20a0c1c08
P 0x7fb20a24fb98
C 9
R
P 0x7fb20a0c1c08
C 294
R
P 0x7fb20a0c1c08
S "y"
C 30
R
P 0x7fb20a0c1c08
C 294
R
P 0x7fb20a0c1c08
$ |y|
P 0x7fb20a24f2d8
C 50
= 0x7fb20a24fbb8
R
P 0x7fb20a0c1c08
C 294
R
P 0x7fb20a0c1c08
P 0x7fb20a24fbb8
C 208
R
P 0x7fb20a0c1c08
C 294
R
P 0x7fb20a0c1c08
P 0x7fb20a24fbb8
C 205
= 0x7fb20a24f2d8
R
P 0x7fb20a0c1c08
C 294
R
P 0x7fb20a0c1c08
P 0x7fb20a24f2d8
C 166
R
P 0x7fb20a0c1c08
C 294
R
P 0x7fb20a0c1c08
P 0x7fb20a24fbb8
C 211
R
P 0x7fb20a0c1c08
C 294
R
P 0x7fb20a0c1c08
P 0x7fb20a24fbb8
C 210
R
P 0x7fb20a0c1c08
C 294
R
P 0x7fb20a0c1c08
P 0x7fb20a24fbb8
C 9
R
P 0x7fb20a0c1c08
C 294
R
P 0x7fb20a0c1c08
P 0x7fb2092e24d8
U 2
P 0x7fb20a24fb98
P 0x7fb20a250078
p 2
C 49
= 0x7fb2092d4510
R
P 0x7fb20a0c1c08
C 294
R
P 0x7fb20a0c1c08
P 0x7fb2092d4510
C 208
R
P 0x7fb20a0c1c08
C 294
R
P 0x7fb20a0c1c08
P 0x7fb2092d4510
C 205
= 0x7fb20a250098
R
P 0x7fb20a0c1c08
C 294
R
P 0x7fb20a0c1c08
P 0x7fb20a250098
C 166
R
P 0x7fb20a0c1c08
C 294
R
P 0x7fb20a0c1c08
P 0x7fb2092d4510
C 211
R
P 0x7fb20a0c1c08
C 294
R
P 0x7fb20a0c1c08
P 0x7fb2092d4510
C 210
R
P 0x7fb20a0c1c08
C 294
R
P 0x7fb20a0c1c08
P 0x7fb2092d4510
C 9
R
P 0x7fb20a0c1c08
C 294
R
P 0x7fb20a0c1c08
P 0x7fb2092e24d8
U 2
P 0x7fb20a24fbb8
P 0x7fb20a250078
p 2
C 49
= 0x7fb2092d52a0
R
P 0x7fb20a0c1c08
C 294
R
P 0x7fb20a0c1c08
P 0x7fb2092d52a0
C 208
R
P 0x7fb20a0c1c08
C 294
R
P 0x7fb20a0c1c08
P 0x7fb2092d52a0
C 205
= 0x7fb20a250098
R
P 0x7fb20a0c1c08
C 294
R
P 0x7fb20a0c1c08
P 0x7fb20a250098
C 166
R
P 0x7fb20a0c1c08
C 294
R
P 0x7fb20a0c1c08
P 0x7fb2092d52a0
C 211
R
P 0x7fb20a0c1c08
C 294
R
P 0x7fb20a0c1c08
P 0x7fb2092d52a0
C 210
R
P 0x7fb20a0c1c08
C 294
R
P 0x7fb20a0c1c08
P 0x7fb2092d52a0
C 9
R
P 0x7fb20a0c1c08
C 294
R
P 0x7fb20a0c1c08
P 0x7fb2092d4510
P 0x7fb2092d52a0
C 55
= 0x7fb2092d52d8
R
P 0x7fb20a0c1c08
C 294
R
P 0x7fb20a0c1c08
P 0x7fb2092d52d8
C 9
R
P 0x7fb20a0c1c08
C 294
R
P 0x7fb20a0c1c08
P 0x7fb20a24fb98
P 0x7fb20a24fbb8
C 55
= 0x7fb20a2574f8
R
P 0x7fb20a0c1c08
C 294
R
P 0x7fb20a0c1c08
P 0x7fb20a2574f8
C 9
R
P 0x7fb20a0c1c08
C 294
R
P 0x7fb20a0c1c08
P 0x7fb2092d52d8
P 0x7fb20a2574f8
C 60
= 0x7fb2092d5310
R
P 0x7fb20a0c1c08
C 294
R
P 0x7fb20a0c1c08
P 0x7fb2092d5310
C 9
R
P 0x7fb20a0c1c08
C 294
R
P 0x7fb20a0c1c08
P 0x7fb2092d5310
C 275
R
P 0x7fb20a0c1c08
C 294
R
P 0x7fb20a0c1c08
C 410
= 0x7fb208f61928
R
P 0x7fb20a0c1c08
C 294
R
P 0x7fb20a0c1c08
P 0x7fb208f61928
C 417
R
P 0x7fb20a0c1c08
C 294
R
P 0x7fb20a0c1c08
C 14
= 0x7fb208f1ba78
R
P 0x7fb20a0c1c08
C 294
R
P 0x7fb20a0c1c08
P 0x7fb208f1ba78
C 15
R
P 0x7fb20a0c1c08
C 294
R
P 0x7fb20a0c1c08
S "mbqi"
C 30
R
P 0x7fb20a0c1c08
C 294
R
P 0x7fb20a0c1c08
P 0x7fb208f1ba78
$ |mbqi|
I 0
C 17
R
P 0x7fb20a0c1c08
C 294
R
P 0x7fb20a0c1c08
P 0x7fb208f61928
P 0x7fb208f1ba78
C 416
R
P 0x7fb20a0c1c08
C 294
R
P 0x7fb20a0c1c08
P 0x7fb2092d5310
C 57
= 0x7fb2092d2468
R
P 0x7fb20a0c1c08
C 294
R
P 0x7fb20a0c1c08
P 0x7fb2092d2468
C 9
R
P 0x7fb20a0c1c08
C 294
R
P 0x7fb20a0c1c08
P 0x7fb208f61928
P 0x7fb2092d2468
C 423
R
P 0x7fb20a0c1c08
C 294
R
P 0x7fb20a0c1c08
P 0x7fb208f61928
C 426
R
P 0x7fb20a0c1c08
C 294
R
P 0x7fb20a0c1c08
P 0x7fb208f61928
C 429
= 0x7fb2092e2298
R
P 0x7fb20a0c1c08
C 294
R
P 0x7fb20a0c1c08
P 0x7fb2092e2298
C 208
R
P 0x7fb20a0c1c08
C 294
R
P 0x7fb20a0c1c08
P 0x7fb2092e2298
C 205
= 0x7fb20a24f238
R
P 0x7fb20a0c1c08
C 294
R
P 0x7fb20a0c1c08
P 0x7fb20a24f238
C 166
R
P 0x7fb20a0c1c08
C 294
R
P 0x7fb20a0c1c08
P 0x7fb2092e2298
C 211
R
P 0x7fb20a0c1c08
C 294
R
P 0x7fb20a0c1c08
P 0x7fb2092e2298
C 210
R
P 0x7fb20a0c1c08
C 294
R
P 0x7fb20a0c1c08
P 0x7fb2092e2298
C 9
R
P 0x7fb20a0c1c08
C 294
R
P 0x7fb20a0c1c08
P 0x7fb2092e2298
C 275
R
P 0x7fb20a0c1c08
C 294
R
P 0x7fb20a0c1c08
S "u"
C 30
R
P 0x7fb20a0c1c08
C 294
R
P 0x7fb20a0c1c08
$ |u|
P 0x7fb20a250098
C 50
= 0x7fb20a2501d8
R
P 0x7fb20a0c1c08
C 294
R
P 0x7fb20a0c1c08
P 0x7fb20a2501d8
C 208
R
P 0x7fb20a0c1c08
C 294
R
P 0x7fb20a0c1c08
P 0x7fb20a2501d8
C 205
= 0x7fb20a250098
R
P 0x7fb20a0c1c08
C 294
R
P 0x7fb20a0c1c08
P 0x7fb20a250098
C 166
R
P 0x7fb20a0c1c08
C 294
R
P 0x7fb20a0c1c08
P 0x7fb20a2501d8
C 211
R
P 0x7fb20a0c1c08
C 294
R
P 0x7fb20a0c1c08
P 0x7fb20a2501d8
C 210
R
P 0x7fb20a0c1c08
C 294
R
P 0x7fb20a0c1c08
P 0x7fb20a2501d8
C 9
R
P 0x7fb20a0c1c08
C 294
R
P 0x7fb20a0c1c08
S "v"
C 30
R
P 0x7fb20a0c1c08
C 294
R
P 0x7fb20a0c1c08
$ |v|
P 0x7fb20a250098
C 50
= 0x7fb20a24ffb8
R
P 0x7fb20a0c1c08
C 294
R
P 0x7fb20a0c1c08
P 0x7fb20a24ffb8
C 208
R
P 0x7fb20a0c1c08
C 294
R
P 0x7fb20a0c1c08
P 0x7fb20a24ffb8
C 205
= 0x7fb20a250098
R
P 0x7fb20a0c1c08
C 294
R
P 0x7fb20a0c1c08
P 0x7fb20a250098
C 166
R
P 0x7fb20a0c1c08
C 294
R
P 0x7fb20a0c1c08
P 0x7fb20a24ffb8
C 211
R
P 0x7fb20a0c1c08
C 294
R
P 0x7fb20a0c1c08
P 0x7fb20a24ffb8
C 210
R
P 0x7fb20a0c1c08
C 294
R
P 0x7fb20a0c1c08
P 0x7fb20a24ffb8
C 9
R
P 0x7fb20a0c1c08
C 294
R
P 0x7fb20a0c1c08
P 0x7fb2092e24d8
U 2
P 0x7fb20a24fb98
P 0x7fb20a2501d8
p 2
C 49
= 0x7fb2092d4bd8
R
P 0x7fb20a0c1c08
C 294
R
P 0x7fb20a0c1c08
P 0x7fb2092d4bd8
C 208
R
P 0x7fb20a0c1c08
C 294
R
P 0x7fb20a0c1c08
P 0x7fb2092d4bd8
C 205
= 0x7fb20a250098
R
P 0x7fb20a0c1c08
C 294
R
P 0x7fb20a0c1c08
P 0x7fb20a250098
C 166
R
P 0x7fb20a0c1c08
C 294
R
P 0x7fb20a0c1c08
P 0x7fb2092d4bd8
C 211
R
P 0x7fb20a0c1c08
C 294
R
P 0x7fb20a0c1c08
P 0x7fb2092d4bd8
C 210
R
P 0x7fb20a0c1c08
C 294
R
P 0x7fb20a0c1c08
P 0x7fb2092d4bd8
C 9
R
P 0x7fb20a0c1c08
C 294
R
P 0x7fb20a0c1c08
P 0x7fb2092e24d8
U 2
P 0x7fb20a24fbb8
P 0x7fb20a24ffb8
p 2
C 49
= 0x7fb2092d4d98
R
P 0x7fb20a0c1c08
C 294
R
P 0x7fb20a0c1c08
P 0x7fb2092d4d98
C 208
R
P 0x7fb20a0c1c08
C 294
R
P 0x7fb20a0c1c08
P 0x7fb2092d4d98
C 205
= 0x7fb20a250098
R
P 0x7fb20a0c1c08
C 294
R
P 0x7fb20a0c1c08
P 0x7fb20a250098
C 166
R
P 0x7fb20a0c1c08
C 294
R
P 0x7fb20a0c1c08
P 0x7fb2092d4d98
C 211
R
P 0x7fb20a0c1c08
C 294
R
P 0x7fb20a0c1c08
P 0x7fb2092d4d98
C 210
R
P 0x7fb20a0c1c08
C 294
R
P 0x7fb20a0c1c08
P 0x7fb2092d4d98
C 9
R
P 0x7fb20a0c1c08
C 294
R
P 0x7fb20a0c1c08
P 0x7fb2092d4bd8
P 0x7fb2092d4d98
C 55
= 0x7fb2092d4d60
R
P 0x7fb20a0c1c08
C 294
R
P 0x7fb20a0c1c08
P 0x7fb2092d4d60
C 9
R
P 0x7fb20a0c1c08
C 294
R
P 0x7fb20a0c1c08
P 0x7fb20a2501d8
P 0x7fb20a24ffb8
C 55
= 0x7fb2092d4d28
R
P 0x7fb20a0c1c08
C 294
R
P 0x7fb20a0c1c08
P 0x7fb2092d4d28
C 9
R
P 0x7fb20a0c1c08
C 294
R
P 0x7fb20a0c1c08
P 0x7fb2092d4d60
P 0x7fb2092d4d28
C 60
= 0x7fb209176a48
R
P 0x7fb20a0c1c08
C 294
R
P 0x7fb20a0c1c08
P 0x7fb209176a48
C 9
R
P 0x7fb20a0c1c08
C 294
R
P 0x7fb20a0c1c08
P 0x7fb209176a48
C 275
R
P 0x7fb20a0c1c08
C 294
R
P 0x7fb20a0c1c08
C 410
= 0x7fb208e97d78
R
P 0x7fb20a0c1c08
C 294
R
P 0x7fb20a0c1c08
P 0x7fb208e97d78
C 417
R
P 0x7fb20a0c1c08
C 294
R
P 0x7fb20a0c1c08
C 14
= 0x7fb208e98af8
R
P 0x7fb20a0c1c08
C 294
R
P 0x7fb20a0c1c08
P 0x7fb208e98af8
C 15
R
P 0x7fb20a0c1c08
C 294
R
P 0x7fb20a0c1c08
S "mbqi"
C 30
R
P 0x7fb20a0c1c08
C 294
R
P 0x7fb20a0c1c08
P 0x7fb208e98af8
$ |mbqi|
I 0
C 17
R
P 0x7fb20a0c1c08
C 294
R
P 0x7fb20a0c1c08
P 0x7fb208e97d78
P 0x7fb208e98af8
C 416
R
P 0x7fb20a0c1c08
C 294
R
P 0x7fb20a0c1c08
P 0x7fb209176a48
C 57
= 0x7fb2092d2888
R
P 0x7fb20a0c1c08
C 294
R
P 0x7fb20a0c1c08
P 0x7fb2092d2888
C 9
R
P 0x7fb20a0c1c08
C 294
R
P 0x7fb20a0c1c08
P 0x7fb208e97d78
P 0x7fb2092d2888
C 423
R
P 0x7fb20a0c1c08
C 294
R
P 0x7fb20a0c1c08
P 0x7fb208e97d78
C 426
R
P 0x7fb20a0c1c08
C 294
R
P 0x7fb20a0c1c08
P 0x7fb208e97d78
C 429
= 0x7fb20a2554d8
R
P 0x7fb20a0c1c08
C 294
R
P 0x7fb20a0c1c08
P 0x7fb20a2554d8
C 208
R
P 0x7fb20a0c1c08
C 294
R
P 0x7fb20a0c1c08
P 0x7fb20a2554d8
C 205
= 0x7fb20a24f238
R
P 0x7fb20a0c1c08
C 294
R
P 0x7fb20a0c1c08
P 0x7fb20a24f238
C 166
R
P 0x7fb20a0c1c08
C 294
R
P 0x7fb20a0c1c08
P 0x7fb20a2554d8
C 211
R
P 0x7fb20a0c1c08
C 294
R
P 0x7fb20a0c1c08
P 0x7fb20a2554d8
C 210
R
P 0x7fb20a0c1c08
C 294
R
P 0x7fb20a0c1c08
P 0x7fb20a2554d8
C 9
R
P 0x7fb20a0c1c08
C 294
R
P 0x7fb20a0c1c08
P 0x7fb20a2554d8
C 275
R
P 0x7fb20a0c1c08
C 294
R
P 0x7fb20a0c1c08
P 0x7fb2092d4bd8
P 0x7fb2092d4d98
C 55
= 0x7fb2092d4d60
R
P 0x7fb20a0c1c08
C 294
R
P 0x7fb20a0c1c08
P 0x7fb2092d4d60
C 9
R
P 0x7fb20a0c1c08
C 294
R
P 0x7fb20a0c1c08
P 0x7fb20a24fb98
P 0x7fb20a24fbb8
C 55
= 0x7fb20a2574f8
R
P 0x7fb20a0c1c08
C 294
R
P 0x7fb20a0c1c08
P 0x7fb20a2574f8
C 9
R
P 0x7fb20a0c1c08
C 294
R
P 0x7fb20a0c1c08
P 0x7fb2092d4d60
P 0x7fb20a2574f8
C 60
= 0x7fb2092d4938
R
P 0x7fb20a0c1c08
C 294
R
P 0x7fb20a0c1c08
P 0x7fb2092d4938
C 9
R
P 0x7fb20a0c1c08
C 294
R
P 0x7fb20a0c1c08
P 0x7fb2092d4938
C 275
R
P 0x7fb20a0c1c08
C 294
R
P 0x7fb20a0c1c08
C 410
= 0x7fb208c18f08
R
P 0x7fb20a0c1c08
C 294
R
P 0x7fb20a0c1c08
P 0x7fb208c18f08
C 417
R
P 0x7fb20a0c1c08
C 294
R
P 0x7fb20a0c1c08
C 14
= 0x7fb208c62988
R
P 0x7fb20a0c1c08
C 294
R
P 0x7fb20a0c1c08
P 0x7fb208c62988
C 15
R
P 0x7fb20a0c1c08
C 294
R
P 0x7fb20a0c1c08
S "mbqi"
C 30
R
P 0x7fb20a0c1c08
C 294
R
P 0x7fb20a0c1c08
P 0x7fb208c62988
$ |mbqi|
I 0
C 17
R
P 0x7fb20a0c1c08
C 294
R
P 0x7fb20a0c1c08
P 0x7fb208c18f08
P 0x7fb208c62988
C 416
R
P 0x7fb20a0c1c08
C 294
R
P 0x7fb20a0c1c08
P 0x7fb2092d4938
C 57
= 0x7fb2092d2828
R
P 0x7fb20a0c1c08
C 294
R
P 0x7fb20a0c1c08
P 0x7fb2092d2828
C 9
R
P 0x7fb20a0c1c08
C 294
R
P 0x7fb20a0c1c08
P 0x7fb208c18f08
P 0x7fb2092d2828
C 423
R
P 0x7fb20a0c1c08
C 294
R
P 0x7fb20a0c1c08
P 0x7fb208c18f08
C 426
R
P 0x7fb20a0c1c08
C 294
R
P 0x7fb20a0c1c08
P 0x7fb208c18f08
C 429
= 0x7fb20a254bd8
R
P 0x7fb20a0c1c08
C 294
R
P 0x7fb20a0c1c08
P 0x7fb20a254bd8
C 208
R
P 0x7fb20a0c1c08
C 294
R
P 0x7fb20a0c1c08
P 0x7fb20a254bd8
C 205
= 0x7fb20a24f238
R
P 0x7fb20a0c1c08
C 294
R
P 0x7fb20a0c1c08
P 0x7fb20a24f238
C 166
R
P 0x7fb20a0c1c08
C 294
R
P 0x7fb20a0c1c08
P 0x7fb20a254bd8
C 211
R
P 0x7fb20a0c1c08
C 294
R
P 0x7fb20a0c1c08
P 0x7fb20a254bd8
C 210
R
P 0x7fb20a0c1c08
C 294
R
P 0x7fb20a0c1c08
P 0x7fb20a254bd8
C 9
R
P 0x7fb20a0c1c08
C 294
R
P 0x7fb20a0c1c08
P 0x7fb20a254bd8
C 275
R
P 0x7fb20a0c1c08
C 294
R
P 0x7fb20a0c1c08
P 0x7fb209177880
U 1
P 0x7fb20a2501d8
p 1
C 49
= 0x7fb2092d26d8
R
P 0x7fb20a0c1c08
C 294
R
P 0x7fb20a0c1c08
P 0x7fb2092d26d8
C 208
R
P 0x7fb20a0c1c08
C 294
R
P 0x7fb20a0c1c08
P 0x7fb2092d26d8
C 205
= 0x7fb20a24f218
R
P 0x7fb20a0c1c08
C 294
R
P 0x7fb20a0c1c08
P 0x7fb20a24f218
C 166
R
P 0x7fb20a0c1c08
C 294
R
P 0x7fb20a0c1c08
P 0x7fb2092d26d8
C 211
R
P 0x7fb20a0c1c08
C 294
R
P 0x7fb20a0c1c08
P 0x7fb2092d26d8
C 210
R
P 0x7fb20a0c1c08
C 294
R
P 0x7fb20a0c1c08
P 0x7fb2092d26d8
C 9
R
P 0x7fb20a0c1c08
C 294
R
P 0x7fb20a0c1c08
P 0x7fb209176818
U 1
P 0x7fb20a2501d8
p 1
C 49
= 0x7fb2092d26a8
R
P 0x7fb20a0c1c08
C 294
R
P 0x7fb20a0c1c08
P 0x7fb2092d26a8
C 208
R
P 0x7fb20a0c1c08
C 294
R
P 0x7fb20a0c1c08
P 0x7fb2092d26a8
C 205
= 0x7fb20a24f218
R
P 0x7fb20a0c1c08
C 294
R
P 0x7fb20a0c1c08
P 0x7fb20a24f218
C 166
R
P 0x7fb20a0c1c08
C 294
R
P 0x7fb20a0c1c08
P 0x7fb2092d26a8
C 211
R
P 0x7fb20a0c1c08
C 294
R
P 0x7fb20a0c1c08
P 0x7fb2092d26a8
C 210
R
P 0x7fb20a0c1c08
C 294
R
P 0x7fb20a0c1c08
P 0x7fb2092d26a8
C 9
R
P 0x7fb20a0c1c08
C 294
R
P 0x7fb20a0c1c08
U 2
P 0x7fb2092d26d8
P 0x7fb2092d26a8
p 2
C 63
= 0x7fb2092d4580
R
P 0x7fb20a0c1c08
C 294
R
P 0x7fb20a0c1c08
P 0x7fb2092d4580
C 9
R
P 0x7fb20a0c1c08
C 294
R
P 0x7fb20a0c1c08
P 0x7fb2092d4580
C 275
R
P 0x7fb20a0c1c08
C 294
R
P 0x7fb20a0c1c08
C 410
= 0x7fb208f1b978
R
P 0x7fb20a0c1c08
C 294
R
P 0x7fb20a0c1c08
P 0x7fb208f1b978
C 417
R
P 0x7fb20a0c1c08
C 294
R
P 0x7fb20a0c1c08
C 14
= 0x7fb208f1b758
R
P 0x7fb20a0c1c08
C 294
R
P 0x7fb20a0c1c08
P 0x7fb208f1b758
C 15
R
P 0x7fb20a0c1c08
C 294
R
P 0x7fb20a0c1c08
S "mbqi"
C 30
R
P 0x7fb20a0c1c08
C 294
R
P 0x7fb20a0c1c08
P 0x7fb208f1b758
$ |mbqi|
I 0
C 17
R
P 0x7fb20a0c1c08
C 294
R
P 0x7fb20a0c1c08
P 0x7fb208f1b978
P 0x7fb208f1b758
C 416
R
P 0x7fb20a0c1c08
C 294
R
P 0x7fb20a0c1c08
P 0x7fb2092d4580
C 57
= 0x7fb2092d2678
R
P 0x7fb20a0c1c08
C 294
R
P 0x7fb20a0c1c08
P 0x7fb2092d2678
C 9
R
P 0x7fb20a0c1c08
C 294
R
P 0x7fb20a0c1c08
P 0x7fb208f1b978
P 0x7fb2092d2678
C 423
R
P 0x7fb20a0c1c08
C 294
R
P 0x7fb20a0c1c08
P 0x7fb208f1b978
C 426
R
P 0x7fb20a0c1c08
C 294
R
P 0x7fb20a0c1c08
P 0x7fb208f1b978
C 429
= 0x7fb20a255358
R
P 0x7fb20a0c1c08
C 294
R
P 0x7fb20a0c1c08
P 0x7fb20a255358
C 208
R
P 0x7fb20a0c1c08
C 294
R
P 0x7fb20a0c1c08
P 0x7fb20a255358
C 205
= 0x7fb20a24f238
R
P 0x7fb20a0c1c08
C 294
R
P 0x7fb20a0c1c08
P 0x7fb20a24f238
C 166
R
P 0x7fb20a0c1c08
C 294
R
P 0x7fb20a0c1c08
P 0x7fb20a255358
C 211
R
P 0x7fb20a0c1c08
C 294
R
P 0x7fb20a0c1c08
P 0x7fb20a255358
C 210
R
P 0x7fb20a0c1c08
C 294
R
P 0x7fb20a0c1c08
P 0x7fb20a255358
C 9
R
P 0x7fb20a0c1c08
C 294
R
P 0x7fb20a0c1c08
P 0x7fb20a255358
C 275
R
P 0x7fb20a0c1c08
C 294
R
P 0x7fb20a0c1c08
P 0x7fb20a2501d8
P 0x7fb2092d4bd8
C 55
= 0x7fb2092d4238
R
P 0x7fb20a0c1c08
C 294
R
P 0x7fb20a0c1c08
P 0x7fb2092d4238
C 9
R
P 0x7fb20a0c1c08
C 294
R
P 0x7fb20a0c1c08
P 0x7fb2092d4238
C 57
= 0x7fb20a252f78
R
P 0x7fb20a0c1c08
C 294
R
P 0x7fb20a0c1c08
P 0x7fb20a252f78
C 9
R
P 0x7fb20a0c1c08
C 294
R
P 0x7fb20a0c1c08
P 0x7fb20a252f78
C 275
R
P 0x7fb20a0c1c08
C 294
R
P 0x7fb20a0c1c08
C 410
= 0x7fb208e97898
R
P 0x7fb20a0c1c08
C 294
R
P 0x7fb20a0c1c08
P 0x7fb208e97898
C 417
R
P 0x7fb20a0c1c08
C 294
R
P 0x7fb20a0c1c08
C 14
= 0x7fb208e8cef8
R
P 0x7fb20a0c1c08
C 294
R
P 0x7fb20a0c1c08
P 0x7fb208e8cef8
C 15
R
P 0x7fb20a0c1c08
C 294
R
P 0x7fb20a0c1c08
S "mbqi"
C 30
R
P 0x7fb20a0c1c08
C 294
R
P 0x7fb20a0c1c08
P 0x7fb208e8cef8
$ |mbqi|
I 0
C 17
R
P 0x7fb20a0c1c08
C 294
R
P 0x7fb20a0c1c08
P 0x7fb208e97898
P 0x7fb208e8cef8
C 416
R
P 0x7fb20a0c1c08
C 294
R
P 0x7fb20a0c1c08
P 0x7fb20a252f78
C 57
= 0x7fb2092d2528
R
P 0x7fb20a0c1c08
C 294
R
P 0x7fb20a0c1c08
P 0x7fb2092d2528
C 9
R
P 0x7fb20a0c1c08
C 294
R
P 0x7fb20a0c1c08
P 0x7fb208e97898
P 0x7fb2092d2528
C 423
R
P 0x7fb20a0c1c08
C 294
R
P 0x7fb20a0c1c08
P 0x7fb208e97898
C 426
R
P 0x7fb20a0c1c08
C 294
R
P 0x7fb20a0c1c08
P 0x7fb208e97898
C 429
= 0x7fb2092d4040
R
P 0x7fb20a0c1c08
C 294
R
P 0x7fb20a0c1c08
P 0x7fb2092d4040
C 208
R
P 0x7fb20a0c1c08
C 294
R
P 0x7fb20a0c1c08
P 0x7fb2092d4040
C 205
= 0x7fb20a24f238
R
P 0x7fb20a0c1c08
C 294
R
P 0x7fb20a0c1c08
P 0x7fb20a24f238
C 166
R
P 0x7fb20a0c1c08
C 294
R
P 0x7fb20a0c1c08
P 0x7fb2092d4040
C 211
R
P 0x7fb20a0c1c08
C 294
R
P 0x7fb20a0c1c08
P 0x7fb2092d4040
C 210
R
P 0x7fb20a0c1c08
C 294
R
P 0x7fb20a0c1c08
P 0x7fb2092d4040
C 9
R
P 0x7fb20a0c1c08
C 294
R
P 0x7fb20a0c1c08
P 0x7fb2092d4040
C 275
R
P 0x7fb20a0c1c08
C 294
R
P 0x7fb20a0c1c08
P 0x7fb2092d5428
U 1
P 0x7fb20a2501d8
p 1
C 49
= 0x7fb20a252f48
R
P 0x7fb20a0c1c08
C 294
R
P 0x7fb20a0c1c08
P 0x7fb20a252f48
C 208
R
P 0x7fb20a0c1c08
C 294
R
P 0x7fb20a0c1c08
P 0x7fb20a252f48
C 205
= 0x7fb20a24f2d8
R
P 0x7fb20a0c1c08
C 294
R
P 0x7fb20a0c1c08
P 0x7fb20a24f2d8
C 166
R
P 0x7fb20a0c1c08
C 294
R
P 0x7fb20a0c1c08
P 0x7fb20a252f48
C 211
R
P 0x7fb20a0c1c08
C 294
R
P 0x7fb20a0c1c08
P 0x7fb20a252f48
C 210
R
P 0x7fb20a0c1c08
C 294
R
P 0x7fb20a0c1c08
P 0x7fb20a252f48
C 9
R
P 0x7fb20a0c1c08
C 294
R
P 0x7fb20a0c1c08
P 0x7fb2092d5578
U 1
P 0x7fb20a2501d8
p 1
C 49
= 0x7fb2092d2558
R
P 0x7fb20a0c1c08
C 294
R
P 0x7fb20a0c1c08
P 0x7fb2092d2558
C 208
R
P 0x7fb20a0c1c08
C 294
R
P 0x7fb20a0c1c08
P 0x7fb2092d2558
C 205
= 0x7fb20a250098
R
P 0x7fb20a0c1c08
C 294
R
P 0x7fb20a0c1c08
P 0x7fb20a250098
C 166
R
P 0x7fb20a0c1c08
C 294
R
P 0x7fb20a0c1c08
P 0x7fb2092d2558
C 211
R
P 0x7fb20a0c1c08
C 294
R
P 0x7fb20a0c1c08
P 0x7fb2092d2558
C 210
R
P 0x7fb20a0c1c08
C 294
R
P 0x7fb20a0c1c08
P 0x7fb2092d2558
C 9
R
P 0x7fb20a0c1c08
C 294
R
P 0x7fb20a0c1c08
P 0x7fb2092e24d8
U 2
P 0x7fb20a252f48
P 0x7fb2092d2558
p 2
C 49
= 0x7fb2092d40b0
R
P 0x7fb20a0c1c08
C 294
R
P 0x7fb20a0c1c08
P 0x7fb2092d40b0
C 208
R
P 0x7fb20a0c1c08
C 294
R
P 0x7fb20a0c1c08
P 0x7fb2092d40b0
C 205
= 0x7fb20a250098
R
P 0x7fb20a0c1c08
C 294
R
P 0x7fb20a0c1c08
P 0x7fb20a250098
C 166
R
P 0x7fb20a0c1c08
C 294
R
P 0x7fb20a0c1c08
P 0x7fb2092d40b0
C 211
R
P 0x7fb20a0c1c08
C 294
R
P 0x7fb20a0c1c08
P 0x7fb2092d40b0
C 210
R
P 0x7fb20a0c1c08
C 294
R
P 0x7fb20a0c1c08
P 0x7fb2092d40b0
C 9
R
P 0x7fb20a0c1c08
C 294
R
P 0x7fb20a0c1c08
P 0x7fb20a2501d8
P 0x7fb2092d40b0
C 55
= 0x7fb2092d4900
R
P 0x7fb20a0c1c08
C 294
R
P 0x7fb20a0c1c08
P 0x7fb2092d4900
C 9
R
P 0x7fb20a0c1c08
C 294
R
P 0x7fb20a0c1c08
P 0x7fb209176818
U 1
P 0x7fb20a2501d8
p 1
C 49
= 0x7fb2092d26a8
R
P 0x7fb20a0c1c08
C 294
R
P 0x7fb20a0c1c08
P 0x7fb2092d26a8
C 208
R
P 0x7fb20a0c1c08
C 294
R
P 0x7fb20a0c1c08
P 0x7fb2092d26a8
C 205
= 0x7fb20a24f218
R
P 0x7fb20a0c1c08
C 294
R
P 0x7fb20a0c1c08
P 0x7fb20a24f218
C 166
R
P 0x7fb20a0c1c08
C 294
R
P 0x7fb20a0c1c08
P 0x7fb2092d26a8
C 211
R
P 0x7fb20a0c1c08
C 294
R
P 0x7fb20a0c1c08
P 0x7fb2092d26a8
C 210
R
P 0x7fb20a0c1c08
C 294
R
P 0x7fb20a0c1c08
P 0x7fb2092d26a8
C 9
R
P 0x7fb20a0c1c08
C 294
R
P 0x7fb20a0c1c08
P 0x7fb2092d26a8
P 0x7fb2092d4900
C 60
= 0x7fb209176b28
R
P 0x7fb20a0c1c08
C 294
R
P 0x7fb20a0c1c08
P 0x7fb209176b28
C 9
R
P 0x7fb20a0c1c08
C 294
R
P 0x7fb20a0c1c08
P 0x7fb209176b28
C 275
R
P 0x7fb20a0c1c08
C 294
R
P 0x7fb20a0c1c08
P 0x7fb209176b28
C 275
R
P 0x7fb20a0c1c08
C 294
R
P 0x7fb20a0c1c08
C 410
= 0x7fb208c62b48
R
P 0x7fb20a0c1c08
C 294
R
P 0x7fb20a0c1c08
P 0x7fb208c62b48
C 417
R
P 0x7fb20a0c1c08
C 294
R
P 0x7fb20a0c1c08
C 14
= 0x7fb208c70cb8
R
P 0x7fb20a0c1c08
C 294
R
P 0x7fb20a0c1c08
P 0x7fb208c70cb8
C 15
R
P 0x7fb20a0c1c08
C 294
R
P 0x7fb20a0c1c08
S "mbqi"
C 30
R
P 0x7fb20a0c1c08
C 294
R
P 0x7fb20a0c1c08
P 0x7fb208c70cb8
$ |mbqi|
I 0
C 17
R
P 0x7fb20a0c1c08
C 294
R
P 0x7fb20a0c1c08
P 0x7fb208c62b48
P 0x7fb208c70cb8
C 416
R
P 0x7fb20a0c1c08
C 294
R
P 0x7fb20a0c1c08
P 0x7fb209176b28
C 57
= 0x7fb2092d23a8
R
P 0x7fb20a0c1c08
C 294
R
P 0x7fb20a0c1c08
P 0x7fb2092d23a8
C 9
R
P 0x7fb20a0c1c08
C 294
R
P 0x7fb20a0c1c08
P 0x7fb208c62b48
P 0x7fb2092d23a8
C 423
R
P 0x7fb20a0c1c08
C 294
R
P 0x7fb20a0c1c08
P 0x7fb208c62b48
C 426
R
P 0x7fb20a0c1c08
C 294
R
P 0x7fb20a0c1c08
P 0x7fb208c62b48
C 429
= 0x7fb20a2552d8
R
P 0x7fb20a0c1c08
C 294
R
P 0x7fb20a0c1c08
P 0x7fb20a2552d8
C 208
R
P 0x7fb20a0c1c08
C 294
R
P 0x7fb20a0c1c08
P 0x7fb20a2552d8
C 205
= 0x7fb20a24f238
R
P 0x7fb20a0c1c08
C 294
R
P 0x7fb20a0c1c08
P 0x7fb20a24f238
C 166
R
P 0x7fb20a0c1c08
C 294
R
P 0x7fb20a0c1c08
P 0x7fb20a2552d8
C 211
R
P 0x7fb20a0c1c08
C 294
R
P 0x7fb20a0c1c08
P 0x7fb20a2552d8
C 210
R
P 0x7fb20a0c1c08
C 294
R
P 0x7fb20a0c1c08
P 0x7fb20a2552d8
C 9
R
P 0x7fb20a0c1c08
C 294
R
P 0x7fb20a0c1c08
P 0x7fb20a2552d8
C 275
R
P 0x7fb20a0c1c08
C 294
R
P 0x7fb20a0c1c08
P 0x7fb2092d4900
C 275
R
P 0x7fb20a0c1c08
C 294
R
P 0x7fb20a0c1c08
C 410
= 0x7fb208c5cbb8
R
P 0x7fb20a0c1c08
C 294
R
P 0x7fb20a0c1c08
P 0x7fb208c5cbb8
C 417
R
P 0x7fb20a0c1c08
C 294
R
P 0x7fb20a0c1c08
C 14
= 0x7fb208c9ed28
R
P 0x7fb20a0c1c08
C 294
R
P 0x7fb20a0c1c08
P 0x7fb208c9ed28
C 15
R
P 0x7fb20a0c1c08
C 294
R
P 0x7fb20a0c1c08
S "mbqi"
C 30
R
P 0x7fb20a0c1c08
C 294
R
P 0x7fb20a0c1c08
P 0x7fb208c9ed28
$ |mbqi|
I 0
C 17
R
P 0x7fb20a0c1c08
C 294
R
P 0x7fb20a0c1c08
P 0x7fb208c5cbb8
P 0x7fb208c9ed28
C 416
R
P 0x7fb20a0c1c08
C 294
R
P 0x7fb20a0c1c08
P 0x7fb2092d4900
C 57
= 0x7fb2092d2138
R
P 0x7fb20a0c1c08
C 294
R
P 0x7fb20a0c1c08
P 0x7fb2092d2138
C 9
R
P 0x7fb20a0c1c08
C 294
R
P 0x7fb20a0c1c08
P 0x7fb208c5cbb8
P 0x7fb2092d2138
C 423
R
P 0x7fb20a0c1c08
C 294
R
P 0x7fb20a0c1c08
P 0x7fb208c5cbb8
C 426
R
P 0x7fb20a0c1c08
C 294
R
P 0x7fb20a0c1c08
P 0x7fb208c5cbb8
C 428
= 0x7fb208f68aa8
R
P 0x7fb20a0c1c08
C 294
R
P 0x7fb20a0c1c08
P 0x7fb208f68aa8
C 248
R
P 0x7fb20a0c1c08
C 294
R
P 0x7fb20a0c1c08
P 0x7fb208f68aa8
C 279
R
P 0x7fb20a0c1c08
C 294
M "TreeExample"
R
P 0x7fb20a0c1c08
S "nil"
C 30
R
P 0x7fb20a0c1c08
C 294
R
P 0x7fb20a0c1c08
S "is_nil"
C 30
R
P 0x7fb20a0c1c08
C 294
R
P 0x7fb20a0c1c08
$ |nil|
$ |is_nil|
U 0
s 0
p 0
u 0
C 41
= 0x7fb208f68f58
R
P 0x7fb20a0c1c08
C 294
R
P 0x7fb20a0c1c08
S "cons"
C 30
R
P 0x7fb20a0c1c08
C 294
R
P 0x7fb20a0c1c08
S "is_cons"
C 30
R
P 0x7fb20a0c1c08
C 294
R
P 0x7fb20a0c1c08
S "car"
C 30
R
P 0x7fb20a0c1c08
C 294
R
P 0x7fb20a0c1c08
S "cdr"
C 30
R
P 0x7fb20a0c1c08
C 294
R
P 0x7fb20a0c1c08
$ |cons|
$ |is_cons|
U 2
$ |car|
$ |cdr|
s 2
P 0
P 0
p 2
U 0
U 0
u 2
C 41
= 0x7fb208f68b78
R
P 0x7fb20a0c1c08
C 294
R
P 0x7fb20a0c1c08
S "cell"
C 30
R
P 0x7fb20a0c1c08
C 294
R
P 0x7fb20a0c1c08
$ |cell|
U 2
P 0x7fb208f68f58
P 0x7fb208f68b78
p 2
C 43
= 0x7fb20a250338
@ 0x7fb208f68f58 3 0
@ 0x7fb208f68b78 3 1
R
P 0x7fb20a0c1c08
C 294
R
P 0x7fb20a0c1c08
P 0x7fb20a250338
C 9
R
P 0x7fb20a0c1c08
C 294
R
P 0x7fb20a0c1c08
P 0x7fb208f68f58
U 0
P 0
P 0
p 0
C 47
* 0x7fb2092d2258 3
* 0x7fb2091769d8 4
R
P 0x7fb20a0c1c08
C 294
R
P 0x7fb20a0c1c08
P 0x7fb2092d2258
C 9
R
P 0x7fb20a0c1c08
C 294
R
P 0x7fb20a0c1c08
P 0x7fb2091769d8
C 9
R
P 0x7fb20a0c1c08
C 294
R
P 0x7fb20a0c1c08
P 0x7fb208f68b78
U 2
P 0
P 0
P 0
P 0
p 2
C 47
* 0x7fb2092e2318 3
* 0x7fb2092d4200 4
@ 0x7fb2092d4078 5 0
@ 0x7fb2092d4120 5 1
R
P 0x7fb20a0c1c08
C 294
R
P 0x7fb20a0c1c08
P 0x7fb2092e2318
C 9
R
P 0x7fb20a0c1c08
C 294
R
P 0x7fb20a0c1c08
P 0x7fb2092d4200
C 9
R
P 0x7fb20a0c1c08
C 294
R
P 0x7fb20a0c1c08
P 0x7fb2092d4078
C 9
R
P 0x7fb20a0c1c08
C 294
R
P 0x7fb20a0c1c08
P 0x7fb2092d4120
C 9
R
P 0x7fb20a0c1c08
C 294
R
P 0x7fb20a0c1c08
P 0x7fb2092d2258
U 0
p 0
C 49
= 0x7fb20a250458
R
P 0x7fb20a0c1c08
C 294
R
P 0x7fb20a0c1c08
P 0x7fb20a250458
C 208
R
P 0x7fb20a0c1c08
C 294
R
P 0x7fb20a0c1c08
P 0x7fb20a250458
C 205
= 0x7fb20a250338
R
P 0x7fb20a0c1c08
C 294
R
P 0x7fb20a0c1c08
P 0x7fb20a250338
C 166
R
P 0x7fb20a0c1c08
C 294
R
P 0x7fb20a0c1c08
P 0x7fb20a250458
C 211
R
P 0x7fb20a0c1c08
C 294
R
P 0x7fb20a0c1c08
P 0x7fb20a250458
C 210
R
P 0x7fb20a0c1c08
C 294
R
P 0x7fb20a0c1c08
P 0x7fb20a250458
C 9
R
P 0x7fb20a0c1c08
C 294
R
P 0x7fb20a0c1c08
P 0x7fb2092e2318
U 2
P 0x7fb20a250458
P 0x7fb20a250458
p 2
C 49
= 0x7fb2092d40e8
R
P 0x7fb20a0c1c08
C 294
R
P 0x7fb20a0c1c08
P 0x7fb2092d40e8
C 208
R
P 0x7fb20a0c1c08
C 294
R
P 0x7fb20a0c1c08
P 0x7fb2092d40e8
C 205
= 0x7fb20a250338
R
P 0x7fb20a0c1c08
C 294
R
P 0x7fb20a0c1c08
P 0x7fb20a250338
C 166
R
P 0x7fb20a0c1c08
C 294
R
P 0x7fb20a0c1c08
P 0x7fb2092d40e8
C 211
R
P 0x7fb20a0c1c08
C 294
R
P 0x7fb20a0c1c08
P 0x7fb2092d40e8
C 210
R
P 0x7fb20a0c1c08
C 294
R
P 0x7fb20a0c1c08
P 0x7fb2092d40e8
C 9
R
P 0x7fb20a0c1c08
C 294
R
P 0x7fb20a0c1c08
P 0x7fb2092e2318
U 2
P 0x7fb2092d40e8
P 0x7fb20a250458
p 2
C 49
= 0x7fb2092d3e10
R
P 0x7fb20a0c1c08
C 294
R
P 0x7fb20a0c1c08
P 0x7fb2092d3e10
C 208
R
P 0x7fb20a0c1c08
C 294
R
P 0x7fb20a0c1c08
P 0x7fb2092d3e10
C 205
= 0x7fb20a250338
R
P 0x7fb20a0c1c08
C 294
R
P 0x7fb20a0c1c08
P 0x7fb20a250338
C 166
R
P 0x7fb20a0c1c08
C 294
R
P 0x7fb20a0c1c08
P 0x7fb2092d3e10
C 211
R
P 0x7fb20a0c1c08
C 294
R
P 0x7fb20a0c1c08
P 0x7fb2092d3e10
C 210
R
P 0x7fb20a0c1c08
C 294
R
P 0x7fb20a0c1c08
P 0x7fb2092d3e10
C 9
R
P 0x7fb20a0c1c08
C 294
R
P 0x7fb20a0c1c08
P 0x7fb20a250458
P 0x7fb2092d40e8
C 55
= 0x7fb2092d3e48
R
P 0x7fb20a0c1c08
C 294
R
P 0x7fb20a0c1c08
P 0x7fb2092d3e48
C 9
R
P 0x7fb20a0c1c08
C 294
R
P 0x7fb20a0c1c08
P 0x7fb2092d3e48
C 57
= 0x7fb2092d2228
R
P 0x7fb20a0c1c08
C 294
R
P 0x7fb20a0c1c08
P 0x7fb2092d2228
C 9
R
P 0x7fb20a0c1c08
C 294
R
P 0x7fb20a0c1c08
P 0x7fb2092d2228
C 275
R
P 0x7fb20a0c1c08
C 294
R
P 0x7fb20a0c1c08
C 410
= 0x7fb208f804e8
R
P 0x7fb20a0c1c08
C 294
R
P 0x7fb20a0c1c08
P 0x7fb208f804e8
C 417
R
P 0x7fb20a0c1c08
C 294
R
P 0x7fb20a0c1c08
C 14
= 0x7fb208f757b8
R
P 0x7fb20a0c1c08
C 294
R
P 0x7fb20a0c1c08
P 0x7fb208f757b8
C 15
R
P 0x7fb20a0c1c08
C 294
R
P 0x7fb20a0c1c08
S "mbqi"
C 30
R
P 0x7fb20a0c1c08
C 294
R
P 0x7fb20a0c1c08
P 0x7fb208f757b8
$ |mbqi|
I 0
C 17
R
P 0x7fb20a0c1c08
C 294
R
P 0x7fb20a0c1c08
P 0x7fb208f804e8
P 0x7fb208f757b8
C 416
R
P 0x7fb20a0c1c08
C 294
R
P 0x7fb20a0c1c08
P 0x7fb2092d2228
C 57
= 0x7fb2092d22b8
R
P 0x7fb20a0c1c08
C 294
R
P 0x7fb20a0c1c08
P 0x7fb2092d22b8
C 9
R
P 0x7fb20a0c1c08
C 294
R
P 0x7fb20a0c1c08
P 0x7fb208f804e8
P 0x7fb2092d22b8
C 423
R
P 0x7fb20a0c1c08
C 294
R
P 0x7fb20a0c1c08
P 0x7fb208f804e8
C 426
R
P 0x7fb20a0c1c08
C 294
R
P 0x7fb20a0c1c08
P 0x7fb208f804e8
C 429
= 0x7fb20a2551d8
R
P 0x7fb20a0c1c08
C 294
R
P 0x7fb20a0c1c08
P 0x7fb20a2551d8
C 208
R
P 0x7fb20a0c1c08
C 294
R
P 0x7fb20a0c1c08
P 0x7fb20a2551d8
C 205
= 0x7fb20a24f238
R
P 0x7fb20a0c1c08
C 294
R
P 0x7fb20a0c1c08
P 0x7fb20a24f238
C 166
R
P 0x7fb20a0c1c08
C 294
R
P 0x7fb20a0c1c08
P 0x7fb20a2551d8
C 211
R
P 0x7fb20a0c1c08
C 294
R
P 0x7fb20a0c1c08
P 0x7fb20a2551d8
C 210
R
P 0x7fb20a0c1c08
C 294
R
P 0x7fb20a0c1c08
P 0x7fb20a2551d8
C 9
R
P 0x7fb20a0c1c08
C 294
R
P 0x7fb20a0c1c08
P 0x7fb20a2551d8
C 275
R
P 0x7fb20a0c1c08
C 294
R
P 0x7fb20a0c1c08
S "u"
C 30
R
P 0x7fb20a0c1c08
C 294
R
P 0x7fb20a0c1c08
$ |u|
P 0x7fb20a250338
C 50
= 0x7fb20a2500b8
R
P 0x7fb20a0c1c08
C 294
R
P 0x7fb20a0c1c08
P 0x7fb20a2500b8
C 208
R
P 0x7fb20a0c1c08
C 294
R
P 0x7fb20a0c1c08
P 0x7fb20a2500b8
C 205
= 0x7fb20a250338
R
P 0x7fb20a0c1c08
C 294
R
P 0x7fb20a0c1c08
P 0x7fb20a250338
C 166
R
P 0x7fb20a0c1c08
C 294
R
P 0x7fb20a0c1c08
P 0x7fb20a2500b8
C 211
R
P 0x7fb20a0c1c08
C 294
R
P 0x7fb20a0c1c08
P 0x7fb20a2500b8
C 210
R
P 0x7fb20a0c1c08
C 294
R
P 0x7fb20a0c1c08
P 0x7fb20a2500b8
C 9
R
P 0x7fb20a0c1c08
C 294
R
P 0x7fb20a0c1c08
S "v"
C 30
R
P 0x7fb20a0c1c08
C 294
R
P 0x7fb20a0c1c08
$ |v|
P 0x7fb20a250338
C 50
= 0x7fb20a2503b8
R
P 0x7fb20a0c1c08
C 294
R
P 0x7fb20a0c1c08
P 0x7fb20a2503b8
C 208
R
P 0x7fb20a0c1c08
C 294
R
P 0x7fb20a0c1c08
P 0x7fb20a2503b8
C 205
= 0x7fb20a250338
R
P 0x7fb20a0c1c08
C 294
R
P 0x7fb20a0c1c08
P 0x7fb20a250338
C 166
R
P 0x7fb20a0c1c08
C 294
R
P 0x7fb20a0c1c08
P 0x7fb20a2503b8
C 211
R
P 0x7fb20a0c1c08
C 294
R
P 0x7fb20a0c1c08
P 0x7fb20a2503b8
C 210
R
P 0x7fb20a0c1c08
C 294
R
P 0x7fb20a0c1c08
P 0x7fb20a2503b8
C 9
R
P 0x7fb20a0c1c08
C 294
R
P 0x7fb20a0c1c08
S "x"
C 30
R
P 0x7fb20a0c1c08
C 294
R
P 0x7fb20a0c1c08
$ |x|
P 0x7fb20a250338
C 50
= 0x7fb20a24ff78
R
P 0x7fb20a0c1c08
C 294
R
P 0x7fb20a0c1c08
P 0x7fb20a24ff78
C 208
R
P 0x7fb20a0c1c08
C 294
R
P 0x7fb20a0c1c08
P 0x7fb20a24ff78
C 205
= 0x7fb20a250338
R
P 0x7fb20a0c1c08
C 294
R
P 0x7fb20a0c1c08
P 0x7fb20a250338
C 166
R
P 0x7fb20a0c1c08
C 294
R
P 0x7fb20a0c1c08
P 0x7fb20a24ff78
C 211
R
P 0x7fb20a0c1c08
C 294
R
P 0x7fb20a0c1c08
P 0x7fb20a24ff78
C 210
R
P 0x7fb20a0c1c08
C 294
R
P 0x7fb20a0c1c08
P 0x7fb20a24ff78
C 9
R
P 0x7fb20a0c1c08
C 294
R
P 0x7fb20a0c1c08
S "y"
C 30
R
P 0x7fb20a0c1c08
C 294
R
P 0x7fb20a0c1c08
$ |y|
P 0x7fb20a250338
C 50
= 0x7fb20a2500d8
R
P 0x7fb20a0c1c08
C 294
R
P 0x7fb20a0c1c08
P 0x7fb20a2500d8
C 208
R
P 0x7fb20a0c1c08
C 294
R
P 0x7fb20a0c1c08
P 0x7fb20a2500d8
C 205
= 0x7fb20a250338
R
P 0x7fb20a0c1c08
C 294
R
P 0x7fb20a0c1c08
P 0x7fb20a250338
C 166
R
P 0x7fb20a0c1c08
C 294
R
P 0x7fb20a0c1c08
P 0x7fb20a2500d8
C 211
R
P 0x7fb20a0c1c08
C 294
R
P 0x7fb20a0c1c08
P 0x7fb20a2500d8
C 210
R
P 0x7fb20a0c1c08
C 294
R
P 0x7fb20a0c1c08
P 0x7fb20a2500d8
C 9
R
P 0x7fb20a0c1c08
C 294
R
P 0x7fb20a0c1c08
P 0x7fb2092e2318
U 2
P 0x7fb20a24ff78
P 0x7fb20a2500b8
p 2
C 49
= 0x7fb2092d3dd8
R
P 0x7fb20a0c1c08
C 294
R
P 0x7fb20a0c1c08
P 0x7fb2092d3dd8
C 208
R
P 0x7fb20a0c1c08
C 294
R
P 0x7fb20a0c1c08
P 0x7fb2092d3dd8
C 205
= 0x7fb20a250338
R
P 0x7fb20a0c1c08
C 294
R
P 0x7fb20a0c1c08
P 0x7fb20a250338
C 166
R
P 0x7fb20a0c1c08
C 294
R
P 0x7fb20a0c1c08
P 0x7fb2092d3dd8
C 211
R
P 0x7fb20a0c1c08
C 294
R
P 0x7fb20a0c1c08
P 0x7fb2092d3dd8
C 210
R
P 0x7fb20a0c1c08
C 294
R
P 0x7fb20a0c1c08
P 0x7fb2092d3dd8
C 9
R
P 0x7fb20a0c1c08
C 294
R
P 0x7fb20a0c1c08
P 0x7fb2092e2318
U 2
P 0x7fb20a2500d8
P 0x7fb20a2503b8
p 2
C 49
= 0x7fb2092d3da0
R
P 0x7fb20a0c1c08
C 294
R
P 0x7fb20a0c1c08
P 0x7fb2092d3da0
C 208
R
P 0x7fb20a0c1c08
C 294
R
P 0x7fb20a0c1c08
P 0x7fb2092d3da0
C 205
= 0x7fb20a250338
R
P 0x7fb20a0c1c08
C 294
R
P 0x7fb20a0c1c08
P 0x7fb20a250338
C 166
R
P 0x7fb20a0c1c08
C 294
R
P 0x7fb20a0c1c08
P 0x7fb2092d3da0
C 211
R
P 0x7fb20a0c1c08
C 294
R
P 0x7fb20a0c1c08
P 0x7fb2092d3da0
C 210
R
P 0x7fb20a0c1c08
C 294
R
P 0x7fb20a0c1c08
P 0x7fb2092d3da0
C 9
R
P 0x7fb20a0c1c08
C 294
R
P 0x7fb20a0c1c08
P 0x7fb2092d3dd8
P 0x7fb2092d3da0
C 55
= 0x7fb2092d3d68
R
P 0x7fb20a0c1c08
C 294
R
P 0x7fb20a0c1c08
P 0x7fb2092d3d68
C 9
R
P 0x7fb20a0c1c08
C 294
R
P 0x7fb20a0c1c08
P 0x7fb20a2500b8
P 0x7fb20a2503b8
C 55
= 0x7fb2092d3d30
R
P 0x7fb20a0c1c08
C 294
R
P 0x7fb20a0c1c08
P 0x7fb2092d3d30
C 9
R
P 0x7fb20a0c1c08
C 294
R
P 0x7fb20a0c1c08
P 0x7fb2092d3d68
P 0x7fb2092d3d30
C 60
= 0x7fb2092d3e80
R
P 0x7fb20a0c1c08
C 294
R
P 0x7fb20a0c1c08
P 0x7fb2092d3e80
C 9
R
P 0x7fb20a0c1c08
C 294
R
P 0x7fb20a0c1c08
P 0x7fb2092d3e80
C 275
R
P 0x7fb20a0c1c08
C 294
R
P 0x7fb20a0c1c08
C 410
= 0x7fb208e8cf68
R
P 0x7fb20a0c1c08
C 294
R
P 0x7fb20a0c1c08
P 0x7fb208e8cf68
C 417
R
P 0x7fb20a0c1c08
C 294
R
P 0x7fb20a0c1c08
C 14
= 0x7fb208eb1ac8
R
P 0x7fb20a0c1c08
C 294
R
P 0x7fb20a0c1c08
P 0x7fb208eb1ac8
C 15
R
P 0x7fb20a0c1c08
C 294
R
P 0x7fb20a0c1c08
S "mbqi"
C 30
R
P 0x7fb20a0c1c08
C 294
R
P 0x7fb20a0c1c08
P 0x7fb208eb1ac8
$ |mbqi|
I 0
C 17
R
P 0x7fb20a0c1c08
C 294
R
P 0x7fb20a0c1c08
P 0x7fb208e8cf68
P 0x7fb208eb1ac8
C 416
R
P 0x7fb20a0c1c08
C 294
R
P 0x7fb20a0c1c08
P 0x7fb2092d3e80
C 57
= 0x7fb2092d2078
R
P 0x7fb20a0c1c08
C 294
R
P 0x7fb20a0c1c08
P 0x7fb2092d2078
C 9
R
P 0x7fb20a0c1c08
C 294
R
P 0x7fb20a0c1c08
P 0x7fb208e8cf68
P 0x7fb2092d2078
C 423
R
P 0x7fb20a0c1c08
C 294
R
P 0x7fb20a0c1c08
P 0x7fb208e8cf68
C 426
R
P 0x7fb20a0c1c08
C 294
R
P 0x7fb20a0c1c08
P 0x7fb208e8cf68
C 429
= 0x7fb20a255118
R
P 0x7fb20a0c1c08
C 294
R
P 0x7fb20a0c1c08
P 0x7fb20a255118
C 208
R
P 0x7fb20a0c1c08
C 294
R
P 0x7fb20a0c1c08
P 0x7fb20a255118
C 205
= 0x7fb20a24f238
R
P 0x7fb20a0c1c08
C 294
R
P 0x7fb20a0c1c08
P 0x7fb20a24f238
C 166
R
P 0x7fb20a0c1c08
C 294
R
P 0x7fb20a0c1c08
P 0x7fb20a255118
C 211
R
P 0x7fb20a0c1c08
C 294
R
P 0x7fb20a0c1c08
P 0x7fb20a255118
C 210
R
P 0x7fb20a0c1c08
C 294
R
P 0x7fb20a0c1c08
P 0x7fb20a255118
C 9
R
P 0x7fb20a0c1c08
C 294
R
P 0x7fb20a0c1c08
P 0x7fb20a255118
C 275
R
P 0x7fb20a0c1c08
C 294
R
P 0x7fb20a0c1c08
P 0x7fb2092d3dd8
P 0x7fb2092d3da0
C 55
= 0x7fb2092d3d68
R
P 0x7fb20a0c1c08
C 294
R
P 0x7fb20a0c1c08
P 0x7fb2092d3d68
C 9
R
P 0x7fb20a0c1c08
C 294
R
P 0x7fb20a0c1c08
P 0x7fb20a24ff78
P 0x7fb20a2500d8
C 55
= 0x7fb2091773e8
R
P 0x7fb20a0c1c08
C 294
R
P 0x7fb20a0c1c08
P 0x7fb2091773e8
C 9
R
P 0x7fb20a0c1c08
C 294
R
P 0x7fb20a0c1c08
P 0x7fb2092d3d68
P 0x7fb2091773e8
C 60
= 0x7fb209177848
R
P 0x7fb20a0c1c08
C 294
R
P 0x7fb20a0c1c08
P 0x7fb209177848
C 9
R
P 0x7fb20a0c1c08
C 294
R
P 0x7fb20a0c1c08
P 0x7fb209177848
C 275
R
P 0x7fb20a0c1c08
C 294
R
P 0x7fb20a0c1c08
C 410
= 0x7fb208ed6098
R
P 0x7fb20a0c1c08
C 294
R
P 0x7fb20a0c1c08
P 0x7fb208ed6098
C 417
R
P 0x7fb20a0c1c08
C 294
R
P 0x7fb20a0c1c08
C 14
= 0x7fb208ed7ab8
R
P 0x7fb20a0c1c08
C 294
R
P 0x7fb20a0c1c08
P 0x7fb208ed7ab8
C 15
R
P 0x7fb20a0c1c08
C 294
R
P 0x7fb20a0c1c08
S "mbqi"
C 30
R
P 0x7fb20a0c1c08
C 294
R
P 0x7fb20a0c1c08
P 0x7fb208ed7ab8
$ |mbqi|
I 0
C 17
R
P 0x7fb20a0c1c08
C 294
R
P 0x7fb20a0c1c08
P 0x7fb208ed6098
P 0x7fb208ed7ab8
C 416
R
P 0x7fb20a0c1c08
C 294
R
P 0x7fb20a0c1c08
P 0x7fb209177848
C 57
= 0x7fb2092d1f58
R
P 0x7fb20a0c1c08
C 294
R
P 0x7fb20a0c1c08
P 0x7fb2092d1f58
C 9
R
P 0x7fb20a0c1c08
C 294
R
P 0x7fb20a0c1c08
P 0x7fb208ed6098
P 0x7fb2092d1f58
C 423
R
P 0x7fb20a0c1c08
C 294
R
P 0x7fb20a0c1c08
P 0x7fb208ed6098
C 426
R
P 0x7fb20a0c1c08
C 294
R
P 0x7fb20a0c1c08
P 0x7fb208ed6098
C 429
= 0x7fb20a255098
R
P 0x7fb20a0c1c08
C 294
R
P 0x7fb20a0c1c08
P 0x7fb20a255098
C 208
R
P 0x7fb20a0c1c08
C 294
R
P 0x7fb20a0c1c08
P 0x7fb20a255098
C 205
= 0x7fb20a24f238
R
P 0x7fb20a0c1c08
C 294
R
P 0x7fb20a0c1c08
P 0x7fb20a24f238
C 166
R
P 0x7fb20a0c1c08
C 294
R
P 0x7fb20a0c1c08
P 0x7fb20a255098
C 211
R
P 0x7fb20a0c1c08
C 294
R
P 0x7fb20a0c1c08
P 0x7fb20a255098
C 210
R
P 0x7fb20a0c1c08
C 294
R
P 0x7fb20a0c1c08
P 0x7fb20a255098
C 9
R
P 0x7fb20a0c1c08
C 294
R
P 0x7fb20a0c1c08
P 0x7fb20a255098
C 275
R
P 0x7fb20a0c1c08
C 294
R
P 0x7fb20a0c1c08
P 0x7fb2091769d8
U 1
P 0x7fb20a2500b8
p 1
C 49
= 0x7fb2092d1ef8
R
P 0x7fb20a0c1c08
C 294
R
P 0x7fb20a0c1c08
P 0x7fb2092d1ef8
C 208
R
P 0x7fb20a0c1c08
C 294
R
P 0x7fb20a0c1c08
P 0x7fb2092d1ef8
C 205
= 0x7fb20a24f218
R
P 0x7fb20a0c1c08
C 294
R
P 0x7fb20a0c1c08
P 0x7fb20a24f218
C 166
R
P 0x7fb20a0c1c08
C 294
R
P 0x7fb20a0c1c08
P 0x7fb2092d1ef8
C 211
R
P 0x7fb20a0c1c08
C 294
R
P 0x7fb20a0c1c08
P 0x7fb2092d1ef8
C 210
R
P 0x7fb20a0c1c08
C 294
R
P 0x7fb20a0c1c08
P 0x7fb2092d1ef8
C 9
R
P 0x7fb20a0c1c08
C 294
R
P 0x7fb20a0c1c08
P 0x7fb2092d4200
U 1
P 0x7fb20a2500b8
p 1
C 49
= 0x7fb2092d1f28
R
P 0x7fb20a0c1c08
C 294
R
P 0x7fb20a0c1c08
P 0x7fb2092d1f28
C 208
R
P 0x7fb20a0c1c08
C 294
R
P 0x7fb20a0c1c08
P 0x7fb2092d1f28
C 205
= 0x7fb20a24f218
R
P 0x7fb20a0c1c08
C 294
R
P 0x7fb20a0c1c08
P 0x7fb20a24f218
C 166
R
P 0x7fb20a0c1c08
C 294
R
P 0x7fb20a0c1c08
P 0x7fb2092d1f28
C 211
R
P 0x7fb20a0c1c08
C 294
R
P 0x7fb20a0c1c08
P 0x7fb2092d1f28
C 210
R
P 0x7fb20a0c1c08
C 294
R
P 0x7fb20a0c1c08
P 0x7fb2092d1f28
C 9
R
P 0x7fb20a0c1c08
C 294
R
P 0x7fb20a0c1c08
U 2
P 0x7fb2092d1ef8
P 0x7fb2092d1f28
p 2
C 63
= 0x7fb2091771f0
R
P 0x7fb20a0c1c08
C 294
R
P 0x7fb20a0c1c08
P 0x7fb2091771f0
C 9
R
P 0x7fb20a0c1c08
C 294
R
P 0x7fb20a0c1c08
P 0x7fb2091771f0
C 275
R
P 0x7fb20a0c1c08
C 294
R
P 0x7fb20a0c1c08
C 410
= 0x7fb208eb18e8
R
P 0x7fb20a0c1c08
C 294
R
P 0x7fb20a0c1c08
P 0x7fb208eb18e8
C 417
R
P 0x7fb20a0c1c08
C 294
R
P 0x7fb20a0c1c08
C 14
= 0x7fb208e4efb8
R
P 0x7fb20a0c1c08
C 294
R
P 0x7fb20a0c1c08
P 0x7fb208e4efb8
C 15
R
P 0x7fb20a0c1c08
C 294
R
P 0x7fb20a0c1c08
S "mbqi"
C 30
R
P 0x7fb20a0c1c08
C 294
R
P 0x7fb20a0c1c08
P 0x7fb208e4efb8
$ |mbqi|
I 0
C 17
R
P 0x7fb20a0c1c08
C 294
R
P 0x7fb20a0c1c08
P 0x7fb208eb18e8
P 0x7fb208e4efb8
C 416
R
P 0x7fb20a0c1c08
C 294
R
P 0x7fb20a0c1c08
P 0x7fb2091771f0
C 57
= 0x7fb2092d1e98
R
P 0x7fb20a0c1c08
C 294
R
P 0x7fb20a0c1c08
P 0x7fb2092d1e98
C 9
R
P 0x7fb20a0c1c08
C 294
R
P 0x7fb20a0c1c08
P 0x7fb208eb18e8
P 0x7fb2092d1e98
C 423
R
P 0x7fb20a0c1c08
C 294
R
P 0x7fb20a0c1c08
P 0x7fb208eb18e8
C 426
R
P 0x7fb20a0c1c08
C 294
R
P 0x7fb20a0c1c08
P 0x7fb208eb18e8
C 429
= 0x7fb20a255018
R
P 0x7fb20a0c1c08
C 294
R
P 0x7fb20a0c1c08
P 0x7fb20a255018
C 208
R
P 0x7fb20a0c1c08
C 294
R
P 0x7fb20a0c1c08
P 0x7fb20a255018
C 205
= 0x7fb20a24f238
R
P 0x7fb20a0c1c08
C 294
R
P 0x7fb20a0c1c08
P 0x7fb20a24f238
C 166
R
P 0x7fb20a0c1c08
C 294
R
P 0x7fb20a0c1c08
P 0x7fb20a255018
C 211
R
P 0x7fb20a0c1c08
C 294
R
P 0x7fb20a0c1c08
P 0x7fb20a255018
C 210
R
P 0x7fb20a0c1c08
C 294
R
P 0x7fb20a0c1c08
P 0x7fb20a255018
C 9
R
P 0x7fb20a0c1c08
C 294
R
P 0x7fb20a0c1c08
P 0x7fb20a255018
C 275
R
P 0x7fb20a0c1c08
C 294
R
P 0x7fb20a0c1c08
P 0x7fb20a2500b8
P 0x7fb2092d3dd8
C 55
= 0x7fb209176dc8
R
P 0x7fb20a0c1c08
C 294
R
P 0x7fb20a0c1c08
P 0x7fb209176dc8
C 9
R
P 0x7fb20a0c1c08
C 294
R
P 0x7fb20a0c1c08
P 0x7fb209176dc8
C 57
= 0x7fb2092d1ce8
R
P 0x7fb20a0c1c08
C 294
R
P 0x7fb20a0c1c08
P 0x7fb2092d1ce8
C 9
R
P 0x7fb20a0c1c08
C 294
R
P 0x7fb20a0c1c08
P 0x7fb2092d1ce8
C 275
R
P 0x7fb20a0c1c08
C 294
R
P 0x7fb20a0c1c08
C 410
= 0x7fb208e8caf8
R
P 0x7fb20a0c1c08
C 294
R
P 0x7fb20a0c1c08
P 0x7fb208e8caf8
C 417
R
P 0x7fb20a0c1c08
C 294
R
P 0x7fb20a0c1c08
C 14
= 0x7fb208ed5608
R
P 0x7fb20a0c1c08
C 294
R
P 0x7fb20a0c1c08
P 0x7fb208ed5608
C 15
R
P 0x7fb20a0c1c08
C 294
R
P 0x7fb20a0c1c08
S "mbqi"
C 30
R
P 0x7fb20a0c1c08
C 294
R
P 0x7fb20a0c1c08
P 0x7fb208ed5608
$ |mbqi|
I 0
C 17
R
P 0x7fb20a0c1c08
C 294
R
P 0x7fb20a0c1c08
P 0x7fb208e8caf8
P 0x7fb208ed5608
C 416
R
P 0x7fb20a0c1c08
C 294
R
P 0x7fb20a0c1c08
P 0x7fb2092d1ce8
C 57
= 0x7fb2092d1cb8
R
P 0x7fb20a0c1c08
C 294
R
P 0x7fb20a0c1c08
P 0x7fb2092d1cb8
C 9
R
P 0x7fb20a0c1c08
C 294
R
P 0x7fb20a0c1c08
P 0x7fb208e8caf8
P 0x7fb2092d1cb8
C 423
R
P 0x7fb20a0c1c08
C 294
R
P 0x7fb20a0c1c08
P 0x7fb208e8caf8
C 426
R
P 0x7fb20a0c1c08
C 294
R
P 0x7fb20a0c1c08
P 0x7fb208e8caf8
C 429
= 0x7fb209176bd0
R
P 0x7fb20a0c1c08
C 294
R
P 0x7fb20a0c1c08
P 0x7fb209176bd0
C 208
R
P 0x7fb20a0c1c08
C 294
R
P 0x7fb20a0c1c08
P 0x7fb209176bd0
C 205
= 0x7fb20a24f238
R
P 0x7fb20a0c1c08
C 294
R
P 0x7fb20a0c1c08
P 0x7fb20a24f238
C 166
R
P 0x7fb20a0c1c08
C 294
R
P 0x7fb20a0c1c08
P 0x7fb209176bd0
C 211
R
P 0x7fb20a0c1c08
C 294
R
P 0x7fb20a0c1c08
P 0x7fb209176bd0
C 210
R
P 0x7fb20a0c1c08
C 294
R
P 0x7fb20a0c1c08
P 0x7fb209176bd0
C 9
R
P 0x7fb20a0c1c08
C 294
R
P 0x7fb20a0c1c08
P 0x7fb209176bd0
C 275
R
P 0x7fb20a0c1c08
C 294
R
P 0x7fb20a0c1c08
P 0x7fb2092d4078
U 1
P 0x7fb20a2500b8
p 1
C 49
= 0x7fb2092d1c88
R
P 0x7fb20a0c1c08
C 294
R
P 0x7fb20a0c1c08
P 0x7fb2092d1c88
C 208
R
P 0x7fb20a0c1c08
C 294
R
P 0x7fb20a0c1c08
P 0x7fb2092d1c88
C 205
= 0x7fb20a250338
R
P 0x7fb20a0c1c08
C 294
R
P 0x7fb20a0c1c08
P 0x7fb20a250338
C 166
R
P 0x7fb20a0c1c08
C 294
R
P 0x7fb20a0c1c08
P 0x7fb2092d1c88
C 211
R
P 0x7fb20a0c1c08
C 294
R
P 0x7fb20a0c1c08
P 0x7fb2092d1c88
C 210
R
P 0x7fb20a0c1c08
C 294
R
P 0x7fb20a0c1c08
P 0x7fb2092d1c88
C 9
R
P 0x7fb20a0c1c08
C 294
R
P 0x7fb20a0c1c08
P 0x7fb2092d4120
U 1
P 0x7fb20a2500b8
p 1
C 49
= 0x7fb2092d1c58
R
P 0x7fb20a0c1c08
C 294
R
P 0x7fb20a0c1c08
P 0x7fb2092d1c58
C 208
R
P 0x7fb20a0c1c08
C 294
R
P 0x7fb20a0c1c08
P 0x7fb2092d1c58
C 205
= 0x7fb20a250338
R
P 0x7fb20a0c1c08
C 294
R
P 0x7fb20a0c1c08
P 0x7fb20a250338
C 166
R
P 0x7fb20a0c1c08
C 294
R
P 0x7fb20a0c1c08
P 0x7fb2092d1c58
C 211
R
P 0x7fb20a0c1c08
C 294
R
P 0x7fb20a0c1c08
P 0x7fb2092d1c58
C 210
R
P 0x7fb20a0c1c08
C 294
R
P 0x7fb20a0c1c08
P 0x7fb2092d1c58
C 9
R
P 0x7fb20a0c1c08
C 294
R
P 0x7fb20a0c1c08
P 0x7fb2092e2318
U 2
P 0x7fb2092d1c88
P 0x7fb2092d1c58
p 2
C 49
= 0x7fb209176e70
R
P 0x7fb20a0c1c08
C 294
R
P 0x7fb20a0c1c08
P 0x7fb209176e70
C 208
R
P 0x7fb20a0c1c08
C 294
R
P 0x7fb20a0c1c08
P 0x7fb209176e70
C 205
= 0x7fb20a250338
R
P 0x7fb20a0c1c08
C 294
R
P 0x7fb20a0c1c08
P 0x7fb20a250338
C 166
R
P 0x7fb20a0c1c08
C 294
R
P 0x7fb20a0c1c08
P 0x7fb209176e70
C 211
R
P 0x7fb20a0c1c08
C 294
R
P 0x7fb20a0c1c08
P 0x7fb209176e70
C 210
R
P 0x7fb20a0c1c08
C 294
R
P 0x7fb20a0c1c08
P 0x7fb209176e70
C 9
R
P 0x7fb20a0c1c08
C 294
R
P 0x7fb20a0c1c08
P 0x7fb20a2500b8
P 0x7fb209176e70
C 55
= 0x7fb2091777a0
R
P 0x7fb20a0c1c08
C 294
R
P 0x7fb20a0c1c08
P 0x7fb2091777a0
C 9
R
P 0x7fb20a0c1c08
C 294
R
P 0x7fb20a0c1c08
P 0x7fb2092d4200
U 1
P 0x7fb20a2500b8
p 1
C 49
= 0x7fb2092d1f28
R
P 0x7fb20a0c1c08
C 294
R
P 0x7fb20a0c1c08
P 0x7fb2092d1f28
C 208
R
P 0x7fb20a0c1c08
C 294
R
P 0x7fb20a0c1c08
P 0x7fb2092d1f28
C 205
= 0x7fb20a24f218
R
P 0x7fb20a0c1c08
C 294
R
P 0x7fb20a0c1c08
P 0x7fb20a24f218
C 166
R
P 0x7fb20a0c1c08
C 294
R
P 0x7fb20a0c1c08
P 0x7fb2092d1f28
C 211
R
P 0x7fb20a0c1c08
C 294
R
P 0x7fb20a0c1c08
P 0x7fb2092d1f28
C 210
R
P 0x7fb20a0c1c08
C 294
R
P 0x7fb20a0c1c08
P 0x7fb2092d1f28
C 9
R
P 0x7fb20a0c1c08
C 294
R
P 0x7fb20a0c1c08
P 0x7fb2092d1f28
P 0x7fb2091777a0
C 60
= 0x7fb209177810
R
P 0x7fb20a0c1c08
C 294
R
P 0x7fb20a0c1c08
P 0x7fb209177810
C 9
R
P 0x7fb20a0c1c08
C 294
R
P 0x7fb20a0c1c08
P 0x7fb209177810
C 275
R
P 0x7fb20a0c1c08
C 294
R
P 0x7fb20a0c1c08
P 0x7fb209177810
C 275
R
P 0x7fb20a0c1c08
C 294
R
P 0x7fb20a0c1c08
C 410
= 0x7fb208f68c28
R
P 0x7fb20a0c1c08
C 294
R
P 0x7fb20a0c1c08
P 0x7fb208f68c28
C 417
R
P 0x7fb20a0c1c08
C 294
R
P 0x7fb20a0c1c08
C 14
= 0x7fb208f79768
R
P 0x7fb20a0c1c08
C 294
R
P 0x7fb20a0c1c08
P 0x7fb208f79768
C 15
R
P 0x7fb20a0c1c08
C 294
R
P 0x7fb20a0c1c08
S "mbqi"
C 30
R
P 0x7fb20a0c1c08
C 294
R
P 0x7fb20a0c1c08
P 0x7fb208f79768
$ |mbqi|
I 0
C 17
R
P 0x7fb20a0c1c08
C 294
R
P 0x7fb20a0c1c08
P 0x7fb208f68c28
P 0x7fb208f79768
C 416
R
P 0x7fb20a0c1c08
C 294
R
P 0x7fb20a0c1c08
P 0x7fb209177810
C 57
= 0x7fb2092d1bf8
R
P 0x7fb20a0c1c08
C 294
R
P 0x7fb20a0c1c08
P 0x7fb2092d1bf8
C 9
R
P 0x7fb20a0c1c08
C 294
R
P 0x7fb20a0c1c08
P 0x7fb208f68c28
P 0x7fb2092d1bf8
C 423
R
P 0x7fb20a0c1c08
C 294
R
P 0x7fb20a0c1c08
P 0x7fb208f68c28
C 426
R
P 0x7fb20a0c1c08
C 294
R
P 0x7fb20a0c1c08
P 0x7fb208f68c28
C 429
= 0x7fb20a254f58
R
P 0x7fb20a0c1c08
C 294
R
P 0x7fb20a0c1c08
P 0x7fb20a254f58
C 208
R
P 0x7fb20a0c1c08
C 294
R
P 0x7fb20a0c1c08
P 0x7fb20a254f58
C 205
= 0x7fb20a24f238
R
P 0x7fb20a0c1c08
C 294
R
P 0x7fb20a0c1c08
P 0x7fb20a24f238
C 166
R
P 0x7fb20a0c1c08
C 294
R
P 0x7fb20a0c1c08
P 0x7fb20a254f58
C 211
R
P 0x7fb20a0c1c08
C 294
R
P 0x7fb20a0c1c08
P 0x7fb20a254f58
C 210
R
P 0x7fb20a0c1c08
C 294
R
P 0x7fb20a0c1c08
P 0x7fb20a254f58
C 9
R
P 0x7fb20a0c1c08
C 294
R
P 0x7fb20a0c1c08
P 0x7fb20a254f58
C 275
R
P 0x7fb20a0c1c08
C 294
R
P 0x7fb20a0c1c08
P 0x7fb2091777a0
C 275
R
P 0x7fb20a0c1c08
C 294
R
P 0x7fb20a0c1c08
C 410
= 0x7fb208ed5678
R
P 0x7fb20a0c1c08
C 294
R
P 0x7fb20a0c1c08
P 0x7fb208ed5678
C 417
R
P 0x7fb20a0c1c08
C 294
R
P 0x7fb20a0c1c08
C 14
= 0x7fb208e88608
R
P 0x7fb20a0c1c08
C 294
R
P 0x7fb20a0c1c08
P 0x7fb208e88608
C 15
R
P 0x7fb20a0c1c08
C 294
R
P 0x7fb20a0c1c08
S "mbqi"
C 30
R
P 0x7fb20a0c1c08
C 294
R
P 0x7fb20a0c1c08
P 0x7fb208e88608
$ |mbqi|
I 0
C 17
R
P 0x7fb20a0c1c08
C 294
R
P 0x7fb20a0c1c08
P 0x7fb208ed5678
P 0x7fb208e88608
C 416
R
P 0x7fb20a0c1c08
C 294
R
P 0x7fb20a0c1c08
P 0x7fb2091777a0
C 57
= 0x7fb20a2532a8
R
P 0x7fb20a0c1c08
C 294
R
P 0x7fb20a0c1c08
P 0x7fb20a2532a8
C 9
R
P 0x7fb20a0c1c08
C 294
R
P 0x7fb20a0c1c08
P 0x7fb208ed5678
P 0x7fb20a2532a8
C 423
R
P 0x7fb20a0c1c08
C 294
R
P 0x7fb20a0c1c08
P 0x7fb208ed5678
C 426
R
P 0x7fb20a0c1c08
C 294
R
P 0x7fb20a0c1c08
P 0x7fb208ed5678
C 428
= 0x7fb208c9ee08
R
P 0x7fb20a0c1c08
C 294
R
P 0x7fb20a0c1c08
P 0x7fb208c9ee08
C 248
R
P 0x7fb20a0c1c08
C 294
R
P 0x7fb20a0c1c08
P 0x7fb208c9ee08
C 279
R
P 0x7fb20a0c1c08
C 294
M "ForestExample"
R
P 0x7fb20a0c1c08
S "head"
C 30
R
P 0x7fb20a0c1c08
C 294
R
P 0x7fb20a0c1c08
S "tail"
C 30
R
P 0x7fb20a0c1c08
C 294
R
P 0x7fb20a0c1c08
S "car"
C 30
R
P 0x7fb20a0c1c08
C 294
R
P 0x7fb20a0c1c08
S "cdr"
C 30
R
P 0x7fb20a0c1c08
C 294
R
P 0x7fb20a0c1c08
S "forest"
C 30
R
P 0x7fb20a0c1c08
C 294
R
P 0x7fb20a0c1c08
S "tree"
C 30
R
P 0x7fb20a0c1c08
C 294
R
P 0x7fb20a0c1c08
S "nil"
C 30
R
P 0x7fb20a0c1c08
C 294
R
P 0x7fb20a0c1c08
S "is_nil"
C 30
R
P 0x7fb20a0c1c08
C 294
R
P 0x7fb20a0c1c08
$ |nil|
$ |is_nil|
U 0
s 0
p 0
u 0
C 41
= 0x7fb208c9ee98
R
P 0x7fb20a0c1c08
C 294
R
P 0x7fb20a0c1c08
S "cons1"
C 30
R
P 0x7fb20a0c1c08
C 294
R
P 0x7fb20a0c1c08
S "is_cons1"
C 30
R
P 0x7fb20a0c1c08
C 294
R
P 0x7fb20a0c1c08
$ |cons1|
$ |is_cons1|
U 2
$ |head|
$ |tail|
s 2
P 0
P 0
p 2
U 1
U 0
u 2
C 41
= 0x7fb208c9ef08
R
P 0x7fb20a0c1c08
C 294
R
P 0x7fb20a0c1c08
S "nil2"
C 30
R
P 0x7fb20a0c1c08
C 294
R
P 0x7fb20a0c1c08
S "is_nil2"
C 30
R
P 0x7fb20a0c1c08
C 294
R
P 0x7fb20a0c1c08
$ |nil2|
$ |is_nil2|
U 0
s 0
p 0
u 0
C 41
= 0x7fb208c9ef98
R
P 0x7fb20a0c1c08
C 294
R
P 0x7fb20a0c1c08
S "cons2"
C 30
R
P 0x7fb20a0c1c08
C 294
R
P 0x7fb20a0c1c08
S "is_cons2"
C 30
R
P 0x7fb20a0c1c08
C 294
R
P 0x7fb20a0c1c08
$ |cons2|
$ |is_cons2|
U 2
$ |car|
$ |cdr|
s 2
P 0
P 0
p 2
U 0
U 0
u 2
C 41
= 0x7fb208c9f028
R
P 0x7fb20a0c1c08
C 294
R
P 0x7fb20a0c1c08
U 2
P 0x7fb208c9ee98
P 0x7fb208c9ef08
p 2
C 44
= 0x7fb208c9f078
R
P 0x7fb20a0c1c08
C 294
R
P 0x7fb20a0c1c08
U 2
P 0x7fb208c9ef98
P 0x7fb208c9f028
p 2
C 44
= 0x7fb208c9eff8
R
P 0x7fb20a0c1c08
C 294
R
P 0x7fb20a0c1c08
U 2
$ |forest|
$ |tree|
s 2
P 0
P 0
p 2
P 0x7fb208c9f078
P 0x7fb208c9eff8
p 2
C 46
@ 0x7fb20a24fc78 3 0
@ 0x7fb20a250238 3 1
@ 0x7fb208c9f078 4 0
@ 0x7fb208c9eff8 4 1
R
P 0x7fb20a0c1c08
C 294
R
P 0x7fb20a0c1c08
P 0x7fb20a24fc78
C 9
R
P 0x7fb20a0c1c08
C 294
R
P 0x7fb20a0c1c08
P 0x7fb20a250238
C 9
R
P 0x7fb20a0c1c08
C 294
R
P 0x7fb20a0c1c08
P 0x7fb208c9ee98
U 0
P 0
P 0
p 0
C 47
* 0x7fb20a253398 3
* 0x7fb209176f50 4
R
P 0x7fb20a0c1c08
C 294
R
P 0x7fb20a0c1c08
P 0x7fb20a253398
C 9
R
P 0x7fb20a0c1c08
C 294
R
P 0x7fb20a0c1c08
P 0x7fb209176f50
C 9
R
P 0x7fb20a0c1c08
C 294
R
P 0x7fb20a0c1c08
P 0x7fb208c9ef08
U 2
P 0
P 0
P 0
P 0
p 2
C 47
* 0x7fb20a255258 3
* 0x7fb209176d90 4
@ 0x7fb209176c78 5 0
@ 0x7fb209176ce8 5 1
R
P 0x7fb20a0c1c08
C 294
R
P 0x7fb20a0c1c08
P 0x7fb20a255258
C 9
R
P 0x7fb20a0c1c08
C 294
R
P 0x7fb20a0c1c08
P 0x7fb209176d90
C 9
R
P 0x7fb20a0c1c08
C 294
R
P 0x7fb20a0c1c08
P 0x7fb209176c78
C 9
R
P 0x7fb20a0c1c08
C 294
R
P 0x7fb20a0c1c08
P 0x7fb209176ce8
C 9
R
P 0x7fb20a0c1c08
C 294
R
P 0x7fb20a0c1c08
P 0x7fb208c9ef98
U 0
P 0
P 0
p 0
C 47
* 0x7fb2092d1a48 3
* 0x7fb209176cb0 4
R
P 0x7fb20a0c1c08
C 294
R
P 0x7fb20a0c1c08
P 0x7fb2092d1a48
C 9
R
P 0x7fb20a0c1c08
C 294
R
P 0x7fb20a0c1c08
P 0x7fb209176cb0
C 9
R
P 0x7fb20a0c1c08
C 294
R
P 0x7fb20a0c1c08
P 0x7fb208c9f028
U 2
P 0
P 0
P 0
P 0
p 2
C 47
* 0x7fb2092e2618 3
* 0x7fb2092d57e0 4
@ 0x7fb2092d5818 5 0
@ 0x7fb2092d5850 5 1
R
P 0x7fb20a0c1c08
C 294
R
P 0x7fb20a0c1c08
P 0x7fb2092e2618
C 9
R
P 0x7fb20a0c1c08
C 294
R
P 0x7fb20a0c1c08
P 0x7fb2092d57e0
C 9
R
P 0x7fb20a0c1c08
C 294
R
P 0x7fb20a0c1c08
P 0x7fb2092d5818
C 9
R
P 0x7fb20a0c1c08
C 294
R
P 0x7fb20a0c1c08
P 0x7fb2092d5850
C 9
R
P 0x7fb20a0c1c08
C 294
R
P 0x7fb20a0c1c08
P 0x7fb20a253398
U 0
p 0
C 49
= 0x7fb20a2502d8
R
P 0x7fb20a0c1c08
C 294
R
P 0x7fb20a0c1c08
P 0x7fb20a2502d8
C 208
R
P 0x7fb20a0c1c08
C 294
R
P 0x7fb20a0c1c08
P 0x7fb20a2502d8
C 205
= 0x7fb20a24fc78
R
P 0x7fb20a0c1c08
C 294
R
P 0x7fb20a0c1c08
P 0x7fb20a24fc78
C 166
R
P 0x7fb20a0c1c08
C 294
R
P 0x7fb20a0c1c08
P 0x7fb20a2502d8
C 211
R
P 0x7fb20a0c1c08
C 294
R
P 0x7fb20a0c1c08
P 0x7fb20a2502d8
C 210
R
P 0x7fb20a0c1c08
C 294
R
P 0x7fb20a0c1c08
P 0x7fb20a2502d8
C 9
R
P 0x7fb20a0c1c08
C 294
R
P 0x7fb20a0c1c08
P 0x7fb2092d1a48
U 0
p 0
C 49
= 0x7fb20a250398
R
P 0x7fb20a0c1c08
C 294
R
P 0x7fb20a0c1c08
P 0x7fb20a250398
C 208
R
P 0x7fb20a0c1c08
C 294
R
P 0x7fb20a0c1c08
P 0x7fb20a250398
C 205
= 0x7fb20a250238
R
P 0x7fb20a0c1c08
C 294
R
P 0x7fb20a0c1c08
P 0x7fb20a250238
C 166
R
P 0x7fb20a0c1c08
C 294
R
P 0x7fb20a0c1c08
P 0x7fb20a250398
C 211
R
P 0x7fb20a0c1c08
C 294
R
P 0x7fb20a0c1c08
P 0x7fb20a250398
C 210
R
P 0x7fb20a0c1c08
C 294
R
P 0x7fb20a0c1c08
P 0x7fb20a250398
C 9
R
P 0x7fb20a0c1c08
C 294
R
P 0x7fb20a0c1c08
P 0x7fb20a255258
U 2
P 0x7fb20a250398
P 0x7fb20a2502d8
p 2
C 49
= 0x7fb2092d5930
R
P 0x7fb20a0c1c08
C 294
R
P 0x7fb20a0c1c08
P 0x7fb2092d5930
C 208
R
P 0x7fb20a0c1c08
C 294
R
P 0x7fb20a0c1c08
P 0x7fb2092d5930
C 205
= 0x7fb20a24fc78
R
P 0x7fb20a0c1c08
C 294
R
P 0x7fb20a0c1c08
P 0x7fb20a24fc78
C 166
R
P 0x7fb20a0c1c08
C 294
R
P 0x7fb20a0c1c08
P 0x7fb2092d5930
C 211
R
P 0x7fb20a0c1c08
C 294
R
P 0x7fb20a0c1c08
P 0x7fb2092d5930
C 210
R
P 0x7fb20a0c1c08
C 294
R
P 0x7fb20a0c1c08
P 0x7fb2092d5930
C 9
R
P 0x7fb20a0c1c08
C 294
R
P 0x7fb20a0c1c08
P 0x7fb2092e2618
U 2
P 0x7fb20a2502d8
P 0x7fb20a2502d8
p 2
C 49
= 0x7fb2092d5968
R
P 0x7fb20a0c1c08
C 294
R
P 0x7fb20a0c1c08
P 0x7fb2092d5968
C 208
R
P 0x7fb20a0c1c08
C 294
R
P 0x7fb20a0c1c08
P 0x7fb2092d5968
C 205
= 0x7fb20a250238
R
P 0x7fb20a0c1c08
C 294
R
P 0x7fb20a0c1c08
P 0x7fb20a250238
C 166
R
P 0x7fb20a0c1c08
C 294
R
P 0x7fb20a0c1c08
P 0x7fb2092d5968
C 211
R
P 0x7fb20a0c1c08
C 294
R
P 0x7fb20a0c1c08
P 0x7fb2092d5968
C 210
R
P 0x7fb20a0c1c08
C 294
R
P 0x7fb20a0c1c08
P 0x7fb2092d5968
C 9
R
P 0x7fb20a0c1c08
C 294
R
P 0x7fb20a0c1c08
P 0x7fb2092e2618
U 2
P 0x7fb2092d5930
P 0x7fb20a2502d8
p 2
C 49
= 0x7fb2092d59a0
R
P 0x7fb20a0c1c08
C 294
R
P 0x7fb20a0c1c08
P 0x7fb2092d59a0
C 208
R
P 0x7fb20a0c1c08
C 294
R
P 0x7fb20a0c1c08
P 0x7fb2092d59a0
C 205
= 0x7fb20a250238
R
P 0x7fb20a0c1c08
C 294
R
P 0x7fb20a0c1c08
P 0x7fb20a250238
C 166
R
P 0x7fb20a0c1c08
C 294
R
P 0x7fb20a0c1c08
P 0x7fb2092d59a0
C 211
R
P 0x7fb20a0c1c08
C 294
R
P 0x7fb20a0c1c08
P 0x7fb2092d59a0
C 210
R
P 0x7fb20a0c1c08
C 294
R
P 0x7fb20a0c1c08
P 0x7fb2092d59a0
C 9
R
P 0x7fb20a0c1c08
C 294
R
P 0x7fb20a0c1c08
P 0x7fb2092e2618
U 2
P 0x7fb2092d5930
P 0x7fb2092d5930
p 2
C 49
= 0x7fb2092d59d8
R
P 0x7fb20a0c1c08
C 294
R
P 0x7fb20a0c1c08
P 0x7fb2092d59d8
C 208
R
P 0x7fb20a0c1c08
C 294
R
P 0x7fb20a0c1c08
P 0x7fb2092d59d8
C 205
= 0x7fb20a250238
R
P 0x7fb20a0c1c08
C 294
R
P 0x7fb20a0c1c08
P 0x7fb20a250238
C 166
R
P 0x7fb20a0c1c08
C 294
R
P 0x7fb20a0c1c08
P 0x7fb2092d59d8
C 211
R
P 0x7fb20a0c1c08
C 294
R
P 0x7fb20a0c1c08
P 0x7fb2092d59d8
C 210
R
P 0x7fb20a0c1c08
C 294
R
P 0x7fb20a0c1c08
P 0x7fb2092d59d8
C 9
R
P 0x7fb20a0c1c08
C 294
R
P 0x7fb20a0c1c08
P 0x7fb2092e2618
U 2
P 0x7fb20a2502d8
P 0x7fb2092d5930
p 2
C 49
= 0x7fb2092d5a10
R
P 0x7fb20a0c1c08
C 294
R
P 0x7fb20a0c1c08
P 0x7fb2092d5a10
C 208
R
P 0x7fb20a0c1c08
C 294
R
P 0x7fb20a0c1c08
P 0x7fb2092d5a10
C 205
= 0x7fb20a250238
R
P 0x7fb20a0c1c08
C 294
R
P 0x7fb20a0c1c08
P 0x7fb20a250238
C 166
R
P 0x7fb20a0c1c08
C 294
R
P 0x7fb20a0c1c08
P 0x7fb2092d5a10
C 211
R
P 0x7fb20a0c1c08
C 294
R
P 0x7fb20a0c1c08
P 0x7fb2092d5a10
C 210
R
P 0x7fb20a0c1c08
C 294
R
P 0x7fb20a0c1c08
P 0x7fb2092d5a10
C 9
R
P 0x7fb20a0c1c08
C 294
R
P 0x7fb20a0c1c08
P 0x7fb20a255258
U 2
P 0x7fb2092d5968
P 0x7fb20a2502d8
p 2
C 49
= 0x7fb2092d5a48
R
P 0x7fb20a0c1c08
C 294
R
P 0x7fb20a0c1c08
P 0x7fb2092d5a48
C 208
R
P 0x7fb20a0c1c08
C 294
R
P 0x7fb20a0c1c08
P 0x7fb2092d5a48
C 205
= 0x7fb20a24fc78
R
P 0x7fb20a0c1c08
C 294
R
P 0x7fb20a0c1c08
P 0x7fb20a24fc78
C 166
R
P 0x7fb20a0c1c08
C 294
R
P 0x7fb20a0c1c08
P 0x7fb2092d5a48
C 211
R
P 0x7fb20a0c1c08
C 294
R
P 0x7fb20a0c1c08
P 0x7fb2092d5a48
C 210
R
P 0x7fb20a0c1c08
C 294
R
P 0x7fb20a0c1c08
P 0x7fb2092d5a48
C 9
R
P 0x7fb20a0c1c08
C 294
R
P 0x7fb20a0c1c08
P 0x7fb20a255258
U 2
P 0x7fb2092d5968
P 0x7fb2092d5930
p 2
C 49
= 0x7fb2092d5a80
R
P 0x7fb20a0c1c08
C 294
R
P 0x7fb20a0c1c08
P 0x7fb2092d5a80
C 208
R
P 0x7fb20a0c1c08
C 294
R
P 0x7fb20a0c1c08
P 0x7fb2092d5a80
C 205
= 0x7fb20a24fc78
R
P 0x7fb20a0c1c08
C 294
R
P 0x7fb20a0c1c08
P 0x7fb20a24fc78
C 166
R
P 0x7fb20a0c1c08
C 294
R
P 0x7fb20a0c1c08
P 0x7fb2092d5a80
C 211
R
P 0x7fb20a0c1c08
C 294
R
P 0x7fb20a0c1c08
P 0x7fb2092d5a80
C 210
R
P 0x7fb20a0c1c08
C 294
R
P 0x7fb20a0c1c08
P 0x7fb2092d5a80
C 9
R
P 0x7fb20a0c1c08
C 294
R
P 0x7fb20a0c1c08
P 0x7fb20a2502d8
P 0x7fb2092d5930
C 55
= 0x7fb2092d5ab8
R
P 0x7fb20a0c1c08
C 294
R
P 0x7fb20a0c1c08
P 0x7fb2092d5ab8
C 9
R
P 0x7fb20a0c1c08
C 294
R
P 0x7fb20a0c1c08
P 0x7fb2092d5ab8
C 57
= 0x7fb2092d1a18
R
P 0x7fb20a0c1c08
C 294
R
P 0x7fb20a0c1c08
P 0x7fb2092d1a18
C 9
R
P 0x7fb20a0c1c08
C 294
R
P 0x7fb20a0c1c08
P 0x7fb2092d1a18
C 275
R
P 0x7fb20a0c1c08
C 294
R
P 0x7fb20a0c1c08
C 410
= 0x7fb208c9e918
R
P 0x7fb20a0c1c08
C 294
R
P 0x7fb20a0c1c08
P 0x7fb208c9e918
C 417
R
P 0x7fb20a0c1c08
C 294
R
P 0x7fb20a0c1c08
C 14
= 0x7fb208c688a8
R
P 0x7fb20a0c1c08
C 294
R
P 0x7fb20a0c1c08
P 0x7fb208c688a8
C 15
R
P 0x7fb20a0c1c08
C 294
R
P 0x7fb20a0c1c08
S "mbqi"
C 30
R
P 0x7fb20a0c1c08
C 294
R
P 0x7fb20a0c1c08
P 0x7fb208c688a8
$ |mbqi|
I 0
C 17
R
P 0x7fb20a0c1c08
C 294
R
P 0x7fb20a0c1c08
P 0x7fb208c9e918
P 0x7fb208c688a8
C 416
R
P 0x7fb20a0c1c08
C 294
R
P 0x7fb20a0c1c08
P 0x7fb2092d1a18
C 57
= 0x7fb20a2531e8
R
P 0x7fb20a0c1c08
C 294
R
P 0x7fb20a0c1c08
P 0x7fb20a2531e8
C 9
R
P 0x7fb20a0c1c08
C 294
R
P 0x7fb20a0c1c08
P 0x7fb208c9e918
P 0x7fb20a2531e8
C 423
R
P 0x7fb20a0c1c08
C 294
R
P 0x7fb20a0c1c08
P 0x7fb208c9e918
C 426
R
P 0x7fb20a0c1c08
C 294
R
P 0x7fb20a0c1c08
P 0x7fb208c9e918
C 429
= 0x7fb2092e2758
R
P 0x7fb20a0c1c08
C 294
R
P 0x7fb20a0c1c08
P 0x7fb2092e2758
C 208
R
P 0x7fb20a0c1c08
C 294
R
P 0x7fb20a0c1c08
P 0x7fb2092e2758
C 205
= 0x7fb20a24f238
R
P 0x7fb20a0c1c08
C 294
R
P 0x7fb20a0c1c08
P 0x7fb20a24f238
C 166
R
P 0x7fb20a0c1c08
C 294
R
P 0x7fb20a0c1c08
P 0x7fb2092e2758
C 211
R
P 0x7fb20a0c1c08
C 294
R
P 0x7fb20a0c1c08
P 0x7fb2092e2758
C 210
R
P 0x7fb20a0c1c08
C 294
R
P 0x7fb20a0c1c08
P 0x7fb2092e2758
C 9
R
P 0x7fb20a0c1c08
C 294
R
P 0x7fb20a0c1c08
P 0x7fb2092e2758
C 275
R
P 0x7fb20a0c1c08
C 294
R
P 0x7fb20a0c1c08
P 0x7fb20a250398
P 0x7fb2092d5968
C 55
= 0x7fb209179e18
R
P 0x7fb20a0c1c08
C 294
R
P 0x7fb20a0c1c08
P 0x7fb209179e18
C 9
R
P 0x7fb20a0c1c08
C 294
R
P 0x7fb20a0c1c08
P 0x7fb209179e18
C 57
= 0x7fb20a253158
R
P 0x7fb20a0c1c08
C 294
R
P 0x7fb20a0c1c08
P 0x7fb20a253158
C 9
R
P 0x7fb20a0c1c08
C 294
R
P 0x7fb20a0c1c08
P 0x7fb20a253158
C 275
R
P 0x7fb20a0c1c08
C 294
R
P 0x7fb20a0c1c08
C 410
= 0x7fb208edf7d8
R
P 0x7fb20a0c1c08
C 294
R
P 0x7fb20a0c1c08
P 0x7fb208edf7d8
C 417
R
P 0x7fb20a0c1c08
C 294
R
P 0x7fb20a0c1c08
C 14
= 0x7fb208e88ab8
R
P 0x7fb20a0c1c08
C 294
R
P 0x7fb20a0c1c08
P 0x7fb208e88ab8
C 15
R
P 0x7fb20a0c1c08
C 294
R
P 0x7fb20a0c1c08
S "mbqi"
C 30
R
P 0x7fb20a0c1c08
C 294
R
P 0x7fb20a0c1c08
P 0x7fb208e88ab8
$ |mbqi|
I 0
C 17
R
P 0x7fb20a0c1c08
C 294
R
P 0x7fb20a0c1c08
P 0x7fb208edf7d8
P 0x7fb208e88ab8
C 416
R
P 0x7fb20a0c1c08
C 294
R
P 0x7fb20a0c1c08
P 0x7fb20a253158
C 57
= 0x7fb20a253188
R
P 0x7fb20a0c1c08
C 294
R
P 0x7fb20a0c1c08
P 0x7fb20a253188
C 9
R
P 0x7fb20a0c1c08
C 294
R
P 0x7fb20a0c1c08
P 0x7fb208edf7d8
P 0x7fb20a253188
C 423
R
P 0x7fb20a0c1c08
C 294
R
P 0x7fb20a0c1c08
P 0x7fb208edf7d8
C 426
R
P 0x7fb20a0c1c08
C 294
R
P 0x7fb20a0c1c08
P 0x7fb208edf7d8
C 429
= 0x7fb2092e2858
R
P 0x7fb20a0c1c08
C 294
R
P 0x7fb20a0c1c08
P 0x7fb2092e2858
C 208
R
P 0x7fb20a0c1c08
C 294
R
P 0x7fb20a0c1c08
P 0x7fb2092e2858
C 205
= 0x7fb20a24f238
R
P 0x7fb20a0c1c08
C 294
R
P 0x7fb20a0c1c08
P 0x7fb20a24f238
C 166
R
P 0x7fb20a0c1c08
C 294
R
P 0x7fb20a0c1c08
P 0x7fb2092e2858
C 211
R
P 0x7fb20a0c1c08
C 294
R
P 0x7fb20a0c1c08
P 0x7fb2092e2858
C 210
R
P 0x7fb20a0c1c08
C 294
R
P 0x7fb20a0c1c08
P 0x7fb2092e2858
C 9
R
P 0x7fb20a0c1c08
C 294
R
P 0x7fb20a0c1c08
P 0x7fb2092e2858
C 275
R
P 0x7fb20a0c1c08
C 294
R
P 0x7fb20a0c1c08
S "u"
C 30
R
P 0x7fb20a0c1c08
C 294
R
P 0x7fb20a0c1c08
$ |u|
P 0x7fb20a24fc78
C 50
= 0x7fb20a24fe98
R
P 0x7fb20a0c1c08
C 294
R
P 0x7fb20a0c1c08
P 0x7fb20a24fe98
C 208
R
P 0x7fb20a0c1c08
C 294
R
P 0x7fb20a0c1c08
P 0x7fb20a24fe98
C 205
= 0x7fb20a24fc78
R
P 0x7fb20a0c1c08
C 294
R
P 0x7fb20a0c1c08
P 0x7fb20a24fc78
C 166
R
P 0x7fb20a0c1c08
C 294
R
P 0x7fb20a0c1c08
P 0x7fb20a24fe98
C 211
R
P 0x7fb20a0c1c08
C 294
R
P 0x7fb20a0c1c08
P 0x7fb20a24fe98
C 210
R
P 0x7fb20a0c1c08
C 294
R
P 0x7fb20a0c1c08
P 0x7fb20a24fe98
C 9
R
P 0x7fb20a0c1c08
C 294
R
P 0x7fb20a0c1c08
S "v"
C 30
R
P 0x7fb20a0c1c08
C 294
R
P 0x7fb20a0c1c08
$ |v|
P 0x7fb20a24fc78
C 50
= 0x7fb20a2503f8
R
P 0x7fb20a0c1c08
C 294
R
P 0x7fb20a0c1c08
P 0x7fb20a2503f8
C 208
R
P 0x7fb20a0c1c08
C 294
R
P 0x7fb20a0c1c08
P 0x7fb20a2503f8
C 205
= 0x7fb20a24fc78
R
P 0x7fb20a0c1c08
C 294
R
P 0x7fb20a0c1c08
P 0x7fb20a24fc78
C 166
R
P 0x7fb20a0c1c08
C 294
R
P 0x7fb20a0c1c08
P 0x7fb20a2503f8
C 211
R
P 0x7fb20a0c1c08
C 294
R
P 0x7fb20a0c1c08
P 0x7fb20a2503f8
C 210
R
P 0x7fb20a0c1c08
C 294
R
P 0x7fb20a0c1c08
P 0x7fb20a2503f8
C 9
R
P 0x7fb20a0c1c08
C 294
R
P 0x7fb20a0c1c08
S "x"
C 30
R
P 0x7fb20a0c1c08
C 294
R
P 0x7fb20a0c1c08
$ |x|
P 0x7fb20a250238
C 50
= 0x7fb20a24ffd8
R
P 0x7fb20a0c1c08
C 294
R
P 0x7fb20a0c1c08
P 0x7fb20a24ffd8
C 208
R
P 0x7fb20a0c1c08
C 294
R
P 0x7fb20a0c1c08
P 0x7fb20a24ffd8
C 205
= 0x7fb20a250238
R
P 0x7fb20a0c1c08
C 294
R
P 0x7fb20a0c1c08
P 0x7fb20a250238
C 166
R
P 0x7fb20a0c1c08
C 294
R
P 0x7fb20a0c1c08
P 0x7fb20a24ffd8
C 211
R
P 0x7fb20a0c1c08
C 294
R
P 0x7fb20a0c1c08
P 0x7fb20a24ffd8
C 210
R
P 0x7fb20a0c1c08
C 294
R
P 0x7fb20a0c1c08
P 0x7fb20a24ffd8
C 9
R
P 0x7fb20a0c1c08
C 294
R
P 0x7fb20a0c1c08
S "y"
C 30
R
P 0x7fb20a0c1c08
C 294
R
P 0x7fb20a0c1c08
$ |y|
P 0x7fb20a250238
C 50
= 0x7fb20a250218
R
P 0x7fb20a0c1c08
C 294
R
P 0x7fb20a0c1c08
P 0x7fb20a250218
C 208
R
P 0x7fb20a0c1c08
C 294
R
P 0x7fb20a0c1c08
P 0x7fb20a250218
C 205
= 0x7fb20a250238
R
P 0x7fb20a0c1c08
C 294
R
P 0x7fb20a0c1c08
P 0x7fb20a250238
C 166
R
P 0x7fb20a0c1c08
C 294
R
P 0x7fb20a0c1c08
P 0x7fb20a250218
C 211
R
P 0x7fb20a0c1c08
C 294
R
P 0x7fb20a0c1c08
P 0x7fb20a250218
C 210
R
P 0x7fb20a0c1c08
C 294
R
P 0x7fb20a0c1c08
P 0x7fb20a250218
C 9
R
P 0x7fb20a0c1c08
C 294
R
P 0x7fb20a0c1c08
P 0x7fb20a255258
U 2
P 0x7fb20a24ffd8
P 0x7fb20a24fe98
p 2
C 49
= 0x7fb209179fd8
R
P 0x7fb20a0c1c08
C 294
R
P 0x7fb20a0c1c08
P 0x7fb209179fd8
C 208
R
P 0x7fb20a0c1c08
C 294
R
P 0x7fb20a0c1c08
P 0x7fb209179fd8
C 205
= 0x7fb20a24fc78
R
P 0x7fb20a0c1c08
C 294
R
P 0x7fb20a0c1c08
P 0x7fb20a24fc78
C 166
R
P 0x7fb20a0c1c08
C 294
R
P 0x7fb20a0c1c08
P 0x7fb209179fd8
C 211
R
P 0x7fb20a0c1c08
C 294
R
P 0x7fb20a0c1c08
P 0x7fb209179fd8
C 210
R
P 0x7fb20a0c1c08
C 294
R
P 0x7fb20a0c1c08
P 0x7fb209179fd8
C 9
R
P 0x7fb20a0c1c08
C 294
R
P 0x7fb20a0c1c08
P 0x7fb20a255258
U 2
P 0x7fb20a250218
P 0x7fb20a2503f8
p 2
C 49
= 0x7fb2092d5af0
R
P 0x7fb20a0c1c08
C 294
R
P 0x7fb20a0c1c08
P 0x7fb2092d5af0
C 208
R
P 0x7fb20a0c1c08
C 294
R
P 0x7fb20a0c1c08
P 0x7fb2092d5af0
C 205
= 0x7fb20a24fc78
R
P 0x7fb20a0c1c08
C 294
R
P 0x7fb20a0c1c08
P 0x7fb20a24fc78
C 166
R
P 0x7fb20a0c1c08
C 294
R
P 0x7fb20a0c1c08
P 0x7fb2092d5af0
C 211
R
P 0x7fb20a0c1c08
C 294
R
P 0x7fb20a0c1c08
P 0x7fb2092d5af0
C 210
R
P 0x7fb20a0c1c08
C 294
R
P 0x7fb20a0c1c08
P 0x7fb2092d5af0
C 9
R
P 0x7fb20a0c1c08
C 294
R
P 0x7fb20a0c1c08
P 0x7fb209179fd8
P 0x7fb2092d5af0
C 55
= 0x7fb2092d5b28
R
P 0x7fb20a0c1c08
C 294
R
P 0x7fb20a0c1c08
P 0x7fb2092d5b28
C 9
R
P 0x7fb20a0c1c08
C 294
R
P 0x7fb20a0c1c08
P 0x7fb20a24fe98
P 0x7fb20a2503f8
C 55
= 0x7fb2092d5b60
R
P 0x7fb20a0c1c08
C 294
R
P 0x7fb20a0c1c08
P 0x7fb2092d5b60
C 9
R
P 0x7fb20a0c1c08
C 294
R
P 0x7fb20a0c1c08
P 0x7fb2092d5b28
P 0x7fb2092d5b60
C 60
= 0x7fb2092d5b98
R
P 0x7fb20a0c1c08
C 294
R
P 0x7fb20a0c1c08
P 0x7fb2092d5b98
C 9
R
P 0x7fb20a0c1c08
C 294
R
P 0x7fb20a0c1c08
P 0x7fb2092d5b98
C 275
R
P 0x7fb20a0c1c08
C 294
R
P 0x7fb20a0c1c08
C 410
= 0x7fb208ed52b8
R
P 0x7fb20a0c1c08
C 294
R
P 0x7fb20a0c1c08
P 0x7fb208ed52b8
C 417
R
P 0x7fb20a0c1c08
C 294
R
P 0x7fb20a0c1c08
C 14
= 0x7fb208e5c518
R
P 0x7fb20a0c1c08
C 294
R
P 0x7fb20a0c1c08
P 0x7fb208e5c518
C 15
R
P 0x7fb20a0c1c08
C 294
R
P 0x7fb20a0c1c08
S "mbqi"
C 30
R
P 0x7fb20a0c1c08
C 294
R
P 0x7fb20a0c1c08
P 0x7fb208e5c518
$ |mbqi|
I 0
C 17
R
P 0x7fb20a0c1c08
C 294
R
P 0x7fb20a0c1c08
P 0x7fb208ed52b8
P 0x7fb208e5c518
C 416
R
P 0x7fb20a0c1c08
C 294
R
P 0x7fb20a0c1c08
P 0x7fb2092d5b98
C 57
= 0x7fb20a252be8
R
P 0x7fb20a0c1c08
C 294
R
P 0x7fb20a0c1c08
P 0x7fb20a252be8
C 9
R
P 0x7fb20a0c1c08
C 294
R
P 0x7fb20a0c1c08
P 0x7fb208ed52b8
P 0x7fb20a252be8
C 423
R
P 0x7fb20a0c1c08
C 294
R
P 0x7fb20a0c1c08
P 0x7fb208ed52b8
C 426
R
P 0x7fb20a0c1c08
C 294
R
P 0x7fb20a0c1c08
P 0x7fb208ed52b8
C 429
= 0x7fb2092e2918
R
P 0x7fb20a0c1c08
C 294
R
P 0x7fb20a0c1c08
P 0x7fb2092e2918
C 208
R
P 0x7fb20a0c1c08
C 294
R
P 0x7fb20a0c1c08
P 0x7fb2092e2918
C 205
= 0x7fb20a24f238
R
P 0x7fb20a0c1c08
C 294
R
P 0x7fb20a0c1c08
P 0x7fb20a24f238
C 166
R
P 0x7fb20a0c1c08
C 294
R
P 0x7fb20a0c1c08
P 0x7fb2092e2918
C 211
R
P 0x7fb20a0c1c08
C 294
R
P 0x7fb20a0c1c08
P 0x7fb2092e2918
C 210
R
P 0x7fb20a0c1c08
C 294
R
P 0x7fb20a0c1c08
P 0x7fb2092e2918
C 9
R
P 0x7fb20a0c1c08
C 294
R
P 0x7fb20a0c1c08
P 0x7fb2092e2918
C 275
R
P 0x7fb20a0c1c08
C 294
R
P 0x7fb20a0c1c08
P 0x7fb209179fd8
P 0x7fb2092d5af0
C 55
= 0x7fb2092d5b28
R
P 0x7fb20a0c1c08
C 294
R
P 0x7fb20a0c1c08
P 0x7fb2092d5b28
C 9
R
P 0x7fb20a0c1c08
C 294
R
P 0x7fb20a0c1c08
P 0x7fb20a24ffd8
P 0x7fb20a250218
C 55
= 0x7fb20917a2b0
R
P 0x7fb20a0c1c08
C 294
R
P 0x7fb20a0c1c08
P 0x7fb20917a2b0
C 9
R
P 0x7fb20a0c1c08
C 294
R
P 0x7fb20a0c1c08
P 0x7fb2092d5b28
P 0x7fb20917a2b0
C 60
= 0x7fb20917a278
R
P 0x7fb20a0c1c08
C 294
R
P 0x7fb20a0c1c08
P 0x7fb20917a278
C 9
R
P 0x7fb20a0c1c08
C 294
R
P 0x7fb20a0c1c08
P 0x7fb20917a278
C 275
R
P 0x7fb20a0c1c08
C 294
R
P 0x7fb20a0c1c08
C 410
= 0x7fb208e88508
R
P 0x7fb20a0c1c08
C 294
R
P 0x7fb20a0c1c08
P 0x7fb208e88508
C 417
R
P 0x7fb20a0c1c08
C 294
R
P 0x7fb20a0c1c08
C 14
= 0x7fb208e51c38
R
P 0x7fb20a0c1c08
C 294
R
P 0x7fb20a0c1c08
P 0x7fb208e51c38
C 15
R
P 0x7fb20a0c1c08
C 294
R
P 0x7fb20a0c1c08
S "mbqi"
C 30
R
P 0x7fb20a0c1c08
C 294
R
P 0x7fb20a0c1c08
P 0x7fb208e51c38
$ |mbqi|
I 0
C 17
R
P 0x7fb20a0c1c08
C 294
R
P 0x7fb20a0c1c08
P 0x7fb208e88508
P 0x7fb208e51c38
C 416
R
P 0x7fb20a0c1c08
C 294
R
P 0x7fb20a0c1c08
P 0x7fb20917a278
C 57
= 0x7fb20a252ca8
R
P 0x7fb20a0c1c08
C 294
R
P 0x7fb20a0c1c08
P 0x7fb20a252ca8
C 9
R
P 0x7fb20a0c1c08
C 294
R
P 0x7fb20a0c1c08
P 0x7fb208e88508
P 0x7fb20a252ca8
C 423
R
P 0x7fb20a0c1c08
C 294
R
P 0x7fb20a0c1c08
P 0x7fb208e88508
C 426
R
P 0x7fb20a0c1c08
C 294
R
P 0x7fb20a0c1c08
P 0x7fb208e88508
C 429
= 0x7fb2092e29d8
R
P 0x7fb20a0c1c08
C 294
R
P 0x7fb20a0c1c08
P 0x7fb2092e29d8
C 208
R
P 0x7fb20a0c1c08
C 294
R
P 0x7fb20a0c1c08
P 0x7fb2092e29d8
C 205
= 0x7fb20a24f238
R
P 0x7fb20a0c1c08
C 294
R
P 0x7fb20a0c1c08
P 0x7fb20a24f238
C 166
R
P 0x7fb20a0c1c08
C 294
R
P 0x7fb20a0c1c08
P 0x7fb2092e29d8
C 211
R
P 0x7fb20a0c1c08
C 294
R
P 0x7fb20a0c1c08
P 0x7fb2092e29d8
C 210
R
P 0x7fb20a0c1c08
C 294
R
P 0x7fb20a0c1c08
P 0x7fb2092e29d8
C 9
R
P 0x7fb20a0c1c08
C 294
R
P 0x7fb20a0c1c08
P 0x7fb2092e29d8
C 275
R
P 0x7fb20a0c1c08
C 294
R
P 0x7fb20a0c1c08
P 0x7fb209176f50
U 1
P 0x7fb20a24fe98
p 1
C 49
= 0x7fb20a252b58
R
P 0x7fb20a0c1c08
C 294
R
P 0x7fb20a0c1c08
P 0x7fb20a252b58
C 208
R
P 0x7fb20a0c1c08
C 294
R
P 0x7fb20a0c1c08
P 0x7fb20a252b58
C 205
= 0x7fb20a24f218
R
P 0x7fb20a0c1c08
C 294
R
P 0x7fb20a0c1c08
P 0x7fb20a24f218
C 166
R
P 0x7fb20a0c1c08
C 294
R
P 0x7fb20a0c1c08
P 0x7fb20a252b58
C 211
R
P 0x7fb20a0c1c08
C 294
R
P 0x7fb20a0c1c08
P 0x7fb20a252b58
C 210
R
P 0x7fb20a0c1c08
C 294
R
P 0x7fb20a0c1c08
P 0x7fb20a252b58
C 9
R
P 0x7fb20a0c1c08
C 294
R
P 0x7fb20a0c1c08
P 0x7fb209176d90
U 1
P 0x7fb20a24fe98
p 1
C 49
= 0x7fb20a252b88
R
P 0x7fb20a0c1c08
C 294
R
P 0x7fb20a0c1c08
P 0x7fb20a252b88
C 208
R
P 0x7fb20a0c1c08
C 294
R
P 0x7fb20a0c1c08
P 0x7fb20a252b88
C 205
= 0x7fb20a24f218
R
P 0x7fb20a0c1c08
C 294
R
P 0x7fb20a0c1c08
P 0x7fb20a24f218
C 166
R
P 0x7fb20a0c1c08
C 294
R
P 0x7fb20a0c1c08
P 0x7fb20a252b88
C 211
R
P 0x7fb20a0c1c08
C 294
R
P 0x7fb20a0c1c08
P 0x7fb20a252b88
C 210
R
P 0x7fb20a0c1c08
C 294
R
P 0x7fb20a0c1c08
P 0x7fb20a252b88
C 9
R
P 0x7fb20a0c1c08
C 294
R
P 0x7fb20a0c1c08
U 2
P 0x7fb20a252b58
P 0x7fb20a252b88
p 2
C 63
= 0x7fb20917a550
R
P 0x7fb20a0c1c08
C 294
R
P 0x7fb20a0c1c08
P 0x7fb20917a550
C 9
R
P 0x7fb20a0c1c08
C 294
R
P 0x7fb20a0c1c08
P 0x7fb20917a550
C 275
R
P 0x7fb20a0c1c08
C 294
R
P 0x7fb20a0c1c08
C 410
= 0x7fb208e5c598
R
P 0x7fb20a0c1c08
C 294
R
P 0x7fb20a0c1c08
P 0x7fb208e5c598
C 417
R
P 0x7fb20a0c1c08
C 294
R
P 0x7fb20a0c1c08
C 14
= 0x7fb208e992b8
R
P 0x7fb20a0c1c08
C 294
R
P 0x7fb20a0c1c08
P 0x7fb208e992b8
C 15
R
P 0x7fb20a0c1c08
C 294
R
P 0x7fb20a0c1c08
S "mbqi"
C 30
R
P 0x7fb20a0c1c08
C 294
R
P 0x7fb20a0c1c08
P 0x7fb208e992b8
$ |mbqi|
I 0
C 17
R
P 0x7fb20a0c1c08
C 294
R
P 0x7fb20a0c1c08
P 0x7fb208e5c598
P 0x7fb208e992b8
C 416
R
P 0x7fb20a0c1c08
C 294
R
P 0x7fb20a0c1c08
P 0x7fb20917a550
C 57
= 0x7fb2092d2df8
R
P 0x7fb20a0c1c08
C 294
R
P 0x7fb20a0c1c08
P 0x7fb2092d2df8
C 9
R
P 0x7fb20a0c1c08
C 294
R
P 0x7fb20a0c1c08
P 0x7fb208e5c598
P 0x7fb2092d2df8
C 423
R
P 0x7fb20a0c1c08
C 294
R
P 0x7fb20a0c1c08
P 0x7fb208e5c598
C 426
R
P 0x7fb20a0c1c08
C 294
R
P 0x7fb20a0c1c08
P 0x7fb208e5c598
C 429
= 0x7fb2092e2a18
R
P 0x7fb20a0c1c08
C 294
R
P 0x7fb20a0c1c08
P 0x7fb2092e2a18
C 208
R
P 0x7fb20a0c1c08
C 294
R
P 0x7fb20a0c1c08
P 0x7fb2092e2a18
C 205
= 0x7fb20a24f238
R
P 0x7fb20a0c1c08
C 294
R
P 0x7fb20a0c1c08
P 0x7fb20a24f238
C 166
R
P 0x7fb20a0c1c08
C 294
R
P 0x7fb20a0c1c08
P 0x7fb2092e2a18
C 211
R
P 0x7fb20a0c1c08
C 294
R
P 0x7fb20a0c1c08
P 0x7fb2092e2a18
C 210
R
P 0x7fb20a0c1c08
C 294
R
P 0x7fb20a0c1c08
P 0x7fb2092e2a18
C 9
R
P 0x7fb20a0c1c08
C 294
R
P 0x7fb20a0c1c08
P 0x7fb2092e2a18
C 275
R
P 0x7fb20a0c1c08
C 294
R
P 0x7fb20a0c1c08
P 0x7fb20a24fe98
P 0x7fb209179fd8
C 55
= 0x7fb20917a8d0
R
P 0x7fb20a0c1c08
C 294
R
P 0x7fb20a0c1c08
P 0x7fb20917a8d0
C 9
R
P 0x7fb20a0c1c08
C 294
R
P 0x7fb20a0c1c08
P 0x7fb20917a8d0
C 57
= 0x7fb2092d2f78
R
P 0x7fb20a0c1c08
C 294
R
P 0x7fb20a0c1c08
P 0x7fb2092d2f78
C 9
R
P 0x7fb20a0c1c08
C 294
R
P 0x7fb20a0c1c08
P 0x7fb2092d2f78
C 275
R
P 0x7fb20a0c1c08
C 294
R
P 0x7fb20a0c1c08
C 410
= 0x7fb208e51ea8
R
P 0x7fb20a0c1c08
C 294
R
P 0x7fb20a0c1c08
P 0x7fb208e51ea8
C 417
R
P 0x7fb20a0c1c08
C 294
R
P 0x7fb20a0c1c08
C 14
= 0x7fb208e57858
R
P 0x7fb20a0c1c08
C 294
R
P 0x7fb20a0c1c08
P 0x7fb208e57858
C 15
R
P 0x7fb20a0c1c08
C 294
R
P 0x7fb20a0c1c08
S "mbqi"
C 30
R
P 0x7fb20a0c1c08
C 294
R
P 0x7fb20a0c1c08
P 0x7fb208e57858
$ |mbqi|
I 0
C 17
R
P 0x7fb20a0c1c08
C 294
R
P 0x7fb20a0c1c08
P 0x7fb208e51ea8
P 0x7fb208e57858
C 416
R
P 0x7fb20a0c1c08
C 294
R
P 0x7fb20a0c1c08
P 0x7fb2092d2f78
C 57
= 0x7fb2092d2f48
R
P 0x7fb20a0c1c08
C 294
R
P 0x7fb20a0c1c08
P 0x7fb2092d2f48
C 9
R
P 0x7fb20a0c1c08
C 294
R
P 0x7fb20a0c1c08
P 0x7fb208e51ea8
P 0x7fb2092d2f48
C 423
R
P 0x7fb20a0c1c08
C 294
R
P 0x7fb20a0c1c08
P 0x7fb208e51ea8
C 426
R
P 0x7fb20a0c1c08
C 294
R
P 0x7fb20a0c1c08
P 0x7fb208e51ea8
C 429
= 0x7fb20917aac8
R
P 0x7fb20a0c1c08
C 294
R
P 0x7fb20a0c1c08
P 0x7fb20917aac8
C 208
R
P 0x7fb20a0c1c08
C 294
R
P 0x7fb20a0c1c08
P 0x7fb20917aac8
C 205
= 0x7fb20a24f238
R
P 0x7fb20a0c1c08
C 294
R
P 0x7fb20a0c1c08
P 0x7fb20a24f238
C 166
R
P 0x7fb20a0c1c08
C 294
R
P 0x7fb20a0c1c08
P 0x7fb20917aac8
C 211
R
P 0x7fb20a0c1c08
C 294
R
P 0x7fb20a0c1c08
P 0x7fb20917aac8
C 210
R
P 0x7fb20a0c1c08
C 294
R
P 0x7fb20a0c1c08
P 0x7fb20917aac8
C 9
R
P 0x7fb20a0c1c08
C 294
R
P 0x7fb20a0c1c08
P 0x7fb20917aac8
C 275
R
P 0x7fb20a0c1c08
C 294
M "UnsatCoreAndProofExample"
R
P 0x7fb20a0c1c08
C 410
= 0x7fb208e579a8
R
P 0x7fb20a0c1c08
C 294
R
P 0x7fb20a0c1c08
P 0x7fb208e579a8
C 417
R
P 0x7fb20a0c1c08
C 294
R
P 0x7fb20a0c1c08
S "PredA"
C 30
R
P 0x7fb20a0c1c08
C 294
R
P 0x7fb20a0c1c08
C 32
= 0x7fb20a24f218
R
P 0x7fb20a0c1c08
C 294
R
P 0x7fb20a0c1c08
P 0x7fb20a24f218
C 9
R
P 0x7fb20a0c1c08
C 294
R
P 0x7fb20a0c1c08
$ |PredA|
P 0x7fb20a24f218
C 50
= 0x7fb20a24ff98
R
P 0x7fb20a0c1c08
C 294
R
P 0x7fb20a0c1c08
P 0x7fb20a24ff98
C 208
R
P 0x7fb20a0c1c08
C 294
R
P 0x7fb20a0c1c08
P 0x7fb20a24ff98
C 205
= 0x7fb20a24f218
R
P 0x7fb20a0c1c08
C 294
R
P 0x7fb20a0c1c08
P 0x7fb20a24f218
C 166
R
P 0x7fb20a0c1c08
C 294
R
P 0x7fb20a0c1c08
P 0x7fb20a24ff98
C 211
R
P 0x7fb20a0c1c08
C 294
R
P 0x7fb20a0c1c08
P 0x7fb20a24ff98
C 210
R
P 0x7fb20a0c1c08
C 294
R
P 0x7fb20a0c1c08
P 0x7fb20a24ff98
C 9
R
P 0x7fb20a0c1c08
C 294
R
P 0x7fb20a0c1c08
S "PredB"
C 30
R
P 0x7fb20a0c1c08
C 294
R
P 0x7fb20a0c1c08
$ |PredB|
P 0x7fb20a24f218
C 50
= 0x7fb20a250438
R
P 0x7fb20a0c1c08
C 294
R
P 0x7fb20a0c1c08
P 0x7fb20a250438
C 208
R
P 0x7fb20a0c1c08
C 294
R
P 0x7fb20a0c1c08
P 0x7fb20a250438
C 205
= 0x7fb20a24f218
R
P 0x7fb20a0c1c08
C 294
R
P 0x7fb20a0c1c08
P 0x7fb20a24f218
C 166
R
P 0x7fb20a0c1c08
C 294
R
P 0x7fb20a0c1c08
P 0x7fb20a250438
C 211
R
P 0x7fb20a0c1c08
C 294
R
P 0x7fb20a0c1c08
P 0x7fb20a250438
C 210
R
P 0x7fb20a0c1c08
C 294
R
P 0x7fb20a0c1c08
P 0x7fb20a250438
C 9
R
P 0x7fb20a0c1c08
C 294
R
P 0x7fb20a0c1c08
S "PredC"
C 30
R
P 0x7fb20a0c1c08
C 294
R
P 0x7fb20a0c1c08
$ |PredC|
P 0x7fb20a24f218
C 50
= 0x7fb20a250278
R
P 0x7fb20a0c1c08
C 294
R
P 0x7fb20a0c1c08
P 0x7fb20a250278
C 208
R
P 0x7fb20a0c1c08
C 294
R
P 0x7fb20a0c1c08
P 0x7fb20a250278
C 205
= 0x7fb20a24f218
R
P 0x7fb20a0c1c08
C 294
R
P 0x7fb20a0c1c08
P 0x7fb20a24f218
C 166
R
P 0x7fb20a0c1c08
C 294
R
P 0x7fb20a0c1c08
P 0x7fb20a250278
C 211
R
P 0x7fb20a0c1c08
C 294
R
P 0x7fb20a0c1c08
P 0x7fb20a250278
C 210
R
P 0x7fb20a0c1c08
C 294
R
P 0x7fb20a0c1c08
P 0x7fb20a250278
C 9
R
P 0x7fb20a0c1c08
C 294
R
P 0x7fb20a0c1c08
S "PredD"
C 30
R
P 0x7fb20a0c1c08
C 294
R
P 0x7fb20a0c1c08
$ |PredD|
P 0x7fb20a24f218
C 50
= 0x7fb20a250258
R
P 0x7fb20a0c1c08
C 294
R
P 0x7fb20a0c1c08
P 0x7fb20a250258
C 208
R
P 0x7fb20a0c1c08
C 294
R
P 0x7fb20a0c1c08
P 0x7fb20a250258
C 205
= 0x7fb20a24f218
R
P 0x7fb20a0c1c08
C 294
R
P 0x7fb20a0c1c08
P 0x7fb20a24f218
C 166
R
P 0x7fb20a0c1c08
C 294
R
P 0x7fb20a0c1c08
P 0x7fb20a250258
C 211
R
P 0x7fb20a0c1c08
C 294
R
P 0x7fb20a0c1c08
P 0x7fb20a250258
C 210
R
P 0x7fb20a0c1c08
C 294
R
P 0x7fb20a0c1c08
P 0x7fb20a250258
C 9
R
P 0x7fb20a0c1c08
C 294
R
P 0x7fb20a0c1c08
S "P1"
C 30
R
P 0x7fb20a0c1c08
C 294
R
P 0x7fb20a0c1c08
$ |P1|
P 0x7fb20a24f218
C 50
= 0x7fb20a2502b8
R
P 0x7fb20a0c1c08
C 294
R
P 0x7fb20a0c1c08
P 0x7fb20a2502b8
C 208
R
P 0x7fb20a0c1c08
C 294
R
P 0x7fb20a0c1c08
P 0x7fb20a2502b8
C 205
= 0x7fb20a24f218
R
P 0x7fb20a0c1c08
C 294
R
P 0x7fb20a0c1c08
P 0x7fb20a24f218
C 166
R
P 0x7fb20a0c1c08
C 294
R
P 0x7fb20a0c1c08
P 0x7fb20a2502b8
C 211
R
P 0x7fb20a0c1c08
C 294
R
P 0x7fb20a0c1c08
P 0x7fb20a2502b8
C 210
R
P 0x7fb20a0c1c08
C 294
R
P 0x7fb20a0c1c08
P 0x7fb20a2502b8
C 9
R
P 0x7fb20a0c1c08
C 294
R
P 0x7fb20a0c1c08
S "P2"
C 30
R
P 0x7fb20a0c1c08
C 294
R
P 0x7fb20a0c1c08
$ |P2|
P 0x7fb20a24f218
C 50
= 0x7fb20a250378
R
P 0x7fb20a0c1c08
C 294
R
P 0x7fb20a0c1c08
P 0x7fb20a250378
C 208
R
P 0x7fb20a0c1c08
C 294
R
P 0x7fb20a0c1c08
P 0x7fb20a250378
C 205
= 0x7fb20a24f218
R
P 0x7fb20a0c1c08
C 294
R
P 0x7fb20a0c1c08
P 0x7fb20a24f218
C 166
R
P 0x7fb20a0c1c08
C 294
R
P 0x7fb20a0c1c08
P 0x7fb20a250378
C 211
R
P 0x7fb20a0c1c08
C 294
R
P 0x7fb20a0c1c08
P 0x7fb20a250378
C 210
R
P 0x7fb20a0c1c08
C 294
R
P 0x7fb20a0c1c08
P 0x7fb20a250378
C 9
R
P 0x7fb20a0c1c08
C 294
R
P 0x7fb20a0c1c08
S "P3"
C 30
R
P 0x7fb20a0c1c08
C 294
R
P 0x7fb20a0c1c08
$ |P3|
P 0x7fb20a24f218
C 50
= 0x7fb20a250358
R
P 0x7fb20a0c1c08
C 294
R
P 0x7fb20a0c1c08
P 0x7fb20a250358
C 208
R
P 0x7fb20a0c1c08
C 294
R
P 0x7fb20a0c1c08
P 0x7fb20a250358
C 205
= 0x7fb20a24f218
R
P 0x7fb20a0c1c08
C 294
R
P 0x7fb20a0c1c08
P 0x7fb20a24f218
C 166
R
P 0x7fb20a0c1c08
C 294
R
P 0x7fb20a0c1c08
P 0x7fb20a250358
C 211
R
P 0x7fb20a0c1c08
C 294
R
P 0x7fb20a0c1c08
P 0x7fb20a250358
C 210
R
P 0x7fb20a0c1c08
C 294
R
P 0x7fb20a0c1c08
P 0x7fb20a250358
C 9
R
P 0x7fb20a0c1c08
C 294
R
P 0x7fb20a0c1c08
S "P4"
C 30
R
P 0x7fb20a0c1c08
C 294
R
P 0x7fb20a0c1c08
$ |P4|
P 0x7fb20a24f218
C 50
= 0x7fb20a250318
R
P 0x7fb20a0c1c08
C 294
R
P 0x7fb20a0c1c08
P 0x7fb20a250318
C 208
R
P 0x7fb20a0c1c08
C 294
R
P 0x7fb20a0c1c08
P 0x7fb20a250318
C 205
= 0x7fb20a24f218
R
P 0x7fb20a0c1c08
C 294
R
P 0x7fb20a0c1c08
P 0x7fb20a24f218
C 166
R
P 0x7fb20a0c1c08
C 294
R
P 0x7fb20a0c1c08
P 0x7fb20a250318
C 211
R
P 0x7fb20a0c1c08
C 294
R
P 0x7fb20a0c1c08
P 0x7fb20a250318
C 210
R
P 0x7fb20a0c1c08
C 294
R
P 0x7fb20a0c1c08
P 0x7fb20a250318
C 9
R
P 0x7fb20a0c1c08
C 294
R
P 0x7fb20a0c1c08
P 0x7fb20a2502b8
C 57
= 0x7fb2092d3188
R
P 0x7fb20a0c1c08
C 294
R
P 0x7fb20a0c1c08
P 0x7fb2092d3188
C 9
R
P 0x7fb20a0c1c08
C 294
R
P 0x7fb20a0c1c08
P 0x7fb20a250378
C 57
= 0x7fb2092d31b8
R
P 0x7fb20a0c1c08
C 294
R
P 0x7fb20a0c1c08
P 0x7fb2092d31b8
C 9
R
P 0x7fb20a0c1c08
C 294
R
P 0x7fb20a0c1c08
P 0x7fb20a250358
C 57
= 0x7fb2092d31e8
R
P 0x7fb20a0c1c08
C 294
R
P 0x7fb20a0c1c08
P 0x7fb2092d31e8
C 9
R
P 0x7fb20a0c1c08
C 294
R
P 0x7fb20a0c1c08
P 0x7fb20a250318
C 57
= 0x7fb2092d3218
R
P 0x7fb20a0c1c08
C 294
R
P 0x7fb20a0c1c08
P 0x7fb2092d3218
C 9
R
P 0x7fb20a0c1c08
C 294
R
P 0x7fb20a0c1c08
U 3
P 0x7fb20a24ff98
P 0x7fb20a250438
P 0x7fb20a250278
p 3
C 62
= 0x7fb2092e2798
R
P 0x7fb20a0c1c08
C 294
R
P 0x7fb20a0c1c08
P 0x7fb2092e2798
C 9
R
P 0x7fb20a0c1c08
C 294
R
P 0x7fb20a0c1c08
P 0x7fb20a250438
C 57
= 0x7fb2092d3248
R
P 0x7fb20a0c1c08
C 294
R
P 0x7fb20a0c1c08
P 0x7fb2092d3248
C 9
R
P 0x7fb20a0c1c08
C 294
R
P 0x7fb20a0c1c08
U 3
P 0x7fb20a24ff98
P 0x7fb2092d3248
P 0x7fb20a250278
p 3
C 62
= 0x7fb2092e2a98
R
P 0x7fb20a0c1c08
C 294
R
P 0x7fb20a0c1c08
P 0x7fb2092e2a98
C 9
R
P 0x7fb20a0c1c08
C 294
R
P 0x7fb20a0c1c08
P 0x7fb20a24ff98
C 57
= 0x7fb2092d3278
R
P 0x7fb20a0c1c08
C 294
R
P 0x7fb20a0c1c08
P 0x7fb2092d3278
C 9
R
P 0x7fb20a0c1c08
C 294
R
P 0x7fb20a0c1c08
P 0x7fb20a250278
C 57
= 0x7fb2092d32a8
R
P 0x7fb20a0c1c08
C 294
R
P 0x7fb20a0c1c08
P 0x7fb2092d32a8
C 9
R
P 0x7fb20a0c1c08
C 294
R
P 0x7fb20a0c1c08
U 2
P 0x7fb2092d3278
P 0x7fb2092d32a8
p 2
C 63
= 0x7fb20917a908
R
P 0x7fb20a0c1c08
C 294
R
P 0x7fb20a0c1c08
P 0x7fb20917a908
C 9
R
P 0x7fb20a0c1c08
C 294
R
P 0x7fb20a0c1c08
U 2
P 0x7fb2092e2798
P 0x7fb20a2502b8
p 2
C 63
= 0x7fb20917a208
R
P 0x7fb20a0c1c08
C 294
R
P 0x7fb20a0c1c08
P 0x7fb20917a208
C 9
R
P 0x7fb20a0c1c08
C 294
R
P 0x7fb20a0c1c08
P 0x7fb208e579a8
P 0x7fb20917a208
C 423
R
P 0x7fb20a0c1c08
C 294
R
P 0x7fb20a0c1c08
U 2
P 0x7fb2092e2a98
P 0x7fb20a250378
p 2
C 63
= 0x7fb20917a240
R
P 0x7fb20a0c1c08
C 294
R
P 0x7fb20a0c1c08
P 0x7fb20917a240
C 9
R
P 0x7fb20a0c1c08
C 294
R
P 0x7fb20a0c1c08
P 0x7fb208e579a8
P 0x7fb20917a240
C 423
R
P 0x7fb20a0c1c08
C 294
R
P 0x7fb20a0c1c08
U 2
P 0x7fb20917a908
P 0x7fb20a250358
p 2
C 63
= 0x7fb20917a828
R
P 0x7fb20a0c1c08
C 294
R
P 0x7fb20a0c1c08
P 0x7fb20917a828
C 9
R
P 0x7fb20a0c1c08
C 294
R
P 0x7fb20a0c1c08
P 0x7fb208e579a8
P 0x7fb20917a828
C 423
R
P 0x7fb20a0c1c08
C 294
R
P 0x7fb20a0c1c08
U 2
P 0x7fb20a250258
P 0x7fb20a250318
p 2
C 63
= 0x7fb20917a898
R
P 0x7fb20a0c1c08
C 294
R
P 0x7fb20a0c1c08
P 0x7fb20917a898
C 9
R
P 0x7fb20a0c1c08
C 294
R
P 0x7fb20a0c1c08
P 0x7fb208e579a8
P 0x7fb20917a898
C 423
R
P 0x7fb20a0c1c08
C 294
R
P 0x7fb20a0c1c08
P 0x7fb208e579a8
U 4
P 0x7fb2092d3188
P 0x7fb2092d31b8
P 0x7fb2092d31e8
P 0x7fb2092d3218
p 4
C 427
R
P 0x7fb20a0c1c08
C 294
R
P 0x7fb20a0c1c08
P 0x7fb208e579a8
C 429
= 0x7fb20a215600
R
P 0x7fb20a0c1c08
C 294
R
P 0x7fb20a0c1c08
P 0x7fb20a215600
C 208
R
P 0x7fb20a0c1c08
C 294
R
P 0x7fb20a0c1c08
P 0x7fb20a215600
C 205
= 0x7fb20a24f238
R
P 0x7fb20a0c1c08
C 294
R
P 0x7fb20a0c1c08
P 0x7fb20a24f238
C 166
R
P 0x7fb20a0c1c08
C 294
R
P 0x7fb20a0c1c08
P 0x7fb20a215600
C 211
R
P 0x7fb20a0c1c08
C 294
R
P 0x7fb20a0c1c08
P 0x7fb20a215600
C 210
R
P 0x7fb20a0c1c08
C 294
R
P 0x7fb20a0c1c08
P 0x7fb20a215600
C 9
R
P 0x7fb20a0c1c08
C 294
R
P 0x7fb20a0c1c08
P 0x7fb20a215600
C 275
R
P 0x7fb20a0c1c08
C 294
R
P 0x7fb20a0c1c08
P 0x7fb208e579a8
C 430
= 0x7fb208e91e28
R
P 0x7fb20a0c1c08
C 294
R
P 0x7fb20a0c1c08
P 0x7fb208e91e28
C 330
R
P 0x7fb20a0c1c08
C 294
R
P 0x7fb20a0c1c08
P 0x7fb208e91e28
C 332
R
P 0x7fb20a0c1c08
C 294
R
P 0x7fb20a0c1c08
P 0x7fb208e91e28
U 0
C 333
= 0x7fb2092d31b8
R
P 0x7fb20a0c1c08
C 294
R
P 0x7fb20a0c1c08
P 0x7fb2092d31b8
C 9
R
P 0x7fb20a0c1c08
C 294
R
P 0x7fb20a0c1c08
P 0x7fb2092d31b8
C 208
R
P 0x7fb20a0c1c08
C 294
R
P 0x7fb20a0c1c08
P 0x7fb2092d31b8
C 205
= 0x7fb20a24f218
R
P 0x7fb20a0c1c08
C 294
R
P 0x7fb20a0c1c08
P 0x7fb20a24f218
C 166
R
P 0x7fb20a0c1c08
C 294
R
P 0x7fb20a0c1c08
P 0x7fb2092d31b8
C 211
R
P 0x7fb20a0c1c08
C 294
R
P 0x7fb20a0c1c08
P 0x7fb2092d31b8
C 210
R
P 0x7fb20a0c1c08
C 294
R
P 0x7fb20a0c1c08
P 0x7fb2092d31b8
C 9
R
P 0x7fb20a0c1c08
C 294
R
P 0x7fb20a0c1c08
P 0x7fb208e91e28
U 1
C 333
= 0x7fb2092d3188
R
P 0x7fb20a0c1c08
C 294
R
P 0x7fb20a0c1c08
P 0x7fb2092d3188
C 9
R
P 0x7fb20a0c1c08
C 294
R
P 0x7fb20a0c1c08
P 0x7fb2092d3188
C 208
R
P 0x7fb20a0c1c08
C 294
R
P 0x7fb20a0c1c08
P 0x7fb2092d3188
C 205
= 0x7fb20a24f218
R
P 0x7fb20a0c1c08
C 294
R
P 0x7fb20a0c1c08
P 0x7fb20a24f218
C 166
R
P 0x7fb20a0c1c08
C 294
R
P 0x7fb20a0c1c08
P 0x7fb2092d3188
C 211
R
P 0x7fb20a0c1c08
C 294
R
P 0x7fb20a0c1c08
P 0x7fb2092d3188
C 210
R
P 0x7fb20a0c1c08
C 294
R
P 0x7fb20a0c1c08
P 0x7fb2092d3188
C 9
R
P 0x7fb20a0c1c08
C 294
R
P 0x7fb20a0c1c08
P 0x7fb2092d31b8
C 275
R
P 0x7fb20a0c1c08
C 294
R
P 0x7fb20a0c1c08
P 0x7fb2092d3188
C 275
R
P 0x7fb20a0c1c08
C 294
R
C 3
= 0x7fb208e91de8
R
P 0x7fb208e91de8
S "proof"
S "true"
C 5
R
P 0x7fb208e91de8
S "auto-config"
S "false"
C 5
R
P 0x7fb208e91de8
C 7
= 0x7fb20a20d208
R
P 0x7fb208e91de8
C 4
R
P 0x7fb20a20d208
U 3
C 274
R
P 0x7fb20a20d208
C 294
M "QuantifierExample3"
R
P 0x7fb20a20d208
C 33
= 0x7fb20a1476d8
R
P 0x7fb20a20d208
C 294
R
P 0x7fb20a20d208
P 0x7fb20a1476d8
C 9
R
P 0x7fb20a20d208
C 294
R
P 0x7fb20a20d208
S "f"
C 30
R
P 0x7fb20a20d208
C 294
R
P 0x7fb20a20d208
$ |f|
U 2
P 0x7fb20a1476d8
P 0x7fb20a1476d8
p 2
P 0x7fb20a1476d8
C 48
= 0x7fb20a14c058
R
P 0x7fb20a20d208
C 294
R
P 0x7fb20a20d208
P 0x7fb20a14c058
C 9
R
P 0x7fb20a20d208
C 294
R
P 0x7fb20a20d208
P 0x7fb20a14c058
C 185
R
P 0x7fb20a20d208
C 294
R
P 0x7fb20a20d208
P 0x7fb20a14c058
U 0
C 187
= 0x7fb20a1476d8
R
P 0x7fb20a20d208
C 294
R
P 0x7fb20a20d208
P 0x7fb20a1476d8
C 166
R
P 0x7fb20a20d208
C 294
R
P 0x7fb20a20d208
P 0x7fb20a1476d8
C 9
R
P 0x7fb20a20d208
C 294
R
P 0x7fb20a20d208
P 0x7fb20a14c058
U 1
C 187
= 0x7fb20a1476d8
R
P 0x7fb20a20d208
C 294
R
P 0x7fb20a20d208
P 0x7fb20a1476d8
C 166
R
P 0x7fb20a20d208
C 294
R
P 0x7fb20a20d208
P 0x7fb20a1476d8
C 9
R
P 0x7fb20a20d208
C 294
R
P 0x7fb20a20d208
P 0x7fb20a14c058
C 185
R
P 0x7fb20a20d208
C 294
R
P 0x7fb20a20d208
P 0x7fb20a14c058
C 188
= 0x7fb20a1476d8
R
P 0x7fb20a20d208
C 294
R
P 0x7fb20a20d208
P 0x7fb20a1476d8
C 166
R
P 0x7fb20a20d208
C 294
R
P 0x7fb20a20d208
P 0x7fb20a1476d8
C 9
R
P 0x7fb20a20d208
C 294
R
P 0x7fb20a20d208
S "f_fresh"
C 30
R
P 0x7fb20a20d208
C 294
R
P 0x7fb20a20d208
$ |f_fresh|
U 1
P 0x7fb20a1476d8
p 1
P 0x7fb20a1476d8
C 48
= 0x7fb20a14e008
R
P 0x7fb20a20d208
C 294
R
P 0x7fb20a20d208
P 0x7fb20a14e008
C 9
R
P 0x7fb20a20d208
C 294
R
P 0x7fb20a20d208
S "x_0"
C 30
R
P 0x7fb20a20d208
C 294
R
P 0x7fb20a20d208
U 0
P 0x7fb20a1476d8
C 150
= 0x7fb20a147f38
R
P 0x7fb20a20d208
C 294
R
P 0x7fb20a20d208
P 0x7fb20a147f38
C 208
R
P 0x7fb20a20d208
C 294
R
P 0x7fb20a20d208
P 0x7fb20a147f38
C 205
= 0x7fb20a1476d8
R
P 0x7fb20a20d208
C 294
R
P 0x7fb20a20d208
P 0x7fb20a1476d8
C 166
R
P 0x7fb20a20d208
C 294
R
P 0x7fb20a20d208
P 0x7fb20a147f38
C 211
R
P 0x7fb20a20d208
C 294
R
P 0x7fb20a20d208
P 0x7fb20a147f38
C 210
R
P 0x7fb20a20d208
C 294
R
P 0x7fb20a20d208
P 0x7fb20a147f38
C 9
R
P 0x7fb20a20d208
C 294
R
P 0x7fb20a20d208
S "x_1"
C 30
R
P 0x7fb20a20d208
C 294
R
P 0x7fb20a20d208
U 1
P 0x7fb20a1476d8
C 150
= 0x7fb20a147f58
R
P 0x7fb20a20d208
C 294
R
P 0x7fb20a20d208
P 0x7fb20a147f58
C 208
R
P 0x7fb20a20d208
C 294
R
P 0x7fb20a20d208
P 0x7fb20a147f58
C 205
= 0x7fb20a1476d8
R
P 0x7fb20a20d208
C 294
R
P 0x7fb20a20d208
P 0x7fb20a1476d8
C 166
R
P 0x7fb20a20d208
C 294
R
P 0x7fb20a20d208
P 0x7fb20a147f58
C 211
R
P 0x7fb20a20d208
C 294
R
P 0x7fb20a20d208
P 0x7fb20a147f58
C 210
R
P 0x7fb20a20d208
C 294
R
P 0x7fb20a20d208
P 0x7fb20a147f58
C 9
R
P 0x7fb20a20d208
C 294
R
P 0x7fb20a20d208
P 0x7fb20a14c058
U 2
P 0x7fb20a147f38
P 0x7fb20a147f58
p 2
C 49
= 0x7fb20a14e040
R
P 0x7fb20a20d208
C 294
R
P 0x7fb20a20d208
P 0x7fb20a14e040
C 208
R
P 0x7fb20a20d208
C 294
R
P 0x7fb20a20d208
P 0x7fb20a14e040
C 205
= 0x7fb20a1476d8
R
P 0x7fb20a20d208
C 294
R
P 0x7fb20a20d208
P 0x7fb20a1476d8
C 166
R
P 0x7fb20a20d208
C 294
R
P 0x7fb20a20d208
P 0x7fb20a14e040
C 211
R
P 0x7fb20a20d208
C 294
R
P 0x7fb20a20d208
P 0x7fb20a14e040
C 210
R
P 0x7fb20a20d208
C 294
R
P 0x7fb20a20d208
P 0x7fb20a14e040
C 9
R
P 0x7fb20a20d208
C 294
R
P 0x7fb20a20d208
P 0x7fb20a14e008
U 1
P 0x7fb20a14e040
p 1
C 49
= 0x7fb20a149968
R
P 0x7fb20a20d208
C 294
R
P 0x7fb20a20d208
P 0x7fb20a149968
C 208
R
P 0x7fb20a20d208
C 294
R
P 0x7fb20a20d208
P 0x7fb20a149968
C 205
= 0x7fb20a1476d8
R
P 0x7fb20a20d208
C 294
R
P 0x7fb20a20d208
P 0x7fb20a1476d8
C 166
R
P 0x7fb20a20d208
C 294
R
P 0x7fb20a20d208
P 0x7fb20a149968
C 211
R
P 0x7fb20a20d208
C 294
R
P 0x7fb20a20d208
P 0x7fb20a149968
C 210
R
P 0x7fb20a20d208
C 294
R
P 0x7fb20a20d208
P 0x7fb20a149968
C 9
R
P 0x7fb20a20d208
C 294
R
P 0x7fb20a20d208
P 0x7fb20a149968
P 0x7fb20a147f58
C 55
= 0x7fb20a14e078
R
P 0x7fb20a20d208
C 294
R
P 0x7fb20a20d208
P 0x7fb20a14e078
C 9
R
P 0x7fb20a20d208
C 294
R
P 0x7fb20a20d208
U 1
P 0x7fb20a14e040
p 1
C 149
= 0x7fb20a149998
R
P 0x7fb20a20d208
C 294
R
P 0x7fb20a20d208
P 0x7fb20a149998
C 9
R
P 0x7fb20a20d208
C 294
R
P 0x7fb20a20d208
I 1
U 1
N
N
U 1
P 0x7fb20a149998
p 1
U 0
p 0
U 2
P 0x7fb20a1476d8
P 0x7fb20a1476d8
p 2
$ |x_0|
$ |x_1|
s 2
P 0x7fb20a14e078
C 154
= 0x7fb20a160818
R
P 0x7fb20a20d208
C 294
R
P 0x7fb20a20d208
P 0x7fb20a160818
C 208
R
P 0x7fb20a20d208
C 294
R
P 0x7fb20a20d208
P 0x7fb20a160818
C 209
R
P 0x7fb20a20d208
C 294
R
P 0x7fb20a20d208
P 0x7fb20a160818
C 208
R
P 0x7fb20a20d208
C 294
R
P 0x7fb20a20d208
P 0x7fb20a160818
C 208
R
P 0x7fb20a20d208
C 294
R
P 0x7fb20a20d208
P 0x7fb20a160818
C 9
R
P 0x7fb20a20d208
C 294
R
P 0x7fb20a20d208
S "x"
C 30
R
P 0x7fb20a20d208
C 294
R
P 0x7fb20a20d208
$ |x|
P 0x7fb20a1476d8
C 50
= 0x7fb20a147f78
R
P 0x7fb20a20d208
C 294
R
P 0x7fb20a20d208
P 0x7fb20a147f78
C 208
R
P 0x7fb20a20d208
C 294
R
P 0x7fb20a20d208
P 0x7fb20a147f78
C 205
= 0x7fb20a1476d8
R
P 0x7fb20a20d208
C 294
R
P 0x7fb20a20d208
P 0x7fb20a1476d8
C 166
R
P 0x7fb20a20d208
C 294
R
P 0x7fb20a20d208
P 0x7fb20a147f78
C 211
R
P 0x7fb20a20d208
C 294
R
P 0x7fb20a20d208
P 0x7fb20a147f78
C 210
R
P 0x7fb20a20d208
C 294
R
P 0x7fb20a20d208
P 0x7fb20a147f78
C 9
R
P 0x7fb20a20d208
C 294
R
P 0x7fb20a20d208
S "y"
C 30
R
P 0x7fb20a20d208
C 294
R
P 0x7fb20a20d208
$ |y|
P 0x7fb20a1476d8
C 50
= 0x7fb20a147f98
R
P 0x7fb20a20d208
C 294
R
P 0x7fb20a20d208
P 0x7fb20a147f98
C 208
R
P 0x7fb20a20d208
C 294
R
P 0x7fb20a20d208
P 0x7fb20a147f98
C 205
= 0x7fb20a1476d8
R
P 0x7fb20a20d208
C 294
R
P 0x7fb20a20d208
P 0x7fb20a1476d8
C 166
R
P 0x7fb20a20d208
C 294
R
P 0x7fb20a20d208
P 0x7fb20a147f98
C 211
R
P 0x7fb20a20d208
C 294
R
P 0x7fb20a20d208
P 0x7fb20a147f98
C 210
R
P 0x7fb20a20d208
C 294
R
P 0x7fb20a20d208
P 0x7fb20a147f98
C 9
R
P 0x7fb20a20d208
C 294
R
P 0x7fb20a20d208
S "v"
C 30
R
P 0x7fb20a20d208
C 294
R
P 0x7fb20a20d208
$ |v|
P 0x7fb20a1476d8
C 50
= 0x7fb20a147fb8
R
P 0x7fb20a20d208
C 294
R
P 0x7fb20a20d208
P 0x7fb20a147fb8
C 208
R
P 0x7fb20a20d208
C 294
R
P 0x7fb20a20d208
P 0x7fb20a147fb8
C 205
= 0x7fb20a1476d8
R
P 0x7fb20a20d208
C 294
R
P 0x7fb20a20d208
P 0x7fb20a1476d8
C 166
R
P 0x7fb20a20d208
C 294
R
P 0x7fb20a20d208
P 0x7fb20a147fb8
C 211
R
P 0x7fb20a20d208
C 294
R
P 0x7fb20a20d208
P 0x7fb20a147fb8
C 210
R
P 0x7fb20a20d208
C 294
R
P 0x7fb20a20d208
P 0x7fb20a147fb8
C 9
R
P 0x7fb20a20d208
C 294
R
P 0x7fb20a20d208
S "w"
C 30
R
P 0x7fb20a20d208
C 294
R
P 0x7fb20a20d208
$ |w|
P 0x7fb20a1476d8
C 50
= 0x7fb20a147fd8
R
P 0x7fb20a20d208
C 294
R
P 0x7fb20a20d208
P 0x7fb20a147fd8
C 208
R
P 0x7fb20a20d208
C 294
R
P 0x7fb20a20d208
P 0x7fb20a147fd8
C 205
= 0x7fb20a1476d8
R
P 0x7fb20a20d208
C 294
R
P 0x7fb20a20d208
P 0x7fb20a1476d8
C 166
R
P 0x7fb20a20d208
C 294
R
P 0x7fb20a20d208
P 0x7fb20a147fd8
C 211
R
P 0x7fb20a20d208
C 294
R
P 0x7fb20a20d208
P 0x7fb20a147fd8
C 210
R
P 0x7fb20a20d208
C 294
R
P 0x7fb20a20d208
P 0x7fb20a147fd8
C 9
R
P 0x7fb20a20d208
C 294
R
P 0x7fb20a20d208
P 0x7fb20a14c058
U 2
P 0x7fb20a147f78
P 0x7fb20a147f98
p 2
C 49
= 0x7fb20a14e0e8
R
P 0x7fb20a20d208
C 294
R
P 0x7fb20a20d208
P 0x7fb20a14e0e8
C 208
R
P 0x7fb20a20d208
C 294
R
P 0x7fb20a20d208
P 0x7fb20a14e0e8
C 205
= 0x7fb20a1476d8
R
P 0x7fb20a20d208
C 294
R
P 0x7fb20a20d208
P 0x7fb20a1476d8
C 166
R
P 0x7fb20a20d208
C 294
R
P 0x7fb20a20d208
P 0x7fb20a14e0e8
C 211
R
P 0x7fb20a20d208
C 294
R
P 0x7fb20a20d208
P 0x7fb20a14e0e8
C 210
R
P 0x7fb20a20d208
C 294
R
P 0x7fb20a20d208
P 0x7fb20a14e0e8
C 9
R
P 0x7fb20a20d208
C 294
R
P 0x7fb20a20d208
P 0x7fb20a14c058
U 2
P 0x7fb20a147fd8
P 0x7fb20a147fb8
p 2
C 49
= 0x7fb20a14e120
R
P 0x7fb20a20d208
C 294
R
P 0x7fb20a20d208
P 0x7fb20a14e120
C 208
R
P 0x7fb20a20d208
C 294
R
P 0x7fb20a20d208
P 0x7fb20a14e120
C 205
= 0x7fb20a1476d8
R
P 0x7fb20a20d208
C 294
R
P 0x7fb20a20d208
P 0x7fb20a1476d8
C 166
R
P 0x7fb20a20d208
C 294
R
P 0x7fb20a20d208
P 0x7fb20a14e120
C 211
R
P 0x7fb20a20d208
C 294
R
P 0x7fb20a20d208
P 0x7fb20a14e120
C 210
R
P 0x7fb20a20d208
C 294
R
P 0x7fb20a20d208
P 0x7fb20a14e120
C 9
R
P 0x7fb20a20d208
C 294
R
P 0x7fb20a20d208
P 0x7fb20a14e0e8
P 0x7fb20a14e120
C 55
= 0x7fb20a14e158
R
P 0x7fb20a20d208
C 294
R
P 0x7fb20a20d208
P 0x7fb20a14e158
C 9
R
P 0x7fb20a20d208
C 294
R
P 0x7fb20a20d208
P 0x7fb20a147f98
P 0x7fb20a147fb8
C 55
= 0x7fb20a14e190
R
P 0x7fb20a20d208
C 294
R
P 0x7fb20a20d208
P 0x7fb20a14e190
C 9
R
P 0x7fb20a20d208
C 294
R
P 0x7fb20a20d208
P 0x7fb20a14e190
C 275
R
P 0x7fb20a20d208
C 294
R
P 0x7fb20a20d208
C 410
= 0x7fb208e531e8
R
P 0x7fb20a20d208
C 294
R
P 0x7fb20a20d208
P 0x7fb208e531e8
C 417
R
P 0x7fb20a20d208
C 294
R
P 0x7fb20a20d208
C 14
= 0x7fb208e53368
R
P 0x7fb20a20d208
C 294
R
P 0x7fb20a20d208
P 0x7fb208e53368
C 15
R
P 0x7fb20a20d208
C 294
R
P 0x7fb20a20d208
S "mbqi"
C 30
R
P 0x7fb20a20d208
C 294
R
P 0x7fb20a20d208
P 0x7fb208e53368
$ |mbqi|
I 0
C 17
R
P 0x7fb20a20d208
C 294
R
P 0x7fb20a20d208
P 0x7fb208e531e8
P 0x7fb208e53368
C 416
R
P 0x7fb20a20d208
C 294
R
P 0x7fb20a20d208
P 0x7fb208e531e8
P 0x7fb20a160818
C 423
R
P 0x7fb20a20d208
C 294
R
P 0x7fb20a20d208
P 0x7fb208e531e8
P 0x7fb20a14e158
C 423
R
P 0x7fb20a20d208
C 294
R
P 0x7fb20a20d208
P 0x7fb20a14e190
C 57
= 0x7fb20a149a88
R
P 0x7fb20a20d208
C 294
R
P 0x7fb20a20d208
P 0x7fb20a149a88
C 9
R
P 0x7fb20a20d208
C 294
R
P 0x7fb20a20d208
P 0x7fb208e531e8
P 0x7fb20a149a88
C 423
R
P 0x7fb20a20d208
C 294
R
P 0x7fb20a20d208
P 0x7fb208e531e8
C 426
R
P 0x7fb20a20d208
C 294
R
P 0x7fb20a20d208
P 0x7fb208e531e8
C 429
= 0x7fb20a14c318
R
P 0x7fb20a20d208
C 294
R
P 0x7fb20a20d208
P 0x7fb20a14c318
C 208
R
P 0x7fb20a20d208
C 294
R
P 0x7fb20a20d208
P 0x7fb20a14c318
C 205
= 0x7fb20a147638
R
P 0x7fb20a20d208
C 294
R
P 0x7fb20a20d208
P 0x7fb20a147638
C 166
R
P 0x7fb20a20d208
C 294
R
P 0x7fb20a20d208
P 0x7fb20a14c318
C 211
R
P 0x7fb20a20d208
C 294
R
P 0x7fb20a20d208
P 0x7fb20a14c318
C 210
R
P 0x7fb20a20d208
C 294
R
P 0x7fb20a20d208
P 0x7fb20a14c318
C 9
R
P 0x7fb20a20d208
C 294
R
P 0x7fb20a20d208
P 0x7fb20a14c318
C 275
R
P 0x7fb20a20d208
C 294
R
P 0x7fb20a20d208
P 0x7fb20a147f78
P 0x7fb20a147fd8
C 55
= 0x7fb20a14e510
R
P 0x7fb20a20d208
C 294
R
P 0x7fb20a20d208
P 0x7fb20a14e510
C 9
R
P 0x7fb20a20d208
C 294
R
P 0x7fb20a20d208
P 0x7fb20a14e510
C 275
R
P 0x7fb20a20d208
C 294
R
P 0x7fb20a20d208
C 410
= 0x7fb208e6e288
R
P 0x7fb20a20d208
C 294
R
P 0x7fb20a20d208
P 0x7fb208e6e288
C 417
R
P 0x7fb20a20d208
C 294
R
P 0x7fb20a20d208
C 14
= 0x7fb208eb4ef8
R
P 0x7fb20a20d208
C 294
R
P 0x7fb20a20d208
P 0x7fb208eb4ef8
C 15
R
P 0x7fb20a20d208
C 294
R
P 0x7fb20a20d208
S "mbqi"
C 30
R
P 0x7fb20a20d208
C 294
R
P 0x7fb20a20d208
P 0x7fb208eb4ef8
$ |mbqi|
I 0
C 17
R
P 0x7fb20a20d208
C 294
R
P 0x7fb20a20d208
P 0x7fb208e6e288
P 0x7fb208eb4ef8
C 416
R
P 0x7fb20a20d208
C 294
R
P 0x7fb20a20d208
P 0x7fb208e6e288
P 0x7fb20a160818
C 423
R
P 0x7fb20a20d208
C 294
R
P 0x7fb20a20d208
P 0x7fb208e6e288
P 0x7fb20a14e158
C 423
R
P 0x7fb20a20d208
C 294
R
P 0x7fb20a20d208
P 0x7fb20a14e510
C 57
= 0x7fb20a149cf8
R
P 0x7fb20a20d208
C 294
R
P 0x7fb20a20d208
P 0x7fb20a149cf8
C 9
R
P 0x7fb20a20d208
C 294
R
P 0x7fb20a20d208
P 0x7fb208e6e288
P 0x7fb20a149cf8
C 423
R
P 0x7fb20a20d208
C 294
R
P 0x7fb20a20d208
P 0x7fb208e6e288
C 426
R
P 0x7fb20a20d208
C 294
R
P 0x7fb20a20d208
P 0x7fb208e6e288
C 431
R
P 0x7fb20a20d208
C 294
M "QuantifierExample4"
R
P 0x7fb20a20d208
S "f"
C 30
R
P 0x7fb20a20d208
C 294
R
P 0x7fb20a20d208
$ |f|
U 2
P 0x7fb20a1476d8
P 0x7fb20a1476d8
p 2
P 0x7fb20a1476d8
C 48
= 0x7fb20a14c058
R
P 0x7fb20a20d208
C 294
R
P 0x7fb20a20d208
P 0x7fb20a14c058
C 9
R
P 0x7fb20a20d208
C 294
R
P 0x7fb20a20d208
P 0x7fb20a14c058
C 185
R
P 0x7fb20a20d208
C 294
R
P 0x7fb20a20d208
P 0x7fb20a14c058
U 0
C 187
= 0x7fb20a1476d8
R
P 0x7fb20a20d208
C 294
R
P 0x7fb20a20d208
P 0x7fb20a1476d8
C 166
R
P 0x7fb20a20d208
C 294
R
P 0x7fb20a20d208
P 0x7fb20a1476d8
C 9
R
P 0x7fb20a20d208
C 294
R
P 0x7fb20a20d208
P 0x7fb20a14c058
U 1
C 187
= 0x7fb20a1476d8
R
P 0x7fb20a20d208
C 294
R
P 0x7fb20a20d208
P 0x7fb20a1476d8
C 166
R
P 0x7fb20a20d208
C 294
R
P 0x7fb20a20d208
P 0x7fb20a1476d8
C 9
R
P 0x7fb20a20d208
C 294
R
P 0x7fb20a20d208
P 0x7fb20a14c058
C 185
R
P 0x7fb20a20d208
C 294
R
P 0x7fb20a20d208
P 0x7fb20a14c058
C 188
= 0x7fb20a1476d8
R
P 0x7fb20a20d208
C 294
R
P 0x7fb20a20d208
P 0x7fb20a1476d8
C 166
R
P 0x7fb20a20d208
C 294
R
P 0x7fb20a20d208
P 0x7fb20a1476d8
C 9
R
P 0x7fb20a20d208
C 294
R
P 0x7fb20a20d208
S "f_fresh"
C 30
R
P 0x7fb20a20d208
C 294
R
P 0x7fb20a20d208
$ |f_fresh|
U 1
P 0x7fb20a1476d8
p 1
P 0x7fb20a1476d8
C 48
= 0x7fb20a14e008
R
P 0x7fb20a20d208
C 294
R
P 0x7fb20a20d208
P 0x7fb20a14e008
C 9
R
P 0x7fb20a20d208
C 294
R
P 0x7fb20a20d208
S "x_0"
C 30
R
P 0x7fb20a20d208
C 294
R
P 0x7fb20a20d208
$ |x_0|
P 0x7fb20a1476d8
C 50
= 0x7fb20a1482d8
R
P 0x7fb20a20d208
C 294
R
P 0x7fb20a20d208
P 0x7fb20a1482d8
C 208
R
P 0x7fb20a20d208
C 294
R
P 0x7fb20a20d208
P 0x7fb20a1482d8
C 205
= 0x7fb20a1476d8
R
P 0x7fb20a20d208
C 294
R
P 0x7fb20a20d208
P 0x7fb20a1476d8
C 166
R
P 0x7fb20a20d208
C 294
R
P 0x7fb20a20d208
P 0x7fb20a1482d8
C 211
R
P 0x7fb20a20d208
C 294
R
P 0x7fb20a20d208
P 0x7fb20a1482d8
C 210
R
P 0x7fb20a20d208
C 294
R
P 0x7fb20a20d208
P 0x7fb20a1482d8
C 9
R
P 0x7fb20a20d208
C 294
R
P 0x7fb20a20d208
S "x_1"
C 30
R
P 0x7fb20a20d208
C 294
R
P 0x7fb20a20d208
$ |x_1|
P 0x7fb20a1476d8
C 50
= 0x7fb20a1482f8
R
P 0x7fb20a20d208
C 294
R
P 0x7fb20a20d208
P 0x7fb20a1482f8
C 208
R
P 0x7fb20a20d208
C 294
R
P 0x7fb20a20d208
P 0x7fb20a1482f8
C 205
= 0x7fb20a1476d8
R
P 0x7fb20a20d208
C 294
R
P 0x7fb20a20d208
P 0x7fb20a1476d8
C 166
R
P 0x7fb20a20d208
C 294
R
P 0x7fb20a20d208
P 0x7fb20a1482f8
C 211
R
P 0x7fb20a20d208
C 294
R
P 0x7fb20a20d208
P 0x7fb20a1482f8
C 210
R
P 0x7fb20a20d208
C 294
R
P 0x7fb20a20d208
P 0x7fb20a1482f8
C 9
R
P 0x7fb20a20d208
C 294
R
P 0x7fb20a20d208
P 0x7fb20a14c058
U 2
P 0x7fb20a1482d8
P 0x7fb20a1482f8
p 2
C 49
= 0x7fb20a14e708
R
P 0x7fb20a20d208
C 294
R
P 0x7fb20a20d208
P 0x7fb20a14e708
C 208
R
P 0x7fb20a20d208
C 294
R
P 0x7fb20a20d208
P 0x7fb20a14e708
C 205
= 0x7fb20a1476d8
R
P 0x7fb20a20d208
C 294
R
P 0x7fb20a20d208
P 0x7fb20a1476d8
C 166
R
P 0x7fb20a20d208
C 294
R
P 0x7fb20a20d208
P 0x7fb20a14e708
C 211
R
P 0x7fb20a20d208
C 294
R
P 0x7fb20a20d208
P 0x7fb20a14e708
C 210
R
P 0x7fb20a20d208
C 294
R
P 0x7fb20a20d208
P 0x7fb20a14e708
C 9
R
P 0x7fb20a20d208
C 294
R
P 0x7fb20a20d208
P 0x7fb20a14e008
U 1
P 0x7fb20a14e708
p 1
C 49
= 0x7fb20a149e78
R
P 0x7fb20a20d208
C 294
R
P 0x7fb20a20d208
P 0x7fb20a149e78
C 208
R
P 0x7fb20a20d208
C 294
R
P 0x7fb20a20d208
P 0x7fb20a149e78
C 205
= 0x7fb20a1476d8
R
P 0x7fb20a20d208
C 294
R
P 0x7fb20a20d208
P 0x7fb20a1476d8
C 166
R
P 0x7fb20a20d208
C 294
R
P 0x7fb20a20d208
P 0x7fb20a149e78
C 211
R
P 0x7fb20a20d208
C 294
R
P 0x7fb20a20d208
P 0x7fb20a149e78
C 210
R
P 0x7fb20a20d208
C 294
R
P 0x7fb20a20d208
P 0x7fb20a149e78
C 9
R
P 0x7fb20a20d208
C 294
R
P 0x7fb20a20d208
P 0x7fb20a149e78
P 0x7fb20a1482f8
C 55
= 0x7fb20a14e548
R
P 0x7fb20a20d208
C 294
R
P 0x7fb20a20d208
P 0x7fb20a14e548
C 9
R
P 0x7fb20a20d208
C 294
R
P 0x7fb20a20d208
U 1
P 0x7fb20a14e708
p 1
C 149
= 0x7fb20a149ea8
R
P 0x7fb20a20d208
C 294
R
P 0x7fb20a20d208
P 0x7fb20a149ea8
C 9
R
P 0x7fb20a20d208
C 294
R
P 0x7fb20a20d208
I 1
U 1
N
N
U 2
P 0x7fb20a1482d8
P 0x7fb20a1482f8
p 2
U 1
P 0x7fb20a149ea8
p 1
U 0
p 0
P 0x7fb20a14e548
C 158
= 0x7fb20a160888
R
P 0x7fb20a20d208
C 294
R
P 0x7fb20a20d208
P 0x7fb20a160888
C 208
R
P 0x7fb20a20d208
C 294
R
P 0x7fb20a20d208
P 0x7fb20a160888
C 209
R
P 0x7fb20a20d208
C 294
R
P 0x7fb20a20d208
P 0x7fb20a160888
C 208
R
P 0x7fb20a20d208
C 294
R
P 0x7fb20a20d208
P 0x7fb20a160888
C 208
R
P 0x7fb20a20d208
C 294
R
P 0x7fb20a20d208
P 0x7fb20a160888
C 9
R
P 0x7fb20a20d208
C 294
R
P 0x7fb20a20d208
S "x"
C 30
R
P 0x7fb20a20d208
C 294
R
P 0x7fb20a20d208
$ |x|
P 0x7fb20a1476d8
C 50
= 0x7fb20a147f78
R
P 0x7fb20a20d208
C 294
R
P 0x7fb20a20d208
P 0x7fb20a147f78
C 208
R
P 0x7fb20a20d208
C 294
R
P 0x7fb20a20d208
P 0x7fb20a147f78
C 205
= 0x7fb20a1476d8
R
P 0x7fb20a20d208
C 294
R
P 0x7fb20a20d208
P 0x7fb20a1476d8
C 166
R
P 0x7fb20a20d208
C 294
R
P 0x7fb20a20d208
P 0x7fb20a147f78
C 211
R
P 0x7fb20a20d208
C 294
R
P 0x7fb20a20d208
P 0x7fb20a147f78
C 210
R
P 0x7fb20a20d208
C 294
R
P 0x7fb20a20d208
P 0x7fb20a147f78
C 9
R
P 0x7fb20a20d208
C 294
R
P 0x7fb20a20d208
S "y"
C 30
R
P 0x7fb20a20d208
C 294
R
P 0x7fb20a20d208
$ |y|
P 0x7fb20a1476d8
C 50
= 0x7fb20a147f98
R
P 0x7fb20a20d208
C 294
R
P 0x7fb20a20d208
P 0x7fb20a147f98
C 208
R
P 0x7fb20a20d208
C 294
R
P 0x7fb20a20d208
P 0x7fb20a147f98
C 205
= 0x7fb20a1476d8
R
P 0x7fb20a20d208
C 294
R
P 0x7fb20a20d208
P 0x7fb20a1476d8
C 166
R
P 0x7fb20a20d208
C 294
R
P 0x7fb20a20d208
P 0x7fb20a147f98
C 211
R
P 0x7fb20a20d208
C 294
R
P 0x7fb20a20d208
P 0x7fb20a147f98
C 210
R
P 0x7fb20a20d208
C 294
R
P 0x7fb20a20d208
P 0x7fb20a147f98
C 9
R
P 0x7fb20a20d208
C 294
R
P 0x7fb20a20d208
S "v"
C 30
R
P 0x7fb20a20d208
C 294
R
P 0x7fb20a20d208
$ |v|
P 0x7fb20a1476d8
C 50
= 0x7fb20a147fb8
R
P 0x7fb20a20d208
C 294
R
P 0x7fb20a20d208
P 0x7fb20a147fb8
C 208
R
P 0x7fb20a20d208
C 294
R
P 0x7fb20a20d208
P 0x7fb20a147fb8
C 205
= 0x7fb20a1476d8
R
P 0x7fb20a20d208
C 294
R
P 0x7fb20a20d208
P 0x7fb20a1476d8
C 166
R
P 0x7fb20a20d208
C 294
R
P 0x7fb20a20d208
P 0x7fb20a147fb8
C 211
R
P 0x7fb20a20d208
C 294
R
P 0x7fb20a20d208
P 0x7fb20a147fb8
C 210
R
P 0x7fb20a20d208
C 294
R
P 0x7fb20a20d208
P 0x7fb20a147fb8
C 9
R
P 0x7fb20a20d208
C 294
R
P 0x7fb20a20d208
S "w"
C 30
R
P 0x7fb20a20d208
C 294
R
P 0x7fb20a20d208
$ |w|
P 0x7fb20a1476d8
C 50
= 0x7fb20a147fd8
R
P 0x7fb20a20d208
C 294
R
P 0x7fb20a20d208
P 0x7fb20a147fd8
C 208
R
P 0x7fb20a20d208
C 294
R
P 0x7fb20a20d208
P 0x7fb20a147fd8
C 205
= 0x7fb20a1476d8
R
P 0x7fb20a20d208
C 294
R
P 0x7fb20a20d208
P 0x7fb20a1476d8
C 166
R
P 0x7fb20a20d208
C 294
R
P 0x7fb20a20d208
P 0x7fb20a147fd8
C 211
R
P 0x7fb20a20d208
C 294
R
P 0x7fb20a20d208
P 0x7fb20a147fd8
C 210
R
P 0x7fb20a20d208
C 294
R
P 0x7fb20a20d208
P 0x7fb20a147fd8
C 9
R
P 0x7fb20a20d208
C 294
R
P 0x7fb20a20d208
P 0x7fb20a14c058
U 2
P 0x7fb20a147f78
P 0x7fb20a147f98
p 2
C 49
= 0x7fb20a14e0e8
R
P 0x7fb20a20d208
C 294
R
P 0x7fb20a20d208
P 0x7fb20a14e0e8
C 208
R
P 0x7fb20a20d208
C 294
R
P 0x7fb20a20d208
P 0x7fb20a14e0e8
C 205
= 0x7fb20a1476d8
R
P 0x7fb20a20d208
C 294
R
P 0x7fb20a20d208
P 0x7fb20a1476d8
C 166
R
P 0x7fb20a20d208
C 294
R
P 0x7fb20a20d208
P 0x7fb20a14e0e8
C 211
R
P 0x7fb20a20d208
C 294
R
P 0x7fb20a20d208
P 0x7fb20a14e0e8
C 210
R
P 0x7fb20a20d208
C 294
R
P 0x7fb20a20d208
P 0x7fb20a14e0e8
C 9
R
P 0x7fb20a20d208
C 294
R
P 0x7fb20a20d208
P 0x7fb20a14c058
U 2
P 0x7fb20a147fd8
P 0x7fb20a147fb8
p 2
C 49
= 0x7fb20a14e120
R
P 0x7fb20a20d208
C 294
R
P 0x7fb20a20d208
P 0x7fb20a14e120
C 208
R
P 0x7fb20a20d208
C 294
R
P 0x7fb20a20d208
P 0x7fb20a14e120
C 205
= 0x7fb20a1476d8
R
P 0x7fb20a20d208
C 294
R
P 0x7fb20a20d208
P 0x7fb20a1476d8
C 166
R
P 0x7fb20a20d208
C 294
R
P 0x7fb20a20d208
P 0x7fb20a14e120
C 211
R
P 0x7fb20a20d208
C 294
R
P 0x7fb20a20d208
P 0x7fb20a14e120
C 210
R
P 0x7fb20a20d208
C 294
R
P 0x7fb20a20d208
P 0x7fb20a14e120
C 9
R
P 0x7fb20a20d208
C 294
R
P 0x7fb20a20d208
P 0x7fb20a14e0e8
P 0x7fb20a14e120
C 55
= 0x7fb20a14e158
R
P 0x7fb20a20d208
C 294
R
P 0x7fb20a20d208
P 0x7fb20a14e158
C 9
R
P 0x7fb20a20d208
C 294
R
P 0x7fb20a20d208
P 0x7fb20a147f98
P 0x7fb20a147fb8
C 55
= 0x7fb20a14e190
R
P 0x7fb20a20d208
C 294
R
P 0x7fb20a20d208
P 0x7fb20a14e190
C 9
R
P 0x7fb20a20d208
C 294
R
P 0x7fb20a20d208
P 0x7fb20a14e190
C 275
R
P 0x7fb20a20d208
C 294
R
P 0x7fb20a20d208
C 410
= 0x7fb208d5bf58
R
P 0x7fb20a20d208
C 294
R
P 0x7fb20a20d208
P 0x7fb208d5bf58
C 417
R
P 0x7fb20a20d208
C 294
R
P 0x7fb20a20d208
C 14
= 0x7fb208d4e218
R
P 0x7fb20a20d208
C 294
R
P 0x7fb20a20d208
P 0x7fb208d4e218
C 15
R
P 0x7fb20a20d208
C 294
R
P 0x7fb20a20d208
S "mbqi"
C 30
R
P 0x7fb20a20d208
C 294
R
P 0x7fb20a20d208
P 0x7fb208d4e218
$ |mbqi|
I 0
C 17
R
P 0x7fb20a20d208
C 294
R
P 0x7fb20a20d208
P 0x7fb208d5bf58
P 0x7fb208d4e218
C 416
R
P 0x7fb20a20d208
C 294
R
P 0x7fb20a20d208
P 0x7fb208d5bf58
P 0x7fb20a160888
C 423
R
P 0x7fb20a20d208
C 294
R
P 0x7fb20a20d208
P 0x7fb208d5bf58
P 0x7fb20a14e158
C 423
R
P 0x7fb20a20d208
C 294
R
P 0x7fb20a20d208
P 0x7fb20a14e190
C 57
= 0x7fb20a149a88
R
P 0x7fb20a20d208
C 294
R
P 0x7fb20a20d208
P 0x7fb20a149a88
C 9
R
P 0x7fb20a20d208
C 294
R
P 0x7fb20a20d208
P 0x7fb208d5bf58
P 0x7fb20a149a88
C 423
R
P 0x7fb20a20d208
C 294
R
P 0x7fb20a20d208
P 0x7fb208d5bf58
C 426
R
P 0x7fb20a20d208
C 294
R
P 0x7fb20a20d208
P 0x7fb208d5bf58
C 429
= 0x7fb20a14c498
R
P 0x7fb20a20d208
C 294
R
P 0x7fb20a20d208
P 0x7fb20a14c498
C 208
R
P 0x7fb20a20d208
C 294
R
P 0x7fb20a20d208
P 0x7fb20a14c498
C 205
= 0x7fb20a147638
R
P 0x7fb20a20d208
C 294
R
P 0x7fb20a20d208
P 0x7fb20a147638
C 166
R
P 0x7fb20a20d208
C 294
R
P 0x7fb20a20d208
P 0x7fb20a14c498
C 211
R
P 0x7fb20a20d208
C 294
R
P 0x7fb20a20d208
P 0x7fb20a14c498
C 210
R
P 0x7fb20a20d208
C 294
R
P 0x7fb20a20d208
P 0x7fb20a14c498
C 9
R
P 0x7fb20a20d208
C 294
R
P 0x7fb20a20d208
P 0x7fb20a14c498
C 275
R
P 0x7fb20a20d208
C 294
R
P 0x7fb20a20d208
P 0x7fb20a147f78
P 0x7fb20a147fd8
C 55
= 0x7fb20a14e510
R
P 0x7fb20a20d208
C 294
R
P 0x7fb20a20d208
P 0x7fb20a14e510
C 9
R
P 0x7fb20a20d208
C 294
R
P 0x7fb20a20d208
P 0x7fb20a14e510
C 275
R
P 0x7fb20a20d208
C 294
R
P 0x7fb20a20d208
C 410
= 0x7fb208d4f568
R
P 0x7fb20a20d208
C 294
R
P 0x7fb20a20d208
P 0x7fb208d4f568
C 417
R
P 0x7fb20a20d208
C 294
R
P 0x7fb20a20d208
C 14
= 0x7fb208dac5f8
R
P 0x7fb20a20d208
C 294
R
P 0x7fb20a20d208
P 0x7fb208dac5f8
C 15
R
P 0x7fb20a20d208
C 294
R
P 0x7fb20a20d208
S "mbqi"
C 30
R
P 0x7fb20a20d208
C 294
R
P 0x7fb20a20d208
P 0x7fb208dac5f8
$ |mbqi|
I 0
C 17
R
P 0x7fb20a20d208
C 294
R
P 0x7fb20a20d208
P 0x7fb208d4f568
P 0x7fb208dac5f8
C 416
R
P 0x7fb20a20d208
C 294
R
P 0x7fb20a20d208
P 0x7fb208d4f568
P 0x7fb20a160888
C 423
R
P 0x7fb20a20d208
C 294
R
P 0x7fb20a20d208
P 0x7fb208d4f568
P 0x7fb20a14e158
C 423
R
P 0x7fb20a20d208
C 294
R
P 0x7fb20a20d208
P 0x7fb20a14e510
C 57
= 0x7fb20a149cf8
R
P 0x7fb20a20d208
C 294
R
P 0x7fb20a20d208
P 0x7fb20a149cf8
C 9
R
P 0x7fb20a20d208
C 294
R
P 0x7fb20a20d208
P 0x7fb208d4f568
P 0x7fb20a149cf8
C 423
R
P 0x7fb20a20d208
C 294
R
P 0x7fb20a20d208
P 0x7fb208d4f568
C 426
R
P 0x7fb20a20d208
C 294
R
P 0x7fb20a20d208
P 0x7fb208d4f568
C 431
R
P 0x7fb20a20d208
C 294
